interactions:
- request:
    body: '{"parent": {"type": "page_id", "page_id": "5f505199-b292-4713-920b-61d813bf72a3"},
      "properties": {"Name": {"type": "title", "title": {}}, "Cost": {"type": "number",
      "number": {"format": "dollar"}}, "Description": {"type": "rich_text", "rich_text":
      {}}}}'
    headers:
      accept:
      - '*/*'
      accept-encoding:
      - gzip, deflate
      authorization:
      - secret...
      connection:
      - keep-alive
      content-length:
      - '253'
      content-type:
      - application/json
      cookie:
      - secret...
      host:
      - api.notion.com
      notion-version:
      - '2022-06-28'
      user-agent:
      - secret...
    method: POST
    uri: https://api.notion.com/v1/databases
  response:
    content: '{"object":"database","id":"bedab573-595d-44cc-847b-3e4ea2221672","cover":null,"icon":null,"created_time":"2024-08-21T17:18:00.000Z","created_by":{"object":"user","id":"645e79dd-3e43-40de-9d51-39357c1c427f"},"last_edited_by":{"object":"user","id":"645e79dd-3e43-40de-9d51-39357c1c427f"},"last_edited_time":"2024-08-21T17:18:00.000Z","title":[],"description":[],"is_inline":false,"properties":{"Cost":{"id":"%3Bpy%7B","name":"Cost","type":"number","number":{"format":"dollar"}},"Description":{"id":"lkZY","name":"Description","type":"rich_text","rich_text":{}},"Name":{"id":"title","name":"Name","type":"title","title":{}}},"parent":{"type":"page_id","page_id":"5f505199-b292-4713-920b-61d813bf72a3"},"url":"https://www.notion.so/bedab573595d44cc847b3e4ea2221672","public_url":null,"archived":false,"in_trash":false,"request_id":"5bdbf3fe-9644-467e-b1cf-a98e7ed349b1"}'
    headers:
      CF-Cache-Status:
      - DYNAMIC
      CF-Ray:
      - 8b6c48f289c19180-FRA
      Connection:
      - keep-alive
      Content-Encoding:
      - gzip
      Content-Type:
      - application/json; charset=utf-8
      Server:
      - cloudflare
      Transfer-Encoding:
      - chunked
      Vary:
      - Accept-Encoding
      x-notion-request-id:
      - 5bdbf3fe-9644-467e-b1cf-a98e7ed349b1
      x-powered-by:
      - Express
    http_version: HTTP/1.1
    status_code: 200
- request:
    body: '{"description": [{"type": "text", "plain_text": "My articles", "annotations":
      {"bold": false, "italic": false, "strikethrough": false, "underline": false,
      "code": false, "color": "default"}, "text": {"content": "My articles"}}]}'
    headers:
      accept:
      - '*/*'
      accept-encoding:
      - gzip, deflate
      authorization:
      - secret...
      connection:
      - keep-alive
      content-length:
      - '228'
      content-type:
      - application/json
      cookie:
      - secret...
      host:
      - api.notion.com
      notion-version:
      - '2022-06-28'
      user-agent:
      - secret...
    method: PATCH
    uri: https://api.notion.com/v1/databases/bedab573-595d-44cc-847b-3e4ea2221672
  response:
    content: '{"object":"database","id":"bedab573-595d-44cc-847b-3e4ea2221672","cover":null,"icon":null,"created_time":"2024-08-21T17:18:00.000Z","created_by":{"object":"user","id":"645e79dd-3e43-40de-9d51-39357c1c427f"},"last_edited_by":{"object":"user","id":"645e79dd-3e43-40de-9d51-39357c1c427f"},"last_edited_time":"2024-08-21T17:18:00.000Z","title":[],"description":[{"type":"text","text":{"content":"My
      articles","link":null},"annotations":{"bold":false,"italic":false,"strikethrough":false,"underline":false,"code":false,"color":"default"},"plain_text":"My
      articles","href":null}],"is_inline":false,"properties":{"Cost":{"id":"%3Bpy%7B","name":"Cost","type":"number","number":{"format":"dollar"}},"Description":{"id":"lkZY","name":"Description","type":"rich_text","rich_text":{}},"Name":{"id":"title","name":"Name","type":"title","title":{}}},"parent":{"type":"page_id","page_id":"5f505199-b292-4713-920b-61d813bf72a3"},"url":"https://www.notion.so/bedab573595d44cc847b3e4ea2221672","public_url":null,"archived":false,"in_trash":false,"request_id":"206040d5-c32f-4a33-a751-85dd04b2a416"}'
    headers:
      CF-Cache-Status:
      - DYNAMIC
      CF-Ray:
      - 8b6c48fadc309180-FRA
      Connection:
      - keep-alive
      Content-Encoding:
      - gzip
      Content-Type:
      - application/json; charset=utf-8
      Server:
      - cloudflare
      Transfer-Encoding:
      - chunked
      Vary:
      - Accept-Encoding
      x-notion-request-id:
      - 206040d5-c32f-4a33-a751-85dd04b2a416
      x-powered-by:
      - Express
    http_version: HTTP/1.1
    status_code: 200
- request:
    body: ''
    headers:
      accept:
      - '*/*'
      accept-encoding:
      - gzip, deflate
      authorization:
      - secret...
      connection:
      - keep-alive
      cookie:
      - secret...
      host:
      - api.notion.com
      notion-version:
      - '2022-06-28'
      user-agent:
      - secret...
    method: DELETE
    uri: https://api.notion.com/v1/blocks/bedab573-595d-44cc-847b-3e4ea2221672
  response:
    content: '{"object":"block","id":"bedab573-595d-44cc-847b-3e4ea2221672","parent":{"type":"page_id","page_id":"5f505199-b292-4713-920b-61d813bf72a3"},"created_time":"2024-08-21T17:18:00.000Z","last_edited_time":"2024-08-21T17:18:00.000Z","created_by":{"object":"user","id":"645e79dd-3e43-40de-9d51-39357c1c427f"},"last_edited_by":{"object":"user","id":"645e79dd-3e43-40de-9d51-39357c1c427f"},"has_children":false,"archived":true,"in_trash":true,"type":"child_database","child_database":{"title":""},"request_id":"39a5ac15-399d-4125-a7d9-eafba3ff77c1"}'
    headers:
      CF-Cache-Status:
      - DYNAMIC
      CF-Ray:
      - 8b6c490afdfc9180-FRA
      Connection:
      - keep-alive
      Content-Encoding:
      - gzip
      Content-Type:
      - application/json; charset=utf-8
      Server:
      - cloudflare
      Transfer-Encoding:
      - chunked
      Vary:
      - Accept-Encoding
      x-notion-request-id:
      - 39a5ac15-399d-4125-a7d9-eafba3ff77c1
      x-powered-by:
      - Express
    http_version: HTTP/1.1
    status_code: 200
version: 1
