interactions:
- request:
    body: '{"parent": {"type": "page_id", "page_id": "5f505199-b292-4713-920b-61d813bf72a3"},
      "title": [{"type": "text", "plain_text": "Overwritten Title", "annotations":
      {"bold": false, "italic": false, "strikethrough": false, "underline": false,
      "code": false}, "text": {"content": "Overwritten Title"}}], "properties": {"Name":
      {"type": "title", "title": {}}, "Cost": {"type": "number", "number": {"format":
      "dollar"}}, "Description": {"type": "rich_text", "rich_text": {}}}, "is_inline":
      false}'
    headers:
      accept:
      - '*/*'
      accept-encoding:
      - gzip, deflate
      authorization:
      - secret...
      connection:
      - keep-alive
      content-length:
      - '445'
      content-type:
      - application/json
      cookie:
      - secret...
      host:
      - api.notion.com
      notion-version:
      - '2022-06-28'
      user-agent:
      - secret...
    method: POST
    uri: https://api.notion.com/v1/databases
  response:
    content: '{"object":"database","id":"277974f3-b388-819f-b9b6-f5a40bd706d6","cover":null,"icon":null,"created_time":"2025-09-23T09:55:00.000Z","created_by":{"object":"user","id":"645e79dd-3e43-40de-9d51-39357c1c427f"},"last_edited_by":{"object":"user","id":"645e79dd-3e43-40de-9d51-39357c1c427f"},"last_edited_time":"2025-09-23T09:55:00.000Z","title":[{"type":"text","text":{"content":"Overwritten
      Title","link":null},"annotations":{"bold":false,"italic":false,"strikethrough":false,"underline":false,"code":false,"color":"default"},"plain_text":"Overwritten
      Title","href":null}],"description":[],"is_inline":false,"properties":{"Description":{"id":"SV%3DX","name":"Description","description":null,"type":"rich_text","rich_text":{}},"Cost":{"id":"~iLJ","name":"Cost","description":null,"type":"number","number":{"format":"dollar"}},"Name":{"id":"title","name":"Name","description":null,"type":"title","title":{}}},"parent":{"type":"page_id","page_id":"5f505199-b292-4713-920b-61d813bf72a3"},"url":"https://www.notion.so/277974f3b388819fb9b6f5a40bd706d6","public_url":null,"archived":false,"in_trash":false,"request_id":"4be867b9-191e-42d9-9f99-d442ea71e3aa"}'
    headers:
      CF-Cache-Status:
      - DYNAMIC
      CF-Ray:
      - 98392a1b1f355d72-FRA
      Connection:
      - keep-alive
      Content-Encoding:
      - gzip
      Content-Type:
      - application/json; charset=utf-8
      Server:
      - cloudflare
      Strict-Transport-Security:
      - max-age=31536000; includeSubDomains; preload
      Transfer-Encoding:
      - chunked
      Vary:
      - Accept-Encoding
      alt-svc:
      - h3=":443"; ma=86400
      content-security-policy:
      - default-src 'none'
      referrer-policy:
      - strict-origin-when-cross-origin
      x-content-type-options:
      - nosniff
      x-dns-prefetch-control:
      - 'off'
      x-download-options:
      - noopen
      x-frame-options:
      - SAMEORIGIN
      x-notion-request-id:
      - 4be867b9-191e-42d9-9f99-d442ea71e3aa
      x-permitted-cross-domain-policies:
      - none
      x-xss-protection:
      - '0'
    http_version: HTTP/1.1
    status_code: 200
- request:
    body: ''
    headers:
      accept:
      - '*/*'
      accept-encoding:
      - gzip, deflate
      authorization:
      - secret...
      connection:
      - keep-alive
      cookie:
      - secret...
      host:
      - api.notion.com
      notion-version:
      - '2022-06-28'
      user-agent:
      - secret...
    method: DELETE
    uri: https://api.notion.com/v1/blocks/277974f3-b388-819f-b9b6-f5a40bd706d6
  response:
    content: '{"object":"block","id":"277974f3-b388-819f-b9b6-f5a40bd706d6","parent":{"type":"page_id","page_id":"5f505199-b292-4713-920b-61d813bf72a3"},"created_time":"2025-09-23T09:55:00.000Z","last_edited_time":"2025-09-23T09:55:00.000Z","created_by":{"object":"user","id":"645e79dd-3e43-40de-9d51-39357c1c427f"},"last_edited_by":{"object":"user","id":"645e79dd-3e43-40de-9d51-39357c1c427f"},"has_children":false,"archived":true,"in_trash":true,"type":"child_database","child_database":{"title":"Overwritten
      Title"},"request_id":"78665bc9-9270-476d-9f4c-9d056713658a"}'
    headers:
      CF-Cache-Status:
      - DYNAMIC
      CF-Ray:
      - 98392a24acfb5d72-FRA
      Connection:
      - keep-alive
      Content-Encoding:
      - gzip
      Content-Type:
      - application/json; charset=utf-8
      Server:
      - cloudflare
      Strict-Transport-Security:
      - max-age=31536000; includeSubDomains; preload
      Transfer-Encoding:
      - chunked
      Vary:
      - Accept-Encoding
      alt-svc:
      - h3=":443"; ma=86400
      content-security-policy:
      - default-src 'none'
      referrer-policy:
      - strict-origin-when-cross-origin
      x-content-type-options:
      - nosniff
      x-dns-prefetch-control:
      - 'off'
      x-download-options:
      - noopen
      x-frame-options:
      - SAMEORIGIN
      x-notion-request-id:
      - 78665bc9-9270-476d-9f4c-9d056713658a
      x-permitted-cross-domain-policies:
      - none
      x-xss-protection:
      - '0'
    http_version: HTTP/1.1
    status_code: 200
- request:
    body: ''
    headers:
      accept:
      - '*/*'
      accept-encoding:
      - gzip, deflate
      authorization:
      - secret...
      connection:
      - keep-alive
      cookie:
      - secret...
      host:
      - api.notion.com
      notion-version:
      - '2022-06-28'
      user-agent:
      - secret...
    method: GET
    uri: https://api.notion.com/v1/pages/5f505199-b292-4713-920b-61d813bf72a3
  response:
    content: '{"object":"page","id":"5f505199-b292-4713-920b-61d813bf72a3","created_time":"2022-08-22T15:47:00.000Z","last_edited_time":"2025-09-23T09:55:00.000Z","created_by":{"object":"user","id":"b10cb6df-12ef-44d3-88ad-250168f66322"},"last_edited_by":{"object":"user","id":"645e79dd-3e43-40de-9d51-39357c1c427f"},"cover":null,"icon":null,"parent":{"type":"workspace","workspace":true},"archived":false,"in_trash":false,"is_locked":false,"properties":{"title":{"id":"title","type":"title","title":[{"type":"text","text":{"content":"Tests","link":null},"annotations":{"bold":false,"italic":false,"strikethrough":false,"underline":false,"code":false,"color":"default"},"plain_text":"Tests","href":null}]}},"url":"https://www.notion.so/Tests-5f505199b2924713920b61d813bf72a3","public_url":null,"request_id":"6bb2d929-49e4-4c60-9abd-04c0a40e8480"}'
    headers:
      CF-Cache-Status:
      - DYNAMIC
      CF-Ray:
      - 98392a2e5b475d72-FRA
      Connection:
      - keep-alive
      Content-Encoding:
      - gzip
      Content-Type:
      - application/json; charset=utf-8
      Server:
      - cloudflare
      Strict-Transport-Security:
      - max-age=31536000; includeSubDomains; preload
      Transfer-Encoding:
      - chunked
      Vary:
      - Accept-Encoding
      alt-svc:
      - h3=":443"; ma=86400
      content-security-policy:
      - default-src 'none'
      referrer-policy:
      - strict-origin-when-cross-origin
      x-content-type-options:
      - nosniff
      x-dns-prefetch-control:
      - 'off'
      x-download-options:
      - noopen
      x-frame-options:
      - SAMEORIGIN
      x-notion-request-id:
      - 6bb2d929-49e4-4c60-9abd-04c0a40e8480
      x-permitted-cross-domain-policies:
      - none
      x-xss-protection:
      - '0'
    http_version: HTTP/1.1
    status_code: 200
- request:
    body: '{"parent": {"type": "page_id", "page_id": "5f505199-b292-4713-920b-61d813bf72a3"},
      "title": [{"type": "text", "plain_text": "No Schema Used", "annotations": {"bold":
      false, "italic": false, "strikethrough": false, "underline": false, "code":
      false}, "text": {"content": "No Schema Used"}}], "properties": {"Name": {"type":
      "title", "title": {}}}, "is_inline": false}'
    headers:
      accept:
      - '*/*'
      accept-encoding:
      - gzip, deflate
      authorization:
      - secret...
      connection:
      - keep-alive
      content-length:
      - '335'
      content-type:
      - application/json
      cookie:
      - secret...
      host:
      - api.notion.com
      notion-version:
      - '2022-06-28'
      user-agent:
      - secret...
    method: POST
    uri: https://api.notion.com/v1/databases
  response:
    content: '{"object":"database","id":"277974f3-b388-8184-8720-d4ff1def8820","cover":null,"icon":null,"created_time":"2025-09-23T09:55:00.000Z","created_by":{"object":"user","id":"645e79dd-3e43-40de-9d51-39357c1c427f"},"last_edited_by":{"object":"user","id":"645e79dd-3e43-40de-9d51-39357c1c427f"},"last_edited_time":"2025-09-23T09:55:00.000Z","title":[{"type":"text","text":{"content":"No
      Schema Used","link":null},"annotations":{"bold":false,"italic":false,"strikethrough":false,"underline":false,"code":false,"color":"default"},"plain_text":"No
      Schema Used","href":null}],"description":[],"is_inline":false,"properties":{"Name":{"id":"title","name":"Name","description":null,"type":"title","title":{}}},"parent":{"type":"page_id","page_id":"5f505199-b292-4713-920b-61d813bf72a3"},"url":"https://www.notion.so/277974f3b38881848720d4ff1def8820","public_url":null,"archived":false,"in_trash":false,"request_id":"60ece869-b1a9-4c1d-98c1-b1fb9ca7aa19"}'
    headers:
      CF-Cache-Status:
      - DYNAMIC
      CF-Ray:
      - 98392a358f4b5d72-FRA
      Connection:
      - keep-alive
      Content-Encoding:
      - gzip
      Content-Type:
      - application/json; charset=utf-8
      Server:
      - cloudflare
      Strict-Transport-Security:
      - max-age=31536000; includeSubDomains; preload
      Transfer-Encoding:
      - chunked
      Vary:
      - Accept-Encoding
      alt-svc:
      - h3=":443"; ma=86400
      content-security-policy:
      - default-src 'none'
      referrer-policy:
      - strict-origin-when-cross-origin
      x-content-type-options:
      - nosniff
      x-dns-prefetch-control:
      - 'off'
      x-download-options:
      - noopen
      x-frame-options:
      - SAMEORIGIN
      x-notion-request-id:
      - 60ece869-b1a9-4c1d-98c1-b1fb9ca7aa19
      x-permitted-cross-domain-policies:
      - none
      x-xss-protection:
      - '0'
    http_version: HTTP/1.1
    status_code: 200
- request:
    body: ''
    headers:
      accept:
      - '*/*'
      accept-encoding:
      - gzip, deflate
      authorization:
      - secret...
      connection:
      - keep-alive
      cookie:
      - secret...
      host:
      - api.notion.com
      notion-version:
      - '2022-06-28'
      user-agent:
      - secret...
    method: DELETE
    uri: https://api.notion.com/v1/blocks/277974f3-b388-8184-8720-d4ff1def8820
  response:
    content: '{"object":"block","id":"277974f3-b388-8184-8720-d4ff1def8820","parent":{"type":"page_id","page_id":"5f505199-b292-4713-920b-61d813bf72a3"},"created_time":"2025-09-23T09:55:00.000Z","last_edited_time":"2025-09-23T09:55:00.000Z","created_by":{"object":"user","id":"645e79dd-3e43-40de-9d51-39357c1c427f"},"last_edited_by":{"object":"user","id":"645e79dd-3e43-40de-9d51-39357c1c427f"},"has_children":false,"archived":true,"in_trash":true,"type":"child_database","child_database":{"title":"No
      Schema Used"},"request_id":"37b902c0-08db-4667-8b28-8d6f530a8ff5"}'
    headers:
      CF-Cache-Status:
      - DYNAMIC
      CF-Ray:
      - 98392a3dcbf85d72-FRA
      Connection:
      - keep-alive
      Content-Encoding:
      - gzip
      Content-Type:
      - application/json; charset=utf-8
      Server:
      - cloudflare
      Strict-Transport-Security:
      - max-age=31536000; includeSubDomains; preload
      Transfer-Encoding:
      - chunked
      Vary:
      - Accept-Encoding
      alt-svc:
      - h3=":443"; ma=86400
      content-security-policy:
      - default-src 'none'
      referrer-policy:
      - strict-origin-when-cross-origin
      x-content-type-options:
      - nosniff
      x-dns-prefetch-control:
      - 'off'
      x-download-options:
      - noopen
      x-frame-options:
      - SAMEORIGIN
      x-notion-request-id:
      - 37b902c0-08db-4667-8b28-8d6f530a8ff5
      x-permitted-cross-domain-policies:
      - none
      x-xss-protection:
      - '0'
    http_version: HTTP/1.1
    status_code: 200
version: 1
