interactions:
- request:
    body: '{"parent": {"type": "page_id", "page_id": "5f505199-b292-4713-920b-61d813bf72a3"},
      "title": [{"type": "text", "plain_text": "Number Query DB Test", "annotations":
      {"bold": false, "italic": false, "strikethrough": false, "underline": false,
      "code": false, "color": "default"}, "text": {"content": "Number Query DB Test"}}],
      "properties": {"Title": {"type": "title", "title": {}}, "Number": {"type": "number",
      "number": {"format": "number"}}}}'
    headers:
      accept:
      - '*/*'
      accept-encoding:
      - gzip, deflate
      authorization:
      - secret...
      connection:
      - keep-alive
      content-length:
      - '441'
      content-type:
      - application/json
      cookie:
      - secret...
      host:
      - api.notion.com
      notion-version:
      - '2022-06-28'
      user-agent:
      - secret...
    method: POST
    uri: https://api.notion.com/v1/databases
  response:
    content: '{"object":"database","id":"20e974f3-b388-8176-83c5-f8bfc4f0dd1c","cover":null,"icon":null,"created_time":"2025-06-10T17:53:00.000Z","created_by":{"object":"user","id":"645e79dd-3e43-40de-9d51-39357c1c427f"},"last_edited_by":{"object":"user","id":"645e79dd-3e43-40de-9d51-39357c1c427f"},"last_edited_time":"2025-06-10T17:53:00.000Z","title":[{"type":"text","text":{"content":"Number
      Query DB Test","link":null},"annotations":{"bold":false,"italic":false,"strikethrough":false,"underline":false,"code":false,"color":"default"},"plain_text":"Number
      Query DB Test","href":null}],"description":[],"is_inline":false,"properties":{"Number":{"id":"L%3AWU","name":"Number","type":"number","number":{"format":"number"}},"Title":{"id":"title","name":"Title","type":"title","title":{}}},"parent":{"type":"page_id","page_id":"5f505199-b292-4713-920b-61d813bf72a3"},"url":"https://www.notion.so/20e974f3b388817683c5f8bfc4f0dd1c","public_url":null,"archived":false,"in_trash":false,"request_id":"06bd6105-6558-4788-9b82-facee9fa3776"}'
    headers:
      CF-Cache-Status:
      - DYNAMIC
      CF-Ray:
      - 94daba32ce779195-FRA
      Connection:
      - keep-alive
      Content-Encoding:
      - gzip
      Content-Type:
      - application/json; charset=utf-8
      Server:
      - cloudflare
      Strict-Transport-Security:
      - max-age=31536000; includeSubDomains; preload
      Transfer-Encoding:
      - chunked
      Vary:
      - Accept-Encoding
      alt-svc:
      - h3=":443"; ma=86400
      content-security-policy:
      - default-src 'none'
      referrer-policy:
      - strict-origin-when-cross-origin
      x-content-type-options:
      - nosniff
      x-dns-prefetch-control:
      - 'off'
      x-download-options:
      - noopen
      x-frame-options:
      - SAMEORIGIN
      x-notion-request-id:
      - 06bd6105-6558-4788-9b82-facee9fa3776
      x-permitted-cross-domain-policies:
      - none
      x-xss-protection:
      - '0'
    http_version: HTTP/1.1
    status_code: 200
- request:
    body: '{"parent": {"type": "database_id", "database_id": "20e974f3-b388-8176-83c5-f8bfc4f0dd1c"},
      "properties": {}}'
    headers:
      accept:
      - '*/*'
      accept-encoding:
      - gzip, deflate
      authorization:
      - secret...
      connection:
      - keep-alive
      content-length:
      - '108'
      content-type:
      - application/json
      cookie:
      - secret...
      host:
      - api.notion.com
      notion-version:
      - '2022-06-28'
      user-agent:
      - secret...
    method: POST
    uri: https://api.notion.com/v1/pages
  response:
    content: '{"object":"page","id":"20e974f3-b388-8159-9b14-fd78205e0f7f","created_time":"2025-06-10T17:53:00.000Z","last_edited_time":"2025-06-10T17:53:00.000Z","created_by":{"object":"user","id":"645e79dd-3e43-40de-9d51-39357c1c427f"},"last_edited_by":{"object":"user","id":"645e79dd-3e43-40de-9d51-39357c1c427f"},"cover":null,"icon":null,"parent":{"type":"database_id","database_id":"20e974f3-b388-8176-83c5-f8bfc4f0dd1c"},"archived":false,"in_trash":false,"properties":{"Number":{"id":"L%3AWU","type":"number","number":null},"Title":{"id":"title","type":"title","title":[]}},"url":"https://www.notion.so/20e974f3b38881599b14fd78205e0f7f","public_url":null,"request_id":"15f6fb17-a182-4db5-9bc6-13562603bdf1"}'
    headers:
      CF-Cache-Status:
      - DYNAMIC
      CF-Ray:
      - 94daba39fb769195-FRA
      Connection:
      - keep-alive
      Content-Encoding:
      - gzip
      Content-Type:
      - application/json; charset=utf-8
      Server:
      - cloudflare
      Strict-Transport-Security:
      - max-age=31536000; includeSubDomains; preload
      Transfer-Encoding:
      - chunked
      Vary:
      - Accept-Encoding
      alt-svc:
      - h3=":443"; ma=86400
      content-security-policy:
      - default-src 'none'
      referrer-policy:
      - strict-origin-when-cross-origin
      x-content-type-options:
      - nosniff
      x-dns-prefetch-control:
      - 'off'
      x-download-options:
      - noopen
      x-frame-options:
      - SAMEORIGIN
      x-notion-request-id:
      - 15f6fb17-a182-4db5-9bc6-13562603bdf1
      x-permitted-cross-domain-policies:
      - none
      x-xss-protection:
      - '0'
    http_version: HTTP/1.1
    status_code: 200
- request:
    body: '{"parent": {"type": "database_id", "database_id": "20e974f3-b388-8176-83c5-f8bfc4f0dd1c"},
      "properties": {"Title": {"type": "title", "title": [{"type": "text", "plain_text":
      "1", "annotations": {"bold": false, "italic": false, "strikethrough": false,
      "underline": false, "code": false, "color": "default"}, "text": {"content":
      "1"}}]}, "Number": {"type": "number", "number": 1}}}'
    headers:
      accept:
      - '*/*'
      accept-encoding:
      - gzip, deflate
      authorization:
      - secret...
      connection:
      - keep-alive
      content-length:
      - '379'
      content-type:
      - application/json
      cookie:
      - secret...
      host:
      - api.notion.com
      notion-version:
      - '2022-06-28'
      user-agent:
      - secret...
    method: POST
    uri: https://api.notion.com/v1/pages
  response:
    content: '{"object":"page","id":"20e974f3-b388-8114-8397-d811e28d466d","created_time":"2025-06-10T17:53:00.000Z","last_edited_time":"2025-06-10T17:53:00.000Z","created_by":{"object":"user","id":"645e79dd-3e43-40de-9d51-39357c1c427f"},"last_edited_by":{"object":"user","id":"645e79dd-3e43-40de-9d51-39357c1c427f"},"cover":null,"icon":null,"parent":{"type":"database_id","database_id":"20e974f3-b388-8176-83c5-f8bfc4f0dd1c"},"archived":false,"in_trash":false,"properties":{"Number":{"id":"L%3AWU","type":"number","number":1},"Title":{"id":"title","type":"title","title":[{"type":"text","text":{"content":"1","link":null},"annotations":{"bold":false,"italic":false,"strikethrough":false,"underline":false,"code":false,"color":"default"},"plain_text":"1","href":null}]}},"url":"https://www.notion.so/1-20e974f3b38881148397d811e28d466d","public_url":null,"request_id":"297e39f8-aa56-402a-afb0-ed4c90a9a383"}'
    headers:
      CF-Cache-Status:
      - DYNAMIC
      CF-Ray:
      - 94daba5d0cd59195-FRA
      Connection:
      - keep-alive
      Content-Encoding:
      - gzip
      Content-Type:
      - application/json; charset=utf-8
      Server:
      - cloudflare
      Strict-Transport-Security:
      - max-age=31536000; includeSubDomains; preload
      Transfer-Encoding:
      - chunked
      Vary:
      - Accept-Encoding
      alt-svc:
      - h3=":443"; ma=86400
      content-security-policy:
      - default-src 'none'
      referrer-policy:
      - strict-origin-when-cross-origin
      x-content-type-options:
      - nosniff
      x-dns-prefetch-control:
      - 'off'
      x-download-options:
      - noopen
      x-frame-options:
      - SAMEORIGIN
      x-notion-request-id:
      - 297e39f8-aa56-402a-afb0-ed4c90a9a383
      x-permitted-cross-domain-policies:
      - none
      x-xss-protection:
      - '0'
    http_version: HTTP/1.1
    status_code: 200
- request:
    body: '{"parent": {"type": "database_id", "database_id": "20e974f3-b388-8176-83c5-f8bfc4f0dd1c"},
      "properties": {"Title": {"type": "title", "title": [{"type": "text", "plain_text":
      "1", "annotations": {"bold": false, "italic": false, "strikethrough": false,
      "underline": false, "code": false, "color": "default"}, "text": {"content":
      "1"}}]}, "Number": {"type": "number", "number": 2}}}'
    headers:
      accept:
      - '*/*'
      accept-encoding:
      - gzip, deflate
      authorization:
      - secret...
      connection:
      - keep-alive
      content-length:
      - '379'
      content-type:
      - application/json
      cookie:
      - secret...
      host:
      - api.notion.com
      notion-version:
      - '2022-06-28'
      user-agent:
      - secret...
    method: POST
    uri: https://api.notion.com/v1/pages
  response:
    content: '{"object":"page","id":"20e974f3-b388-81a4-a72e-e578aed69d08","created_time":"2025-06-10T17:53:00.000Z","last_edited_time":"2025-06-10T17:53:00.000Z","created_by":{"object":"user","id":"645e79dd-3e43-40de-9d51-39357c1c427f"},"last_edited_by":{"object":"user","id":"645e79dd-3e43-40de-9d51-39357c1c427f"},"cover":null,"icon":null,"parent":{"type":"database_id","database_id":"20e974f3-b388-8176-83c5-f8bfc4f0dd1c"},"archived":false,"in_trash":false,"properties":{"Number":{"id":"L%3AWU","type":"number","number":2},"Title":{"id":"title","type":"title","title":[{"type":"text","text":{"content":"1","link":null},"annotations":{"bold":false,"italic":false,"strikethrough":false,"underline":false,"code":false,"color":"default"},"plain_text":"1","href":null}]}},"url":"https://www.notion.so/1-20e974f3b38881a4a72ee578aed69d08","public_url":null,"request_id":"a991c320-0a57-45ad-aafa-faf806db05f3"}'
    headers:
      CF-Cache-Status:
      - DYNAMIC
      CF-Ray:
      - 94daba5f5e729195-FRA
      Connection:
      - keep-alive
      Content-Encoding:
      - gzip
      Content-Type:
      - application/json; charset=utf-8
      Server:
      - cloudflare
      Strict-Transport-Security:
      - max-age=31536000; includeSubDomains; preload
      Transfer-Encoding:
      - chunked
      Vary:
      - Accept-Encoding
      alt-svc:
      - h3=":443"; ma=86400
      content-security-policy:
      - default-src 'none'
      referrer-policy:
      - strict-origin-when-cross-origin
      x-content-type-options:
      - nosniff
      x-dns-prefetch-control:
      - 'off'
      x-download-options:
      - noopen
      x-frame-options:
      - SAMEORIGIN
      x-notion-request-id:
      - a991c320-0a57-45ad-aafa-faf806db05f3
      x-permitted-cross-domain-policies:
      - none
      x-xss-protection:
      - '0'
    http_version: HTTP/1.1
    status_code: 200
- request:
    body: '{"parent": {"type": "database_id", "database_id": "20e974f3-b388-8176-83c5-f8bfc4f0dd1c"},
      "properties": {"Title": {"type": "title", "title": [{"type": "text", "plain_text":
      "42", "annotations": {"bold": false, "italic": false, "strikethrough": false,
      "underline": false, "code": false, "color": "default"}, "text": {"content":
      "42"}}]}, "Number": {"type": "number", "number": 42}}}'
    headers:
      accept:
      - '*/*'
      accept-encoding:
      - gzip, deflate
      authorization:
      - secret...
      connection:
      - keep-alive
      content-length:
      - '382'
      content-type:
      - application/json
      cookie:
      - secret...
      host:
      - api.notion.com
      notion-version:
      - '2022-06-28'
      user-agent:
      - secret...
    method: POST
    uri: https://api.notion.com/v1/pages
  response:
    content: '{"object":"page","id":"20e974f3-b388-81c6-94b2-c4ad95c4d42e","created_time":"2025-06-10T17:53:00.000Z","last_edited_time":"2025-06-10T17:53:00.000Z","created_by":{"object":"user","id":"645e79dd-3e43-40de-9d51-39357c1c427f"},"last_edited_by":{"object":"user","id":"645e79dd-3e43-40de-9d51-39357c1c427f"},"cover":null,"icon":null,"parent":{"type":"database_id","database_id":"20e974f3-b388-8176-83c5-f8bfc4f0dd1c"},"archived":false,"in_trash":false,"properties":{"Number":{"id":"L%3AWU","type":"number","number":42},"Title":{"id":"title","type":"title","title":[{"type":"text","text":{"content":"42","link":null},"annotations":{"bold":false,"italic":false,"strikethrough":false,"underline":false,"code":false,"color":"default"},"plain_text":"42","href":null}]}},"url":"https://www.notion.so/42-20e974f3b38881c694b2c4ad95c4d42e","public_url":null,"request_id":"401762c8-6b1e-412f-9802-4acbe55c21c9"}'
    headers:
      CF-Cache-Status:
      - DYNAMIC
      CF-Ray:
      - 94daba61d8429195-FRA
      Connection:
      - keep-alive
      Content-Encoding:
      - gzip
      Content-Type:
      - application/json; charset=utf-8
      Server:
      - cloudflare
      Strict-Transport-Security:
      - max-age=31536000; includeSubDomains; preload
      Transfer-Encoding:
      - chunked
      Vary:
      - Accept-Encoding
      alt-svc:
      - h3=":443"; ma=86400
      content-security-policy:
      - default-src 'none'
      referrer-policy:
      - strict-origin-when-cross-origin
      x-content-type-options:
      - nosniff
      x-dns-prefetch-control:
      - 'off'
      x-download-options:
      - noopen
      x-frame-options:
      - SAMEORIGIN
      x-notion-request-id:
      - 401762c8-6b1e-412f-9802-4acbe55c21c9
      x-permitted-cross-domain-policies:
      - none
      x-xss-protection:
      - '0'
    http_version: HTTP/1.1
    status_code: 200
- request:
    body: '{"filter": {"number": {"is_empty": true}, "property": "Number"}, "page_size":
      100}'
    headers:
      accept:
      - '*/*'
      accept-encoding:
      - gzip, deflate
      authorization:
      - secret...
      connection:
      - keep-alive
      content-length:
      - '82'
      content-type:
      - application/json
      cookie:
      - secret...
      host:
      - api.notion.com
      notion-version:
      - '2022-06-28'
      user-agent:
      - secret...
    method: POST
    uri: https://api.notion.com/v1/databases/20e974f3-b388-8176-83c5-f8bfc4f0dd1c/query
  response:
    content: '{"object":"list","results":[{"object":"page","id":"20e974f3-b388-8159-9b14-fd78205e0f7f","created_time":"2025-06-10T17:53:00.000Z","last_edited_time":"2025-06-10T17:53:00.000Z","created_by":{"object":"user","id":"645e79dd-3e43-40de-9d51-39357c1c427f"},"last_edited_by":{"object":"user","id":"645e79dd-3e43-40de-9d51-39357c1c427f"},"cover":null,"icon":null,"parent":{"type":"database_id","database_id":"20e974f3-b388-8176-83c5-f8bfc4f0dd1c"},"archived":false,"in_trash":false,"properties":{"Number":{"id":"L%3AWU","type":"number","number":null},"Title":{"id":"title","type":"title","title":[]}},"url":"https://www.notion.so/20e974f3b38881599b14fd78205e0f7f","public_url":null}],"next_cursor":null,"has_more":false,"type":"page_or_database","page_or_database":{},"request_id":"3c621615-36c9-4095-bf83-f6a423ec5324"}'
    headers:
      CF-Cache-Status:
      - DYNAMIC
      CF-Ray:
      - 94daba6429e49195-FRA
      Connection:
      - keep-alive
      Content-Encoding:
      - gzip
      Content-Type:
      - application/json; charset=utf-8
      Server:
      - cloudflare
      Strict-Transport-Security:
      - max-age=31536000; includeSubDomains; preload
      Transfer-Encoding:
      - chunked
      Vary:
      - Accept-Encoding
      alt-svc:
      - h3=":443"; ma=86400
      content-security-policy:
      - default-src 'none'
      referrer-policy:
      - strict-origin-when-cross-origin
      x-content-type-options:
      - nosniff
      x-dns-prefetch-control:
      - 'off'
      x-download-options:
      - noopen
      x-frame-options:
      - SAMEORIGIN
      x-notion-request-id:
      - 3c621615-36c9-4095-bf83-f6a423ec5324
      x-permitted-cross-domain-policies:
      - none
      x-xss-protection:
      - '0'
    http_version: HTTP/1.1
    status_code: 200
- request:
    body: '{"filter": {"number": {"is_not_empty": true}, "property": "Number"}, "page_size":
      100}'
    headers:
      accept:
      - '*/*'
      accept-encoding:
      - gzip, deflate
      authorization:
      - secret...
      connection:
      - keep-alive
      content-length:
      - '86'
      content-type:
      - application/json
      cookie:
      - secret...
      host:
      - api.notion.com
      notion-version:
      - '2022-06-28'
      user-agent:
      - secret...
    method: POST
    uri: https://api.notion.com/v1/databases/20e974f3-b388-8176-83c5-f8bfc4f0dd1c/query
  response:
    content: '{"object":"list","results":[{"object":"page","id":"20e974f3-b388-81c6-94b2-c4ad95c4d42e","created_time":"2025-06-10T17:53:00.000Z","last_edited_time":"2025-06-10T17:53:00.000Z","created_by":{"object":"user","id":"645e79dd-3e43-40de-9d51-39357c1c427f"},"last_edited_by":{"object":"user","id":"645e79dd-3e43-40de-9d51-39357c1c427f"},"cover":null,"icon":null,"parent":{"type":"database_id","database_id":"20e974f3-b388-8176-83c5-f8bfc4f0dd1c"},"archived":false,"in_trash":false,"properties":{"Number":{"id":"L%3AWU","type":"number","number":42},"Title":{"id":"title","type":"title","title":[{"type":"text","text":{"content":"42","link":null},"annotations":{"bold":false,"italic":false,"strikethrough":false,"underline":false,"code":false,"color":"default"},"plain_text":"42","href":null}]}},"url":"https://www.notion.so/42-20e974f3b38881c694b2c4ad95c4d42e","public_url":null},{"object":"page","id":"20e974f3-b388-81a4-a72e-e578aed69d08","created_time":"2025-06-10T17:53:00.000Z","last_edited_time":"2025-06-10T17:53:00.000Z","created_by":{"object":"user","id":"645e79dd-3e43-40de-9d51-39357c1c427f"},"last_edited_by":{"object":"user","id":"645e79dd-3e43-40de-9d51-39357c1c427f"},"cover":null,"icon":null,"parent":{"type":"database_id","database_id":"20e974f3-b388-8176-83c5-f8bfc4f0dd1c"},"archived":false,"in_trash":false,"properties":{"Number":{"id":"L%3AWU","type":"number","number":2},"Title":{"id":"title","type":"title","title":[{"type":"text","text":{"content":"1","link":null},"annotations":{"bold":false,"italic":false,"strikethrough":false,"underline":false,"code":false,"color":"default"},"plain_text":"1","href":null}]}},"url":"https://www.notion.so/1-20e974f3b38881a4a72ee578aed69d08","public_url":null},{"object":"page","id":"20e974f3-b388-8114-8397-d811e28d466d","created_time":"2025-06-10T17:53:00.000Z","last_edited_time":"2025-06-10T17:53:00.000Z","created_by":{"object":"user","id":"645e79dd-3e43-40de-9d51-39357c1c427f"},"last_edited_by":{"object":"user","id":"645e79dd-3e43-40de-9d51-39357c1c427f"},"cover":null,"icon":null,"parent":{"type":"database_id","database_id":"20e974f3-b388-8176-83c5-f8bfc4f0dd1c"},"archived":false,"in_trash":false,"properties":{"Number":{"id":"L%3AWU","type":"number","number":1},"Title":{"id":"title","type":"title","title":[{"type":"text","text":{"content":"1","link":null},"annotations":{"bold":false,"italic":false,"strikethrough":false,"underline":false,"code":false,"color":"default"},"plain_text":"1","href":null}]}},"url":"https://www.notion.so/1-20e974f3b38881148397d811e28d466d","public_url":null}],"next_cursor":null,"has_more":false,"type":"page_or_database","page_or_database":{},"request_id":"d5668ea0-af19-4965-af79-b95a73a33b13"}'
    headers:
      CF-Cache-Status:
      - DYNAMIC
      CF-Ray:
      - 94daba660b409195-FRA
      Connection:
      - keep-alive
      Content-Encoding:
      - gzip
      Content-Type:
      - application/json; charset=utf-8
      Server:
      - cloudflare
      Strict-Transport-Security:
      - max-age=31536000; includeSubDomains; preload
      Transfer-Encoding:
      - chunked
      Vary:
      - Accept-Encoding
      alt-svc:
      - h3=":443"; ma=86400
      content-security-policy:
      - default-src 'none'
      referrer-policy:
      - strict-origin-when-cross-origin
      x-content-type-options:
      - nosniff
      x-dns-prefetch-control:
      - 'off'
      x-download-options:
      - noopen
      x-frame-options:
      - SAMEORIGIN
      x-notion-request-id:
      - d5668ea0-af19-4965-af79-b95a73a33b13
      x-permitted-cross-domain-policies:
      - none
      x-xss-protection:
      - '0'
    http_version: HTTP/1.1
    status_code: 200
- request:
    body: '{"filter": {"number": {"equals": 42}, "property": "Number"}, "page_size":
      100}'
    headers:
      accept:
      - '*/*'
      accept-encoding:
      - gzip, deflate
      authorization:
      - secret...
      connection:
      - keep-alive
      content-length:
      - '78'
      content-type:
      - application/json
      cookie:
      - secret...
      host:
      - api.notion.com
      notion-version:
      - '2022-06-28'
      user-agent:
      - secret...
    method: POST
    uri: https://api.notion.com/v1/databases/20e974f3-b388-8176-83c5-f8bfc4f0dd1c/query
  response:
    content: '{"object":"list","results":[{"object":"page","id":"20e974f3-b388-81c6-94b2-c4ad95c4d42e","created_time":"2025-06-10T17:53:00.000Z","last_edited_time":"2025-06-10T17:53:00.000Z","created_by":{"object":"user","id":"645e79dd-3e43-40de-9d51-39357c1c427f"},"last_edited_by":{"object":"user","id":"645e79dd-3e43-40de-9d51-39357c1c427f"},"cover":null,"icon":null,"parent":{"type":"database_id","database_id":"20e974f3-b388-8176-83c5-f8bfc4f0dd1c"},"archived":false,"in_trash":false,"properties":{"Number":{"id":"L%3AWU","type":"number","number":42},"Title":{"id":"title","type":"title","title":[{"type":"text","text":{"content":"42","link":null},"annotations":{"bold":false,"italic":false,"strikethrough":false,"underline":false,"code":false,"color":"default"},"plain_text":"42","href":null}]}},"url":"https://www.notion.so/42-20e974f3b38881c694b2c4ad95c4d42e","public_url":null}],"next_cursor":null,"has_more":false,"type":"page_or_database","page_or_database":{},"request_id":"c390ad74-0f5b-4120-a8d2-9ecf65220d14"}'
    headers:
      CF-Cache-Status:
      - DYNAMIC
      CF-Ray:
      - 94daba67ecd99195-FRA
      Connection:
      - keep-alive
      Content-Encoding:
      - gzip
      Content-Type:
      - application/json; charset=utf-8
      Server:
      - cloudflare
      Strict-Transport-Security:
      - max-age=31536000; includeSubDomains; preload
      Transfer-Encoding:
      - chunked
      Vary:
      - Accept-Encoding
      alt-svc:
      - h3=":443"; ma=86400
      content-security-policy:
      - default-src 'none'
      referrer-policy:
      - strict-origin-when-cross-origin
      x-content-type-options:
      - nosniff
      x-dns-prefetch-control:
      - 'off'
      x-download-options:
      - noopen
      x-frame-options:
      - SAMEORIGIN
      x-notion-request-id:
      - c390ad74-0f5b-4120-a8d2-9ecf65220d14
      x-permitted-cross-domain-policies:
      - none
      x-xss-protection:
      - '0'
    http_version: HTTP/1.1
    status_code: 200
- request:
    body: '{"filter": {"number": {"does_not_equal": 42}, "property": "Number"}, "page_size":
      100}'
    headers:
      accept:
      - '*/*'
      accept-encoding:
      - gzip, deflate
      authorization:
      - secret...
      connection:
      - keep-alive
      content-length:
      - '86'
      content-type:
      - application/json
      cookie:
      - secret...
      host:
      - api.notion.com
      notion-version:
      - '2022-06-28'
      user-agent:
      - secret...
    method: POST
    uri: https://api.notion.com/v1/databases/20e974f3-b388-8176-83c5-f8bfc4f0dd1c/query
  response:
    content: '{"object":"list","results":[{"object":"page","id":"20e974f3-b388-81a4-a72e-e578aed69d08","created_time":"2025-06-10T17:53:00.000Z","last_edited_time":"2025-06-10T17:53:00.000Z","created_by":{"object":"user","id":"645e79dd-3e43-40de-9d51-39357c1c427f"},"last_edited_by":{"object":"user","id":"645e79dd-3e43-40de-9d51-39357c1c427f"},"cover":null,"icon":null,"parent":{"type":"database_id","database_id":"20e974f3-b388-8176-83c5-f8bfc4f0dd1c"},"archived":false,"in_trash":false,"properties":{"Number":{"id":"L%3AWU","type":"number","number":2},"Title":{"id":"title","type":"title","title":[{"type":"text","text":{"content":"1","link":null},"annotations":{"bold":false,"italic":false,"strikethrough":false,"underline":false,"code":false,"color":"default"},"plain_text":"1","href":null}]}},"url":"https://www.notion.so/1-20e974f3b38881a4a72ee578aed69d08","public_url":null},{"object":"page","id":"20e974f3-b388-8114-8397-d811e28d466d","created_time":"2025-06-10T17:53:00.000Z","last_edited_time":"2025-06-10T17:53:00.000Z","created_by":{"object":"user","id":"645e79dd-3e43-40de-9d51-39357c1c427f"},"last_edited_by":{"object":"user","id":"645e79dd-3e43-40de-9d51-39357c1c427f"},"cover":null,"icon":null,"parent":{"type":"database_id","database_id":"20e974f3-b388-8176-83c5-f8bfc4f0dd1c"},"archived":false,"in_trash":false,"properties":{"Number":{"id":"L%3AWU","type":"number","number":1},"Title":{"id":"title","type":"title","title":[{"type":"text","text":{"content":"1","link":null},"annotations":{"bold":false,"italic":false,"strikethrough":false,"underline":false,"code":false,"color":"default"},"plain_text":"1","href":null}]}},"url":"https://www.notion.so/1-20e974f3b38881148397d811e28d466d","public_url":null},{"object":"page","id":"20e974f3-b388-8159-9b14-fd78205e0f7f","created_time":"2025-06-10T17:53:00.000Z","last_edited_time":"2025-06-10T17:53:00.000Z","created_by":{"object":"user","id":"645e79dd-3e43-40de-9d51-39357c1c427f"},"last_edited_by":{"object":"user","id":"645e79dd-3e43-40de-9d51-39357c1c427f"},"cover":null,"icon":null,"parent":{"type":"database_id","database_id":"20e974f3-b388-8176-83c5-f8bfc4f0dd1c"},"archived":false,"in_trash":false,"properties":{"Number":{"id":"L%3AWU","type":"number","number":null},"Title":{"id":"title","type":"title","title":[]}},"url":"https://www.notion.so/20e974f3b38881599b14fd78205e0f7f","public_url":null}],"next_cursor":null,"has_more":false,"type":"page_or_database","page_or_database":{},"request_id":"52ad1347-3310-4078-a001-6ac1fd0fb86b"}'
    headers:
      CF-Cache-Status:
      - DYNAMIC
      CF-Ray:
      - 94daba6f69e19195-FRA
      Connection:
      - keep-alive
      Content-Encoding:
      - gzip
      Content-Type:
      - application/json; charset=utf-8
      Server:
      - cloudflare
      Strict-Transport-Security:
      - max-age=31536000; includeSubDomains; preload
      Transfer-Encoding:
      - chunked
      Vary:
      - Accept-Encoding
      alt-svc:
      - h3=":443"; ma=86400
      content-security-policy:
      - default-src 'none'
      referrer-policy:
      - strict-origin-when-cross-origin
      x-content-type-options:
      - nosniff
      x-dns-prefetch-control:
      - 'off'
      x-download-options:
      - noopen
      x-frame-options:
      - SAMEORIGIN
      x-notion-request-id:
      - 52ad1347-3310-4078-a001-6ac1fd0fb86b
      x-permitted-cross-domain-policies:
      - none
      x-xss-protection:
      - '0'
    http_version: HTTP/1.1
    status_code: 200
- request:
    body: '{"filter": {"number": {"greater_than": 1}, "property": "Number"}, "page_size":
      100}'
    headers:
      accept:
      - '*/*'
      accept-encoding:
      - gzip, deflate
      authorization:
      - secret...
      connection:
      - keep-alive
      content-length:
      - '83'
      content-type:
      - application/json
      cookie:
      - secret...
      host:
      - api.notion.com
      notion-version:
      - '2022-06-28'
      user-agent:
      - secret...
    method: POST
    uri: https://api.notion.com/v1/databases/20e974f3-b388-8176-83c5-f8bfc4f0dd1c/query
  response:
    content: '{"object":"list","results":[{"object":"page","id":"20e974f3-b388-81c6-94b2-c4ad95c4d42e","created_time":"2025-06-10T17:53:00.000Z","last_edited_time":"2025-06-10T17:53:00.000Z","created_by":{"object":"user","id":"645e79dd-3e43-40de-9d51-39357c1c427f"},"last_edited_by":{"object":"user","id":"645e79dd-3e43-40de-9d51-39357c1c427f"},"cover":null,"icon":null,"parent":{"type":"database_id","database_id":"20e974f3-b388-8176-83c5-f8bfc4f0dd1c"},"archived":false,"in_trash":false,"properties":{"Number":{"id":"L%3AWU","type":"number","number":42},"Title":{"id":"title","type":"title","title":[{"type":"text","text":{"content":"42","link":null},"annotations":{"bold":false,"italic":false,"strikethrough":false,"underline":false,"code":false,"color":"default"},"plain_text":"42","href":null}]}},"url":"https://www.notion.so/42-20e974f3b38881c694b2c4ad95c4d42e","public_url":null},{"object":"page","id":"20e974f3-b388-81a4-a72e-e578aed69d08","created_time":"2025-06-10T17:53:00.000Z","last_edited_time":"2025-06-10T17:53:00.000Z","created_by":{"object":"user","id":"645e79dd-3e43-40de-9d51-39357c1c427f"},"last_edited_by":{"object":"user","id":"645e79dd-3e43-40de-9d51-39357c1c427f"},"cover":null,"icon":null,"parent":{"type":"database_id","database_id":"20e974f3-b388-8176-83c5-f8bfc4f0dd1c"},"archived":false,"in_trash":false,"properties":{"Number":{"id":"L%3AWU","type":"number","number":2},"Title":{"id":"title","type":"title","title":[{"type":"text","text":{"content":"1","link":null},"annotations":{"bold":false,"italic":false,"strikethrough":false,"underline":false,"code":false,"color":"default"},"plain_text":"1","href":null}]}},"url":"https://www.notion.so/1-20e974f3b38881a4a72ee578aed69d08","public_url":null}],"next_cursor":null,"has_more":false,"type":"page_or_database","page_or_database":{},"request_id":"77811fa0-f637-41f7-a976-bdb6a0cb0c42"}'
    headers:
      CF-Cache-Status:
      - DYNAMIC
      CF-Ray:
      - 94daba717b619195-FRA
      Connection:
      - keep-alive
      Content-Encoding:
      - gzip
      Content-Type:
      - application/json; charset=utf-8
      Server:
      - cloudflare
      Strict-Transport-Security:
      - max-age=31536000; includeSubDomains; preload
      Transfer-Encoding:
      - chunked
      Vary:
      - Accept-Encoding
      alt-svc:
      - h3=":443"; ma=86400
      content-security-policy:
      - default-src 'none'
      referrer-policy:
      - strict-origin-when-cross-origin
      x-content-type-options:
      - nosniff
      x-dns-prefetch-control:
      - 'off'
      x-download-options:
      - noopen
      x-frame-options:
      - SAMEORIGIN
      x-notion-request-id:
      - 77811fa0-f637-41f7-a976-bdb6a0cb0c42
      x-permitted-cross-domain-policies:
      - none
      x-xss-protection:
      - '0'
    http_version: HTTP/1.1
    status_code: 200
- request:
    body: '{"filter": {"number": {"greater_than_or_equal_to": 1}, "property": "Number"},
      "page_size": 100}'
    headers:
      accept:
      - '*/*'
      accept-encoding:
      - gzip, deflate
      authorization:
      - secret...
      connection:
      - keep-alive
      content-length:
      - '95'
      content-type:
      - application/json
      cookie:
      - secret...
      host:
      - api.notion.com
      notion-version:
      - '2022-06-28'
      user-agent:
      - secret...
    method: POST
    uri: https://api.notion.com/v1/databases/20e974f3-b388-8176-83c5-f8bfc4f0dd1c/query
  response:
    content: '{"object":"list","results":[{"object":"page","id":"20e974f3-b388-81c6-94b2-c4ad95c4d42e","created_time":"2025-06-10T17:53:00.000Z","last_edited_time":"2025-06-10T17:53:00.000Z","created_by":{"object":"user","id":"645e79dd-3e43-40de-9d51-39357c1c427f"},"last_edited_by":{"object":"user","id":"645e79dd-3e43-40de-9d51-39357c1c427f"},"cover":null,"icon":null,"parent":{"type":"database_id","database_id":"20e974f3-b388-8176-83c5-f8bfc4f0dd1c"},"archived":false,"in_trash":false,"properties":{"Number":{"id":"L%3AWU","type":"number","number":42},"Title":{"id":"title","type":"title","title":[{"type":"text","text":{"content":"42","link":null},"annotations":{"bold":false,"italic":false,"strikethrough":false,"underline":false,"code":false,"color":"default"},"plain_text":"42","href":null}]}},"url":"https://www.notion.so/42-20e974f3b38881c694b2c4ad95c4d42e","public_url":null},{"object":"page","id":"20e974f3-b388-81a4-a72e-e578aed69d08","created_time":"2025-06-10T17:53:00.000Z","last_edited_time":"2025-06-10T17:53:00.000Z","created_by":{"object":"user","id":"645e79dd-3e43-40de-9d51-39357c1c427f"},"last_edited_by":{"object":"user","id":"645e79dd-3e43-40de-9d51-39357c1c427f"},"cover":null,"icon":null,"parent":{"type":"database_id","database_id":"20e974f3-b388-8176-83c5-f8bfc4f0dd1c"},"archived":false,"in_trash":false,"properties":{"Number":{"id":"L%3AWU","type":"number","number":2},"Title":{"id":"title","type":"title","title":[{"type":"text","text":{"content":"1","link":null},"annotations":{"bold":false,"italic":false,"strikethrough":false,"underline":false,"code":false,"color":"default"},"plain_text":"1","href":null}]}},"url":"https://www.notion.so/1-20e974f3b38881a4a72ee578aed69d08","public_url":null},{"object":"page","id":"20e974f3-b388-8114-8397-d811e28d466d","created_time":"2025-06-10T17:53:00.000Z","last_edited_time":"2025-06-10T17:53:00.000Z","created_by":{"object":"user","id":"645e79dd-3e43-40de-9d51-39357c1c427f"},"last_edited_by":{"object":"user","id":"645e79dd-3e43-40de-9d51-39357c1c427f"},"cover":null,"icon":null,"parent":{"type":"database_id","database_id":"20e974f3-b388-8176-83c5-f8bfc4f0dd1c"},"archived":false,"in_trash":false,"properties":{"Number":{"id":"L%3AWU","type":"number","number":1},"Title":{"id":"title","type":"title","title":[{"type":"text","text":{"content":"1","link":null},"annotations":{"bold":false,"italic":false,"strikethrough":false,"underline":false,"code":false,"color":"default"},"plain_text":"1","href":null}]}},"url":"https://www.notion.so/1-20e974f3b38881148397d811e28d466d","public_url":null}],"next_cursor":null,"has_more":false,"type":"page_or_database","page_or_database":{},"request_id":"f97e54ec-7a7b-4d38-9275-ea66ff0d4f10"}'
    headers:
      CF-Cache-Status:
      - DYNAMIC
      CF-Ray:
      - 94daba738cec9195-FRA
      Connection:
      - keep-alive
      Content-Encoding:
      - gzip
      Content-Type:
      - application/json; charset=utf-8
      Server:
      - cloudflare
      Strict-Transport-Security:
      - max-age=31536000; includeSubDomains; preload
      Transfer-Encoding:
      - chunked
      Vary:
      - Accept-Encoding
      alt-svc:
      - h3=":443"; ma=86400
      content-security-policy:
      - default-src 'none'
      referrer-policy:
      - strict-origin-when-cross-origin
      x-content-type-options:
      - nosniff
      x-dns-prefetch-control:
      - 'off'
      x-download-options:
      - noopen
      x-frame-options:
      - SAMEORIGIN
      x-notion-request-id:
      - f97e54ec-7a7b-4d38-9275-ea66ff0d4f10
      x-permitted-cross-domain-policies:
      - none
      x-xss-protection:
      - '0'
    http_version: HTTP/1.1
    status_code: 200
- request:
    body: '{"filter": {"number": {"less_than": 42}, "property": "Number"}, "page_size":
      100}'
    headers:
      accept:
      - '*/*'
      accept-encoding:
      - gzip, deflate
      authorization:
      - secret...
      connection:
      - keep-alive
      content-length:
      - '81'
      content-type:
      - application/json
      cookie:
      - secret...
      host:
      - api.notion.com
      notion-version:
      - '2022-06-28'
      user-agent:
      - secret...
    method: POST
    uri: https://api.notion.com/v1/databases/20e974f3-b388-8176-83c5-f8bfc4f0dd1c/query
  response:
    content: '{"object":"list","results":[{"object":"page","id":"20e974f3-b388-81a4-a72e-e578aed69d08","created_time":"2025-06-10T17:53:00.000Z","last_edited_time":"2025-06-10T17:53:00.000Z","created_by":{"object":"user","id":"645e79dd-3e43-40de-9d51-39357c1c427f"},"last_edited_by":{"object":"user","id":"645e79dd-3e43-40de-9d51-39357c1c427f"},"cover":null,"icon":null,"parent":{"type":"database_id","database_id":"20e974f3-b388-8176-83c5-f8bfc4f0dd1c"},"archived":false,"in_trash":false,"properties":{"Number":{"id":"L%3AWU","type":"number","number":2},"Title":{"id":"title","type":"title","title":[{"type":"text","text":{"content":"1","link":null},"annotations":{"bold":false,"italic":false,"strikethrough":false,"underline":false,"code":false,"color":"default"},"plain_text":"1","href":null}]}},"url":"https://www.notion.so/1-20e974f3b38881a4a72ee578aed69d08","public_url":null},{"object":"page","id":"20e974f3-b388-8114-8397-d811e28d466d","created_time":"2025-06-10T17:53:00.000Z","last_edited_time":"2025-06-10T17:53:00.000Z","created_by":{"object":"user","id":"645e79dd-3e43-40de-9d51-39357c1c427f"},"last_edited_by":{"object":"user","id":"645e79dd-3e43-40de-9d51-39357c1c427f"},"cover":null,"icon":null,"parent":{"type":"database_id","database_id":"20e974f3-b388-8176-83c5-f8bfc4f0dd1c"},"archived":false,"in_trash":false,"properties":{"Number":{"id":"L%3AWU","type":"number","number":1},"Title":{"id":"title","type":"title","title":[{"type":"text","text":{"content":"1","link":null},"annotations":{"bold":false,"italic":false,"strikethrough":false,"underline":false,"code":false,"color":"default"},"plain_text":"1","href":null}]}},"url":"https://www.notion.so/1-20e974f3b38881148397d811e28d466d","public_url":null}],"next_cursor":null,"has_more":false,"type":"page_or_database","page_or_database":{},"request_id":"23b6996f-acfa-4c99-927a-59c2291bae80"}'
    headers:
      CF-Cache-Status:
      - DYNAMIC
      CF-Ray:
      - 94daba754e399195-FRA
      Connection:
      - keep-alive
      Content-Encoding:
      - gzip
      Content-Type:
      - application/json; charset=utf-8
      Server:
      - cloudflare
      Strict-Transport-Security:
      - max-age=31536000; includeSubDomains; preload
      Transfer-Encoding:
      - chunked
      Vary:
      - Accept-Encoding
      alt-svc:
      - h3=":443"; ma=86400
      content-security-policy:
      - default-src 'none'
      referrer-policy:
      - strict-origin-when-cross-origin
      x-content-type-options:
      - nosniff
      x-dns-prefetch-control:
      - 'off'
      x-download-options:
      - noopen
      x-frame-options:
      - SAMEORIGIN
      x-notion-request-id:
      - 23b6996f-acfa-4c99-927a-59c2291bae80
      x-permitted-cross-domain-policies:
      - none
      x-xss-protection:
      - '0'
    http_version: HTTP/1.1
    status_code: 200
- request:
    body: '{"filter": {"number": {"less_than_or_equal_to": 42}, "property": "Number"},
      "page_size": 100}'
    headers:
      accept:
      - '*/*'
      accept-encoding:
      - gzip, deflate
      authorization:
      - secret...
      connection:
      - keep-alive
      content-length:
      - '93'
      content-type:
      - application/json
      cookie:
      - secret...
      host:
      - api.notion.com
      notion-version:
      - '2022-06-28'
      user-agent:
      - secret...
    method: POST
    uri: https://api.notion.com/v1/databases/20e974f3-b388-8176-83c5-f8bfc4f0dd1c/query
  response:
    content: '{"object":"list","results":[{"object":"page","id":"20e974f3-b388-81c6-94b2-c4ad95c4d42e","created_time":"2025-06-10T17:53:00.000Z","last_edited_time":"2025-06-10T17:53:00.000Z","created_by":{"object":"user","id":"645e79dd-3e43-40de-9d51-39357c1c427f"},"last_edited_by":{"object":"user","id":"645e79dd-3e43-40de-9d51-39357c1c427f"},"cover":null,"icon":null,"parent":{"type":"database_id","database_id":"20e974f3-b388-8176-83c5-f8bfc4f0dd1c"},"archived":false,"in_trash":false,"properties":{"Number":{"id":"L%3AWU","type":"number","number":42},"Title":{"id":"title","type":"title","title":[{"type":"text","text":{"content":"42","link":null},"annotations":{"bold":false,"italic":false,"strikethrough":false,"underline":false,"code":false,"color":"default"},"plain_text":"42","href":null}]}},"url":"https://www.notion.so/42-20e974f3b38881c694b2c4ad95c4d42e","public_url":null},{"object":"page","id":"20e974f3-b388-81a4-a72e-e578aed69d08","created_time":"2025-06-10T17:53:00.000Z","last_edited_time":"2025-06-10T17:53:00.000Z","created_by":{"object":"user","id":"645e79dd-3e43-40de-9d51-39357c1c427f"},"last_edited_by":{"object":"user","id":"645e79dd-3e43-40de-9d51-39357c1c427f"},"cover":null,"icon":null,"parent":{"type":"database_id","database_id":"20e974f3-b388-8176-83c5-f8bfc4f0dd1c"},"archived":false,"in_trash":false,"properties":{"Number":{"id":"L%3AWU","type":"number","number":2},"Title":{"id":"title","type":"title","title":[{"type":"text","text":{"content":"1","link":null},"annotations":{"bold":false,"italic":false,"strikethrough":false,"underline":false,"code":false,"color":"default"},"plain_text":"1","href":null}]}},"url":"https://www.notion.so/1-20e974f3b38881a4a72ee578aed69d08","public_url":null},{"object":"page","id":"20e974f3-b388-8114-8397-d811e28d466d","created_time":"2025-06-10T17:53:00.000Z","last_edited_time":"2025-06-10T17:53:00.000Z","created_by":{"object":"user","id":"645e79dd-3e43-40de-9d51-39357c1c427f"},"last_edited_by":{"object":"user","id":"645e79dd-3e43-40de-9d51-39357c1c427f"},"cover":null,"icon":null,"parent":{"type":"database_id","database_id":"20e974f3-b388-8176-83c5-f8bfc4f0dd1c"},"archived":false,"in_trash":false,"properties":{"Number":{"id":"L%3AWU","type":"number","number":1},"Title":{"id":"title","type":"title","title":[{"type":"text","text":{"content":"1","link":null},"annotations":{"bold":false,"italic":false,"strikethrough":false,"underline":false,"code":false,"color":"default"},"plain_text":"1","href":null}]}},"url":"https://www.notion.so/1-20e974f3b38881148397d811e28d466d","public_url":null}],"next_cursor":null,"has_more":false,"type":"page_or_database","page_or_database":{},"request_id":"01b9b26c-7322-46c5-8c18-59ddd188d3dd"}'
    headers:
      CF-Cache-Status:
      - DYNAMIC
      CF-Ray:
      - 94daba778fe59195-FRA
      Connection:
      - keep-alive
      Content-Encoding:
      - gzip
      Content-Type:
      - application/json; charset=utf-8
      Server:
      - cloudflare
      Strict-Transport-Security:
      - max-age=31536000; includeSubDomains; preload
      Transfer-Encoding:
      - chunked
      Vary:
      - Accept-Encoding
      alt-svc:
      - h3=":443"; ma=86400
      content-security-policy:
      - default-src 'none'
      referrer-policy:
      - strict-origin-when-cross-origin
      x-content-type-options:
      - nosniff
      x-dns-prefetch-control:
      - 'off'
      x-download-options:
      - noopen
      x-frame-options:
      - SAMEORIGIN
      x-notion-request-id:
      - 01b9b26c-7322-46c5-8c18-59ddd188d3dd
      x-permitted-cross-domain-policies:
      - none
      x-xss-protection:
      - '0'
    http_version: HTTP/1.1
    status_code: 200
version: 1
