interactions:
- request:
    body: '{"parent": {"type": "page_id", "page_id": "5f505199-b292-4713-920b-61d813bf72a3"},
      "title": [{"type": "text", "plain_text": "(Multi)-Select Query DB Test", "annotations":
      {"bold": false, "italic": false, "strikethrough": false, "underline": false,
      "code": false}, "text": {"content": "(Multi)-Select Query DB Test"}}], "properties":
      {"Title": {"type": "title", "title": {}}, "Select": {"type": "select", "select":
      {"options": [{"name": "Backlog", "color": "gray"}, {"name": "In Progress", "color":
      "blue"}, {"name": "Done", "color": "green"}]}}, "Multi-Select": {"type": "multi_select",
      "multi_select": {"options": [{"name": "Backlog", "color": "gray"}, {"name":
      "In Progress", "color": "blue"}, {"name": "Done", "color": "green"}]}}}, "is_inline":
      false}'
    headers:
      accept:
      - '*/*'
      accept-encoding:
      - gzip, deflate
      authorization:
      - secret...
      connection:
      - keep-alive
      content-length:
      - '690'
      content-type:
      - application/json
      cookie:
      - secret...
      host:
      - api.notion.com
      notion-version:
      - '2022-06-28'
      user-agent:
      - secret...
    method: POST
    uri: https://api.notion.com/v1/databases
  response:
    content: '{"object":"database","id":"277974f3-b388-8176-b25c-e100893612f7","cover":null,"icon":null,"created_time":"2025-09-23T10:07:00.000Z","created_by":{"object":"user","id":"645e79dd-3e43-40de-9d51-39357c1c427f"},"last_edited_by":{"object":"user","id":"645e79dd-3e43-40de-9d51-39357c1c427f"},"last_edited_time":"2025-09-23T10:07:00.000Z","title":[{"type":"text","text":{"content":"(Multi)-Select
      Query DB Test","link":null},"annotations":{"bold":false,"italic":false,"strikethrough":false,"underline":false,"code":false,"color":"default"},"plain_text":"(Multi)-Select
      Query DB Test","href":null}],"description":[],"is_inline":false,"properties":{"Multi-Select":{"id":"wk%60R","name":"Multi-Select","description":null,"type":"multi_select","multi_select":{"options":[{"id":"89b3db95-119a-4263-8e57-623fecbaa4a8","name":"Backlog","color":"gray","description":null},{"id":"579f08e6-4b2f-4830-ab1e-21184301a1d5","name":"In
      Progress","color":"blue","description":null},{"id":"ce17610b-41d4-499e-9f51-07b2758c52ff","name":"Done","color":"green","description":null}]}},"Select":{"id":"z%5EW%3A","name":"Select","description":null,"type":"select","select":{"options":[{"id":"ee71d347-ead8-4c9f-b869-34d5a23d6760","name":"Backlog","color":"gray","description":null},{"id":"c0e9e5ff-09ce-4d3e-9ff8-0098897bfaec","name":"In
      Progress","color":"blue","description":null},{"id":"d8b15b49-9cc2-48f0-80a6-c225d4827dce","name":"Done","color":"green","description":null}]}},"Title":{"id":"title","name":"Title","description":null,"type":"title","title":{}}},"parent":{"type":"page_id","page_id":"5f505199-b292-4713-920b-61d813bf72a3"},"url":"https://www.notion.so/277974f3b3888176b25ce100893612f7","public_url":null,"archived":false,"in_trash":false,"request_id":"9d1fb718-2a4f-4cf3-b84d-3f5774e362a6"}'
    headers:
      CF-Cache-Status:
      - DYNAMIC
      CF-Ray:
      - 98393b969ba13410-FRA
      Connection:
      - keep-alive
      Content-Encoding:
      - gzip
      Content-Type:
      - application/json; charset=utf-8
      Server:
      - cloudflare
      Strict-Transport-Security:
      - max-age=31536000; includeSubDomains; preload
      Transfer-Encoding:
      - chunked
      Vary:
      - Accept-Encoding
      alt-svc:
      - h3=":443"; ma=86400
      content-security-policy:
      - default-src 'none'
      referrer-policy:
      - strict-origin-when-cross-origin
      x-content-type-options:
      - nosniff
      x-dns-prefetch-control:
      - 'off'
      x-download-options:
      - noopen
      x-frame-options:
      - SAMEORIGIN
      x-notion-request-id:
      - 9d1fb718-2a4f-4cf3-b84d-3f5774e362a6
      x-permitted-cross-domain-policies:
      - none
      x-xss-protection:
      - '0'
    http_version: HTTP/1.1
    status_code: 200
- request:
    body: '{"parent": {"type": "database_id", "database_id": "277974f3-b388-8176-b25c-e100893612f7"},
      "properties": {}}'
    headers:
      accept:
      - '*/*'
      accept-encoding:
      - gzip, deflate
      authorization:
      - secret...
      connection:
      - keep-alive
      content-length:
      - '102'
      content-type:
      - application/json
      cookie:
      - secret...
      host:
      - api.notion.com
      notion-version:
      - '2022-06-28'
      user-agent:
      - secret...
    method: POST
    uri: https://api.notion.com/v1/pages
  response:
    content: '{"object":"page","id":"277974f3-b388-8137-aafa-ca9263fb0d05","created_time":"2025-09-23T10:07:00.000Z","last_edited_time":"2025-09-23T10:07:00.000Z","created_by":{"object":"user","id":"645e79dd-3e43-40de-9d51-39357c1c427f"},"last_edited_by":{"object":"user","id":"645e79dd-3e43-40de-9d51-39357c1c427f"},"cover":null,"icon":null,"parent":{"type":"database_id","database_id":"277974f3-b388-8176-b25c-e100893612f7"},"archived":false,"in_trash":false,"is_locked":false,"properties":{"Multi-Select":{"id":"wk%60R","type":"multi_select","multi_select":[]},"Select":{"id":"z%5EW%3A","type":"select","select":null},"Title":{"id":"title","type":"title","title":[]}},"url":"https://www.notion.so/277974f3b3888137aafaca9263fb0d05","public_url":null,"request_id":"9f1c562c-9982-4b58-8bea-68bf6465654c"}'
    headers:
      CF-Cache-Status:
      - DYNAMIC
      CF-Ray:
      - 98393b9b6bb93410-FRA
      Connection:
      - keep-alive
      Content-Encoding:
      - gzip
      Content-Type:
      - application/json; charset=utf-8
      Server:
      - cloudflare
      Strict-Transport-Security:
      - max-age=31536000; includeSubDomains; preload
      Transfer-Encoding:
      - chunked
      Vary:
      - Accept-Encoding
      alt-svc:
      - h3=":443"; ma=86400
      content-security-policy:
      - default-src 'none'
      referrer-policy:
      - strict-origin-when-cross-origin
      x-content-type-options:
      - nosniff
      x-dns-prefetch-control:
      - 'off'
      x-download-options:
      - noopen
      x-frame-options:
      - SAMEORIGIN
      x-notion-request-id:
      - 9f1c562c-9982-4b58-8bea-68bf6465654c
      x-permitted-cross-domain-policies:
      - none
      x-xss-protection:
      - '0'
    http_version: HTTP/1.1
    status_code: 200
- request:
    body: '{"parent": {"type": "database_id", "database_id": "277974f3-b388-8176-b25c-e100893612f7"},
      "properties": {"Title": {"type": "title", "title": [{"type": "text", "plain_text":
      "Done", "annotations": {"bold": false, "italic": false, "strikethrough": false,
      "underline": false, "code": false}, "text": {"content": "Done"}}]}, "Select":
      {"type": "select", "select": {"name": "Done", "color": "green"}}, "Multi-Select":
      {"type": "multi_select", "multi_select": [{"name": "Done", "color": "green"},
      {"name": "In Progress", "color": "blue"}]}}}'
    headers:
      accept:
      - '*/*'
      accept-encoding:
      - gzip, deflate
      authorization:
      - secret...
      connection:
      - keep-alive
      content-length:
      - '489'
      content-type:
      - application/json
      cookie:
      - secret...
      host:
      - api.notion.com
      notion-version:
      - '2022-06-28'
      user-agent:
      - secret...
    method: POST
    uri: https://api.notion.com/v1/pages
  response:
    content: '{"object":"page","id":"277974f3-b388-81bd-9602-cdf3aea5ed3c","created_time":"2025-09-23T10:07:00.000Z","last_edited_time":"2025-09-23T10:07:00.000Z","created_by":{"object":"user","id":"645e79dd-3e43-40de-9d51-39357c1c427f"},"last_edited_by":{"object":"user","id":"645e79dd-3e43-40de-9d51-39357c1c427f"},"cover":null,"icon":null,"parent":{"type":"database_id","database_id":"277974f3-b388-8176-b25c-e100893612f7"},"archived":false,"in_trash":false,"is_locked":false,"properties":{"Multi-Select":{"id":"wk%60R","type":"multi_select","multi_select":[{"id":"ce17610b-41d4-499e-9f51-07b2758c52ff","name":"Done","color":"green"},{"id":"579f08e6-4b2f-4830-ab1e-21184301a1d5","name":"In
      Progress","color":"blue"}]},"Select":{"id":"z%5EW%3A","type":"select","select":{"id":"d8b15b49-9cc2-48f0-80a6-c225d4827dce","name":"Done","color":"green"}},"Title":{"id":"title","type":"title","title":[{"type":"text","text":{"content":"Done","link":null},"annotations":{"bold":false,"italic":false,"strikethrough":false,"underline":false,"code":false,"color":"default"},"plain_text":"Done","href":null}]}},"url":"https://www.notion.so/Done-277974f3b38881bd9602cdf3aea5ed3c","public_url":null,"request_id":"d9e6be5d-247a-454c-8ff2-ddcf83788f99"}'
    headers:
      CF-Cache-Status:
      - DYNAMIC
      CF-Ray:
      - 98393b9e39683410-FRA
      Connection:
      - keep-alive
      Content-Encoding:
      - gzip
      Content-Type:
      - application/json; charset=utf-8
      Server:
      - cloudflare
      Strict-Transport-Security:
      - max-age=31536000; includeSubDomains; preload
      Transfer-Encoding:
      - chunked
      Vary:
      - Accept-Encoding
      alt-svc:
      - h3=":443"; ma=86400
      content-security-policy:
      - default-src 'none'
      referrer-policy:
      - strict-origin-when-cross-origin
      x-content-type-options:
      - nosniff
      x-dns-prefetch-control:
      - 'off'
      x-download-options:
      - noopen
      x-frame-options:
      - SAMEORIGIN
      x-notion-request-id:
      - d9e6be5d-247a-454c-8ff2-ddcf83788f99
      x-permitted-cross-domain-policies:
      - none
      x-xss-protection:
      - '0'
    http_version: HTTP/1.1
    status_code: 200
- request:
    body: '{"parent": {"type": "database_id", "database_id": "277974f3-b388-8176-b25c-e100893612f7"},
      "properties": {"Title": {"type": "title", "title": [{"type": "text", "plain_text":
      "In Progress", "annotations": {"bold": false, "italic": false, "strikethrough":
      false, "underline": false, "code": false}, "text": {"content": "In Progress"}}]},
      "Select": {"type": "select", "select": {"name": "In Progress", "color": "blue"}},
      "Multi-Select": {"type": "multi_select", "multi_select": [{"name": "Backlog",
      "color": "gray"}, {"name": "In Progress", "color": "blue"}]}}}'
    headers:
      accept:
      - '*/*'
      accept-encoding:
      - gzip, deflate
      authorization:
      - secret...
      connection:
      - keep-alive
      content-length:
      - '511'
      content-type:
      - application/json
      cookie:
      - secret...
      host:
      - api.notion.com
      notion-version:
      - '2022-06-28'
      user-agent:
      - secret...
    method: POST
    uri: https://api.notion.com/v1/pages
  response:
    content: '{"object":"page","id":"277974f3-b388-81ce-8e09-fcbef472400c","created_time":"2025-09-23T10:07:00.000Z","last_edited_time":"2025-09-23T10:07:00.000Z","created_by":{"object":"user","id":"645e79dd-3e43-40de-9d51-39357c1c427f"},"last_edited_by":{"object":"user","id":"645e79dd-3e43-40de-9d51-39357c1c427f"},"cover":null,"icon":null,"parent":{"type":"database_id","database_id":"277974f3-b388-8176-b25c-e100893612f7"},"archived":false,"in_trash":false,"is_locked":false,"properties":{"Multi-Select":{"id":"wk%60R","type":"multi_select","multi_select":[{"id":"89b3db95-119a-4263-8e57-623fecbaa4a8","name":"Backlog","color":"gray"},{"id":"579f08e6-4b2f-4830-ab1e-21184301a1d5","name":"In
      Progress","color":"blue"}]},"Select":{"id":"z%5EW%3A","type":"select","select":{"id":"c0e9e5ff-09ce-4d3e-9ff8-0098897bfaec","name":"In
      Progress","color":"blue"}},"Title":{"id":"title","type":"title","title":[{"type":"text","text":{"content":"In
      Progress","link":null},"annotations":{"bold":false,"italic":false,"strikethrough":false,"underline":false,"code":false,"color":"default"},"plain_text":"In
      Progress","href":null}]}},"url":"https://www.notion.so/In-Progress-277974f3b38881ce8e09fcbef472400c","public_url":null,"request_id":"b86e3e79-c52e-457b-850b-3411e0731c2e"}'
    headers:
      CF-Cache-Status:
      - DYNAMIC
      CF-Ray:
      - 98393ba0fe3a3410-FRA
      Connection:
      - keep-alive
      Content-Encoding:
      - gzip
      Content-Type:
      - application/json; charset=utf-8
      Server:
      - cloudflare
      Strict-Transport-Security:
      - max-age=31536000; includeSubDomains; preload
      Transfer-Encoding:
      - chunked
      Vary:
      - Accept-Encoding
      alt-svc:
      - h3=":443"; ma=86400
      content-security-policy:
      - default-src 'none'
      referrer-policy:
      - strict-origin-when-cross-origin
      x-content-type-options:
      - nosniff
      x-dns-prefetch-control:
      - 'off'
      x-download-options:
      - noopen
      x-frame-options:
      - SAMEORIGIN
      x-notion-request-id:
      - b86e3e79-c52e-457b-850b-3411e0731c2e
      x-permitted-cross-domain-policies:
      - none
      x-xss-protection:
      - '0'
    http_version: HTTP/1.1
    status_code: 200
- request:
    body: '{"parent": {"type": "database_id", "database_id": "277974f3-b388-8176-b25c-e100893612f7"},
      "properties": {"Title": {"type": "title", "title": [{"type": "text", "plain_text":
      "Backlog", "annotations": {"bold": false, "italic": false, "strikethrough":
      false, "underline": false, "code": false}, "text": {"content": "Backlog"}}]},
      "Select": {"type": "select", "select": {"name": "Backlog", "color": "gray"}},
      "Multi-Select": {"type": "multi_select", "multi_select": [{"name": "Backlog",
      "color": "gray"}]}}}'
    headers:
      accept:
      - '*/*'
      accept-encoding:
      - gzip, deflate
      authorization:
      - secret...
      connection:
      - keep-alive
      content-length:
      - '461'
      content-type:
      - application/json
      cookie:
      - secret...
      host:
      - api.notion.com
      notion-version:
      - '2022-06-28'
      user-agent:
      - secret...
    method: POST
    uri: https://api.notion.com/v1/pages
  response:
    content: '{"object":"page","id":"277974f3-b388-814c-b775-cf777bb97bf5","created_time":"2025-09-23T10:07:00.000Z","last_edited_time":"2025-09-23T10:07:00.000Z","created_by":{"object":"user","id":"645e79dd-3e43-40de-9d51-39357c1c427f"},"last_edited_by":{"object":"user","id":"645e79dd-3e43-40de-9d51-39357c1c427f"},"cover":null,"icon":null,"parent":{"type":"database_id","database_id":"277974f3-b388-8176-b25c-e100893612f7"},"archived":false,"in_trash":false,"is_locked":false,"properties":{"Multi-Select":{"id":"wk%60R","type":"multi_select","multi_select":[{"id":"89b3db95-119a-4263-8e57-623fecbaa4a8","name":"Backlog","color":"gray"}]},"Select":{"id":"z%5EW%3A","type":"select","select":{"id":"ee71d347-ead8-4c9f-b869-34d5a23d6760","name":"Backlog","color":"gray"}},"Title":{"id":"title","type":"title","title":[{"type":"text","text":{"content":"Backlog","link":null},"annotations":{"bold":false,"italic":false,"strikethrough":false,"underline":false,"code":false,"color":"default"},"plain_text":"Backlog","href":null}]}},"url":"https://www.notion.so/Backlog-277974f3b388814cb775cf777bb97bf5","public_url":null,"request_id":"6732a1db-2152-4694-87ba-ee17223c4351"}'
    headers:
      CF-Cache-Status:
      - DYNAMIC
      CF-Ray:
      - 98393ba89b6f3410-FRA
      Connection:
      - keep-alive
      Content-Encoding:
      - gzip
      Content-Type:
      - application/json; charset=utf-8
      Server:
      - cloudflare
      Strict-Transport-Security:
      - max-age=31536000; includeSubDomains; preload
      Transfer-Encoding:
      - chunked
      Vary:
      - Accept-Encoding
      alt-svc:
      - h3=":443"; ma=86400
      content-security-policy:
      - default-src 'none'
      referrer-policy:
      - strict-origin-when-cross-origin
      x-content-type-options:
      - nosniff
      x-dns-prefetch-control:
      - 'off'
      x-download-options:
      - noopen
      x-frame-options:
      - SAMEORIGIN
      x-notion-request-id:
      - 6732a1db-2152-4694-87ba-ee17223c4351
      x-permitted-cross-domain-policies:
      - none
      x-xss-protection:
      - '0'
    http_version: HTTP/1.1
    status_code: 200
- request:
    body: '{"filter": {"select": {"is_empty": true}, "property": "Select"}, "page_size":
      100}'
    headers:
      accept:
      - '*/*'
      accept-encoding:
      - gzip, deflate
      authorization:
      - secret...
      connection:
      - keep-alive
      content-length:
      - '75'
      content-type:
      - application/json
      cookie:
      - secret...
      host:
      - api.notion.com
      notion-version:
      - '2022-06-28'
      user-agent:
      - secret...
    method: POST
    uri: https://api.notion.com/v1/databases/277974f3-b388-8176-b25c-e100893612f7/query
  response:
    content: '{"object":"list","results":[{"object":"page","id":"277974f3-b388-8137-aafa-ca9263fb0d05","created_time":"2025-09-23T10:07:00.000Z","last_edited_time":"2025-09-23T10:07:00.000Z","created_by":{"object":"user","id":"645e79dd-3e43-40de-9d51-39357c1c427f"},"last_edited_by":{"object":"user","id":"645e79dd-3e43-40de-9d51-39357c1c427f"},"cover":null,"icon":null,"parent":{"type":"database_id","database_id":"277974f3-b388-8176-b25c-e100893612f7"},"archived":false,"in_trash":false,"is_locked":false,"properties":{"Multi-Select":{"id":"wk%60R","type":"multi_select","multi_select":[]},"Select":{"id":"z%5EW%3A","type":"select","select":null},"Title":{"id":"title","type":"title","title":[]}},"url":"https://www.notion.so/277974f3b3888137aafaca9263fb0d05","public_url":null}],"next_cursor":null,"has_more":false,"type":"page_or_database","page_or_database":{},"request_id":"8c8db284-f95b-44af-b885-127a62c768ba"}'
    headers:
      CF-Cache-Status:
      - DYNAMIC
      CF-Ray:
      - 98393baece623410-FRA
      Connection:
      - keep-alive
      Content-Encoding:
      - gzip
      Content-Type:
      - application/json; charset=utf-8
      Server:
      - cloudflare
      Strict-Transport-Security:
      - max-age=31536000; includeSubDomains; preload
      Transfer-Encoding:
      - chunked
      Vary:
      - Accept-Encoding
      alt-svc:
      - h3=":443"; ma=86400
      content-security-policy:
      - default-src 'none'
      referrer-policy:
      - strict-origin-when-cross-origin
      x-content-type-options:
      - nosniff
      x-dns-prefetch-control:
      - 'off'
      x-download-options:
      - noopen
      x-frame-options:
      - SAMEORIGIN
      x-notion-request-id:
      - 8c8db284-f95b-44af-b885-127a62c768ba
      x-permitted-cross-domain-policies:
      - none
      x-xss-protection:
      - '0'
    http_version: HTTP/1.1
    status_code: 200
- request:
    body: '{"filter": {"select": {"is_not_empty": true}, "property": "Select"}, "page_size":
      100}'
    headers:
      accept:
      - '*/*'
      accept-encoding:
      - gzip, deflate
      authorization:
      - secret...
      connection:
      - keep-alive
      content-length:
      - '79'
      content-type:
      - application/json
      cookie:
      - secret...
      host:
      - api.notion.com
      notion-version:
      - '2022-06-28'
      user-agent:
      - secret...
    method: POST
    uri: https://api.notion.com/v1/databases/277974f3-b388-8176-b25c-e100893612f7/query
  response:
    content: '{"object":"list","results":[{"object":"page","id":"277974f3-b388-814c-b775-cf777bb97bf5","created_time":"2025-09-23T10:07:00.000Z","last_edited_time":"2025-09-23T10:07:00.000Z","created_by":{"object":"user","id":"645e79dd-3e43-40de-9d51-39357c1c427f"},"last_edited_by":{"object":"user","id":"645e79dd-3e43-40de-9d51-39357c1c427f"},"cover":null,"icon":null,"parent":{"type":"database_id","database_id":"277974f3-b388-8176-b25c-e100893612f7"},"archived":false,"in_trash":false,"is_locked":false,"properties":{"Multi-Select":{"id":"wk%60R","type":"multi_select","multi_select":[{"id":"89b3db95-119a-4263-8e57-623fecbaa4a8","name":"Backlog","color":"gray"}]},"Select":{"id":"z%5EW%3A","type":"select","select":{"id":"ee71d347-ead8-4c9f-b869-34d5a23d6760","name":"Backlog","color":"gray"}},"Title":{"id":"title","type":"title","title":[{"type":"text","text":{"content":"Backlog","link":null},"annotations":{"bold":false,"italic":false,"strikethrough":false,"underline":false,"code":false,"color":"default"},"plain_text":"Backlog","href":null}]}},"url":"https://www.notion.so/Backlog-277974f3b388814cb775cf777bb97bf5","public_url":null},{"object":"page","id":"277974f3-b388-81ce-8e09-fcbef472400c","created_time":"2025-09-23T10:07:00.000Z","last_edited_time":"2025-09-23T10:07:00.000Z","created_by":{"object":"user","id":"645e79dd-3e43-40de-9d51-39357c1c427f"},"last_edited_by":{"object":"user","id":"645e79dd-3e43-40de-9d51-39357c1c427f"},"cover":null,"icon":null,"parent":{"type":"database_id","database_id":"277974f3-b388-8176-b25c-e100893612f7"},"archived":false,"in_trash":false,"is_locked":false,"properties":{"Multi-Select":{"id":"wk%60R","type":"multi_select","multi_select":[{"id":"89b3db95-119a-4263-8e57-623fecbaa4a8","name":"Backlog","color":"gray"},{"id":"579f08e6-4b2f-4830-ab1e-21184301a1d5","name":"In
      Progress","color":"blue"}]},"Select":{"id":"z%5EW%3A","type":"select","select":{"id":"c0e9e5ff-09ce-4d3e-9ff8-0098897bfaec","name":"In
      Progress","color":"blue"}},"Title":{"id":"title","type":"title","title":[{"type":"text","text":{"content":"In
      Progress","link":null},"annotations":{"bold":false,"italic":false,"strikethrough":false,"underline":false,"code":false,"color":"default"},"plain_text":"In
      Progress","href":null}]}},"url":"https://www.notion.so/In-Progress-277974f3b38881ce8e09fcbef472400c","public_url":null},{"object":"page","id":"277974f3-b388-81bd-9602-cdf3aea5ed3c","created_time":"2025-09-23T10:07:00.000Z","last_edited_time":"2025-09-23T10:07:00.000Z","created_by":{"object":"user","id":"645e79dd-3e43-40de-9d51-39357c1c427f"},"last_edited_by":{"object":"user","id":"645e79dd-3e43-40de-9d51-39357c1c427f"},"cover":null,"icon":null,"parent":{"type":"database_id","database_id":"277974f3-b388-8176-b25c-e100893612f7"},"archived":false,"in_trash":false,"is_locked":false,"properties":{"Multi-Select":{"id":"wk%60R","type":"multi_select","multi_select":[{"id":"ce17610b-41d4-499e-9f51-07b2758c52ff","name":"Done","color":"green"},{"id":"579f08e6-4b2f-4830-ab1e-21184301a1d5","name":"In
      Progress","color":"blue"}]},"Select":{"id":"z%5EW%3A","type":"select","select":{"id":"d8b15b49-9cc2-48f0-80a6-c225d4827dce","name":"Done","color":"green"}},"Title":{"id":"title","type":"title","title":[{"type":"text","text":{"content":"Done","link":null},"annotations":{"bold":false,"italic":false,"strikethrough":false,"underline":false,"code":false,"color":"default"},"plain_text":"Done","href":null}]}},"url":"https://www.notion.so/Done-277974f3b38881bd9602cdf3aea5ed3c","public_url":null}],"next_cursor":null,"has_more":false,"type":"page_or_database","page_or_database":{},"request_id":"0e53078d-5d88-4d4c-b0c3-11de230eb37e"}'
    headers:
      CF-Cache-Status:
      - DYNAMIC
      CF-Ray:
      - 98393bb0992d3410-FRA
      Connection:
      - keep-alive
      Content-Encoding:
      - gzip
      Content-Type:
      - application/json; charset=utf-8
      Server:
      - cloudflare
      Strict-Transport-Security:
      - max-age=31536000; includeSubDomains; preload
      Transfer-Encoding:
      - chunked
      Vary:
      - Accept-Encoding
      alt-svc:
      - h3=":443"; ma=86400
      content-security-policy:
      - default-src 'none'
      referrer-policy:
      - strict-origin-when-cross-origin
      x-content-type-options:
      - nosniff
      x-dns-prefetch-control:
      - 'off'
      x-download-options:
      - noopen
      x-frame-options:
      - SAMEORIGIN
      x-notion-request-id:
      - 0e53078d-5d88-4d4c-b0c3-11de230eb37e
      x-permitted-cross-domain-policies:
      - none
      x-xss-protection:
      - '0'
    http_version: HTTP/1.1
    status_code: 200
- request:
    body: '{"filter": {"select": {"equals": "Done"}, "property": "Select"}, "page_size":
      100}'
    headers:
      accept:
      - '*/*'
      accept-encoding:
      - gzip, deflate
      authorization:
      - secret...
      connection:
      - keep-alive
      content-length:
      - '75'
      content-type:
      - application/json
      cookie:
      - secret...
      host:
      - api.notion.com
      notion-version:
      - '2022-06-28'
      user-agent:
      - secret...
    method: POST
    uri: https://api.notion.com/v1/databases/277974f3-b388-8176-b25c-e100893612f7/query
  response:
    content: '{"object":"list","results":[{"object":"page","id":"277974f3-b388-81bd-9602-cdf3aea5ed3c","created_time":"2025-09-23T10:07:00.000Z","last_edited_time":"2025-09-23T10:07:00.000Z","created_by":{"object":"user","id":"645e79dd-3e43-40de-9d51-39357c1c427f"},"last_edited_by":{"object":"user","id":"645e79dd-3e43-40de-9d51-39357c1c427f"},"cover":null,"icon":null,"parent":{"type":"database_id","database_id":"277974f3-b388-8176-b25c-e100893612f7"},"archived":false,"in_trash":false,"is_locked":false,"properties":{"Multi-Select":{"id":"wk%60R","type":"multi_select","multi_select":[{"id":"ce17610b-41d4-499e-9f51-07b2758c52ff","name":"Done","color":"green"},{"id":"579f08e6-4b2f-4830-ab1e-21184301a1d5","name":"In
      Progress","color":"blue"}]},"Select":{"id":"z%5EW%3A","type":"select","select":{"id":"d8b15b49-9cc2-48f0-80a6-c225d4827dce","name":"Done","color":"green"}},"Title":{"id":"title","type":"title","title":[{"type":"text","text":{"content":"Done","link":null},"annotations":{"bold":false,"italic":false,"strikethrough":false,"underline":false,"code":false,"color":"default"},"plain_text":"Done","href":null}]}},"url":"https://www.notion.so/Done-277974f3b38881bd9602cdf3aea5ed3c","public_url":null}],"next_cursor":null,"has_more":false,"type":"page_or_database","page_or_database":{},"request_id":"6ae9c880-c766-493e-b7b3-f97065b7506d"}'
    headers:
      CF-Cache-Status:
      - DYNAMIC
      CF-Ray:
      - 98393bb2bce83410-FRA
      Connection:
      - keep-alive
      Content-Encoding:
      - gzip
      Content-Type:
      - application/json; charset=utf-8
      Server:
      - cloudflare
      Strict-Transport-Security:
      - max-age=31536000; includeSubDomains; preload
      Transfer-Encoding:
      - chunked
      Vary:
      - Accept-Encoding
      alt-svc:
      - h3=":443"; ma=86400
      content-security-policy:
      - default-src 'none'
      referrer-policy:
      - strict-origin-when-cross-origin
      x-content-type-options:
      - nosniff
      x-dns-prefetch-control:
      - 'off'
      x-download-options:
      - noopen
      x-frame-options:
      - SAMEORIGIN
      x-notion-request-id:
      - 6ae9c880-c766-493e-b7b3-f97065b7506d
      x-permitted-cross-domain-policies:
      - none
      x-xss-protection:
      - '0'
    http_version: HTTP/1.1
    status_code: 200
- request:
    body: '{"filter": {"select": {"does_not_equal": "Done"}, "property": "Select"},
      "page_size": 100}'
    headers:
      accept:
      - '*/*'
      accept-encoding:
      - gzip, deflate
      authorization:
      - secret...
      connection:
      - keep-alive
      content-length:
      - '83'
      content-type:
      - application/json
      cookie:
      - secret...
      host:
      - api.notion.com
      notion-version:
      - '2022-06-28'
      user-agent:
      - secret...
    method: POST
    uri: https://api.notion.com/v1/databases/277974f3-b388-8176-b25c-e100893612f7/query
  response:
    content: '{"object":"list","results":[{"object":"page","id":"277974f3-b388-814c-b775-cf777bb97bf5","created_time":"2025-09-23T10:07:00.000Z","last_edited_time":"2025-09-23T10:07:00.000Z","created_by":{"object":"user","id":"645e79dd-3e43-40de-9d51-39357c1c427f"},"last_edited_by":{"object":"user","id":"645e79dd-3e43-40de-9d51-39357c1c427f"},"cover":null,"icon":null,"parent":{"type":"database_id","database_id":"277974f3-b388-8176-b25c-e100893612f7"},"archived":false,"in_trash":false,"is_locked":false,"properties":{"Multi-Select":{"id":"wk%60R","type":"multi_select","multi_select":[{"id":"89b3db95-119a-4263-8e57-623fecbaa4a8","name":"Backlog","color":"gray"}]},"Select":{"id":"z%5EW%3A","type":"select","select":{"id":"ee71d347-ead8-4c9f-b869-34d5a23d6760","name":"Backlog","color":"gray"}},"Title":{"id":"title","type":"title","title":[{"type":"text","text":{"content":"Backlog","link":null},"annotations":{"bold":false,"italic":false,"strikethrough":false,"underline":false,"code":false,"color":"default"},"plain_text":"Backlog","href":null}]}},"url":"https://www.notion.so/Backlog-277974f3b388814cb775cf777bb97bf5","public_url":null},{"object":"page","id":"277974f3-b388-81ce-8e09-fcbef472400c","created_time":"2025-09-23T10:07:00.000Z","last_edited_time":"2025-09-23T10:07:00.000Z","created_by":{"object":"user","id":"645e79dd-3e43-40de-9d51-39357c1c427f"},"last_edited_by":{"object":"user","id":"645e79dd-3e43-40de-9d51-39357c1c427f"},"cover":null,"icon":null,"parent":{"type":"database_id","database_id":"277974f3-b388-8176-b25c-e100893612f7"},"archived":false,"in_trash":false,"is_locked":false,"properties":{"Multi-Select":{"id":"wk%60R","type":"multi_select","multi_select":[{"id":"89b3db95-119a-4263-8e57-623fecbaa4a8","name":"Backlog","color":"gray"},{"id":"579f08e6-4b2f-4830-ab1e-21184301a1d5","name":"In
      Progress","color":"blue"}]},"Select":{"id":"z%5EW%3A","type":"select","select":{"id":"c0e9e5ff-09ce-4d3e-9ff8-0098897bfaec","name":"In
      Progress","color":"blue"}},"Title":{"id":"title","type":"title","title":[{"type":"text","text":{"content":"In
      Progress","link":null},"annotations":{"bold":false,"italic":false,"strikethrough":false,"underline":false,"code":false,"color":"default"},"plain_text":"In
      Progress","href":null}]}},"url":"https://www.notion.so/In-Progress-277974f3b38881ce8e09fcbef472400c","public_url":null},{"object":"page","id":"277974f3-b388-8137-aafa-ca9263fb0d05","created_time":"2025-09-23T10:07:00.000Z","last_edited_time":"2025-09-23T10:07:00.000Z","created_by":{"object":"user","id":"645e79dd-3e43-40de-9d51-39357c1c427f"},"last_edited_by":{"object":"user","id":"645e79dd-3e43-40de-9d51-39357c1c427f"},"cover":null,"icon":null,"parent":{"type":"database_id","database_id":"277974f3-b388-8176-b25c-e100893612f7"},"archived":false,"in_trash":false,"is_locked":false,"properties":{"Multi-Select":{"id":"wk%60R","type":"multi_select","multi_select":[]},"Select":{"id":"z%5EW%3A","type":"select","select":null},"Title":{"id":"title","type":"title","title":[]}},"url":"https://www.notion.so/277974f3b3888137aafaca9263fb0d05","public_url":null}],"next_cursor":null,"has_more":false,"type":"page_or_database","page_or_database":{},"request_id":"a2579842-cbde-43cc-b1fb-dff9b7b50007"}'
    headers:
      CF-Cache-Status:
      - DYNAMIC
      CF-Ray:
      - 98393bb47fb13410-FRA
      Connection:
      - keep-alive
      Content-Encoding:
      - gzip
      Content-Type:
      - application/json; charset=utf-8
      Server:
      - cloudflare
      Strict-Transport-Security:
      - max-age=31536000; includeSubDomains; preload
      Transfer-Encoding:
      - chunked
      Vary:
      - Accept-Encoding
      alt-svc:
      - h3=":443"; ma=86400
      content-security-policy:
      - default-src 'none'
      referrer-policy:
      - strict-origin-when-cross-origin
      x-content-type-options:
      - nosniff
      x-dns-prefetch-control:
      - 'off'
      x-download-options:
      - noopen
      x-frame-options:
      - SAMEORIGIN
      x-notion-request-id:
      - a2579842-cbde-43cc-b1fb-dff9b7b50007
      x-permitted-cross-domain-policies:
      - none
      x-xss-protection:
      - '0'
    http_version: HTTP/1.1
    status_code: 200
- request:
    body: '{"filter": {"select": {"equals": "Done"}, "property": "Select"}, "page_size":
      100}'
    headers:
      accept:
      - '*/*'
      accept-encoding:
      - gzip, deflate
      authorization:
      - secret...
      connection:
      - keep-alive
      content-length:
      - '75'
      content-type:
      - application/json
      cookie:
      - secret...
      host:
      - api.notion.com
      notion-version:
      - '2022-06-28'
      user-agent:
      - secret...
    method: POST
    uri: https://api.notion.com/v1/databases/277974f3-b388-8176-b25c-e100893612f7/query
  response:
    content: '{"object":"list","results":[{"object":"page","id":"277974f3-b388-81bd-9602-cdf3aea5ed3c","created_time":"2025-09-23T10:07:00.000Z","last_edited_time":"2025-09-23T10:07:00.000Z","created_by":{"object":"user","id":"645e79dd-3e43-40de-9d51-39357c1c427f"},"last_edited_by":{"object":"user","id":"645e79dd-3e43-40de-9d51-39357c1c427f"},"cover":null,"icon":null,"parent":{"type":"database_id","database_id":"277974f3-b388-8176-b25c-e100893612f7"},"archived":false,"in_trash":false,"is_locked":false,"properties":{"Multi-Select":{"id":"wk%60R","type":"multi_select","multi_select":[{"id":"ce17610b-41d4-499e-9f51-07b2758c52ff","name":"Done","color":"green"},{"id":"579f08e6-4b2f-4830-ab1e-21184301a1d5","name":"In
      Progress","color":"blue"}]},"Select":{"id":"z%5EW%3A","type":"select","select":{"id":"d8b15b49-9cc2-48f0-80a6-c225d4827dce","name":"Done","color":"green"}},"Title":{"id":"title","type":"title","title":[{"type":"text","text":{"content":"Done","link":null},"annotations":{"bold":false,"italic":false,"strikethrough":false,"underline":false,"code":false,"color":"default"},"plain_text":"Done","href":null}]}},"url":"https://www.notion.so/Done-277974f3b38881bd9602cdf3aea5ed3c","public_url":null}],"next_cursor":null,"has_more":false,"type":"page_or_database","page_or_database":{},"request_id":"76cc015f-ceff-4dd8-b33f-1ec9c2eefaaa"}'
    headers:
      CF-Cache-Status:
      - DYNAMIC
      CF-Ray:
      - 98393bb67b733410-FRA
      Connection:
      - keep-alive
      Content-Encoding:
      - gzip
      Content-Type:
      - application/json; charset=utf-8
      Server:
      - cloudflare
      Strict-Transport-Security:
      - max-age=31536000; includeSubDomains; preload
      Transfer-Encoding:
      - chunked
      Vary:
      - Accept-Encoding
      alt-svc:
      - h3=":443"; ma=86400
      content-security-policy:
      - default-src 'none'
      referrer-policy:
      - strict-origin-when-cross-origin
      x-content-type-options:
      - nosniff
      x-dns-prefetch-control:
      - 'off'
      x-download-options:
      - noopen
      x-frame-options:
      - SAMEORIGIN
      x-notion-request-id:
      - 76cc015f-ceff-4dd8-b33f-1ec9c2eefaaa
      x-permitted-cross-domain-policies:
      - none
      x-xss-protection:
      - '0'
    http_version: HTTP/1.1
    status_code: 200
- request:
    body: '{"filter": {"select": {"does_not_equal": "Done"}, "property": "Select"},
      "page_size": 100}'
    headers:
      accept:
      - '*/*'
      accept-encoding:
      - gzip, deflate
      authorization:
      - secret...
      connection:
      - keep-alive
      content-length:
      - '83'
      content-type:
      - application/json
      cookie:
      - secret...
      host:
      - api.notion.com
      notion-version:
      - '2022-06-28'
      user-agent:
      - secret...
    method: POST
    uri: https://api.notion.com/v1/databases/277974f3-b388-8176-b25c-e100893612f7/query
  response:
    content: '{"object":"list","results":[{"object":"page","id":"277974f3-b388-814c-b775-cf777bb97bf5","created_time":"2025-09-23T10:07:00.000Z","last_edited_time":"2025-09-23T10:07:00.000Z","created_by":{"object":"user","id":"645e79dd-3e43-40de-9d51-39357c1c427f"},"last_edited_by":{"object":"user","id":"645e79dd-3e43-40de-9d51-39357c1c427f"},"cover":null,"icon":null,"parent":{"type":"database_id","database_id":"277974f3-b388-8176-b25c-e100893612f7"},"archived":false,"in_trash":false,"is_locked":false,"properties":{"Multi-Select":{"id":"wk%60R","type":"multi_select","multi_select":[{"id":"89b3db95-119a-4263-8e57-623fecbaa4a8","name":"Backlog","color":"gray"}]},"Select":{"id":"z%5EW%3A","type":"select","select":{"id":"ee71d347-ead8-4c9f-b869-34d5a23d6760","name":"Backlog","color":"gray"}},"Title":{"id":"title","type":"title","title":[{"type":"text","text":{"content":"Backlog","link":null},"annotations":{"bold":false,"italic":false,"strikethrough":false,"underline":false,"code":false,"color":"default"},"plain_text":"Backlog","href":null}]}},"url":"https://www.notion.so/Backlog-277974f3b388814cb775cf777bb97bf5","public_url":null},{"object":"page","id":"277974f3-b388-81ce-8e09-fcbef472400c","created_time":"2025-09-23T10:07:00.000Z","last_edited_time":"2025-09-23T10:07:00.000Z","created_by":{"object":"user","id":"645e79dd-3e43-40de-9d51-39357c1c427f"},"last_edited_by":{"object":"user","id":"645e79dd-3e43-40de-9d51-39357c1c427f"},"cover":null,"icon":null,"parent":{"type":"database_id","database_id":"277974f3-b388-8176-b25c-e100893612f7"},"archived":false,"in_trash":false,"is_locked":false,"properties":{"Multi-Select":{"id":"wk%60R","type":"multi_select","multi_select":[{"id":"89b3db95-119a-4263-8e57-623fecbaa4a8","name":"Backlog","color":"gray"},{"id":"579f08e6-4b2f-4830-ab1e-21184301a1d5","name":"In
      Progress","color":"blue"}]},"Select":{"id":"z%5EW%3A","type":"select","select":{"id":"c0e9e5ff-09ce-4d3e-9ff8-0098897bfaec","name":"In
      Progress","color":"blue"}},"Title":{"id":"title","type":"title","title":[{"type":"text","text":{"content":"In
      Progress","link":null},"annotations":{"bold":false,"italic":false,"strikethrough":false,"underline":false,"code":false,"color":"default"},"plain_text":"In
      Progress","href":null}]}},"url":"https://www.notion.so/In-Progress-277974f3b38881ce8e09fcbef472400c","public_url":null},{"object":"page","id":"277974f3-b388-8137-aafa-ca9263fb0d05","created_time":"2025-09-23T10:07:00.000Z","last_edited_time":"2025-09-23T10:07:00.000Z","created_by":{"object":"user","id":"645e79dd-3e43-40de-9d51-39357c1c427f"},"last_edited_by":{"object":"user","id":"645e79dd-3e43-40de-9d51-39357c1c427f"},"cover":null,"icon":null,"parent":{"type":"database_id","database_id":"277974f3-b388-8176-b25c-e100893612f7"},"archived":false,"in_trash":false,"is_locked":false,"properties":{"Multi-Select":{"id":"wk%60R","type":"multi_select","multi_select":[]},"Select":{"id":"z%5EW%3A","type":"select","select":null},"Title":{"id":"title","type":"title","title":[]}},"url":"https://www.notion.so/277974f3b3888137aafaca9263fb0d05","public_url":null}],"next_cursor":null,"has_more":false,"type":"page_or_database","page_or_database":{},"request_id":"228f38d4-1f1a-43d3-a6d6-df893ec71b9f"}'
    headers:
      CF-Cache-Status:
      - DYNAMIC
      CF-Ray:
      - 98393bb84e3c3410-FRA
      Connection:
      - keep-alive
      Content-Encoding:
      - gzip
      Content-Type:
      - application/json; charset=utf-8
      Server:
      - cloudflare
      Strict-Transport-Security:
      - max-age=31536000; includeSubDomains; preload
      Transfer-Encoding:
      - chunked
      Vary:
      - Accept-Encoding
      alt-svc:
      - h3=":443"; ma=86400
      content-security-policy:
      - default-src 'none'
      referrer-policy:
      - strict-origin-when-cross-origin
      x-content-type-options:
      - nosniff
      x-dns-prefetch-control:
      - 'off'
      x-download-options:
      - noopen
      x-frame-options:
      - SAMEORIGIN
      x-notion-request-id:
      - 228f38d4-1f1a-43d3-a6d6-df893ec71b9f
      x-permitted-cross-domain-policies:
      - none
      x-xss-protection:
      - '0'
    http_version: HTTP/1.1
    status_code: 200
- request:
    body: '{"filter": {"multi_select": {"is_empty": true}, "property": "Multi-Select"},
      "page_size": 100}'
    headers:
      accept:
      - '*/*'
      accept-encoding:
      - gzip, deflate
      authorization:
      - secret...
      connection:
      - keep-alive
      content-length:
      - '87'
      content-type:
      - application/json
      cookie:
      - secret...
      host:
      - api.notion.com
      notion-version:
      - '2022-06-28'
      user-agent:
      - secret...
    method: POST
    uri: https://api.notion.com/v1/databases/277974f3-b388-8176-b25c-e100893612f7/query
  response:
    content: '{"object":"list","results":[{"object":"page","id":"277974f3-b388-8137-aafa-ca9263fb0d05","created_time":"2025-09-23T10:07:00.000Z","last_edited_time":"2025-09-23T10:07:00.000Z","created_by":{"object":"user","id":"645e79dd-3e43-40de-9d51-39357c1c427f"},"last_edited_by":{"object":"user","id":"645e79dd-3e43-40de-9d51-39357c1c427f"},"cover":null,"icon":null,"parent":{"type":"database_id","database_id":"277974f3-b388-8176-b25c-e100893612f7"},"archived":false,"in_trash":false,"is_locked":false,"properties":{"Multi-Select":{"id":"wk%60R","type":"multi_select","multi_select":[]},"Select":{"id":"z%5EW%3A","type":"select","select":null},"Title":{"id":"title","type":"title","title":[]}},"url":"https://www.notion.so/277974f3b3888137aafaca9263fb0d05","public_url":null}],"next_cursor":null,"has_more":false,"type":"page_or_database","page_or_database":{},"request_id":"2b78d5d1-88df-4e33-abc9-ba744ea7f192"}'
    headers:
      CF-Cache-Status:
      - DYNAMIC
      CF-Ray:
      - 98393bba9a263410-FRA
      Connection:
      - keep-alive
      Content-Encoding:
      - gzip
      Content-Type:
      - application/json; charset=utf-8
      Server:
      - cloudflare
      Strict-Transport-Security:
      - max-age=31536000; includeSubDomains; preload
      Transfer-Encoding:
      - chunked
      Vary:
      - Accept-Encoding
      alt-svc:
      - h3=":443"; ma=86400
      content-security-policy:
      - default-src 'none'
      referrer-policy:
      - strict-origin-when-cross-origin
      x-content-type-options:
      - nosniff
      x-dns-prefetch-control:
      - 'off'
      x-download-options:
      - noopen
      x-frame-options:
      - SAMEORIGIN
      x-notion-request-id:
      - 2b78d5d1-88df-4e33-abc9-ba744ea7f192
      x-permitted-cross-domain-policies:
      - none
      x-xss-protection:
      - '0'
    http_version: HTTP/1.1
    status_code: 200
- request:
    body: '{"filter": {"multi_select": {"is_not_empty": true}, "property": "Multi-Select"},
      "page_size": 100}'
    headers:
      accept:
      - '*/*'
      accept-encoding:
      - gzip, deflate
      authorization:
      - secret...
      connection:
      - keep-alive
      content-length:
      - '91'
      content-type:
      - application/json
      cookie:
      - secret...
      host:
      - api.notion.com
      notion-version:
      - '2022-06-28'
      user-agent:
      - secret...
    method: POST
    uri: https://api.notion.com/v1/databases/277974f3-b388-8176-b25c-e100893612f7/query
  response:
    content: '{"object":"list","results":[{"object":"page","id":"277974f3-b388-814c-b775-cf777bb97bf5","created_time":"2025-09-23T10:07:00.000Z","last_edited_time":"2025-09-23T10:07:00.000Z","created_by":{"object":"user","id":"645e79dd-3e43-40de-9d51-39357c1c427f"},"last_edited_by":{"object":"user","id":"645e79dd-3e43-40de-9d51-39357c1c427f"},"cover":null,"icon":null,"parent":{"type":"database_id","database_id":"277974f3-b388-8176-b25c-e100893612f7"},"archived":false,"in_trash":false,"is_locked":false,"properties":{"Multi-Select":{"id":"wk%60R","type":"multi_select","multi_select":[{"id":"89b3db95-119a-4263-8e57-623fecbaa4a8","name":"Backlog","color":"gray"}]},"Select":{"id":"z%5EW%3A","type":"select","select":{"id":"ee71d347-ead8-4c9f-b869-34d5a23d6760","name":"Backlog","color":"gray"}},"Title":{"id":"title","type":"title","title":[{"type":"text","text":{"content":"Backlog","link":null},"annotations":{"bold":false,"italic":false,"strikethrough":false,"underline":false,"code":false,"color":"default"},"plain_text":"Backlog","href":null}]}},"url":"https://www.notion.so/Backlog-277974f3b388814cb775cf777bb97bf5","public_url":null},{"object":"page","id":"277974f3-b388-81ce-8e09-fcbef472400c","created_time":"2025-09-23T10:07:00.000Z","last_edited_time":"2025-09-23T10:07:00.000Z","created_by":{"object":"user","id":"645e79dd-3e43-40de-9d51-39357c1c427f"},"last_edited_by":{"object":"user","id":"645e79dd-3e43-40de-9d51-39357c1c427f"},"cover":null,"icon":null,"parent":{"type":"database_id","database_id":"277974f3-b388-8176-b25c-e100893612f7"},"archived":false,"in_trash":false,"is_locked":false,"properties":{"Multi-Select":{"id":"wk%60R","type":"multi_select","multi_select":[{"id":"89b3db95-119a-4263-8e57-623fecbaa4a8","name":"Backlog","color":"gray"},{"id":"579f08e6-4b2f-4830-ab1e-21184301a1d5","name":"In
      Progress","color":"blue"}]},"Select":{"id":"z%5EW%3A","type":"select","select":{"id":"c0e9e5ff-09ce-4d3e-9ff8-0098897bfaec","name":"In
      Progress","color":"blue"}},"Title":{"id":"title","type":"title","title":[{"type":"text","text":{"content":"In
      Progress","link":null},"annotations":{"bold":false,"italic":false,"strikethrough":false,"underline":false,"code":false,"color":"default"},"plain_text":"In
      Progress","href":null}]}},"url":"https://www.notion.so/In-Progress-277974f3b38881ce8e09fcbef472400c","public_url":null},{"object":"page","id":"277974f3-b388-81bd-9602-cdf3aea5ed3c","created_time":"2025-09-23T10:07:00.000Z","last_edited_time":"2025-09-23T10:07:00.000Z","created_by":{"object":"user","id":"645e79dd-3e43-40de-9d51-39357c1c427f"},"last_edited_by":{"object":"user","id":"645e79dd-3e43-40de-9d51-39357c1c427f"},"cover":null,"icon":null,"parent":{"type":"database_id","database_id":"277974f3-b388-8176-b25c-e100893612f7"},"archived":false,"in_trash":false,"is_locked":false,"properties":{"Multi-Select":{"id":"wk%60R","type":"multi_select","multi_select":[{"id":"ce17610b-41d4-499e-9f51-07b2758c52ff","name":"Done","color":"green"},{"id":"579f08e6-4b2f-4830-ab1e-21184301a1d5","name":"In
      Progress","color":"blue"}]},"Select":{"id":"z%5EW%3A","type":"select","select":{"id":"d8b15b49-9cc2-48f0-80a6-c225d4827dce","name":"Done","color":"green"}},"Title":{"id":"title","type":"title","title":[{"type":"text","text":{"content":"Done","link":null},"annotations":{"bold":false,"italic":false,"strikethrough":false,"underline":false,"code":false,"color":"default"},"plain_text":"Done","href":null}]}},"url":"https://www.notion.so/Done-277974f3b38881bd9602cdf3aea5ed3c","public_url":null}],"next_cursor":null,"has_more":false,"type":"page_or_database","page_or_database":{},"request_id":"02f7bb66-9d05-4e86-864d-49294f3d664d"}'
    headers:
      CF-Cache-Status:
      - DYNAMIC
      CF-Ray:
      - 98393bbc6d3d3410-FRA
      Connection:
      - keep-alive
      Content-Encoding:
      - gzip
      Content-Type:
      - application/json; charset=utf-8
      Server:
      - cloudflare
      Strict-Transport-Security:
      - max-age=31536000; includeSubDomains; preload
      Transfer-Encoding:
      - chunked
      Vary:
      - Accept-Encoding
      alt-svc:
      - h3=":443"; ma=86400
      content-security-policy:
      - default-src 'none'
      referrer-policy:
      - strict-origin-when-cross-origin
      x-content-type-options:
      - nosniff
      x-dns-prefetch-control:
      - 'off'
      x-download-options:
      - noopen
      x-frame-options:
      - SAMEORIGIN
      x-notion-request-id:
      - 02f7bb66-9d05-4e86-864d-49294f3d664d
      x-permitted-cross-domain-policies:
      - none
      x-xss-protection:
      - '0'
    http_version: HTTP/1.1
    status_code: 200
- request:
    body: '{"filter": {"multi_select": {"contains": "Done"}, "property": "Multi-Select"},
      "page_size": 100}'
    headers:
      accept:
      - '*/*'
      accept-encoding:
      - gzip, deflate
      authorization:
      - secret...
      connection:
      - keep-alive
      content-length:
      - '89'
      content-type:
      - application/json
      cookie:
      - secret...
      host:
      - api.notion.com
      notion-version:
      - '2022-06-28'
      user-agent:
      - secret...
    method: POST
    uri: https://api.notion.com/v1/databases/277974f3-b388-8176-b25c-e100893612f7/query
  response:
    content: '{"object":"list","results":[{"object":"page","id":"277974f3-b388-81bd-9602-cdf3aea5ed3c","created_time":"2025-09-23T10:07:00.000Z","last_edited_time":"2025-09-23T10:07:00.000Z","created_by":{"object":"user","id":"645e79dd-3e43-40de-9d51-39357c1c427f"},"last_edited_by":{"object":"user","id":"645e79dd-3e43-40de-9d51-39357c1c427f"},"cover":null,"icon":null,"parent":{"type":"database_id","database_id":"277974f3-b388-8176-b25c-e100893612f7"},"archived":false,"in_trash":false,"is_locked":false,"properties":{"Multi-Select":{"id":"wk%60R","type":"multi_select","multi_select":[{"id":"ce17610b-41d4-499e-9f51-07b2758c52ff","name":"Done","color":"green"},{"id":"579f08e6-4b2f-4830-ab1e-21184301a1d5","name":"In
      Progress","color":"blue"}]},"Select":{"id":"z%5EW%3A","type":"select","select":{"id":"d8b15b49-9cc2-48f0-80a6-c225d4827dce","name":"Done","color":"green"}},"Title":{"id":"title","type":"title","title":[{"type":"text","text":{"content":"Done","link":null},"annotations":{"bold":false,"italic":false,"strikethrough":false,"underline":false,"code":false,"color":"default"},"plain_text":"Done","href":null}]}},"url":"https://www.notion.so/Done-277974f3b38881bd9602cdf3aea5ed3c","public_url":null}],"next_cursor":null,"has_more":false,"type":"page_or_database","page_or_database":{},"request_id":"61b56f9b-b594-4e99-b7b8-2a0c4ac8f98b"}'
    headers:
      CF-Cache-Status:
      - DYNAMIC
      CF-Ray:
      - 98393bc2fff73410-FRA
      Connection:
      - keep-alive
      Content-Encoding:
      - gzip
      Content-Type:
      - application/json; charset=utf-8
      Server:
      - cloudflare
      Strict-Transport-Security:
      - max-age=31536000; includeSubDomains; preload
      Transfer-Encoding:
      - chunked
      Vary:
      - Accept-Encoding
      alt-svc:
      - h3=":443"; ma=86400
      content-security-policy:
      - default-src 'none'
      referrer-policy:
      - strict-origin-when-cross-origin
      x-content-type-options:
      - nosniff
      x-dns-prefetch-control:
      - 'off'
      x-download-options:
      - noopen
      x-frame-options:
      - SAMEORIGIN
      x-notion-request-id:
      - 61b56f9b-b594-4e99-b7b8-2a0c4ac8f98b
      x-permitted-cross-domain-policies:
      - none
      x-xss-protection:
      - '0'
    http_version: HTTP/1.1
    status_code: 200
- request:
    body: '{"filter": {"multi_select": {"does_not_contain": "Done"}, "property": "Multi-Select"},
      "page_size": 100}'
    headers:
      accept:
      - '*/*'
      accept-encoding:
      - gzip, deflate
      authorization:
      - secret...
      connection:
      - keep-alive
      content-length:
      - '97'
      content-type:
      - application/json
      cookie:
      - secret...
      host:
      - api.notion.com
      notion-version:
      - '2022-06-28'
      user-agent:
      - secret...
    method: POST
    uri: https://api.notion.com/v1/databases/277974f3-b388-8176-b25c-e100893612f7/query
  response:
    content: '{"object":"list","results":[{"object":"page","id":"277974f3-b388-814c-b775-cf777bb97bf5","created_time":"2025-09-23T10:07:00.000Z","last_edited_time":"2025-09-23T10:07:00.000Z","created_by":{"object":"user","id":"645e79dd-3e43-40de-9d51-39357c1c427f"},"last_edited_by":{"object":"user","id":"645e79dd-3e43-40de-9d51-39357c1c427f"},"cover":null,"icon":null,"parent":{"type":"database_id","database_id":"277974f3-b388-8176-b25c-e100893612f7"},"archived":false,"in_trash":false,"is_locked":false,"properties":{"Multi-Select":{"id":"wk%60R","type":"multi_select","multi_select":[{"id":"89b3db95-119a-4263-8e57-623fecbaa4a8","name":"Backlog","color":"gray"}]},"Select":{"id":"z%5EW%3A","type":"select","select":{"id":"ee71d347-ead8-4c9f-b869-34d5a23d6760","name":"Backlog","color":"gray"}},"Title":{"id":"title","type":"title","title":[{"type":"text","text":{"content":"Backlog","link":null},"annotations":{"bold":false,"italic":false,"strikethrough":false,"underline":false,"code":false,"color":"default"},"plain_text":"Backlog","href":null}]}},"url":"https://www.notion.so/Backlog-277974f3b388814cb775cf777bb97bf5","public_url":null},{"object":"page","id":"277974f3-b388-81ce-8e09-fcbef472400c","created_time":"2025-09-23T10:07:00.000Z","last_edited_time":"2025-09-23T10:07:00.000Z","created_by":{"object":"user","id":"645e79dd-3e43-40de-9d51-39357c1c427f"},"last_edited_by":{"object":"user","id":"645e79dd-3e43-40de-9d51-39357c1c427f"},"cover":null,"icon":null,"parent":{"type":"database_id","database_id":"277974f3-b388-8176-b25c-e100893612f7"},"archived":false,"in_trash":false,"is_locked":false,"properties":{"Multi-Select":{"id":"wk%60R","type":"multi_select","multi_select":[{"id":"89b3db95-119a-4263-8e57-623fecbaa4a8","name":"Backlog","color":"gray"},{"id":"579f08e6-4b2f-4830-ab1e-21184301a1d5","name":"In
      Progress","color":"blue"}]},"Select":{"id":"z%5EW%3A","type":"select","select":{"id":"c0e9e5ff-09ce-4d3e-9ff8-0098897bfaec","name":"In
      Progress","color":"blue"}},"Title":{"id":"title","type":"title","title":[{"type":"text","text":{"content":"In
      Progress","link":null},"annotations":{"bold":false,"italic":false,"strikethrough":false,"underline":false,"code":false,"color":"default"},"plain_text":"In
      Progress","href":null}]}},"url":"https://www.notion.so/In-Progress-277974f3b38881ce8e09fcbef472400c","public_url":null},{"object":"page","id":"277974f3-b388-8137-aafa-ca9263fb0d05","created_time":"2025-09-23T10:07:00.000Z","last_edited_time":"2025-09-23T10:07:00.000Z","created_by":{"object":"user","id":"645e79dd-3e43-40de-9d51-39357c1c427f"},"last_edited_by":{"object":"user","id":"645e79dd-3e43-40de-9d51-39357c1c427f"},"cover":null,"icon":null,"parent":{"type":"database_id","database_id":"277974f3-b388-8176-b25c-e100893612f7"},"archived":false,"in_trash":false,"is_locked":false,"properties":{"Multi-Select":{"id":"wk%60R","type":"multi_select","multi_select":[]},"Select":{"id":"z%5EW%3A","type":"select","select":null},"Title":{"id":"title","type":"title","title":[]}},"url":"https://www.notion.so/277974f3b3888137aafaca9263fb0d05","public_url":null}],"next_cursor":null,"has_more":false,"type":"page_or_database","page_or_database":{},"request_id":"9c073701-d82c-413f-ab9b-adc1413c6e96"}'
    headers:
      CF-Cache-Status:
      - DYNAMIC
      CF-Ray:
      - 98393bc859433410-FRA
      Connection:
      - keep-alive
      Content-Encoding:
      - gzip
      Content-Type:
      - application/json; charset=utf-8
      Server:
      - cloudflare
      Strict-Transport-Security:
      - max-age=31536000; includeSubDomains; preload
      Transfer-Encoding:
      - chunked
      Vary:
      - Accept-Encoding
      alt-svc:
      - h3=":443"; ma=86400
      content-security-policy:
      - default-src 'none'
      referrer-policy:
      - strict-origin-when-cross-origin
      x-content-type-options:
      - nosniff
      x-dns-prefetch-control:
      - 'off'
      x-download-options:
      - noopen
      x-frame-options:
      - SAMEORIGIN
      x-notion-request-id:
      - 9c073701-d82c-413f-ab9b-adc1413c6e96
      x-permitted-cross-domain-policies:
      - none
      x-xss-protection:
      - '0'
    http_version: HTTP/1.1
    status_code: 200
- request:
    body: '{"filter": {"multi_select": {"contains": "Done"}, "property": "Multi-Select"},
      "page_size": 100}'
    headers:
      accept:
      - '*/*'
      accept-encoding:
      - gzip, deflate
      authorization:
      - secret...
      connection:
      - keep-alive
      content-length:
      - '89'
      content-type:
      - application/json
      cookie:
      - secret...
      host:
      - api.notion.com
      notion-version:
      - '2022-06-28'
      user-agent:
      - secret...
    method: POST
    uri: https://api.notion.com/v1/databases/277974f3-b388-8176-b25c-e100893612f7/query
  response:
    content: '{"object":"list","results":[{"object":"page","id":"277974f3-b388-81bd-9602-cdf3aea5ed3c","created_time":"2025-09-23T10:07:00.000Z","last_edited_time":"2025-09-23T10:07:00.000Z","created_by":{"object":"user","id":"645e79dd-3e43-40de-9d51-39357c1c427f"},"last_edited_by":{"object":"user","id":"645e79dd-3e43-40de-9d51-39357c1c427f"},"cover":null,"icon":null,"parent":{"type":"database_id","database_id":"277974f3-b388-8176-b25c-e100893612f7"},"archived":false,"in_trash":false,"is_locked":false,"properties":{"Multi-Select":{"id":"wk%60R","type":"multi_select","multi_select":[{"id":"ce17610b-41d4-499e-9f51-07b2758c52ff","name":"Done","color":"green"},{"id":"579f08e6-4b2f-4830-ab1e-21184301a1d5","name":"In
      Progress","color":"blue"}]},"Select":{"id":"z%5EW%3A","type":"select","select":{"id":"d8b15b49-9cc2-48f0-80a6-c225d4827dce","name":"Done","color":"green"}},"Title":{"id":"title","type":"title","title":[{"type":"text","text":{"content":"Done","link":null},"annotations":{"bold":false,"italic":false,"strikethrough":false,"underline":false,"code":false,"color":"default"},"plain_text":"Done","href":null}]}},"url":"https://www.notion.so/Done-277974f3b38881bd9602cdf3aea5ed3c","public_url":null}],"next_cursor":null,"has_more":false,"type":"page_or_database","page_or_database":{},"request_id":"a40adf66-fdcf-4ef4-a868-eb370e5ab0bb"}'
    headers:
      CF-Cache-Status:
      - DYNAMIC
      CF-Ray:
      - 98393bd729b13410-FRA
      Connection:
      - keep-alive
      Content-Encoding:
      - gzip
      Content-Type:
      - application/json; charset=utf-8
      Server:
      - cloudflare
      Strict-Transport-Security:
      - max-age=31536000; includeSubDomains; preload
      Transfer-Encoding:
      - chunked
      Vary:
      - Accept-Encoding
      alt-svc:
      - h3=":443"; ma=86400
      content-security-policy:
      - default-src 'none'
      referrer-policy:
      - strict-origin-when-cross-origin
      x-content-type-options:
      - nosniff
      x-dns-prefetch-control:
      - 'off'
      x-download-options:
      - noopen
      x-frame-options:
      - SAMEORIGIN
      x-notion-request-id:
      - a40adf66-fdcf-4ef4-a868-eb370e5ab0bb
      x-permitted-cross-domain-policies:
      - none
      x-xss-protection:
      - '0'
    http_version: HTTP/1.1
    status_code: 200
- request:
    body: '{"filter": {"multi_select": {"does_not_contain": "Done"}, "property": "Multi-Select"},
      "page_size": 100}'
    headers:
      accept:
      - '*/*'
      accept-encoding:
      - gzip, deflate
      authorization:
      - secret...
      connection:
      - keep-alive
      content-length:
      - '97'
      content-type:
      - application/json
      cookie:
      - secret...
      host:
      - api.notion.com
      notion-version:
      - '2022-06-28'
      user-agent:
      - secret...
    method: POST
    uri: https://api.notion.com/v1/databases/277974f3-b388-8176-b25c-e100893612f7/query
  response:
    content: '{"object":"list","results":[{"object":"page","id":"277974f3-b388-814c-b775-cf777bb97bf5","created_time":"2025-09-23T10:07:00.000Z","last_edited_time":"2025-09-23T10:07:00.000Z","created_by":{"object":"user","id":"645e79dd-3e43-40de-9d51-39357c1c427f"},"last_edited_by":{"object":"user","id":"645e79dd-3e43-40de-9d51-39357c1c427f"},"cover":null,"icon":null,"parent":{"type":"database_id","database_id":"277974f3-b388-8176-b25c-e100893612f7"},"archived":false,"in_trash":false,"is_locked":false,"properties":{"Multi-Select":{"id":"wk%60R","type":"multi_select","multi_select":[{"id":"89b3db95-119a-4263-8e57-623fecbaa4a8","name":"Backlog","color":"gray"}]},"Select":{"id":"z%5EW%3A","type":"select","select":{"id":"ee71d347-ead8-4c9f-b869-34d5a23d6760","name":"Backlog","color":"gray"}},"Title":{"id":"title","type":"title","title":[{"type":"text","text":{"content":"Backlog","link":null},"annotations":{"bold":false,"italic":false,"strikethrough":false,"underline":false,"code":false,"color":"default"},"plain_text":"Backlog","href":null}]}},"url":"https://www.notion.so/Backlog-277974f3b388814cb775cf777bb97bf5","public_url":null},{"object":"page","id":"277974f3-b388-81ce-8e09-fcbef472400c","created_time":"2025-09-23T10:07:00.000Z","last_edited_time":"2025-09-23T10:07:00.000Z","created_by":{"object":"user","id":"645e79dd-3e43-40de-9d51-39357c1c427f"},"last_edited_by":{"object":"user","id":"645e79dd-3e43-40de-9d51-39357c1c427f"},"cover":null,"icon":null,"parent":{"type":"database_id","database_id":"277974f3-b388-8176-b25c-e100893612f7"},"archived":false,"in_trash":false,"is_locked":false,"properties":{"Multi-Select":{"id":"wk%60R","type":"multi_select","multi_select":[{"id":"89b3db95-119a-4263-8e57-623fecbaa4a8","name":"Backlog","color":"gray"},{"id":"579f08e6-4b2f-4830-ab1e-21184301a1d5","name":"In
      Progress","color":"blue"}]},"Select":{"id":"z%5EW%3A","type":"select","select":{"id":"c0e9e5ff-09ce-4d3e-9ff8-0098897bfaec","name":"In
      Progress","color":"blue"}},"Title":{"id":"title","type":"title","title":[{"type":"text","text":{"content":"In
      Progress","link":null},"annotations":{"bold":false,"italic":false,"strikethrough":false,"underline":false,"code":false,"color":"default"},"plain_text":"In
      Progress","href":null}]}},"url":"https://www.notion.so/In-Progress-277974f3b38881ce8e09fcbef472400c","public_url":null},{"object":"page","id":"277974f3-b388-8137-aafa-ca9263fb0d05","created_time":"2025-09-23T10:07:00.000Z","last_edited_time":"2025-09-23T10:07:00.000Z","created_by":{"object":"user","id":"645e79dd-3e43-40de-9d51-39357c1c427f"},"last_edited_by":{"object":"user","id":"645e79dd-3e43-40de-9d51-39357c1c427f"},"cover":null,"icon":null,"parent":{"type":"database_id","database_id":"277974f3-b388-8176-b25c-e100893612f7"},"archived":false,"in_trash":false,"is_locked":false,"properties":{"Multi-Select":{"id":"wk%60R","type":"multi_select","multi_select":[]},"Select":{"id":"z%5EW%3A","type":"select","select":null},"Title":{"id":"title","type":"title","title":[]}},"url":"https://www.notion.so/277974f3b3888137aafaca9263fb0d05","public_url":null}],"next_cursor":null,"has_more":false,"type":"page_or_database","page_or_database":{},"request_id":"6696ce46-3933-48ae-8966-d8d89529d052"}'
    headers:
      CF-Cache-Status:
      - DYNAMIC
      CF-Ray:
      - 98393bd97d8c3410-FRA
      Connection:
      - keep-alive
      Content-Encoding:
      - gzip
      Content-Type:
      - application/json; charset=utf-8
      Server:
      - cloudflare
      Strict-Transport-Security:
      - max-age=31536000; includeSubDomains; preload
      Transfer-Encoding:
      - chunked
      Vary:
      - Accept-Encoding
      alt-svc:
      - h3=":443"; ma=86400
      content-security-policy:
      - default-src 'none'
      referrer-policy:
      - strict-origin-when-cross-origin
      x-content-type-options:
      - nosniff
      x-dns-prefetch-control:
      - 'off'
      x-download-options:
      - noopen
      x-frame-options:
      - SAMEORIGIN
      x-notion-request-id:
      - 6696ce46-3933-48ae-8966-d8d89529d052
      x-permitted-cross-domain-policies:
      - none
      x-xss-protection:
      - '0'
    http_version: HTTP/1.1
    status_code: 200
version: 1
