interactions:
- request:
    body: '{"parent": {"type": "page_id", "page_id": "5f505199-b292-4713-920b-61d813bf72a3"},
      "title": [{"type": "text", "plain_text": "Files & Checkbox Query DB Test", "annotations":
      {"bold": false, "italic": false, "strikethrough": false, "underline": false,
      "code": false, "color": "default"}, "text": {"content": "Files & Checkbox Query
      DB Test"}}], "properties": {"Title": {"type": "title", "title": {}}, "Files":
      {"type": "files", "files": {}}, "Checkbox": {"type": "checkbox", "checkbox":
      {}}}}'
    headers:
      accept:
      - '*/*'
      accept-encoding:
      - gzip, deflate
      authorization:
      - secret...
      connection:
      - keep-alive
      content-length:
      - '490'
      content-type:
      - application/json
      cookie:
      - secret...
      host:
      - api.notion.com
      notion-version:
      - '2022-06-28'
      user-agent:
      - secret...
    method: POST
    uri: https://api.notion.com/v1/databases
  response:
    content: '{"object":"database","id":"20e974f3-b388-81c5-978b-fce2d804d14d","cover":null,"icon":null,"created_time":"2025-06-10T17:53:00.000Z","created_by":{"object":"user","id":"645e79dd-3e43-40de-9d51-39357c1c427f"},"last_edited_by":{"object":"user","id":"645e79dd-3e43-40de-9d51-39357c1c427f"},"last_edited_time":"2025-06-10T17:53:00.000Z","title":[{"type":"text","text":{"content":"Files
      & Checkbox Query DB Test","link":null},"annotations":{"bold":false,"italic":false,"strikethrough":false,"underline":false,"code":false,"color":"default"},"plain_text":"Files
      & Checkbox Query DB Test","href":null}],"description":[],"is_inline":false,"properties":{"Checkbox":{"id":"HWJ%3C","name":"Checkbox","type":"checkbox","checkbox":{}},"Files":{"id":"lvd%5C","name":"Files","type":"files","files":{}},"Title":{"id":"title","name":"Title","type":"title","title":{}}},"parent":{"type":"page_id","page_id":"5f505199-b292-4713-920b-61d813bf72a3"},"url":"https://www.notion.so/20e974f3b38881c5978bfce2d804d14d","public_url":null,"archived":false,"in_trash":false,"request_id":"de3004d0-ee6d-4af1-926a-450513174358"}'
    headers:
      CF-Cache-Status:
      - DYNAMIC
      CF-Ray:
      - 94dabad5397a9195-FRA
      Connection:
      - keep-alive
      Content-Encoding:
      - gzip
      Content-Type:
      - application/json; charset=utf-8
      Server:
      - cloudflare
      Strict-Transport-Security:
      - max-age=31536000; includeSubDomains; preload
      Transfer-Encoding:
      - chunked
      Vary:
      - Accept-Encoding
      alt-svc:
      - h3=":443"; ma=86400
      content-security-policy:
      - default-src 'none'
      referrer-policy:
      - strict-origin-when-cross-origin
      x-content-type-options:
      - nosniff
      x-dns-prefetch-control:
      - 'off'
      x-download-options:
      - noopen
      x-frame-options:
      - SAMEORIGIN
      x-notion-request-id:
      - de3004d0-ee6d-4af1-926a-450513174358
      x-permitted-cross-domain-policies:
      - none
      x-xss-protection:
      - '0'
    http_version: HTTP/1.1
    status_code: 200
- request:
    body: '{"parent": {"type": "database_id", "database_id": "20e974f3-b388-81c5-978b-fce2d804d14d"},
      "properties": {}}'
    headers:
      accept:
      - '*/*'
      accept-encoding:
      - gzip, deflate
      authorization:
      - secret...
      connection:
      - keep-alive
      content-length:
      - '108'
      content-type:
      - application/json
      cookie:
      - secret...
      host:
      - api.notion.com
      notion-version:
      - '2022-06-28'
      user-agent:
      - secret...
    method: POST
    uri: https://api.notion.com/v1/pages
  response:
    content: '{"object":"page","id":"20e974f3-b388-813d-acc8-e9ce291833c0","created_time":"2025-06-10T17:53:00.000Z","last_edited_time":"2025-06-10T17:53:00.000Z","created_by":{"object":"user","id":"645e79dd-3e43-40de-9d51-39357c1c427f"},"last_edited_by":{"object":"user","id":"645e79dd-3e43-40de-9d51-39357c1c427f"},"cover":null,"icon":null,"parent":{"type":"database_id","database_id":"20e974f3-b388-81c5-978b-fce2d804d14d"},"archived":false,"in_trash":false,"properties":{"Checkbox":{"id":"HWJ%3C","type":"checkbox","checkbox":false},"Files":{"id":"lvd%5C","type":"files","files":[]},"Title":{"id":"title","type":"title","title":[]}},"url":"https://www.notion.so/20e974f3b388813dacc8e9ce291833c0","public_url":null,"request_id":"7bdc250e-1dd2-4450-a571-12999ec42e1f"}'
    headers:
      CF-Cache-Status:
      - DYNAMIC
      CF-Ray:
      - 94dabad91c369195-FRA
      Connection:
      - keep-alive
      Content-Encoding:
      - gzip
      Content-Type:
      - application/json; charset=utf-8
      Server:
      - cloudflare
      Strict-Transport-Security:
      - max-age=31536000; includeSubDomains; preload
      Transfer-Encoding:
      - chunked
      Vary:
      - Accept-Encoding
      alt-svc:
      - h3=":443"; ma=86400
      content-security-policy:
      - default-src 'none'
      referrer-policy:
      - strict-origin-when-cross-origin
      x-content-type-options:
      - nosniff
      x-dns-prefetch-control:
      - 'off'
      x-download-options:
      - noopen
      x-frame-options:
      - SAMEORIGIN
      x-notion-request-id:
      - 7bdc250e-1dd2-4450-a571-12999ec42e1f
      x-permitted-cross-domain-policies:
      - none
      x-xss-protection:
      - '0'
    http_version: HTTP/1.1
    status_code: 200
- request:
    body: '{"parent": {"type": "database_id", "database_id": "20e974f3-b388-81c5-978b-fce2d804d14d"},
      "properties": {"Title": {"type": "title", "title": [{"type": "text", "plain_text":
      "Files", "annotations": {"bold": false, "italic": false, "strikethrough": false,
      "underline": false, "code": false, "color": "default"}, "text": {"content":
      "Files"}}]}, "Files": {"type": "files", "files": [{"type": "external", "name":
      "image", "external": {"url": "https://some-site.com/image.png"}}]}}}'
    headers:
      accept:
      - '*/*'
      accept-encoding:
      - gzip, deflate
      authorization:
      - secret...
      connection:
      - keep-alive
      content-length:
      - '478'
      content-type:
      - application/json
      cookie:
      - secret...
      host:
      - api.notion.com
      notion-version:
      - '2022-06-28'
      user-agent:
      - secret...
    method: POST
    uri: https://api.notion.com/v1/pages
  response:
    content: '{"object":"page","id":"20e974f3-b388-815b-b28d-f18cc4137e42","created_time":"2025-06-10T17:53:00.000Z","last_edited_time":"2025-06-10T17:53:00.000Z","created_by":{"object":"user","id":"645e79dd-3e43-40de-9d51-39357c1c427f"},"last_edited_by":{"object":"user","id":"645e79dd-3e43-40de-9d51-39357c1c427f"},"cover":null,"icon":null,"parent":{"type":"database_id","database_id":"20e974f3-b388-81c5-978b-fce2d804d14d"},"archived":false,"in_trash":false,"properties":{"Checkbox":{"id":"HWJ%3C","type":"checkbox","checkbox":false},"Files":{"id":"lvd%5C","type":"files","files":[{"name":"image","type":"external","external":{"url":"https://some-site.com/image.png"}}]},"Title":{"id":"title","type":"title","title":[{"type":"text","text":{"content":"Files","link":null},"annotations":{"bold":false,"italic":false,"strikethrough":false,"underline":false,"code":false,"color":"default"},"plain_text":"Files","href":null}]}},"url":"https://www.notion.so/Files-20e974f3b388815bb28df18cc4137e42","public_url":null,"request_id":"53fcaa04-0a93-4bff-a5ff-08dc1d06a6db"}'
    headers:
      CF-Cache-Status:
      - DYNAMIC
      CF-Ray:
      - 94dabae3cbc29195-FRA
      Connection:
      - keep-alive
      Content-Encoding:
      - gzip
      Content-Type:
      - application/json; charset=utf-8
      Server:
      - cloudflare
      Strict-Transport-Security:
      - max-age=31536000; includeSubDomains; preload
      Transfer-Encoding:
      - chunked
      Vary:
      - Accept-Encoding
      alt-svc:
      - h3=":443"; ma=86400
      content-security-policy:
      - default-src 'none'
      referrer-policy:
      - strict-origin-when-cross-origin
      x-content-type-options:
      - nosniff
      x-dns-prefetch-control:
      - 'off'
      x-download-options:
      - noopen
      x-frame-options:
      - SAMEORIGIN
      x-notion-request-id:
      - 53fcaa04-0a93-4bff-a5ff-08dc1d06a6db
      x-permitted-cross-domain-policies:
      - none
      x-xss-protection:
      - '0'
    http_version: HTTP/1.1
    status_code: 200
- request:
    body: '{"parent": {"type": "database_id", "database_id": "20e974f3-b388-81c5-978b-fce2d804d14d"},
      "properties": {"Title": {"type": "title", "title": [{"type": "text", "plain_text":
      "Checkbox", "annotations": {"bold": false, "italic": false, "strikethrough":
      false, "underline": false, "code": false, "color": "default"}, "text": {"content":
      "Checkbox"}}]}, "Checkbox": {"type": "checkbox", "checkbox": true}}}'
    headers:
      accept:
      - '*/*'
      accept-encoding:
      - gzip, deflate
      authorization:
      - secret...
      connection:
      - keep-alive
      content-length:
      - '402'
      content-type:
      - application/json
      cookie:
      - secret...
      host:
      - api.notion.com
      notion-version:
      - '2022-06-28'
      user-agent:
      - secret...
    method: POST
    uri: https://api.notion.com/v1/pages
  response:
    content: '{"object":"page","id":"20e974f3-b388-8138-bbf2-ca035a779c30","created_time":"2025-06-10T17:53:00.000Z","last_edited_time":"2025-06-10T17:53:00.000Z","created_by":{"object":"user","id":"645e79dd-3e43-40de-9d51-39357c1c427f"},"last_edited_by":{"object":"user","id":"645e79dd-3e43-40de-9d51-39357c1c427f"},"cover":null,"icon":null,"parent":{"type":"database_id","database_id":"20e974f3-b388-81c5-978b-fce2d804d14d"},"archived":false,"in_trash":false,"properties":{"Checkbox":{"id":"HWJ%3C","type":"checkbox","checkbox":true},"Files":{"id":"lvd%5C","type":"files","files":[]},"Title":{"id":"title","type":"title","title":[{"type":"text","text":{"content":"Checkbox","link":null},"annotations":{"bold":false,"italic":false,"strikethrough":false,"underline":false,"code":false,"color":"default"},"plain_text":"Checkbox","href":null}]}},"url":"https://www.notion.so/Checkbox-20e974f3b3888138bbf2ca035a779c30","public_url":null,"request_id":"bdbf5773-b698-4469-ad76-9fdcb3236606"}'
    headers:
      CF-Cache-Status:
      - DYNAMIC
      CF-Ray:
      - 94dabae62d579195-FRA
      Connection:
      - keep-alive
      Content-Encoding:
      - gzip
      Content-Type:
      - application/json; charset=utf-8
      Server:
      - cloudflare
      Strict-Transport-Security:
      - max-age=31536000; includeSubDomains; preload
      Transfer-Encoding:
      - chunked
      Vary:
      - Accept-Encoding
      alt-svc:
      - h3=":443"; ma=86400
      content-security-policy:
      - default-src 'none'
      referrer-policy:
      - strict-origin-when-cross-origin
      x-content-type-options:
      - nosniff
      x-dns-prefetch-control:
      - 'off'
      x-download-options:
      - noopen
      x-frame-options:
      - SAMEORIGIN
      x-notion-request-id:
      - bdbf5773-b698-4469-ad76-9fdcb3236606
      x-permitted-cross-domain-policies:
      - none
      x-xss-protection:
      - '0'
    http_version: HTTP/1.1
    status_code: 200
- request:
    body: '{"filter": {"files": {"is_empty": true}, "property": "Files"}, "page_size":
      100}'
    headers:
      accept:
      - '*/*'
      accept-encoding:
      - gzip, deflate
      authorization:
      - secret...
      connection:
      - keep-alive
      content-length:
      - '80'
      content-type:
      - application/json
      cookie:
      - secret...
      host:
      - api.notion.com
      notion-version:
      - '2022-06-28'
      user-agent:
      - secret...
    method: POST
    uri: https://api.notion.com/v1/databases/20e974f3-b388-81c5-978b-fce2d804d14d/query
  response:
    content: '{"object":"list","results":[{"object":"page","id":"20e974f3-b388-8138-bbf2-ca035a779c30","created_time":"2025-06-10T17:53:00.000Z","last_edited_time":"2025-06-10T17:53:00.000Z","created_by":{"object":"user","id":"645e79dd-3e43-40de-9d51-39357c1c427f"},"last_edited_by":{"object":"user","id":"645e79dd-3e43-40de-9d51-39357c1c427f"},"cover":null,"icon":null,"parent":{"type":"database_id","database_id":"20e974f3-b388-81c5-978b-fce2d804d14d"},"archived":false,"in_trash":false,"properties":{"Checkbox":{"id":"HWJ%3C","type":"checkbox","checkbox":true},"Files":{"id":"lvd%5C","type":"files","files":[]},"Title":{"id":"title","type":"title","title":[{"type":"text","text":{"content":"Checkbox","link":null},"annotations":{"bold":false,"italic":false,"strikethrough":false,"underline":false,"code":false,"color":"default"},"plain_text":"Checkbox","href":null}]}},"url":"https://www.notion.so/Checkbox-20e974f3b3888138bbf2ca035a779c30","public_url":null},{"object":"page","id":"20e974f3-b388-813d-acc8-e9ce291833c0","created_time":"2025-06-10T17:53:00.000Z","last_edited_time":"2025-06-10T17:53:00.000Z","created_by":{"object":"user","id":"645e79dd-3e43-40de-9d51-39357c1c427f"},"last_edited_by":{"object":"user","id":"645e79dd-3e43-40de-9d51-39357c1c427f"},"cover":null,"icon":null,"parent":{"type":"database_id","database_id":"20e974f3-b388-81c5-978b-fce2d804d14d"},"archived":false,"in_trash":false,"properties":{"Checkbox":{"id":"HWJ%3C","type":"checkbox","checkbox":false},"Files":{"id":"lvd%5C","type":"files","files":[]},"Title":{"id":"title","type":"title","title":[]}},"url":"https://www.notion.so/20e974f3b388813dacc8e9ce291833c0","public_url":null}],"next_cursor":null,"has_more":false,"type":"page_or_database","page_or_database":{},"request_id":"6a23d06b-b4af-4344-b912-4b81a92c4f93"}'
    headers:
      CF-Cache-Status:
      - DYNAMIC
      CF-Ray:
      - 94dabae90f5b9195-FRA
      Connection:
      - keep-alive
      Content-Encoding:
      - gzip
      Content-Type:
      - application/json; charset=utf-8
      Server:
      - cloudflare
      Strict-Transport-Security:
      - max-age=31536000; includeSubDomains; preload
      Transfer-Encoding:
      - chunked
      Vary:
      - Accept-Encoding
      alt-svc:
      - h3=":443"; ma=86400
      content-security-policy:
      - default-src 'none'
      referrer-policy:
      - strict-origin-when-cross-origin
      x-content-type-options:
      - nosniff
      x-dns-prefetch-control:
      - 'off'
      x-download-options:
      - noopen
      x-frame-options:
      - SAMEORIGIN
      x-notion-request-id:
      - 6a23d06b-b4af-4344-b912-4b81a92c4f93
      x-permitted-cross-domain-policies:
      - none
      x-xss-protection:
      - '0'
    http_version: HTTP/1.1
    status_code: 200
- request:
    body: '{"filter": {"files": {"is_not_empty": true}, "property": "Files"}, "page_size":
      100}'
    headers:
      accept:
      - '*/*'
      accept-encoding:
      - gzip, deflate
      authorization:
      - secret...
      connection:
      - keep-alive
      content-length:
      - '84'
      content-type:
      - application/json
      cookie:
      - secret...
      host:
      - api.notion.com
      notion-version:
      - '2022-06-28'
      user-agent:
      - secret...
    method: POST
    uri: https://api.notion.com/v1/databases/20e974f3-b388-81c5-978b-fce2d804d14d/query
  response:
    content: '{"object":"list","results":[{"object":"page","id":"20e974f3-b388-815b-b28d-f18cc4137e42","created_time":"2025-06-10T17:53:00.000Z","last_edited_time":"2025-06-10T17:53:00.000Z","created_by":{"object":"user","id":"645e79dd-3e43-40de-9d51-39357c1c427f"},"last_edited_by":{"object":"user","id":"645e79dd-3e43-40de-9d51-39357c1c427f"},"cover":null,"icon":null,"parent":{"type":"database_id","database_id":"20e974f3-b388-81c5-978b-fce2d804d14d"},"archived":false,"in_trash":false,"properties":{"Checkbox":{"id":"HWJ%3C","type":"checkbox","checkbox":false},"Files":{"id":"lvd%5C","type":"files","files":[{"name":"image","type":"external","external":{"url":"https://some-site.com/image.png"}}]},"Title":{"id":"title","type":"title","title":[{"type":"text","text":{"content":"Files","link":null},"annotations":{"bold":false,"italic":false,"strikethrough":false,"underline":false,"code":false,"color":"default"},"plain_text":"Files","href":null}]}},"url":"https://www.notion.so/Files-20e974f3b388815bb28df18cc4137e42","public_url":null}],"next_cursor":null,"has_more":false,"type":"page_or_database","page_or_database":{},"request_id":"be4e52ea-9a76-4609-a7e6-98199b34e9b2"}'
    headers:
      CF-Cache-Status:
      - DYNAMIC
      CF-Ray:
      - 94dabaeaa8809195-FRA
      Connection:
      - keep-alive
      Content-Encoding:
      - gzip
      Content-Type:
      - application/json; charset=utf-8
      Server:
      - cloudflare
      Strict-Transport-Security:
      - max-age=31536000; includeSubDomains; preload
      Transfer-Encoding:
      - chunked
      Vary:
      - Accept-Encoding
      alt-svc:
      - h3=":443"; ma=86400
      content-security-policy:
      - default-src 'none'
      referrer-policy:
      - strict-origin-when-cross-origin
      x-content-type-options:
      - nosniff
      x-dns-prefetch-control:
      - 'off'
      x-download-options:
      - noopen
      x-frame-options:
      - SAMEORIGIN
      x-notion-request-id:
      - be4e52ea-9a76-4609-a7e6-98199b34e9b2
      x-permitted-cross-domain-policies:
      - none
      x-xss-protection:
      - '0'
    http_version: HTTP/1.1
    status_code: 200
- request:
    body: '{"filter": {"checkbox": {"equals": true}, "property": "Checkbox"}, "page_size":
      100}'
    headers:
      accept:
      - '*/*'
      accept-encoding:
      - gzip, deflate
      authorization:
      - secret...
      connection:
      - keep-alive
      content-length:
      - '84'
      content-type:
      - application/json
      cookie:
      - secret...
      host:
      - api.notion.com
      notion-version:
      - '2022-06-28'
      user-agent:
      - secret...
    method: POST
    uri: https://api.notion.com/v1/databases/20e974f3-b388-81c5-978b-fce2d804d14d/query
  response:
    content: '{"object":"list","results":[{"object":"page","id":"20e974f3-b388-8138-bbf2-ca035a779c30","created_time":"2025-06-10T17:53:00.000Z","last_edited_time":"2025-06-10T17:53:00.000Z","created_by":{"object":"user","id":"645e79dd-3e43-40de-9d51-39357c1c427f"},"last_edited_by":{"object":"user","id":"645e79dd-3e43-40de-9d51-39357c1c427f"},"cover":null,"icon":null,"parent":{"type":"database_id","database_id":"20e974f3-b388-81c5-978b-fce2d804d14d"},"archived":false,"in_trash":false,"properties":{"Checkbox":{"id":"HWJ%3C","type":"checkbox","checkbox":true},"Files":{"id":"lvd%5C","type":"files","files":[]},"Title":{"id":"title","type":"title","title":[{"type":"text","text":{"content":"Checkbox","link":null},"annotations":{"bold":false,"italic":false,"strikethrough":false,"underline":false,"code":false,"color":"default"},"plain_text":"Checkbox","href":null}]}},"url":"https://www.notion.so/Checkbox-20e974f3b3888138bbf2ca035a779c30","public_url":null}],"next_cursor":null,"has_more":false,"type":"page_or_database","page_or_database":{},"request_id":"738a36c3-6bea-43e3-8491-66f4670c5a79"}'
    headers:
      CF-Cache-Status:
      - DYNAMIC
      CF-Ray:
      - 94dabaec59a09195-FRA
      Connection:
      - keep-alive
      Content-Encoding:
      - gzip
      Content-Type:
      - application/json; charset=utf-8
      Server:
      - cloudflare
      Strict-Transport-Security:
      - max-age=31536000; includeSubDomains; preload
      Transfer-Encoding:
      - chunked
      Vary:
      - Accept-Encoding
      alt-svc:
      - h3=":443"; ma=86400
      content-security-policy:
      - default-src 'none'
      referrer-policy:
      - strict-origin-when-cross-origin
      x-content-type-options:
      - nosniff
      x-dns-prefetch-control:
      - 'off'
      x-download-options:
      - noopen
      x-frame-options:
      - SAMEORIGIN
      x-notion-request-id:
      - 738a36c3-6bea-43e3-8491-66f4670c5a79
      x-permitted-cross-domain-policies:
      - none
      x-xss-protection:
      - '0'
    http_version: HTTP/1.1
    status_code: 200
- request:
    body: '{"filter": {"checkbox": {"equals": false}, "property": "Checkbox"}, "page_size":
      100}'
    headers:
      accept:
      - '*/*'
      accept-encoding:
      - gzip, deflate
      authorization:
      - secret...
      connection:
      - keep-alive
      content-length:
      - '85'
      content-type:
      - application/json
      cookie:
      - secret...
      host:
      - api.notion.com
      notion-version:
      - '2022-06-28'
      user-agent:
      - secret...
    method: POST
    uri: https://api.notion.com/v1/databases/20e974f3-b388-81c5-978b-fce2d804d14d/query
  response:
    content: '{"object":"list","results":[{"object":"page","id":"20e974f3-b388-815b-b28d-f18cc4137e42","created_time":"2025-06-10T17:53:00.000Z","last_edited_time":"2025-06-10T17:53:00.000Z","created_by":{"object":"user","id":"645e79dd-3e43-40de-9d51-39357c1c427f"},"last_edited_by":{"object":"user","id":"645e79dd-3e43-40de-9d51-39357c1c427f"},"cover":null,"icon":null,"parent":{"type":"database_id","database_id":"20e974f3-b388-81c5-978b-fce2d804d14d"},"archived":false,"in_trash":false,"properties":{"Checkbox":{"id":"HWJ%3C","type":"checkbox","checkbox":false},"Files":{"id":"lvd%5C","type":"files","files":[{"name":"image","type":"external","external":{"url":"https://some-site.com/image.png"}}]},"Title":{"id":"title","type":"title","title":[{"type":"text","text":{"content":"Files","link":null},"annotations":{"bold":false,"italic":false,"strikethrough":false,"underline":false,"code":false,"color":"default"},"plain_text":"Files","href":null}]}},"url":"https://www.notion.so/Files-20e974f3b388815bb28df18cc4137e42","public_url":null},{"object":"page","id":"20e974f3-b388-813d-acc8-e9ce291833c0","created_time":"2025-06-10T17:53:00.000Z","last_edited_time":"2025-06-10T17:53:00.000Z","created_by":{"object":"user","id":"645e79dd-3e43-40de-9d51-39357c1c427f"},"last_edited_by":{"object":"user","id":"645e79dd-3e43-40de-9d51-39357c1c427f"},"cover":null,"icon":null,"parent":{"type":"database_id","database_id":"20e974f3-b388-81c5-978b-fce2d804d14d"},"archived":false,"in_trash":false,"properties":{"Checkbox":{"id":"HWJ%3C","type":"checkbox","checkbox":false},"Files":{"id":"lvd%5C","type":"files","files":[]},"Title":{"id":"title","type":"title","title":[]}},"url":"https://www.notion.so/20e974f3b388813dacc8e9ce291833c0","public_url":null}],"next_cursor":null,"has_more":false,"type":"page_or_database","page_or_database":{},"request_id":"f1da0b9d-ec10-4561-a6e5-dd1c11bd1bc5"}'
    headers:
      CF-Cache-Status:
      - DYNAMIC
      CF-Ray:
      - 94dabaeecb9a9195-FRA
      Connection:
      - keep-alive
      Content-Encoding:
      - gzip
      Content-Type:
      - application/json; charset=utf-8
      Server:
      - cloudflare
      Strict-Transport-Security:
      - max-age=31536000; includeSubDomains; preload
      Transfer-Encoding:
      - chunked
      Vary:
      - Accept-Encoding
      alt-svc:
      - h3=":443"; ma=86400
      content-security-policy:
      - default-src 'none'
      referrer-policy:
      - strict-origin-when-cross-origin
      x-content-type-options:
      - nosniff
      x-dns-prefetch-control:
      - 'off'
      x-download-options:
      - noopen
      x-frame-options:
      - SAMEORIGIN
      x-notion-request-id:
      - f1da0b9d-ec10-4561-a6e5-dd1c11bd1bc5
      x-permitted-cross-domain-policies:
      - none
      x-xss-protection:
      - '0'
    http_version: HTTP/1.1
    status_code: 200
- request:
    body: '{"filter": {"checkbox": {"does_not_equal": false}, "property": "Checkbox"},
      "page_size": 100}'
    headers:
      accept:
      - '*/*'
      accept-encoding:
      - gzip, deflate
      authorization:
      - secret...
      connection:
      - keep-alive
      content-length:
      - '93'
      content-type:
      - application/json
      cookie:
      - secret...
      host:
      - api.notion.com
      notion-version:
      - '2022-06-28'
      user-agent:
      - secret...
    method: POST
    uri: https://api.notion.com/v1/databases/20e974f3-b388-81c5-978b-fce2d804d14d/query
  response:
    content: '{"object":"list","results":[{"object":"page","id":"20e974f3-b388-8138-bbf2-ca035a779c30","created_time":"2025-06-10T17:53:00.000Z","last_edited_time":"2025-06-10T17:53:00.000Z","created_by":{"object":"user","id":"645e79dd-3e43-40de-9d51-39357c1c427f"},"last_edited_by":{"object":"user","id":"645e79dd-3e43-40de-9d51-39357c1c427f"},"cover":null,"icon":null,"parent":{"type":"database_id","database_id":"20e974f3-b388-81c5-978b-fce2d804d14d"},"archived":false,"in_trash":false,"properties":{"Checkbox":{"id":"HWJ%3C","type":"checkbox","checkbox":true},"Files":{"id":"lvd%5C","type":"files","files":[]},"Title":{"id":"title","type":"title","title":[{"type":"text","text":{"content":"Checkbox","link":null},"annotations":{"bold":false,"italic":false,"strikethrough":false,"underline":false,"code":false,"color":"default"},"plain_text":"Checkbox","href":null}]}},"url":"https://www.notion.so/Checkbox-20e974f3b3888138bbf2ca035a779c30","public_url":null}],"next_cursor":null,"has_more":false,"type":"page_or_database","page_or_database":{},"request_id":"6348bf33-d150-48ca-85bf-9a56bd790177"}'
    headers:
      CF-Cache-Status:
      - DYNAMIC
      CF-Ray:
      - 94dabaf9bba39195-FRA
      Connection:
      - keep-alive
      Content-Encoding:
      - gzip
      Content-Type:
      - application/json; charset=utf-8
      Server:
      - cloudflare
      Strict-Transport-Security:
      - max-age=31536000; includeSubDomains; preload
      Transfer-Encoding:
      - chunked
      Vary:
      - Accept-Encoding
      alt-svc:
      - h3=":443"; ma=86400
      content-security-policy:
      - default-src 'none'
      referrer-policy:
      - strict-origin-when-cross-origin
      x-content-type-options:
      - nosniff
      x-dns-prefetch-control:
      - 'off'
      x-download-options:
      - noopen
      x-frame-options:
      - SAMEORIGIN
      x-notion-request-id:
      - 6348bf33-d150-48ca-85bf-9a56bd790177
      x-permitted-cross-domain-policies:
      - none
      x-xss-protection:
      - '0'
    http_version: HTTP/1.1
    status_code: 200
- request:
    body: '{"filter": {"checkbox": {"does_not_equal": true}, "property": "Checkbox"},
      "page_size": 100}'
    headers:
      accept:
      - '*/*'
      accept-encoding:
      - gzip, deflate
      authorization:
      - secret...
      connection:
      - keep-alive
      content-length:
      - '92'
      content-type:
      - application/json
      cookie:
      - secret...
      host:
      - api.notion.com
      notion-version:
      - '2022-06-28'
      user-agent:
      - secret...
    method: POST
    uri: https://api.notion.com/v1/databases/20e974f3-b388-81c5-978b-fce2d804d14d/query
  response:
    content: '{"object":"list","results":[{"object":"page","id":"20e974f3-b388-815b-b28d-f18cc4137e42","created_time":"2025-06-10T17:53:00.000Z","last_edited_time":"2025-06-10T17:53:00.000Z","created_by":{"object":"user","id":"645e79dd-3e43-40de-9d51-39357c1c427f"},"last_edited_by":{"object":"user","id":"645e79dd-3e43-40de-9d51-39357c1c427f"},"cover":null,"icon":null,"parent":{"type":"database_id","database_id":"20e974f3-b388-81c5-978b-fce2d804d14d"},"archived":false,"in_trash":false,"properties":{"Checkbox":{"id":"HWJ%3C","type":"checkbox","checkbox":false},"Files":{"id":"lvd%5C","type":"files","files":[{"name":"image","type":"external","external":{"url":"https://some-site.com/image.png"}}]},"Title":{"id":"title","type":"title","title":[{"type":"text","text":{"content":"Files","link":null},"annotations":{"bold":false,"italic":false,"strikethrough":false,"underline":false,"code":false,"color":"default"},"plain_text":"Files","href":null}]}},"url":"https://www.notion.so/Files-20e974f3b388815bb28df18cc4137e42","public_url":null},{"object":"page","id":"20e974f3-b388-813d-acc8-e9ce291833c0","created_time":"2025-06-10T17:53:00.000Z","last_edited_time":"2025-06-10T17:53:00.000Z","created_by":{"object":"user","id":"645e79dd-3e43-40de-9d51-39357c1c427f"},"last_edited_by":{"object":"user","id":"645e79dd-3e43-40de-9d51-39357c1c427f"},"cover":null,"icon":null,"parent":{"type":"database_id","database_id":"20e974f3-b388-81c5-978b-fce2d804d14d"},"archived":false,"in_trash":false,"properties":{"Checkbox":{"id":"HWJ%3C","type":"checkbox","checkbox":false},"Files":{"id":"lvd%5C","type":"files","files":[]},"Title":{"id":"title","type":"title","title":[]}},"url":"https://www.notion.so/20e974f3b388813dacc8e9ce291833c0","public_url":null}],"next_cursor":null,"has_more":false,"type":"page_or_database","page_or_database":{},"request_id":"985607ae-93f4-4a3a-ad05-da1834e5c293"}'
    headers:
      CF-Cache-Status:
      - DYNAMIC
      CF-Ray:
      - 94dabafcce289195-FRA
      Connection:
      - keep-alive
      Content-Encoding:
      - gzip
      Content-Type:
      - application/json; charset=utf-8
      Server:
      - cloudflare
      Strict-Transport-Security:
      - max-age=31536000; includeSubDomains; preload
      Transfer-Encoding:
      - chunked
      Vary:
      - Accept-Encoding
      alt-svc:
      - h3=":443"; ma=86400
      content-security-policy:
      - default-src 'none'
      referrer-policy:
      - strict-origin-when-cross-origin
      x-content-type-options:
      - nosniff
      x-dns-prefetch-control:
      - 'off'
      x-download-options:
      - noopen
      x-frame-options:
      - SAMEORIGIN
      x-notion-request-id:
      - 985607ae-93f4-4a3a-ad05-da1834e5c293
      x-permitted-cross-domain-policies:
      - none
      x-xss-protection:
      - '0'
    http_version: HTTP/1.1
    status_code: 200
version: 1
