interactions:
- request:
    body: '{"parent": {"type": "page_id", "page_id": "5f505199-b292-4713-920b-61d813bf72a3"},
      "title": [{"type": "text", "plain_text": "Files & Checkbox Query DB Test", "annotations":
      {"bold": false, "italic": false, "strikethrough": false, "underline": false,
      "code": false}, "text": {"content": "Files & Checkbox Query DB Test"}}], "properties":
      {"Title": {"type": "title", "title": {}}, "Files": {"type": "files", "files":
      {}}, "Checkbox": {"type": "checkbox", "checkbox": {}}}, "is_inline": false}'
    headers:
      accept:
      - '*/*'
      accept-encoding:
      - gzip, deflate
      authorization:
      - secret...
      connection:
      - keep-alive
      content-length:
      - '449'
      content-type:
      - application/json
      cookie:
      - secret...
      host:
      - api.notion.com
      notion-version:
      - '2022-06-28'
      user-agent:
      - secret...
    method: POST
    uri: https://api.notion.com/v1/databases
  response:
    content: '{"object":"database","id":"276974f3-b388-81d1-a897-c40032b4865b","cover":null,"icon":null,"created_time":"2025-09-22T09:20:00.000Z","created_by":{"object":"user","id":"645e79dd-3e43-40de-9d51-39357c1c427f"},"last_edited_by":{"object":"user","id":"645e79dd-3e43-40de-9d51-39357c1c427f"},"last_edited_time":"2025-09-22T09:20:00.000Z","title":[{"type":"text","text":{"content":"Files
      & Checkbox Query DB Test","link":null},"annotations":{"bold":false,"italic":false,"strikethrough":false,"underline":false,"code":false,"color":"default"},"plain_text":"Files
      & Checkbox Query DB Test","href":null}],"description":[],"is_inline":false,"properties":{"Checkbox":{"id":"ev%3ER","name":"Checkbox","description":null,"type":"checkbox","checkbox":{}},"Files":{"id":"veVe","name":"Files","description":null,"type":"files","files":{}},"Title":{"id":"title","name":"Title","description":null,"type":"title","title":{}}},"parent":{"type":"page_id","page_id":"5f505199-b292-4713-920b-61d813bf72a3"},"url":"https://www.notion.so/276974f3b38881d1a897c40032b4865b","public_url":null,"archived":false,"in_trash":false,"request_id":"09d056a2-ac00-443b-bcec-bd2c89143975"}'
    headers:
      CF-Cache-Status:
      - DYNAMIC
      CF-Ray:
      - 9830ba4d4a329e0d-FRA
      Connection:
      - keep-alive
      Content-Encoding:
      - gzip
      Content-Type:
      - application/json; charset=utf-8
      Server:
      - cloudflare
      Strict-Transport-Security:
      - max-age=31536000; includeSubDomains; preload
      Transfer-Encoding:
      - chunked
      Vary:
      - Accept-Encoding
      alt-svc:
      - h3=":443"; ma=86400
      content-security-policy:
      - default-src 'none'
      referrer-policy:
      - strict-origin-when-cross-origin
      x-content-type-options:
      - nosniff
      x-dns-prefetch-control:
      - 'off'
      x-download-options:
      - noopen
      x-frame-options:
      - SAMEORIGIN
      x-notion-request-id:
      - 09d056a2-ac00-443b-bcec-bd2c89143975
      x-permitted-cross-domain-policies:
      - none
      x-xss-protection:
      - '0'
    http_version: HTTP/1.1
    status_code: 200
- request:
    body: '{"parent": {"type": "database_id", "database_id": "276974f3-b388-81d1-a897-c40032b4865b"},
      "properties": {}}'
    headers:
      accept:
      - '*/*'
      accept-encoding:
      - gzip, deflate
      authorization:
      - secret...
      connection:
      - keep-alive
      content-length:
      - '102'
      content-type:
      - application/json
      cookie:
      - secret...
      host:
      - api.notion.com
      notion-version:
      - '2022-06-28'
      user-agent:
      - secret...
    method: POST
    uri: https://api.notion.com/v1/pages
  response:
    content: '{"object":"page","id":"276974f3-b388-81a5-83df-c7026d378117","created_time":"2025-09-22T09:20:00.000Z","last_edited_time":"2025-09-22T09:20:00.000Z","created_by":{"object":"user","id":"645e79dd-3e43-40de-9d51-39357c1c427f"},"last_edited_by":{"object":"user","id":"645e79dd-3e43-40de-9d51-39357c1c427f"},"cover":null,"icon":null,"parent":{"type":"database_id","database_id":"276974f3-b388-81d1-a897-c40032b4865b"},"archived":false,"in_trash":false,"is_locked":false,"properties":{"Checkbox":{"id":"ev%3ER","type":"checkbox","checkbox":false},"Files":{"id":"veVe","type":"files","files":[]},"Title":{"id":"title","type":"title","title":[]}},"url":"https://www.notion.so/276974f3b38881a583dfc7026d378117","public_url":null,"request_id":"3b386369-a55a-4687-ba8c-1de4dbafa6ca"}'
    headers:
      CF-Cache-Status:
      - DYNAMIC
      CF-Ray:
      - 9830ba521d969e0d-FRA
      Connection:
      - keep-alive
      Content-Encoding:
      - gzip
      Content-Type:
      - application/json; charset=utf-8
      Server:
      - cloudflare
      Strict-Transport-Security:
      - max-age=31536000; includeSubDomains; preload
      Transfer-Encoding:
      - chunked
      Vary:
      - Accept-Encoding
      alt-svc:
      - h3=":443"; ma=86400
      content-security-policy:
      - default-src 'none'
      referrer-policy:
      - strict-origin-when-cross-origin
      x-content-type-options:
      - nosniff
      x-dns-prefetch-control:
      - 'off'
      x-download-options:
      - noopen
      x-frame-options:
      - SAMEORIGIN
      x-notion-request-id:
      - 3b386369-a55a-4687-ba8c-1de4dbafa6ca
      x-permitted-cross-domain-policies:
      - none
      x-xss-protection:
      - '0'
    http_version: HTTP/1.1
    status_code: 200
- request:
    body: '{"parent": {"type": "database_id", "database_id": "276974f3-b388-81d1-a897-c40032b4865b"},
      "properties": {"Title": {"type": "title", "title": [{"type": "text", "plain_text":
      "Files", "annotations": {"bold": false, "italic": false, "strikethrough": false,
      "underline": false, "code": false}, "text": {"content": "Files"}}]}, "Files":
      {"type": "files", "files": [{"type": "external", "name": "image", "external":
      {"url": "https://some-site.com/image.png"}}]}}}'
    headers:
      accept:
      - '*/*'
      accept-encoding:
      - gzip, deflate
      authorization:
      - secret...
      connection:
      - keep-alive
      content-length:
      - '420'
      content-type:
      - application/json
      cookie:
      - secret...
      host:
      - api.notion.com
      notion-version:
      - '2022-06-28'
      user-agent:
      - secret...
    method: POST
    uri: https://api.notion.com/v1/pages
  response:
    content: '{"object":"page","id":"276974f3-b388-8105-83b5-f5cce8982470","created_time":"2025-09-22T09:20:00.000Z","last_edited_time":"2025-09-22T09:20:00.000Z","created_by":{"object":"user","id":"645e79dd-3e43-40de-9d51-39357c1c427f"},"last_edited_by":{"object":"user","id":"645e79dd-3e43-40de-9d51-39357c1c427f"},"cover":null,"icon":null,"parent":{"type":"database_id","database_id":"276974f3-b388-81d1-a897-c40032b4865b"},"archived":false,"in_trash":false,"is_locked":false,"properties":{"Checkbox":{"id":"ev%3ER","type":"checkbox","checkbox":false},"Files":{"id":"veVe","type":"files","files":[{"name":"image","type":"external","external":{"url":"https://some-site.com/image.png"}}]},"Title":{"id":"title","type":"title","title":[{"type":"text","text":{"content":"Files","link":null},"annotations":{"bold":false,"italic":false,"strikethrough":false,"underline":false,"code":false,"color":"default"},"plain_text":"Files","href":null}]}},"url":"https://www.notion.so/Files-276974f3b388810583b5f5cce8982470","public_url":null,"request_id":"089becec-4113-4c4f-bcff-9c2b638db55f"}'
    headers:
      CF-Cache-Status:
      - DYNAMIC
      CF-Ray:
      - 9830ba54abd29e0d-FRA
      Connection:
      - keep-alive
      Content-Encoding:
      - gzip
      Content-Type:
      - application/json; charset=utf-8
      Server:
      - cloudflare
      Strict-Transport-Security:
      - max-age=31536000; includeSubDomains; preload
      Transfer-Encoding:
      - chunked
      Vary:
      - Accept-Encoding
      alt-svc:
      - h3=":443"; ma=86400
      content-security-policy:
      - default-src 'none'
      referrer-policy:
      - strict-origin-when-cross-origin
      x-content-type-options:
      - nosniff
      x-dns-prefetch-control:
      - 'off'
      x-download-options:
      - noopen
      x-frame-options:
      - SAMEORIGIN
      x-notion-request-id:
      - 089becec-4113-4c4f-bcff-9c2b638db55f
      x-permitted-cross-domain-policies:
      - none
      x-xss-protection:
      - '0'
    http_version: HTTP/1.1
    status_code: 200
- request:
    body: '{"parent": {"type": "database_id", "database_id": "276974f3-b388-81d1-a897-c40032b4865b"},
      "properties": {"Title": {"type": "title", "title": [{"type": "text", "plain_text":
      "Checkbox", "annotations": {"bold": false, "italic": false, "strikethrough":
      false, "underline": false, "code": false}, "text": {"content": "Checkbox"}}]},
      "Checkbox": {"type": "checkbox", "checkbox": true}}}'
    headers:
      accept:
      - '*/*'
      accept-encoding:
      - gzip, deflate
      authorization:
      - secret...
      connection:
      - keep-alive
      content-length:
      - '350'
      content-type:
      - application/json
      cookie:
      - secret...
      host:
      - api.notion.com
      notion-version:
      - '2022-06-28'
      user-agent:
      - secret...
    method: POST
    uri: https://api.notion.com/v1/pages
  response:
    content: '{"object":"page","id":"276974f3-b388-81df-844b-e264ce4e78a3","created_time":"2025-09-22T09:20:00.000Z","last_edited_time":"2025-09-22T09:20:00.000Z","created_by":{"object":"user","id":"645e79dd-3e43-40de-9d51-39357c1c427f"},"last_edited_by":{"object":"user","id":"645e79dd-3e43-40de-9d51-39357c1c427f"},"cover":null,"icon":null,"parent":{"type":"database_id","database_id":"276974f3-b388-81d1-a897-c40032b4865b"},"archived":false,"in_trash":false,"is_locked":false,"properties":{"Checkbox":{"id":"ev%3ER","type":"checkbox","checkbox":true},"Files":{"id":"veVe","type":"files","files":[]},"Title":{"id":"title","type":"title","title":[{"type":"text","text":{"content":"Checkbox","link":null},"annotations":{"bold":false,"italic":false,"strikethrough":false,"underline":false,"code":false,"color":"default"},"plain_text":"Checkbox","href":null}]}},"url":"https://www.notion.so/Checkbox-276974f3b38881df844be264ce4e78a3","public_url":null,"request_id":"c32ae526-4691-48f5-beb2-efa69ca6afd7"}'
    headers:
      CF-Cache-Status:
      - DYNAMIC
      CF-Ray:
      - 9830ba590c3c9e0d-FRA
      Connection:
      - keep-alive
      Content-Encoding:
      - gzip
      Content-Type:
      - application/json; charset=utf-8
      Server:
      - cloudflare
      Strict-Transport-Security:
      - max-age=31536000; includeSubDomains; preload
      Transfer-Encoding:
      - chunked
      Vary:
      - Accept-Encoding
      alt-svc:
      - h3=":443"; ma=86400
      content-security-policy:
      - default-src 'none'
      referrer-policy:
      - strict-origin-when-cross-origin
      x-content-type-options:
      - nosniff
      x-dns-prefetch-control:
      - 'off'
      x-download-options:
      - noopen
      x-frame-options:
      - SAMEORIGIN
      x-notion-request-id:
      - c32ae526-4691-48f5-beb2-efa69ca6afd7
      x-permitted-cross-domain-policies:
      - none
      x-xss-protection:
      - '0'
    http_version: HTTP/1.1
    status_code: 200
- request:
    body: '{"filter": {"files": {"is_empty": true}, "property": "Files"}, "page_size":
      100}'
    headers:
      accept:
      - '*/*'
      accept-encoding:
      - gzip, deflate
      authorization:
      - secret...
      connection:
      - keep-alive
      content-length:
      - '73'
      content-type:
      - application/json
      cookie:
      - secret...
      host:
      - api.notion.com
      notion-version:
      - '2022-06-28'
      user-agent:
      - secret...
    method: POST
    uri: https://api.notion.com/v1/databases/276974f3-b388-81d1-a897-c40032b4865b/query
  response:
    content: '{"object":"list","results":[{"object":"page","id":"276974f3-b388-81df-844b-e264ce4e78a3","created_time":"2025-09-22T09:20:00.000Z","last_edited_time":"2025-09-22T09:20:00.000Z","created_by":{"object":"user","id":"645e79dd-3e43-40de-9d51-39357c1c427f"},"last_edited_by":{"object":"user","id":"645e79dd-3e43-40de-9d51-39357c1c427f"},"cover":null,"icon":null,"parent":{"type":"database_id","database_id":"276974f3-b388-81d1-a897-c40032b4865b"},"archived":false,"in_trash":false,"is_locked":false,"properties":{"Checkbox":{"id":"ev%3ER","type":"checkbox","checkbox":true},"Files":{"id":"veVe","type":"files","files":[]},"Title":{"id":"title","type":"title","title":[{"type":"text","text":{"content":"Checkbox","link":null},"annotations":{"bold":false,"italic":false,"strikethrough":false,"underline":false,"code":false,"color":"default"},"plain_text":"Checkbox","href":null}]}},"url":"https://www.notion.so/Checkbox-276974f3b38881df844be264ce4e78a3","public_url":null},{"object":"page","id":"276974f3-b388-81a5-83df-c7026d378117","created_time":"2025-09-22T09:20:00.000Z","last_edited_time":"2025-09-22T09:20:00.000Z","created_by":{"object":"user","id":"645e79dd-3e43-40de-9d51-39357c1c427f"},"last_edited_by":{"object":"user","id":"645e79dd-3e43-40de-9d51-39357c1c427f"},"cover":null,"icon":null,"parent":{"type":"database_id","database_id":"276974f3-b388-81d1-a897-c40032b4865b"},"archived":false,"in_trash":false,"is_locked":false,"properties":{"Checkbox":{"id":"ev%3ER","type":"checkbox","checkbox":false},"Files":{"id":"veVe","type":"files","files":[]},"Title":{"id":"title","type":"title","title":[]}},"url":"https://www.notion.so/276974f3b38881a583dfc7026d378117","public_url":null}],"next_cursor":null,"has_more":false,"type":"page_or_database","page_or_database":{},"request_id":"15958c84-1326-414c-b5b6-aa0ecc8ddba9"}'
    headers:
      CF-Cache-Status:
      - DYNAMIC
      CF-Ray:
      - 9830ba608bd89e0d-FRA
      Connection:
      - keep-alive
      Content-Encoding:
      - gzip
      Content-Type:
      - application/json; charset=utf-8
      Server:
      - cloudflare
      Strict-Transport-Security:
      - max-age=31536000; includeSubDomains; preload
      Transfer-Encoding:
      - chunked
      Vary:
      - Accept-Encoding
      alt-svc:
      - h3=":443"; ma=86400
      content-security-policy:
      - default-src 'none'
      referrer-policy:
      - strict-origin-when-cross-origin
      x-content-type-options:
      - nosniff
      x-dns-prefetch-control:
      - 'off'
      x-download-options:
      - noopen
      x-frame-options:
      - SAMEORIGIN
      x-notion-request-id:
      - 15958c84-1326-414c-b5b6-aa0ecc8ddba9
      x-permitted-cross-domain-policies:
      - none
      x-xss-protection:
      - '0'
    http_version: HTTP/1.1
    status_code: 200
- request:
    body: '{"filter": {"files": {"is_not_empty": true}, "property": "Files"}, "page_size":
      100}'
    headers:
      accept:
      - '*/*'
      accept-encoding:
      - gzip, deflate
      authorization:
      - secret...
      connection:
      - keep-alive
      content-length:
      - '77'
      content-type:
      - application/json
      cookie:
      - secret...
      host:
      - api.notion.com
      notion-version:
      - '2022-06-28'
      user-agent:
      - secret...
    method: POST
    uri: https://api.notion.com/v1/databases/276974f3-b388-81d1-a897-c40032b4865b/query
  response:
    content: '{"object":"list","results":[{"object":"page","id":"276974f3-b388-8105-83b5-f5cce8982470","created_time":"2025-09-22T09:20:00.000Z","last_edited_time":"2025-09-22T09:20:00.000Z","created_by":{"object":"user","id":"645e79dd-3e43-40de-9d51-39357c1c427f"},"last_edited_by":{"object":"user","id":"645e79dd-3e43-40de-9d51-39357c1c427f"},"cover":null,"icon":null,"parent":{"type":"database_id","database_id":"276974f3-b388-81d1-a897-c40032b4865b"},"archived":false,"in_trash":false,"is_locked":false,"properties":{"Checkbox":{"id":"ev%3ER","type":"checkbox","checkbox":false},"Files":{"id":"veVe","type":"files","files":[{"name":"image","type":"external","external":{"url":"https://some-site.com/image.png"}}]},"Title":{"id":"title","type":"title","title":[{"type":"text","text":{"content":"Files","link":null},"annotations":{"bold":false,"italic":false,"strikethrough":false,"underline":false,"code":false,"color":"default"},"plain_text":"Files","href":null}]}},"url":"https://www.notion.so/Files-276974f3b388810583b5f5cce8982470","public_url":null}],"next_cursor":null,"has_more":false,"type":"page_or_database","page_or_database":{},"request_id":"bf57ed17-5fe5-4be6-b516-68da861d2b47"}'
    headers:
      CF-Cache-Status:
      - DYNAMIC
      CF-Ray:
      - 9830ba62d8dd9e0d-FRA
      Connection:
      - keep-alive
      Content-Encoding:
      - gzip
      Content-Type:
      - application/json; charset=utf-8
      Server:
      - cloudflare
      Strict-Transport-Security:
      - max-age=31536000; includeSubDomains; preload
      Transfer-Encoding:
      - chunked
      Vary:
      - Accept-Encoding
      alt-svc:
      - h3=":443"; ma=86400
      content-security-policy:
      - default-src 'none'
      referrer-policy:
      - strict-origin-when-cross-origin
      x-content-type-options:
      - nosniff
      x-dns-prefetch-control:
      - 'off'
      x-download-options:
      - noopen
      x-frame-options:
      - SAMEORIGIN
      x-notion-request-id:
      - bf57ed17-5fe5-4be6-b516-68da861d2b47
      x-permitted-cross-domain-policies:
      - none
      x-xss-protection:
      - '0'
    http_version: HTTP/1.1
    status_code: 200
- request:
    body: '{"filter": {"checkbox": {"equals": true}, "property": "Checkbox"}, "page_size":
      100}'
    headers:
      accept:
      - '*/*'
      accept-encoding:
      - gzip, deflate
      authorization:
      - secret...
      connection:
      - keep-alive
      content-length:
      - '77'
      content-type:
      - application/json
      cookie:
      - secret...
      host:
      - api.notion.com
      notion-version:
      - '2022-06-28'
      user-agent:
      - secret...
    method: POST
    uri: https://api.notion.com/v1/databases/276974f3-b388-81d1-a897-c40032b4865b/query
  response:
    content: '{"object":"list","results":[{"object":"page","id":"276974f3-b388-81df-844b-e264ce4e78a3","created_time":"2025-09-22T09:20:00.000Z","last_edited_time":"2025-09-22T09:20:00.000Z","created_by":{"object":"user","id":"645e79dd-3e43-40de-9d51-39357c1c427f"},"last_edited_by":{"object":"user","id":"645e79dd-3e43-40de-9d51-39357c1c427f"},"cover":null,"icon":null,"parent":{"type":"database_id","database_id":"276974f3-b388-81d1-a897-c40032b4865b"},"archived":false,"in_trash":false,"is_locked":false,"properties":{"Checkbox":{"id":"ev%3ER","type":"checkbox","checkbox":true},"Files":{"id":"veVe","type":"files","files":[]},"Title":{"id":"title","type":"title","title":[{"type":"text","text":{"content":"Checkbox","link":null},"annotations":{"bold":false,"italic":false,"strikethrough":false,"underline":false,"code":false,"color":"default"},"plain_text":"Checkbox","href":null}]}},"url":"https://www.notion.so/Checkbox-276974f3b38881df844be264ce4e78a3","public_url":null}],"next_cursor":null,"has_more":false,"type":"page_or_database","page_or_database":{},"request_id":"3a34d9ea-338d-478e-8eda-a5754003cf96"}'
    headers:
      CF-Cache-Status:
      - DYNAMIC
      CF-Ray:
      - 9830ba697e229e0d-FRA
      Connection:
      - keep-alive
      Content-Encoding:
      - gzip
      Content-Type:
      - application/json; charset=utf-8
      Server:
      - cloudflare
      Strict-Transport-Security:
      - max-age=31536000; includeSubDomains; preload
      Transfer-Encoding:
      - chunked
      Vary:
      - Accept-Encoding
      alt-svc:
      - h3=":443"; ma=86400
      content-security-policy:
      - default-src 'none'
      referrer-policy:
      - strict-origin-when-cross-origin
      x-content-type-options:
      - nosniff
      x-dns-prefetch-control:
      - 'off'
      x-download-options:
      - noopen
      x-frame-options:
      - SAMEORIGIN
      x-notion-request-id:
      - 3a34d9ea-338d-478e-8eda-a5754003cf96
      x-permitted-cross-domain-policies:
      - none
      x-xss-protection:
      - '0'
    http_version: HTTP/1.1
    status_code: 200
- request:
    body: '{"filter": {"checkbox": {"equals": false}, "property": "Checkbox"}, "page_size":
      100}'
    headers:
      accept:
      - '*/*'
      accept-encoding:
      - gzip, deflate
      authorization:
      - secret...
      connection:
      - keep-alive
      content-length:
      - '78'
      content-type:
      - application/json
      cookie:
      - secret...
      host:
      - api.notion.com
      notion-version:
      - '2022-06-28'
      user-agent:
      - secret...
    method: POST
    uri: https://api.notion.com/v1/databases/276974f3-b388-81d1-a897-c40032b4865b/query
  response:
    content: '{"object":"list","results":[{"object":"page","id":"276974f3-b388-8105-83b5-f5cce8982470","created_time":"2025-09-22T09:20:00.000Z","last_edited_time":"2025-09-22T09:20:00.000Z","created_by":{"object":"user","id":"645e79dd-3e43-40de-9d51-39357c1c427f"},"last_edited_by":{"object":"user","id":"645e79dd-3e43-40de-9d51-39357c1c427f"},"cover":null,"icon":null,"parent":{"type":"database_id","database_id":"276974f3-b388-81d1-a897-c40032b4865b"},"archived":false,"in_trash":false,"is_locked":false,"properties":{"Checkbox":{"id":"ev%3ER","type":"checkbox","checkbox":false},"Files":{"id":"veVe","type":"files","files":[{"name":"image","type":"external","external":{"url":"https://some-site.com/image.png"}}]},"Title":{"id":"title","type":"title","title":[{"type":"text","text":{"content":"Files","link":null},"annotations":{"bold":false,"italic":false,"strikethrough":false,"underline":false,"code":false,"color":"default"},"plain_text":"Files","href":null}]}},"url":"https://www.notion.so/Files-276974f3b388810583b5f5cce8982470","public_url":null},{"object":"page","id":"276974f3-b388-81a5-83df-c7026d378117","created_time":"2025-09-22T09:20:00.000Z","last_edited_time":"2025-09-22T09:20:00.000Z","created_by":{"object":"user","id":"645e79dd-3e43-40de-9d51-39357c1c427f"},"last_edited_by":{"object":"user","id":"645e79dd-3e43-40de-9d51-39357c1c427f"},"cover":null,"icon":null,"parent":{"type":"database_id","database_id":"276974f3-b388-81d1-a897-c40032b4865b"},"archived":false,"in_trash":false,"is_locked":false,"properties":{"Checkbox":{"id":"ev%3ER","type":"checkbox","checkbox":false},"Files":{"id":"veVe","type":"files","files":[]},"Title":{"id":"title","type":"title","title":[]}},"url":"https://www.notion.so/276974f3b38881a583dfc7026d378117","public_url":null}],"next_cursor":null,"has_more":false,"type":"page_or_database","page_or_database":{},"request_id":"f55bd079-1106-42f4-8f9a-e63c2984f66d"}'
    headers:
      CF-Cache-Status:
      - DYNAMIC
      CF-Ray:
      - 9830ba6c7bab9e0d-FRA
      Connection:
      - keep-alive
      Content-Encoding:
      - gzip
      Content-Type:
      - application/json; charset=utf-8
      Server:
      - cloudflare
      Strict-Transport-Security:
      - max-age=31536000; includeSubDomains; preload
      Transfer-Encoding:
      - chunked
      Vary:
      - Accept-Encoding
      alt-svc:
      - h3=":443"; ma=86400
      content-security-policy:
      - default-src 'none'
      referrer-policy:
      - strict-origin-when-cross-origin
      x-content-type-options:
      - nosniff
      x-dns-prefetch-control:
      - 'off'
      x-download-options:
      - noopen
      x-frame-options:
      - SAMEORIGIN
      x-notion-request-id:
      - f55bd079-1106-42f4-8f9a-e63c2984f66d
      x-permitted-cross-domain-policies:
      - none
      x-xss-protection:
      - '0'
    http_version: HTTP/1.1
    status_code: 200
- request:
    body: '{"filter": {"checkbox": {"does_not_equal": false}, "property": "Checkbox"},
      "page_size": 100}'
    headers:
      accept:
      - '*/*'
      accept-encoding:
      - gzip, deflate
      authorization:
      - secret...
      connection:
      - keep-alive
      content-length:
      - '86'
      content-type:
      - application/json
      cookie:
      - secret...
      host:
      - api.notion.com
      notion-version:
      - '2022-06-28'
      user-agent:
      - secret...
    method: POST
    uri: https://api.notion.com/v1/databases/276974f3-b388-81d1-a897-c40032b4865b/query
  response:
    content: '{"object":"list","results":[{"object":"page","id":"276974f3-b388-81df-844b-e264ce4e78a3","created_time":"2025-09-22T09:20:00.000Z","last_edited_time":"2025-09-22T09:20:00.000Z","created_by":{"object":"user","id":"645e79dd-3e43-40de-9d51-39357c1c427f"},"last_edited_by":{"object":"user","id":"645e79dd-3e43-40de-9d51-39357c1c427f"},"cover":null,"icon":null,"parent":{"type":"database_id","database_id":"276974f3-b388-81d1-a897-c40032b4865b"},"archived":false,"in_trash":false,"is_locked":false,"properties":{"Checkbox":{"id":"ev%3ER","type":"checkbox","checkbox":true},"Files":{"id":"veVe","type":"files","files":[]},"Title":{"id":"title","type":"title","title":[{"type":"text","text":{"content":"Checkbox","link":null},"annotations":{"bold":false,"italic":false,"strikethrough":false,"underline":false,"code":false,"color":"default"},"plain_text":"Checkbox","href":null}]}},"url":"https://www.notion.so/Checkbox-276974f3b38881df844be264ce4e78a3","public_url":null}],"next_cursor":null,"has_more":false,"type":"page_or_database","page_or_database":{},"request_id":"30d0b125-ee1a-48af-be9b-63d8fe24f7dc"}'
    headers:
      CF-Cache-Status:
      - DYNAMIC
      CF-Ray:
      - 9830ba70fbde9e0d-FRA
      Connection:
      - keep-alive
      Content-Encoding:
      - gzip
      Content-Type:
      - application/json; charset=utf-8
      Server:
      - cloudflare
      Strict-Transport-Security:
      - max-age=31536000; includeSubDomains; preload
      Transfer-Encoding:
      - chunked
      Vary:
      - Accept-Encoding
      alt-svc:
      - h3=":443"; ma=86400
      content-security-policy:
      - default-src 'none'
      referrer-policy:
      - strict-origin-when-cross-origin
      x-content-type-options:
      - nosniff
      x-dns-prefetch-control:
      - 'off'
      x-download-options:
      - noopen
      x-frame-options:
      - SAMEORIGIN
      x-notion-request-id:
      - 30d0b125-ee1a-48af-be9b-63d8fe24f7dc
      x-permitted-cross-domain-policies:
      - none
      x-xss-protection:
      - '0'
    http_version: HTTP/1.1
    status_code: 200
- request:
    body: '{"filter": {"checkbox": {"does_not_equal": true}, "property": "Checkbox"},
      "page_size": 100}'
    headers:
      accept:
      - '*/*'
      accept-encoding:
      - gzip, deflate
      authorization:
      - secret...
      connection:
      - keep-alive
      content-length:
      - '85'
      content-type:
      - application/json
      cookie:
      - secret...
      host:
      - api.notion.com
      notion-version:
      - '2022-06-28'
      user-agent:
      - secret...
    method: POST
    uri: https://api.notion.com/v1/databases/276974f3-b388-81d1-a897-c40032b4865b/query
  response:
    content: '{"object":"list","results":[{"object":"page","id":"276974f3-b388-8105-83b5-f5cce8982470","created_time":"2025-09-22T09:20:00.000Z","last_edited_time":"2025-09-22T09:20:00.000Z","created_by":{"object":"user","id":"645e79dd-3e43-40de-9d51-39357c1c427f"},"last_edited_by":{"object":"user","id":"645e79dd-3e43-40de-9d51-39357c1c427f"},"cover":null,"icon":null,"parent":{"type":"database_id","database_id":"276974f3-b388-81d1-a897-c40032b4865b"},"archived":false,"in_trash":false,"is_locked":false,"properties":{"Checkbox":{"id":"ev%3ER","type":"checkbox","checkbox":false},"Files":{"id":"veVe","type":"files","files":[{"name":"image","type":"external","external":{"url":"https://some-site.com/image.png"}}]},"Title":{"id":"title","type":"title","title":[{"type":"text","text":{"content":"Files","link":null},"annotations":{"bold":false,"italic":false,"strikethrough":false,"underline":false,"code":false,"color":"default"},"plain_text":"Files","href":null}]}},"url":"https://www.notion.so/Files-276974f3b388810583b5f5cce8982470","public_url":null},{"object":"page","id":"276974f3-b388-81a5-83df-c7026d378117","created_time":"2025-09-22T09:20:00.000Z","last_edited_time":"2025-09-22T09:20:00.000Z","created_by":{"object":"user","id":"645e79dd-3e43-40de-9d51-39357c1c427f"},"last_edited_by":{"object":"user","id":"645e79dd-3e43-40de-9d51-39357c1c427f"},"cover":null,"icon":null,"parent":{"type":"database_id","database_id":"276974f3-b388-81d1-a897-c40032b4865b"},"archived":false,"in_trash":false,"is_locked":false,"properties":{"Checkbox":{"id":"ev%3ER","type":"checkbox","checkbox":false},"Files":{"id":"veVe","type":"files","files":[]},"Title":{"id":"title","type":"title","title":[]}},"url":"https://www.notion.so/276974f3b38881a583dfc7026d378117","public_url":null}],"next_cursor":null,"has_more":false,"type":"page_or_database","page_or_database":{},"request_id":"70e1a46a-3924-484d-a2df-0aea0a042c32"}'
    headers:
      CF-Cache-Status:
      - DYNAMIC
      CF-Ray:
      - 9830ba72ef669e0d-FRA
      Connection:
      - keep-alive
      Content-Encoding:
      - gzip
      Content-Type:
      - application/json; charset=utf-8
      Server:
      - cloudflare
      Strict-Transport-Security:
      - max-age=31536000; includeSubDomains; preload
      Transfer-Encoding:
      - chunked
      Vary:
      - Accept-Encoding
      alt-svc:
      - h3=":443"; ma=86400
      content-security-policy:
      - default-src 'none'
      referrer-policy:
      - strict-origin-when-cross-origin
      x-content-type-options:
      - nosniff
      x-dns-prefetch-control:
      - 'off'
      x-download-options:
      - noopen
      x-frame-options:
      - SAMEORIGIN
      x-notion-request-id:
      - 70e1a46a-3924-484d-a2df-0aea0a042c32
      x-permitted-cross-domain-policies:
      - none
      x-xss-protection:
      - '0'
    http_version: HTTP/1.1
    status_code: 200
version: 1
