interactions:
- request:
    body: '{"query": "Tests", "filter": {"property": "object", "value": "page"}, "page_size":
      100}'
    headers:
      accept:
      - '*/*'
      accept-encoding:
      - gzip, deflate
      authorization:
      - secret...
      connection:
      - keep-alive
      content-length:
      - '87'
      content-type:
      - application/json
      host:
      - api.notion.com
      notion-version:
      - '2022-06-28'
      user-agent:
      - secret...
    method: POST
    uri: https://api.notion.com/v1/search
  response:
    content: '{"object":"list","results":[{"object":"page","id":"5f505199-b292-4713-920b-61d813bf72a3","created_time":"2022-08-22T15:47:00.000Z","last_edited_time":"2024-08-07T07:40:00.000Z","created_by":{"object":"user","id":"b10cb6df-12ef-44d3-88ad-250168f66322"},"last_edited_by":{"object":"user","id":"645e79dd-3e43-40de-9d51-39357c1c427f"},"cover":null,"icon":null,"parent":{"type":"workspace","workspace":true},"archived":false,"in_trash":false,"properties":{"title":{"id":"title","type":"title","title":[{"type":"text","text":{"content":"Tests","link":null},"annotations":{"bold":false,"italic":false,"strikethrough":false,"underline":false,"code":false,"color":"default"},"plain_text":"Tests","href":null}]}},"url":"https://www.notion.so/Tests-5f505199b2924713920b61d813bf72a3","public_url":null}],"next_cursor":null,"has_more":false,"type":"page_or_database","page_or_database":{},"request_id":"f8fab6f1-4edb-4cb5-b196-3d8f835e9a20"}'
    headers:
      CF-Cache-Status:
      - DYNAMIC
      CF-Ray:
      - 8af5a079beb3917d-FRA
      Connection:
      - keep-alive
      Content-Encoding:
      - gzip
      Content-Type:
      - application/json; charset=utf-8
      Server:
      - cloudflare
      Set-Cookie:
      - __cf_bm=_K27fl7N35b19boqdXkrbTPYEAhEy8iMLOcvP.bto24-1723016514-1.0.1.1-YvTnIvAtxrl8.LOFnjJSirqC6MR21PM6JDDIQEHOD1qM8SbjNGwYduQuibtFOuWZOZ7RvG6IKaJOBMrjXolxVQ;
        path=/; expires=Wed, 07-Aug-24 08:11:54 GMT; domain=.notion.com; HttpOnly;
        Secure; SameSite=None
      Transfer-Encoding:
      - chunked
      Vary:
      - Accept-Encoding
      x-notion-request-id:
      - f8fab6f1-4edb-4cb5-b196-3d8f835e9a20
      x-powered-by:
      - Express
    http_version: HTTP/1.1
    status_code: 200
- request:
    body: '{"parent": {"type": "page_id", "page_id": "5f505199-b292-4713-920b-61d813bf72a3"},
      "properties": {"title": {"type": "title", "title": [{"type": "text", "plain_text":
      "Autogenerated page", "annotations": {"bold": false, "italic": false, "strikethrough":
      false, "underline": false, "code": false, "color": "default"}, "text": {"content":
      "Autogenerated page"}}]}}}'
    headers:
      accept:
      - '*/*'
      accept-encoding:
      - gzip, deflate
      authorization:
      - secret...
      connection:
      - keep-alive
      content-length:
      - '362'
      content-type:
      - application/json
      cookie:
      - secret...
      host:
      - api.notion.com
      notion-version:
      - '2022-06-28'
      user-agent:
      - secret...
    method: POST
    uri: https://api.notion.com/v1/pages
  response:
    content: '{"object":"page","id":"5a09242b-1f31-4112-9314-44274765bb6f","created_time":"2024-08-07T07:41:00.000Z","last_edited_time":"2024-08-07T07:41:00.000Z","created_by":{"object":"user","id":"645e79dd-3e43-40de-9d51-39357c1c427f"},"last_edited_by":{"object":"user","id":"645e79dd-3e43-40de-9d51-39357c1c427f"},"cover":null,"icon":null,"parent":{"type":"page_id","page_id":"5f505199-b292-4713-920b-61d813bf72a3"},"archived":false,"in_trash":false,"properties":{"title":{"id":"title","type":"title","title":[{"type":"text","text":{"content":"Autogenerated
      page","link":null},"annotations":{"bold":false,"italic":false,"strikethrough":false,"underline":false,"code":false,"color":"default"},"plain_text":"Autogenerated
      page","href":null}]}},"url":"https://www.notion.so/Autogenerated-page-5a09242b1f314112931444274765bb6f","public_url":null,"request_id":"7aa426bc-9856-4020-ad61-18e61695de65"}'
    headers:
      CF-Cache-Status:
      - DYNAMIC
      CF-Ray:
      - 8af5a07f5cf0917d-FRA
      Connection:
      - keep-alive
      Content-Encoding:
      - gzip
      Content-Type:
      - application/json; charset=utf-8
      Server:
      - cloudflare
      Transfer-Encoding:
      - chunked
      Vary:
      - Accept-Encoding
      x-notion-request-id:
      - 7aa426bc-9856-4020-ad61-18e61695de65
      x-powered-by:
      - Express
    http_version: HTTP/1.1
    status_code: 200
- request:
    body: ''
    headers:
      accept:
      - '*/*'
      accept-encoding:
      - gzip, deflate
      authorization:
      - secret...
      connection:
      - keep-alive
      cookie:
      - secret...
      host:
      - api.notion.com
      notion-version:
      - '2022-06-28'
      user-agent:
      - secret...
    method: GET
    uri: https://api.notion.com/v1/blocks/5a09242b-1f31-4112-9314-44274765bb6f/children?page_size=100
  response:
    content: '{"object":"list","results":[],"next_cursor":null,"has_more":false,"type":"block","block":{},"request_id":"4948c0db-8ed7-411e-889b-98f92c6730c0"}'
    headers:
      CF-Cache-Status:
      - DYNAMIC
      CF-Ray:
      - 8af5a090bb10917d-FRA
      Connection:
      - keep-alive
      Content-Encoding:
      - gzip
      Content-Type:
      - application/json; charset=utf-8
      Server:
      - cloudflare
      Transfer-Encoding:
      - chunked
      Vary:
      - Accept-Encoding
      x-notion-request-id:
      - 4948c0db-8ed7-411e-889b-98f92c6730c0
      x-powered-by:
      - Express
    http_version: HTTP/1.1
    status_code: 200
- request:
    body: '{"children": [{"type": "heading_1", "object": "block", "has_children":
      false, "in_trash": false, "archived": false, "heading_1": {"rich_text": [{"type":
      "text", "plain_text": "My new page", "annotations": {"bold": false, "italic":
      false, "strikethrough": false, "underline": false, "code": false, "color": "default"},
      "text": {"content": "My new page"}}], "color": "default", "is_toggleable": false}}]}'
    headers:
      accept:
      - '*/*'
      accept-encoding:
      - gzip, deflate
      authorization:
      - secret...
      connection:
      - keep-alive
      content-length:
      - '402'
      content-type:
      - application/json
      cookie:
      - secret...
      host:
      - api.notion.com
      notion-version:
      - '2022-06-28'
      user-agent:
      - secret...
    method: PATCH
    uri: https://api.notion.com/v1/blocks/5a09242b-1f31-4112-9314-44274765bb6f/children
  response:
    content: '{"object":"list","results":[{"object":"block","id":"5df0d5d9-12da-4ba5-b24b-b78eebf6bf5e","parent":{"type":"page_id","page_id":"5a09242b-1f31-4112-9314-44274765bb6f"},"created_time":"2024-08-07T07:41:00.000Z","last_edited_time":"2024-08-07T07:41:00.000Z","created_by":{"object":"user","id":"645e79dd-3e43-40de-9d51-39357c1c427f"},"last_edited_by":{"object":"user","id":"645e79dd-3e43-40de-9d51-39357c1c427f"},"has_children":false,"archived":false,"in_trash":false,"type":"heading_1","heading_1":{"rich_text":[{"type":"text","text":{"content":"My
      new page","link":null},"annotations":{"bold":false,"italic":false,"strikethrough":false,"underline":false,"code":false,"color":"default"},"plain_text":"My
      new page","href":null}],"is_toggleable":false,"color":"default"}}],"next_cursor":null,"has_more":false,"type":"block","block":{},"request_id":"70677f3c-0c2f-45a9-b384-6d9fcefba2d2"}'
    headers:
      CF-Cache-Status:
      - DYNAMIC
      CF-Ray:
      - 8af5a0926d32917d-FRA
      Connection:
      - keep-alive
      Content-Encoding:
      - gzip
      Content-Type:
      - application/json; charset=utf-8
      Server:
      - cloudflare
      Transfer-Encoding:
      - chunked
      Vary:
      - Accept-Encoding
      x-notion-request-id:
      - 70677f3c-0c2f-45a9-b384-6d9fcefba2d2
      x-powered-by:
      - Express
    http_version: HTTP/1.1
    status_code: 200
- request:
    body: '{"children": [{"type": "paragraph", "object": "block", "has_children":
      false, "in_trash": false, "archived": false, "paragraph": {"rich_text": [{"type":
      "text", "plain_text": "Some text...", "annotations": {"bold": false, "italic":
      false, "strikethrough": false, "underline": false, "code": false, "color": "default"},
      "text": {"content": "Some text..."}}], "color": "default"}}, {"type": "code",
      "object": "block", "has_children": false, "in_trash": false, "archived": false,
      "code": {"rich_text": [{"type": "text", "plain_text": "SELECT * FROM MY_TABLE",
      "annotations": {"bold": false, "italic": false, "strikethrough": false, "underline":
      false, "code": false, "color": "default"}, "text": {"content": "SELECT * FROM
      MY_TABLE"}}], "caption": [{"type": "text", "plain_text": "SQL Query", "annotations":
      {"bold": false, "italic": false, "strikethrough": false, "underline": false,
      "code": false, "color": "default"}, "text": {"content": "SQL Query"}}], "language":
      "sql"}}, {"type": "quote", "object": "block", "has_children": false, "in_trash":
      false, "archived": false, "quote": {"rich_text": [{"type": "text", "plain_text":
      "\"You know, for a mathematician, he did not have enough imagination. But he
      has become a poet and now he is fine.\" - D. Hilbert", "annotations": {"bold":
      false, "italic": false, "strikethrough": false, "underline": false, "code":
      false, "color": "default"}, "text": {"content": "\"You know, for a mathematician,
      he did not have enough imagination. But he has become a poet and now he is fine.\"
      - D. Hilbert"}}], "color": "blue"}}, {"type": "callout", "object": "block",
      "has_children": false, "in_trash": false, "archived": false, "callout": {"rich_text":
      [{"type": "text", "plain_text": "Ultimate Notion rocks!", "annotations": {"bold":
      false, "italic": false, "strikethrough": false, "underline": false, "code":
      false, "color": "default"}, "text": {"content": "Ultimate Notion rocks!"}}],
      "icon": {"type": "emoji", "emoji": "\ud83d\ude80"}, "color": "purple_background"}},
      {"type": "heading_2", "object": "block", "has_children": false, "in_trash":
      false, "archived": false, "heading_2": {"rich_text": [{"type": "text", "plain_text":
      "Showing off some more...", "annotations": {"bold": false, "italic": false,
      "strikethrough": false, "underline": false, "code": false, "color": "default"},
      "text": {"content": "Showing off some more..."}}], "color": "default", "is_toggleable":
      false}}, {"type": "bulleted_list_item", "object": "block", "has_children": false,
      "in_trash": false, "archived": false, "bulleted_list_item": {"rich_text": [{"type":
      "text", "plain_text": "First bulleted item", "annotations": {"bold": false,
      "italic": false, "strikethrough": false, "underline": false, "code": false,
      "color": "default"}, "text": {"content": "First bulleted item"}}], "color":
      "default"}}, {"type": "bulleted_list_item", "object": "block", "has_children":
      false, "in_trash": false, "archived": false, "bulleted_list_item": {"rich_text":
      [{"type": "text", "plain_text": "Second bulleted item", "annotations": {"bold":
      false, "italic": false, "strikethrough": false, "underline": false, "code":
      false, "color": "default"}, "text": {"content": "Second bulleted item"}}], "color":
      "default"}}, {"type": "numbered_list_item", "object": "block", "has_children":
      false, "in_trash": false, "archived": false, "numbered_list_item": {"rich_text":
      [{"type": "text", "plain_text": "First numbered item", "annotations": {"bold":
      false, "italic": false, "strikethrough": false, "underline": false, "code":
      false, "color": "default"}, "text": {"content": "First numbered item"}}], "color":
      "red"}}, {"type": "numbered_list_item", "object": "block", "has_children": false,
      "in_trash": false, "archived": false, "numbered_list_item": {"rich_text": [{"type":
      "text", "plain_text": "Second numbered item", "annotations": {"bold": false,
      "italic": false, "strikethrough": false, "underline": false, "code": false,
      "color": "default"}, "text": {"content": "Second numbered item"}}], "color":
      "red"}}, {"type": "to_do", "object": "block", "has_children": false, "in_trash":
      false, "archived": false, "to_do": {"rich_text": [{"type": "text", "plain_text":
      "First checked Todo", "annotations": {"bold": false, "italic": false, "strikethrough":
      false, "underline": false, "code": false, "color": "default"}, "text": {"content":
      "First checked Todo"}}], "checked": true, "color": "default"}}, {"type": "to_do",
      "object": "block", "has_children": false, "in_trash": false, "archived": false,
      "to_do": {"rich_text": [{"type": "text", "plain_text": "Second open Todo", "annotations":
      {"bold": false, "italic": false, "strikethrough": false, "underline": false,
      "code": false, "color": "default"}, "text": {"content": "Second open Todo"}}],
      "checked": false, "color": "default"}}, {"type": "toggle", "object": "block",
      "has_children": false, "in_trash": false, "archived": false, "toggle": {"rich_text":
      [{"type": "text", "plain_text": "Toggle item", "annotations": {"bold": false,
      "italic": false, "strikethrough": false, "underline": false, "code": false,
      "color": "default"}, "text": {"content": "Toggle item"}}], "color": "default"}},
      {"type": "divider", "object": "block", "has_children": false, "in_trash": false,
      "archived": false, "divider": {}}, {"type": "heading_3", "object": "block",
      "has_children": false, "in_trash": false, "archived": false, "heading_3": {"rich_text":
      [{"type": "text", "plain_text": "Some more fancy stuff...", "annotations": {"bold":
      false, "italic": false, "strikethrough": false, "underline": false, "code":
      false, "color": "default"}, "text": {"content": "Some more fancy stuff..."}}],
      "color": "default", "is_toggleable": false}}, {"type": "table_of_contents",
      "object": "block", "has_children": false, "in_trash": false, "archived": false,
      "table_of_contents": {"color": "pink"}}, {"type": "breadcrumb", "object": "block",
      "has_children": false, "in_trash": false, "archived": false, "breadcrumb": {}},
      {"type": "embed", "object": "block", "has_children": false, "in_trash": false,
      "archived": false, "embed": {"url": "https://www.youtube.com/watch?v=dQw4w9WgXcQ",
      "caption": [{"type": "text", "plain_text": "Rick", "annotations": {"bold": false,
      "italic": false, "strikethrough": false, "underline": false, "code": false,
      "color": "default"}, "text": {"content": "Rick"}}]}}, {"type": "bookmark", "object":
      "block", "has_children": false, "in_trash": false, "archived": false, "bookmark":
      {"url": "https://www.youtube.com/watch?v=dQw4w9WgXcQ"}}, {"type": "equation",
      "object": "block", "has_children": false, "in_trash": false, "archived": false,
      "equation": {"expression": "-1 = \\exp(i \\pi)"}}]}'
    headers:
      accept:
      - '*/*'
      accept-encoding:
      - gzip, deflate
      authorization:
      - secret...
      connection:
      - keep-alive
      content-length:
      - '6636'
      content-type:
      - application/json
      cookie:
      - secret...
      host:
      - api.notion.com
      notion-version:
      - '2022-06-28'
      user-agent:
      - secret...
    method: PATCH
    uri: https://api.notion.com/v1/blocks/5a09242b-1f31-4112-9314-44274765bb6f/children
  response:
    content: "{\"object\":\"list\",\"results\":[{\"object\":\"block\",\"id\":\"7365fa98-ca01-4d2b-899f-6a93fd0df52e\",\"parent\":{\"type\":\"page_id\",\"page_id\":\"5a09242b-1f31-4112-9314-44274765bb6f\"},\"created_time\":\"2024-08-07T07:42:00.000Z\",\"last_edited_time\":\"2024-08-07T07:42:00.000Z\",\"created_by\":{\"object\":\"user\",\"id\":\"645e79dd-3e43-40de-9d51-39357c1c427f\"},\"last_edited_by\":{\"object\":\"user\",\"id\":\"645e79dd-3e43-40de-9d51-39357c1c427f\"},\"has_children\":false,\"archived\":false,\"in_trash\":false,\"type\":\"paragraph\",\"paragraph\":{\"rich_text\":[{\"type\":\"text\",\"text\":{\"content\":\"Some
      text...\",\"link\":null},\"annotations\":{\"bold\":false,\"italic\":false,\"strikethrough\":false,\"underline\":false,\"code\":false,\"color\":\"default\"},\"plain_text\":\"Some
      text...\",\"href\":null}],\"color\":\"default\"}},{\"object\":\"block\",\"id\":\"29dec974-9c67-4757-a4c1-c869df00fd8a\",\"parent\":{\"type\":\"page_id\",\"page_id\":\"5a09242b-1f31-4112-9314-44274765bb6f\"},\"created_time\":\"2024-08-07T07:42:00.000Z\",\"last_edited_time\":\"2024-08-07T07:42:00.000Z\",\"created_by\":{\"object\":\"user\",\"id\":\"645e79dd-3e43-40de-9d51-39357c1c427f\"},\"last_edited_by\":{\"object\":\"user\",\"id\":\"645e79dd-3e43-40de-9d51-39357c1c427f\"},\"has_children\":false,\"archived\":false,\"in_trash\":false,\"type\":\"code\",\"code\":{\"caption\":[{\"type\":\"text\",\"text\":{\"content\":\"SQL
      Query\",\"link\":null},\"annotations\":{\"bold\":false,\"italic\":false,\"strikethrough\":false,\"underline\":false,\"code\":false,\"color\":\"default\"},\"plain_text\":\"SQL
      Query\",\"href\":null}],\"rich_text\":[{\"type\":\"text\",\"text\":{\"content\":\"SELECT
      * FROM MY_TABLE\",\"link\":null},\"annotations\":{\"bold\":false,\"italic\":false,\"strikethrough\":false,\"underline\":false,\"code\":false,\"color\":\"default\"},\"plain_text\":\"SELECT
      * FROM MY_TABLE\",\"href\":null}],\"language\":\"sql\"}},{\"object\":\"block\",\"id\":\"56f8fcb4-b3a1-47cd-85b6-7bde54fdb9fe\",\"parent\":{\"type\":\"page_id\",\"page_id\":\"5a09242b-1f31-4112-9314-44274765bb6f\"},\"created_time\":\"2024-08-07T07:42:00.000Z\",\"last_edited_time\":\"2024-08-07T07:42:00.000Z\",\"created_by\":{\"object\":\"user\",\"id\":\"645e79dd-3e43-40de-9d51-39357c1c427f\"},\"last_edited_by\":{\"object\":\"user\",\"id\":\"645e79dd-3e43-40de-9d51-39357c1c427f\"},\"has_children\":false,\"archived\":false,\"in_trash\":false,\"type\":\"quote\",\"quote\":{\"rich_text\":[{\"type\":\"text\",\"text\":{\"content\":\"\\\"You
      know, for a mathematician, he did not have enough imagination. But he has become
      a poet and now he is fine.\\\" - D. Hilbert\",\"link\":null},\"annotations\":{\"bold\":false,\"italic\":false,\"strikethrough\":false,\"underline\":false,\"code\":false,\"color\":\"default\"},\"plain_text\":\"\\\"You
      know, for a mathematician, he did not have enough imagination. But he has become
      a poet and now he is fine.\\\" - D. Hilbert\",\"href\":null}],\"color\":\"blue\"}},{\"object\":\"block\",\"id\":\"66c6946d-eb9a-4b59-9964-dc051a9bb3f1\",\"parent\":{\"type\":\"page_id\",\"page_id\":\"5a09242b-1f31-4112-9314-44274765bb6f\"},\"created_time\":\"2024-08-07T07:42:00.000Z\",\"last_edited_time\":\"2024-08-07T07:42:00.000Z\",\"created_by\":{\"object\":\"user\",\"id\":\"645e79dd-3e43-40de-9d51-39357c1c427f\"},\"last_edited_by\":{\"object\":\"user\",\"id\":\"645e79dd-3e43-40de-9d51-39357c1c427f\"},\"has_children\":false,\"archived\":false,\"in_trash\":false,\"type\":\"callout\",\"callout\":{\"rich_text\":[{\"type\":\"text\",\"text\":{\"content\":\"Ultimate
      Notion rocks!\",\"link\":null},\"annotations\":{\"bold\":false,\"italic\":false,\"strikethrough\":false,\"underline\":false,\"code\":false,\"color\":\"default\"},\"plain_text\":\"Ultimate
      Notion rocks!\",\"href\":null}],\"icon\":{\"type\":\"emoji\",\"emoji\":\"\U0001F680\"},\"color\":\"purple_background\"}},{\"object\":\"block\",\"id\":\"43ca96e3-75a3-4552-922d-67fe86c1bc20\",\"parent\":{\"type\":\"page_id\",\"page_id\":\"5a09242b-1f31-4112-9314-44274765bb6f\"},\"created_time\":\"2024-08-07T07:42:00.000Z\",\"last_edited_time\":\"2024-08-07T07:42:00.000Z\",\"created_by\":{\"object\":\"user\",\"id\":\"645e79dd-3e43-40de-9d51-39357c1c427f\"},\"last_edited_by\":{\"object\":\"user\",\"id\":\"645e79dd-3e43-40de-9d51-39357c1c427f\"},\"has_children\":false,\"archived\":false,\"in_trash\":false,\"type\":\"heading_2\",\"heading_2\":{\"rich_text\":[{\"type\":\"text\",\"text\":{\"content\":\"Showing
      off some more...\",\"link\":null},\"annotations\":{\"bold\":false,\"italic\":false,\"strikethrough\":false,\"underline\":false,\"code\":false,\"color\":\"default\"},\"plain_text\":\"Showing
      off some more...\",\"href\":null}],\"is_toggleable\":false,\"color\":\"default\"}},{\"object\":\"block\",\"id\":\"88c46e36-e40d-4185-a0e1-0501928371c4\",\"parent\":{\"type\":\"page_id\",\"page_id\":\"5a09242b-1f31-4112-9314-44274765bb6f\"},\"created_time\":\"2024-08-07T07:42:00.000Z\",\"last_edited_time\":\"2024-08-07T07:42:00.000Z\",\"created_by\":{\"object\":\"user\",\"id\":\"645e79dd-3e43-40de-9d51-39357c1c427f\"},\"last_edited_by\":{\"object\":\"user\",\"id\":\"645e79dd-3e43-40de-9d51-39357c1c427f\"},\"has_children\":false,\"archived\":false,\"in_trash\":false,\"type\":\"bulleted_list_item\",\"bulleted_list_item\":{\"rich_text\":[{\"type\":\"text\",\"text\":{\"content\":\"First
      bulleted item\",\"link\":null},\"annotations\":{\"bold\":false,\"italic\":false,\"strikethrough\":false,\"underline\":false,\"code\":false,\"color\":\"default\"},\"plain_text\":\"First
      bulleted item\",\"href\":null}],\"color\":\"default\"}},{\"object\":\"block\",\"id\":\"2e6a0856-f3d4-422d-9b2f-8fdc2e7b988d\",\"parent\":{\"type\":\"page_id\",\"page_id\":\"5a09242b-1f31-4112-9314-44274765bb6f\"},\"created_time\":\"2024-08-07T07:42:00.000Z\",\"last_edited_time\":\"2024-08-07T07:42:00.000Z\",\"created_by\":{\"object\":\"user\",\"id\":\"645e79dd-3e43-40de-9d51-39357c1c427f\"},\"last_edited_by\":{\"object\":\"user\",\"id\":\"645e79dd-3e43-40de-9d51-39357c1c427f\"},\"has_children\":false,\"archived\":false,\"in_trash\":false,\"type\":\"bulleted_list_item\",\"bulleted_list_item\":{\"rich_text\":[{\"type\":\"text\",\"text\":{\"content\":\"Second
      bulleted item\",\"link\":null},\"annotations\":{\"bold\":false,\"italic\":false,\"strikethrough\":false,\"underline\":false,\"code\":false,\"color\":\"default\"},\"plain_text\":\"Second
      bulleted item\",\"href\":null}],\"color\":\"default\"}},{\"object\":\"block\",\"id\":\"2c414eef-9842-44e9-9e0a-2944ded42c33\",\"parent\":{\"type\":\"page_id\",\"page_id\":\"5a09242b-1f31-4112-9314-44274765bb6f\"},\"created_time\":\"2024-08-07T07:42:00.000Z\",\"last_edited_time\":\"2024-08-07T07:42:00.000Z\",\"created_by\":{\"object\":\"user\",\"id\":\"645e79dd-3e43-40de-9d51-39357c1c427f\"},\"last_edited_by\":{\"object\":\"user\",\"id\":\"645e79dd-3e43-40de-9d51-39357c1c427f\"},\"has_children\":false,\"archived\":false,\"in_trash\":false,\"type\":\"numbered_list_item\",\"numbered_list_item\":{\"rich_text\":[{\"type\":\"text\",\"text\":{\"content\":\"First
      numbered item\",\"link\":null},\"annotations\":{\"bold\":false,\"italic\":false,\"strikethrough\":false,\"underline\":false,\"code\":false,\"color\":\"default\"},\"plain_text\":\"First
      numbered item\",\"href\":null}],\"color\":\"red\"}},{\"object\":\"block\",\"id\":\"df9d36f2-2d76-4832-80d1-608a492bbb60\",\"parent\":{\"type\":\"page_id\",\"page_id\":\"5a09242b-1f31-4112-9314-44274765bb6f\"},\"created_time\":\"2024-08-07T07:42:00.000Z\",\"last_edited_time\":\"2024-08-07T07:42:00.000Z\",\"created_by\":{\"object\":\"user\",\"id\":\"645e79dd-3e43-40de-9d51-39357c1c427f\"},\"last_edited_by\":{\"object\":\"user\",\"id\":\"645e79dd-3e43-40de-9d51-39357c1c427f\"},\"has_children\":false,\"archived\":false,\"in_trash\":false,\"type\":\"numbered_list_item\",\"numbered_list_item\":{\"rich_text\":[{\"type\":\"text\",\"text\":{\"content\":\"Second
      numbered item\",\"link\":null},\"annotations\":{\"bold\":false,\"italic\":false,\"strikethrough\":false,\"underline\":false,\"code\":false,\"color\":\"default\"},\"plain_text\":\"Second
      numbered item\",\"href\":null}],\"color\":\"red\"}},{\"object\":\"block\",\"id\":\"032a12a9-0558-43d0-8d37-df709f41fcd0\",\"parent\":{\"type\":\"page_id\",\"page_id\":\"5a09242b-1f31-4112-9314-44274765bb6f\"},\"created_time\":\"2024-08-07T07:42:00.000Z\",\"last_edited_time\":\"2024-08-07T07:42:00.000Z\",\"created_by\":{\"object\":\"user\",\"id\":\"645e79dd-3e43-40de-9d51-39357c1c427f\"},\"last_edited_by\":{\"object\":\"user\",\"id\":\"645e79dd-3e43-40de-9d51-39357c1c427f\"},\"has_children\":false,\"archived\":false,\"in_trash\":false,\"type\":\"to_do\",\"to_do\":{\"rich_text\":[{\"type\":\"text\",\"text\":{\"content\":\"First
      checked Todo\",\"link\":null},\"annotations\":{\"bold\":false,\"italic\":false,\"strikethrough\":false,\"underline\":false,\"code\":false,\"color\":\"default\"},\"plain_text\":\"First
      checked Todo\",\"href\":null}],\"checked\":true,\"color\":\"default\"}},{\"object\":\"block\",\"id\":\"26bffa04-5c67-46f6-ba64-1a00f1ccee70\",\"parent\":{\"type\":\"page_id\",\"page_id\":\"5a09242b-1f31-4112-9314-44274765bb6f\"},\"created_time\":\"2024-08-07T07:42:00.000Z\",\"last_edited_time\":\"2024-08-07T07:42:00.000Z\",\"created_by\":{\"object\":\"user\",\"id\":\"645e79dd-3e43-40de-9d51-39357c1c427f\"},\"last_edited_by\":{\"object\":\"user\",\"id\":\"645e79dd-3e43-40de-9d51-39357c1c427f\"},\"has_children\":false,\"archived\":false,\"in_trash\":false,\"type\":\"to_do\",\"to_do\":{\"rich_text\":[{\"type\":\"text\",\"text\":{\"content\":\"Second
      open Todo\",\"link\":null},\"annotations\":{\"bold\":false,\"italic\":false,\"strikethrough\":false,\"underline\":false,\"code\":false,\"color\":\"default\"},\"plain_text\":\"Second
      open Todo\",\"href\":null}],\"checked\":false,\"color\":\"default\"}},{\"object\":\"block\",\"id\":\"e93a774f-b1cd-41c6-8afd-70abff90d87c\",\"parent\":{\"type\":\"page_id\",\"page_id\":\"5a09242b-1f31-4112-9314-44274765bb6f\"},\"created_time\":\"2024-08-07T07:42:00.000Z\",\"last_edited_time\":\"2024-08-07T07:42:00.000Z\",\"created_by\":{\"object\":\"user\",\"id\":\"645e79dd-3e43-40de-9d51-39357c1c427f\"},\"last_edited_by\":{\"object\":\"user\",\"id\":\"645e79dd-3e43-40de-9d51-39357c1c427f\"},\"has_children\":false,\"archived\":false,\"in_trash\":false,\"type\":\"toggle\",\"toggle\":{\"rich_text\":[{\"type\":\"text\",\"text\":{\"content\":\"Toggle
      item\",\"link\":null},\"annotations\":{\"bold\":false,\"italic\":false,\"strikethrough\":false,\"underline\":false,\"code\":false,\"color\":\"default\"},\"plain_text\":\"Toggle
      item\",\"href\":null}],\"color\":\"default\"}},{\"object\":\"block\",\"id\":\"f857457f-e8c2-4237-b6e0-949d74f6fd95\",\"parent\":{\"type\":\"page_id\",\"page_id\":\"5a09242b-1f31-4112-9314-44274765bb6f\"},\"created_time\":\"2024-08-07T07:42:00.000Z\",\"last_edited_time\":\"2024-08-07T07:42:00.000Z\",\"created_by\":{\"object\":\"user\",\"id\":\"645e79dd-3e43-40de-9d51-39357c1c427f\"},\"last_edited_by\":{\"object\":\"user\",\"id\":\"645e79dd-3e43-40de-9d51-39357c1c427f\"},\"has_children\":false,\"archived\":false,\"in_trash\":false,\"type\":\"divider\",\"divider\":{}},{\"object\":\"block\",\"id\":\"58334b40-91da-4a22-8abd-adbc16e19183\",\"parent\":{\"type\":\"page_id\",\"page_id\":\"5a09242b-1f31-4112-9314-44274765bb6f\"},\"created_time\":\"2024-08-07T07:42:00.000Z\",\"last_edited_time\":\"2024-08-07T07:42:00.000Z\",\"created_by\":{\"object\":\"user\",\"id\":\"645e79dd-3e43-40de-9d51-39357c1c427f\"},\"last_edited_by\":{\"object\":\"user\",\"id\":\"645e79dd-3e43-40de-9d51-39357c1c427f\"},\"has_children\":false,\"archived\":false,\"in_trash\":false,\"type\":\"heading_3\",\"heading_3\":{\"rich_text\":[{\"type\":\"text\",\"text\":{\"content\":\"Some
      more fancy stuff...\",\"link\":null},\"annotations\":{\"bold\":false,\"italic\":false,\"strikethrough\":false,\"underline\":false,\"code\":false,\"color\":\"default\"},\"plain_text\":\"Some
      more fancy stuff...\",\"href\":null}],\"is_toggleable\":false,\"color\":\"default\"}},{\"object\":\"block\",\"id\":\"0453622f-9903-4c8b-b12b-7eb5b0e80193\",\"parent\":{\"type\":\"page_id\",\"page_id\":\"5a09242b-1f31-4112-9314-44274765bb6f\"},\"created_time\":\"2024-08-07T07:42:00.000Z\",\"last_edited_time\":\"2024-08-07T07:42:00.000Z\",\"created_by\":{\"object\":\"user\",\"id\":\"645e79dd-3e43-40de-9d51-39357c1c427f\"},\"last_edited_by\":{\"object\":\"user\",\"id\":\"645e79dd-3e43-40de-9d51-39357c1c427f\"},\"has_children\":false,\"archived\":false,\"in_trash\":false,\"type\":\"table_of_contents\",\"table_of_contents\":{\"color\":\"pink\"}},{\"object\":\"block\",\"id\":\"12f745f6-cd24-4c18-b81a-d81923122554\",\"parent\":{\"type\":\"page_id\",\"page_id\":\"5a09242b-1f31-4112-9314-44274765bb6f\"},\"created_time\":\"2024-08-07T07:42:00.000Z\",\"last_edited_time\":\"2024-08-07T07:42:00.000Z\",\"created_by\":{\"object\":\"user\",\"id\":\"645e79dd-3e43-40de-9d51-39357c1c427f\"},\"last_edited_by\":{\"object\":\"user\",\"id\":\"645e79dd-3e43-40de-9d51-39357c1c427f\"},\"has_children\":false,\"archived\":false,\"in_trash\":false,\"type\":\"breadcrumb\",\"breadcrumb\":{}},{\"object\":\"block\",\"id\":\"e88ccd95-c207-43de-9163-d7ab857a0630\",\"parent\":{\"type\":\"page_id\",\"page_id\":\"5a09242b-1f31-4112-9314-44274765bb6f\"},\"created_time\":\"2024-08-07T07:42:00.000Z\",\"last_edited_time\":\"2024-08-07T07:42:00.000Z\",\"created_by\":{\"object\":\"user\",\"id\":\"645e79dd-3e43-40de-9d51-39357c1c427f\"},\"last_edited_by\":{\"object\":\"user\",\"id\":\"645e79dd-3e43-40de-9d51-39357c1c427f\"},\"has_children\":false,\"archived\":false,\"in_trash\":false,\"type\":\"embed\",\"embed\":{\"caption\":[{\"type\":\"text\",\"text\":{\"content\":\"Rick\",\"link\":null},\"annotations\":{\"bold\":false,\"italic\":false,\"strikethrough\":false,\"underline\":false,\"code\":false,\"color\":\"default\"},\"plain_text\":\"Rick\",\"href\":null}],\"url\":\"https://www.youtube.com/watch?v=dQw4w9WgXcQ\"}},{\"object\":\"block\",\"id\":\"81286613-bad1-48be-9b13-34f67c56ba63\",\"parent\":{\"type\":\"page_id\",\"page_id\":\"5a09242b-1f31-4112-9314-44274765bb6f\"},\"created_time\":\"2024-08-07T07:42:00.000Z\",\"last_edited_time\":\"2024-08-07T07:42:00.000Z\",\"created_by\":{\"object\":\"user\",\"id\":\"645e79dd-3e43-40de-9d51-39357c1c427f\"},\"last_edited_by\":{\"object\":\"user\",\"id\":\"645e79dd-3e43-40de-9d51-39357c1c427f\"},\"has_children\":false,\"archived\":false,\"in_trash\":false,\"type\":\"bookmark\",\"bookmark\":{\"caption\":[],\"url\":\"https://www.youtube.com/watch?v=dQw4w9WgXcQ\"}},{\"object\":\"block\",\"id\":\"ee9122ac-da9a-4f2b-b775-b759fc1cebea\",\"parent\":{\"type\":\"page_id\",\"page_id\":\"5a09242b-1f31-4112-9314-44274765bb6f\"},\"created_time\":\"2024-08-07T07:42:00.000Z\",\"last_edited_time\":\"2024-08-07T07:42:00.000Z\",\"created_by\":{\"object\":\"user\",\"id\":\"645e79dd-3e43-40de-9d51-39357c1c427f\"},\"last_edited_by\":{\"object\":\"user\",\"id\":\"645e79dd-3e43-40de-9d51-39357c1c427f\"},\"has_children\":false,\"archived\":false,\"in_trash\":false,\"type\":\"equation\",\"equation\":{\"expression\":\"-1
      = \\\\exp(i \\\\pi)\"}}],\"next_cursor\":null,\"has_more\":false,\"type\":\"block\",\"block\":{},\"request_id\":\"b3647549-78aa-4169-9152-08a56660b220\"}"
    headers:
      CF-Cache-Status:
      - DYNAMIC
      CF-Ray:
      - 8af5a0a2180a917d-FRA
      Connection:
      - keep-alive
      Content-Encoding:
      - gzip
      Content-Type:
      - application/json; charset=utf-8
      Server:
      - cloudflare
      Transfer-Encoding:
      - chunked
      Vary:
      - Accept-Encoding
      x-notion-request-id:
      - b3647549-78aa-4169-9152-08a56660b220
      x-powered-by:
      - Express
    http_version: HTTP/1.1
    status_code: 200
- request:
    body: '{"children": [{"type": "paragraph", "object": "block", "has_children":
      false, "in_trash": false, "archived": false, "paragraph": {"rich_text": [{"type":
      "text", "plain_text": "Some more text, which was added afterwards...", "annotations":
      {"bold": false, "italic": false, "strikethrough": false, "underline": false,
      "code": false, "color": "default"}, "text": {"content": "Some more text, which
      was added afterwards..."}}], "color": "default"}}], "after": "29dec974-9c67-4757-a4c1-c869df00fd8a"}'
    headers:
      accept:
      - '*/*'
      accept-encoding:
      - gzip, deflate
      authorization:
      - secret...
      connection:
      - keep-alive
      content-length:
      - '495'
      content-type:
      - application/json
      cookie:
      - secret...
      host:
      - api.notion.com
      notion-version:
      - '2022-06-28'
      user-agent:
      - secret...
    method: PATCH
    uri: https://api.notion.com/v1/blocks/5a09242b-1f31-4112-9314-44274765bb6f/children
  response:
    content: "{\"object\":\"list\",\"results\":[{\"object\":\"block\",\"id\":\"b243aa9b-32cd-4a56-96cc-5421d113ce27\",\"parent\":{\"type\":\"page_id\",\"page_id\":\"5a09242b-1f31-4112-9314-44274765bb6f\"},\"created_time\":\"2024-08-07T07:42:00.000Z\",\"last_edited_time\":\"2024-08-07T07:42:00.000Z\",\"created_by\":{\"object\":\"user\",\"id\":\"645e79dd-3e43-40de-9d51-39357c1c427f\"},\"last_edited_by\":{\"object\":\"user\",\"id\":\"645e79dd-3e43-40de-9d51-39357c1c427f\"},\"has_children\":false,\"archived\":false,\"in_trash\":false,\"type\":\"paragraph\",\"paragraph\":{\"rich_text\":[{\"type\":\"text\",\"text\":{\"content\":\"Some
      more text, which was added afterwards...\",\"link\":null},\"annotations\":{\"bold\":false,\"italic\":false,\"strikethrough\":false,\"underline\":false,\"code\":false,\"color\":\"default\"},\"plain_text\":\"Some
      more text, which was added afterwards...\",\"href\":null}],\"color\":\"default\"}},{\"object\":\"block\",\"id\":\"56f8fcb4-b3a1-47cd-85b6-7bde54fdb9fe\",\"parent\":{\"type\":\"page_id\",\"page_id\":\"5a09242b-1f31-4112-9314-44274765bb6f\"},\"created_time\":\"2024-08-07T07:42:00.000Z\",\"last_edited_time\":\"2024-08-07T07:42:00.000Z\",\"created_by\":{\"object\":\"user\",\"id\":\"645e79dd-3e43-40de-9d51-39357c1c427f\"},\"last_edited_by\":{\"object\":\"user\",\"id\":\"645e79dd-3e43-40de-9d51-39357c1c427f\"},\"has_children\":false,\"archived\":false,\"in_trash\":false,\"type\":\"quote\",\"quote\":{\"rich_text\":[{\"type\":\"text\",\"text\":{\"content\":\"\\\"You
      know, for a mathematician, he did not have enough imagination. But he has become
      a poet and now he is fine.\\\" - D. Hilbert\",\"link\":null},\"annotations\":{\"bold\":false,\"italic\":false,\"strikethrough\":false,\"underline\":false,\"code\":false,\"color\":\"default\"},\"plain_text\":\"\\\"You
      know, for a mathematician, he did not have enough imagination. But he has become
      a poet and now he is fine.\\\" - D. Hilbert\",\"href\":null}],\"color\":\"blue\"}},{\"object\":\"block\",\"id\":\"66c6946d-eb9a-4b59-9964-dc051a9bb3f1\",\"parent\":{\"type\":\"page_id\",\"page_id\":\"5a09242b-1f31-4112-9314-44274765bb6f\"},\"created_time\":\"2024-08-07T07:42:00.000Z\",\"last_edited_time\":\"2024-08-07T07:42:00.000Z\",\"created_by\":{\"object\":\"user\",\"id\":\"645e79dd-3e43-40de-9d51-39357c1c427f\"},\"last_edited_by\":{\"object\":\"user\",\"id\":\"645e79dd-3e43-40de-9d51-39357c1c427f\"},\"has_children\":false,\"archived\":false,\"in_trash\":false,\"type\":\"callout\",\"callout\":{\"rich_text\":[{\"type\":\"text\",\"text\":{\"content\":\"Ultimate
      Notion rocks!\",\"link\":null},\"annotations\":{\"bold\":false,\"italic\":false,\"strikethrough\":false,\"underline\":false,\"code\":false,\"color\":\"default\"},\"plain_text\":\"Ultimate
      Notion rocks!\",\"href\":null}],\"icon\":{\"type\":\"emoji\",\"emoji\":\"\U0001F680\"},\"color\":\"purple_background\"}},{\"object\":\"block\",\"id\":\"43ca96e3-75a3-4552-922d-67fe86c1bc20\",\"parent\":{\"type\":\"page_id\",\"page_id\":\"5a09242b-1f31-4112-9314-44274765bb6f\"},\"created_time\":\"2024-08-07T07:42:00.000Z\",\"last_edited_time\":\"2024-08-07T07:42:00.000Z\",\"created_by\":{\"object\":\"user\",\"id\":\"645e79dd-3e43-40de-9d51-39357c1c427f\"},\"last_edited_by\":{\"object\":\"user\",\"id\":\"645e79dd-3e43-40de-9d51-39357c1c427f\"},\"has_children\":false,\"archived\":false,\"in_trash\":false,\"type\":\"heading_2\",\"heading_2\":{\"rich_text\":[{\"type\":\"text\",\"text\":{\"content\":\"Showing
      off some more...\",\"link\":null},\"annotations\":{\"bold\":false,\"italic\":false,\"strikethrough\":false,\"underline\":false,\"code\":false,\"color\":\"default\"},\"plain_text\":\"Showing
      off some more...\",\"href\":null}],\"is_toggleable\":false,\"color\":\"default\"}},{\"object\":\"block\",\"id\":\"88c46e36-e40d-4185-a0e1-0501928371c4\",\"parent\":{\"type\":\"page_id\",\"page_id\":\"5a09242b-1f31-4112-9314-44274765bb6f\"},\"created_time\":\"2024-08-07T07:42:00.000Z\",\"last_edited_time\":\"2024-08-07T07:42:00.000Z\",\"created_by\":{\"object\":\"user\",\"id\":\"645e79dd-3e43-40de-9d51-39357c1c427f\"},\"last_edited_by\":{\"object\":\"user\",\"id\":\"645e79dd-3e43-40de-9d51-39357c1c427f\"},\"has_children\":false,\"archived\":false,\"in_trash\":false,\"type\":\"bulleted_list_item\",\"bulleted_list_item\":{\"rich_text\":[{\"type\":\"text\",\"text\":{\"content\":\"First
      bulleted item\",\"link\":null},\"annotations\":{\"bold\":false,\"italic\":false,\"strikethrough\":false,\"underline\":false,\"code\":false,\"color\":\"default\"},\"plain_text\":\"First
      bulleted item\",\"href\":null}],\"color\":\"default\"}},{\"object\":\"block\",\"id\":\"2e6a0856-f3d4-422d-9b2f-8fdc2e7b988d\",\"parent\":{\"type\":\"page_id\",\"page_id\":\"5a09242b-1f31-4112-9314-44274765bb6f\"},\"created_time\":\"2024-08-07T07:42:00.000Z\",\"last_edited_time\":\"2024-08-07T07:42:00.000Z\",\"created_by\":{\"object\":\"user\",\"id\":\"645e79dd-3e43-40de-9d51-39357c1c427f\"},\"last_edited_by\":{\"object\":\"user\",\"id\":\"645e79dd-3e43-40de-9d51-39357c1c427f\"},\"has_children\":false,\"archived\":false,\"in_trash\":false,\"type\":\"bulleted_list_item\",\"bulleted_list_item\":{\"rich_text\":[{\"type\":\"text\",\"text\":{\"content\":\"Second
      bulleted item\",\"link\":null},\"annotations\":{\"bold\":false,\"italic\":false,\"strikethrough\":false,\"underline\":false,\"code\":false,\"color\":\"default\"},\"plain_text\":\"Second
      bulleted item\",\"href\":null}],\"color\":\"default\"}},{\"object\":\"block\",\"id\":\"2c414eef-9842-44e9-9e0a-2944ded42c33\",\"parent\":{\"type\":\"page_id\",\"page_id\":\"5a09242b-1f31-4112-9314-44274765bb6f\"},\"created_time\":\"2024-08-07T07:42:00.000Z\",\"last_edited_time\":\"2024-08-07T07:42:00.000Z\",\"created_by\":{\"object\":\"user\",\"id\":\"645e79dd-3e43-40de-9d51-39357c1c427f\"},\"last_edited_by\":{\"object\":\"user\",\"id\":\"645e79dd-3e43-40de-9d51-39357c1c427f\"},\"has_children\":false,\"archived\":false,\"in_trash\":false,\"type\":\"numbered_list_item\",\"numbered_list_item\":{\"rich_text\":[{\"type\":\"text\",\"text\":{\"content\":\"First
      numbered item\",\"link\":null},\"annotations\":{\"bold\":false,\"italic\":false,\"strikethrough\":false,\"underline\":false,\"code\":false,\"color\":\"default\"},\"plain_text\":\"First
      numbered item\",\"href\":null}],\"color\":\"red\"}},{\"object\":\"block\",\"id\":\"df9d36f2-2d76-4832-80d1-608a492bbb60\",\"parent\":{\"type\":\"page_id\",\"page_id\":\"5a09242b-1f31-4112-9314-44274765bb6f\"},\"created_time\":\"2024-08-07T07:42:00.000Z\",\"last_edited_time\":\"2024-08-07T07:42:00.000Z\",\"created_by\":{\"object\":\"user\",\"id\":\"645e79dd-3e43-40de-9d51-39357c1c427f\"},\"last_edited_by\":{\"object\":\"user\",\"id\":\"645e79dd-3e43-40de-9d51-39357c1c427f\"},\"has_children\":false,\"archived\":false,\"in_trash\":false,\"type\":\"numbered_list_item\",\"numbered_list_item\":{\"rich_text\":[{\"type\":\"text\",\"text\":{\"content\":\"Second
      numbered item\",\"link\":null},\"annotations\":{\"bold\":false,\"italic\":false,\"strikethrough\":false,\"underline\":false,\"code\":false,\"color\":\"default\"},\"plain_text\":\"Second
      numbered item\",\"href\":null}],\"color\":\"red\"}},{\"object\":\"block\",\"id\":\"032a12a9-0558-43d0-8d37-df709f41fcd0\",\"parent\":{\"type\":\"page_id\",\"page_id\":\"5a09242b-1f31-4112-9314-44274765bb6f\"},\"created_time\":\"2024-08-07T07:42:00.000Z\",\"last_edited_time\":\"2024-08-07T07:42:00.000Z\",\"created_by\":{\"object\":\"user\",\"id\":\"645e79dd-3e43-40de-9d51-39357c1c427f\"},\"last_edited_by\":{\"object\":\"user\",\"id\":\"645e79dd-3e43-40de-9d51-39357c1c427f\"},\"has_children\":false,\"archived\":false,\"in_trash\":false,\"type\":\"to_do\",\"to_do\":{\"rich_text\":[{\"type\":\"text\",\"text\":{\"content\":\"First
      checked Todo\",\"link\":null},\"annotations\":{\"bold\":false,\"italic\":false,\"strikethrough\":false,\"underline\":false,\"code\":false,\"color\":\"default\"},\"plain_text\":\"First
      checked Todo\",\"href\":null}],\"checked\":true,\"color\":\"default\"}},{\"object\":\"block\",\"id\":\"26bffa04-5c67-46f6-ba64-1a00f1ccee70\",\"parent\":{\"type\":\"page_id\",\"page_id\":\"5a09242b-1f31-4112-9314-44274765bb6f\"},\"created_time\":\"2024-08-07T07:42:00.000Z\",\"last_edited_time\":\"2024-08-07T07:42:00.000Z\",\"created_by\":{\"object\":\"user\",\"id\":\"645e79dd-3e43-40de-9d51-39357c1c427f\"},\"last_edited_by\":{\"object\":\"user\",\"id\":\"645e79dd-3e43-40de-9d51-39357c1c427f\"},\"has_children\":false,\"archived\":false,\"in_trash\":false,\"type\":\"to_do\",\"to_do\":{\"rich_text\":[{\"type\":\"text\",\"text\":{\"content\":\"Second
      open Todo\",\"link\":null},\"annotations\":{\"bold\":false,\"italic\":false,\"strikethrough\":false,\"underline\":false,\"code\":false,\"color\":\"default\"},\"plain_text\":\"Second
      open Todo\",\"href\":null}],\"checked\":false,\"color\":\"default\"}},{\"object\":\"block\",\"id\":\"e93a774f-b1cd-41c6-8afd-70abff90d87c\",\"parent\":{\"type\":\"page_id\",\"page_id\":\"5a09242b-1f31-4112-9314-44274765bb6f\"},\"created_time\":\"2024-08-07T07:42:00.000Z\",\"last_edited_time\":\"2024-08-07T07:42:00.000Z\",\"created_by\":{\"object\":\"user\",\"id\":\"645e79dd-3e43-40de-9d51-39357c1c427f\"},\"last_edited_by\":{\"object\":\"user\",\"id\":\"645e79dd-3e43-40de-9d51-39357c1c427f\"},\"has_children\":false,\"archived\":false,\"in_trash\":false,\"type\":\"toggle\",\"toggle\":{\"rich_text\":[{\"type\":\"text\",\"text\":{\"content\":\"Toggle
      item\",\"link\":null},\"annotations\":{\"bold\":false,\"italic\":false,\"strikethrough\":false,\"underline\":false,\"code\":false,\"color\":\"default\"},\"plain_text\":\"Toggle
      item\",\"href\":null}],\"color\":\"default\"}},{\"object\":\"block\",\"id\":\"f857457f-e8c2-4237-b6e0-949d74f6fd95\",\"parent\":{\"type\":\"page_id\",\"page_id\":\"5a09242b-1f31-4112-9314-44274765bb6f\"},\"created_time\":\"2024-08-07T07:42:00.000Z\",\"last_edited_time\":\"2024-08-07T07:42:00.000Z\",\"created_by\":{\"object\":\"user\",\"id\":\"645e79dd-3e43-40de-9d51-39357c1c427f\"},\"last_edited_by\":{\"object\":\"user\",\"id\":\"645e79dd-3e43-40de-9d51-39357c1c427f\"},\"has_children\":false,\"archived\":false,\"in_trash\":false,\"type\":\"divider\",\"divider\":{}},{\"object\":\"block\",\"id\":\"58334b40-91da-4a22-8abd-adbc16e19183\",\"parent\":{\"type\":\"page_id\",\"page_id\":\"5a09242b-1f31-4112-9314-44274765bb6f\"},\"created_time\":\"2024-08-07T07:42:00.000Z\",\"last_edited_time\":\"2024-08-07T07:42:00.000Z\",\"created_by\":{\"object\":\"user\",\"id\":\"645e79dd-3e43-40de-9d51-39357c1c427f\"},\"last_edited_by\":{\"object\":\"user\",\"id\":\"645e79dd-3e43-40de-9d51-39357c1c427f\"},\"has_children\":false,\"archived\":false,\"in_trash\":false,\"type\":\"heading_3\",\"heading_3\":{\"rich_text\":[{\"type\":\"text\",\"text\":{\"content\":\"Some
      more fancy stuff...\",\"link\":null},\"annotations\":{\"bold\":false,\"italic\":false,\"strikethrough\":false,\"underline\":false,\"code\":false,\"color\":\"default\"},\"plain_text\":\"Some
      more fancy stuff...\",\"href\":null}],\"is_toggleable\":false,\"color\":\"default\"}},{\"object\":\"block\",\"id\":\"0453622f-9903-4c8b-b12b-7eb5b0e80193\",\"parent\":{\"type\":\"page_id\",\"page_id\":\"5a09242b-1f31-4112-9314-44274765bb6f\"},\"created_time\":\"2024-08-07T07:42:00.000Z\",\"last_edited_time\":\"2024-08-07T07:42:00.000Z\",\"created_by\":{\"object\":\"user\",\"id\":\"645e79dd-3e43-40de-9d51-39357c1c427f\"},\"last_edited_by\":{\"object\":\"user\",\"id\":\"645e79dd-3e43-40de-9d51-39357c1c427f\"},\"has_children\":false,\"archived\":false,\"in_trash\":false,\"type\":\"table_of_contents\",\"table_of_contents\":{\"color\":\"pink\"}},{\"object\":\"block\",\"id\":\"12f745f6-cd24-4c18-b81a-d81923122554\",\"parent\":{\"type\":\"page_id\",\"page_id\":\"5a09242b-1f31-4112-9314-44274765bb6f\"},\"created_time\":\"2024-08-07T07:42:00.000Z\",\"last_edited_time\":\"2024-08-07T07:42:00.000Z\",\"created_by\":{\"object\":\"user\",\"id\":\"645e79dd-3e43-40de-9d51-39357c1c427f\"},\"last_edited_by\":{\"object\":\"user\",\"id\":\"645e79dd-3e43-40de-9d51-39357c1c427f\"},\"has_children\":false,\"archived\":false,\"in_trash\":false,\"type\":\"breadcrumb\",\"breadcrumb\":{}},{\"object\":\"block\",\"id\":\"e88ccd95-c207-43de-9163-d7ab857a0630\",\"parent\":{\"type\":\"page_id\",\"page_id\":\"5a09242b-1f31-4112-9314-44274765bb6f\"},\"created_time\":\"2024-08-07T07:42:00.000Z\",\"last_edited_time\":\"2024-08-07T07:42:00.000Z\",\"created_by\":{\"object\":\"user\",\"id\":\"645e79dd-3e43-40de-9d51-39357c1c427f\"},\"last_edited_by\":{\"object\":\"user\",\"id\":\"645e79dd-3e43-40de-9d51-39357c1c427f\"},\"has_children\":false,\"archived\":false,\"in_trash\":false,\"type\":\"embed\",\"embed\":{\"caption\":[{\"type\":\"text\",\"text\":{\"content\":\"Rick\",\"link\":null},\"annotations\":{\"bold\":false,\"italic\":false,\"strikethrough\":false,\"underline\":false,\"code\":false,\"color\":\"default\"},\"plain_text\":\"Rick\",\"href\":null}],\"url\":\"https://www.youtube.com/watch?v=dQw4w9WgXcQ\"}},{\"object\":\"block\",\"id\":\"81286613-bad1-48be-9b13-34f67c56ba63\",\"parent\":{\"type\":\"page_id\",\"page_id\":\"5a09242b-1f31-4112-9314-44274765bb6f\"},\"created_time\":\"2024-08-07T07:42:00.000Z\",\"last_edited_time\":\"2024-08-07T07:42:00.000Z\",\"created_by\":{\"object\":\"user\",\"id\":\"645e79dd-3e43-40de-9d51-39357c1c427f\"},\"last_edited_by\":{\"object\":\"user\",\"id\":\"645e79dd-3e43-40de-9d51-39357c1c427f\"},\"has_children\":false,\"archived\":false,\"in_trash\":false,\"type\":\"bookmark\",\"bookmark\":{\"caption\":[],\"url\":\"https://www.youtube.com/watch?v=dQw4w9WgXcQ\"}},{\"object\":\"block\",\"id\":\"ee9122ac-da9a-4f2b-b775-b759fc1cebea\",\"parent\":{\"type\":\"page_id\",\"page_id\":\"5a09242b-1f31-4112-9314-44274765bb6f\"},\"created_time\":\"2024-08-07T07:42:00.000Z\",\"last_edited_time\":\"2024-08-07T07:42:00.000Z\",\"created_by\":{\"object\":\"user\",\"id\":\"645e79dd-3e43-40de-9d51-39357c1c427f\"},\"last_edited_by\":{\"object\":\"user\",\"id\":\"645e79dd-3e43-40de-9d51-39357c1c427f\"},\"has_children\":false,\"archived\":false,\"in_trash\":false,\"type\":\"equation\",\"equation\":{\"expression\":\"-1
      = \\\\exp(i \\\\pi)\"}}],\"next_cursor\":null,\"has_more\":false,\"type\":\"block\",\"block\":{},\"request_id\":\"86324af1-a59e-4928-a62e-26829b7618c3\"}"
    headers:
      CF-Cache-Status:
      - DYNAMIC
      CF-Ray:
      - 8af5a0c04ef2917d-FRA
      Connection:
      - keep-alive
      Content-Encoding:
      - gzip
      Content-Type:
      - application/json; charset=utf-8
      Server:
      - cloudflare
      Transfer-Encoding:
      - chunked
      Vary:
      - Accept-Encoding
      x-notion-request-id:
      - 86324af1-a59e-4928-a62e-26829b7618c3
      x-powered-by:
      - Express
    http_version: HTTP/1.1
    status_code: 200
- request:
    body: '{"children": [{"type": "paragraph", "object": "block", "has_children":
      false, "in_trash": false, "archived": false, "paragraph": {"rich_text": [{"type":
      "text", "plain_text": "Block to be deleted", "annotations": {"bold": false,
      "italic": false, "strikethrough": false, "underline": false, "code": false,
      "color": "default"}, "text": {"content": "Block to be deleted"}}], "color":
      "default"}}], "after": "b243aa9b-32cd-4a56-96cc-5421d113ce27"}'
    headers:
      accept:
      - '*/*'
      accept-encoding:
      - gzip, deflate
      authorization:
      - secret...
      connection:
      - keep-alive
      content-length:
      - '443'
      content-type:
      - application/json
      cookie:
      - secret...
      host:
      - api.notion.com
      notion-version:
      - '2022-06-28'
      user-agent:
      - secret...
    method: PATCH
    uri: https://api.notion.com/v1/blocks/5a09242b-1f31-4112-9314-44274765bb6f/children
  response:
    content: "{\"object\":\"list\",\"results\":[{\"object\":\"block\",\"id\":\"d3a58d5a-801e-4573-b62b-2493000e2663\",\"parent\":{\"type\":\"page_id\",\"page_id\":\"5a09242b-1f31-4112-9314-44274765bb6f\"},\"created_time\":\"2024-08-07T07:42:00.000Z\",\"last_edited_time\":\"2024-08-07T07:42:00.000Z\",\"created_by\":{\"object\":\"user\",\"id\":\"645e79dd-3e43-40de-9d51-39357c1c427f\"},\"last_edited_by\":{\"object\":\"user\",\"id\":\"645e79dd-3e43-40de-9d51-39357c1c427f\"},\"has_children\":false,\"archived\":false,\"in_trash\":false,\"type\":\"paragraph\",\"paragraph\":{\"rich_text\":[{\"type\":\"text\",\"text\":{\"content\":\"Block
      to be deleted\",\"link\":null},\"annotations\":{\"bold\":false,\"italic\":false,\"strikethrough\":false,\"underline\":false,\"code\":false,\"color\":\"default\"},\"plain_text\":\"Block
      to be deleted\",\"href\":null}],\"color\":\"default\"}},{\"object\":\"block\",\"id\":\"56f8fcb4-b3a1-47cd-85b6-7bde54fdb9fe\",\"parent\":{\"type\":\"page_id\",\"page_id\":\"5a09242b-1f31-4112-9314-44274765bb6f\"},\"created_time\":\"2024-08-07T07:42:00.000Z\",\"last_edited_time\":\"2024-08-07T07:42:00.000Z\",\"created_by\":{\"object\":\"user\",\"id\":\"645e79dd-3e43-40de-9d51-39357c1c427f\"},\"last_edited_by\":{\"object\":\"user\",\"id\":\"645e79dd-3e43-40de-9d51-39357c1c427f\"},\"has_children\":false,\"archived\":false,\"in_trash\":false,\"type\":\"quote\",\"quote\":{\"rich_text\":[{\"type\":\"text\",\"text\":{\"content\":\"\\\"You
      know, for a mathematician, he did not have enough imagination. But he has become
      a poet and now he is fine.\\\" - D. Hilbert\",\"link\":null},\"annotations\":{\"bold\":false,\"italic\":false,\"strikethrough\":false,\"underline\":false,\"code\":false,\"color\":\"default\"},\"plain_text\":\"\\\"You
      know, for a mathematician, he did not have enough imagination. But he has become
      a poet and now he is fine.\\\" - D. Hilbert\",\"href\":null}],\"color\":\"blue\"}},{\"object\":\"block\",\"id\":\"66c6946d-eb9a-4b59-9964-dc051a9bb3f1\",\"parent\":{\"type\":\"page_id\",\"page_id\":\"5a09242b-1f31-4112-9314-44274765bb6f\"},\"created_time\":\"2024-08-07T07:42:00.000Z\",\"last_edited_time\":\"2024-08-07T07:42:00.000Z\",\"created_by\":{\"object\":\"user\",\"id\":\"645e79dd-3e43-40de-9d51-39357c1c427f\"},\"last_edited_by\":{\"object\":\"user\",\"id\":\"645e79dd-3e43-40de-9d51-39357c1c427f\"},\"has_children\":false,\"archived\":false,\"in_trash\":false,\"type\":\"callout\",\"callout\":{\"rich_text\":[{\"type\":\"text\",\"text\":{\"content\":\"Ultimate
      Notion rocks!\",\"link\":null},\"annotations\":{\"bold\":false,\"italic\":false,\"strikethrough\":false,\"underline\":false,\"code\":false,\"color\":\"default\"},\"plain_text\":\"Ultimate
      Notion rocks!\",\"href\":null}],\"icon\":{\"type\":\"emoji\",\"emoji\":\"\U0001F680\"},\"color\":\"purple_background\"}},{\"object\":\"block\",\"id\":\"43ca96e3-75a3-4552-922d-67fe86c1bc20\",\"parent\":{\"type\":\"page_id\",\"page_id\":\"5a09242b-1f31-4112-9314-44274765bb6f\"},\"created_time\":\"2024-08-07T07:42:00.000Z\",\"last_edited_time\":\"2024-08-07T07:42:00.000Z\",\"created_by\":{\"object\":\"user\",\"id\":\"645e79dd-3e43-40de-9d51-39357c1c427f\"},\"last_edited_by\":{\"object\":\"user\",\"id\":\"645e79dd-3e43-40de-9d51-39357c1c427f\"},\"has_children\":false,\"archived\":false,\"in_trash\":false,\"type\":\"heading_2\",\"heading_2\":{\"rich_text\":[{\"type\":\"text\",\"text\":{\"content\":\"Showing
      off some more...\",\"link\":null},\"annotations\":{\"bold\":false,\"italic\":false,\"strikethrough\":false,\"underline\":false,\"code\":false,\"color\":\"default\"},\"plain_text\":\"Showing
      off some more...\",\"href\":null}],\"is_toggleable\":false,\"color\":\"default\"}},{\"object\":\"block\",\"id\":\"88c46e36-e40d-4185-a0e1-0501928371c4\",\"parent\":{\"type\":\"page_id\",\"page_id\":\"5a09242b-1f31-4112-9314-44274765bb6f\"},\"created_time\":\"2024-08-07T07:42:00.000Z\",\"last_edited_time\":\"2024-08-07T07:42:00.000Z\",\"created_by\":{\"object\":\"user\",\"id\":\"645e79dd-3e43-40de-9d51-39357c1c427f\"},\"last_edited_by\":{\"object\":\"user\",\"id\":\"645e79dd-3e43-40de-9d51-39357c1c427f\"},\"has_children\":false,\"archived\":false,\"in_trash\":false,\"type\":\"bulleted_list_item\",\"bulleted_list_item\":{\"rich_text\":[{\"type\":\"text\",\"text\":{\"content\":\"First
      bulleted item\",\"link\":null},\"annotations\":{\"bold\":false,\"italic\":false,\"strikethrough\":false,\"underline\":false,\"code\":false,\"color\":\"default\"},\"plain_text\":\"First
      bulleted item\",\"href\":null}],\"color\":\"default\"}},{\"object\":\"block\",\"id\":\"2e6a0856-f3d4-422d-9b2f-8fdc2e7b988d\",\"parent\":{\"type\":\"page_id\",\"page_id\":\"5a09242b-1f31-4112-9314-44274765bb6f\"},\"created_time\":\"2024-08-07T07:42:00.000Z\",\"last_edited_time\":\"2024-08-07T07:42:00.000Z\",\"created_by\":{\"object\":\"user\",\"id\":\"645e79dd-3e43-40de-9d51-39357c1c427f\"},\"last_edited_by\":{\"object\":\"user\",\"id\":\"645e79dd-3e43-40de-9d51-39357c1c427f\"},\"has_children\":false,\"archived\":false,\"in_trash\":false,\"type\":\"bulleted_list_item\",\"bulleted_list_item\":{\"rich_text\":[{\"type\":\"text\",\"text\":{\"content\":\"Second
      bulleted item\",\"link\":null},\"annotations\":{\"bold\":false,\"italic\":false,\"strikethrough\":false,\"underline\":false,\"code\":false,\"color\":\"default\"},\"plain_text\":\"Second
      bulleted item\",\"href\":null}],\"color\":\"default\"}},{\"object\":\"block\",\"id\":\"2c414eef-9842-44e9-9e0a-2944ded42c33\",\"parent\":{\"type\":\"page_id\",\"page_id\":\"5a09242b-1f31-4112-9314-44274765bb6f\"},\"created_time\":\"2024-08-07T07:42:00.000Z\",\"last_edited_time\":\"2024-08-07T07:42:00.000Z\",\"created_by\":{\"object\":\"user\",\"id\":\"645e79dd-3e43-40de-9d51-39357c1c427f\"},\"last_edited_by\":{\"object\":\"user\",\"id\":\"645e79dd-3e43-40de-9d51-39357c1c427f\"},\"has_children\":false,\"archived\":false,\"in_trash\":false,\"type\":\"numbered_list_item\",\"numbered_list_item\":{\"rich_text\":[{\"type\":\"text\",\"text\":{\"content\":\"First
      numbered item\",\"link\":null},\"annotations\":{\"bold\":false,\"italic\":false,\"strikethrough\":false,\"underline\":false,\"code\":false,\"color\":\"default\"},\"plain_text\":\"First
      numbered item\",\"href\":null}],\"color\":\"red\"}},{\"object\":\"block\",\"id\":\"df9d36f2-2d76-4832-80d1-608a492bbb60\",\"parent\":{\"type\":\"page_id\",\"page_id\":\"5a09242b-1f31-4112-9314-44274765bb6f\"},\"created_time\":\"2024-08-07T07:42:00.000Z\",\"last_edited_time\":\"2024-08-07T07:42:00.000Z\",\"created_by\":{\"object\":\"user\",\"id\":\"645e79dd-3e43-40de-9d51-39357c1c427f\"},\"last_edited_by\":{\"object\":\"user\",\"id\":\"645e79dd-3e43-40de-9d51-39357c1c427f\"},\"has_children\":false,\"archived\":false,\"in_trash\":false,\"type\":\"numbered_list_item\",\"numbered_list_item\":{\"rich_text\":[{\"type\":\"text\",\"text\":{\"content\":\"Second
      numbered item\",\"link\":null},\"annotations\":{\"bold\":false,\"italic\":false,\"strikethrough\":false,\"underline\":false,\"code\":false,\"color\":\"default\"},\"plain_text\":\"Second
      numbered item\",\"href\":null}],\"color\":\"red\"}},{\"object\":\"block\",\"id\":\"032a12a9-0558-43d0-8d37-df709f41fcd0\",\"parent\":{\"type\":\"page_id\",\"page_id\":\"5a09242b-1f31-4112-9314-44274765bb6f\"},\"created_time\":\"2024-08-07T07:42:00.000Z\",\"last_edited_time\":\"2024-08-07T07:42:00.000Z\",\"created_by\":{\"object\":\"user\",\"id\":\"645e79dd-3e43-40de-9d51-39357c1c427f\"},\"last_edited_by\":{\"object\":\"user\",\"id\":\"645e79dd-3e43-40de-9d51-39357c1c427f\"},\"has_children\":false,\"archived\":false,\"in_trash\":false,\"type\":\"to_do\",\"to_do\":{\"rich_text\":[{\"type\":\"text\",\"text\":{\"content\":\"First
      checked Todo\",\"link\":null},\"annotations\":{\"bold\":false,\"italic\":false,\"strikethrough\":false,\"underline\":false,\"code\":false,\"color\":\"default\"},\"plain_text\":\"First
      checked Todo\",\"href\":null}],\"checked\":true,\"color\":\"default\"}},{\"object\":\"block\",\"id\":\"26bffa04-5c67-46f6-ba64-1a00f1ccee70\",\"parent\":{\"type\":\"page_id\",\"page_id\":\"5a09242b-1f31-4112-9314-44274765bb6f\"},\"created_time\":\"2024-08-07T07:42:00.000Z\",\"last_edited_time\":\"2024-08-07T07:42:00.000Z\",\"created_by\":{\"object\":\"user\",\"id\":\"645e79dd-3e43-40de-9d51-39357c1c427f\"},\"last_edited_by\":{\"object\":\"user\",\"id\":\"645e79dd-3e43-40de-9d51-39357c1c427f\"},\"has_children\":false,\"archived\":false,\"in_trash\":false,\"type\":\"to_do\",\"to_do\":{\"rich_text\":[{\"type\":\"text\",\"text\":{\"content\":\"Second
      open Todo\",\"link\":null},\"annotations\":{\"bold\":false,\"italic\":false,\"strikethrough\":false,\"underline\":false,\"code\":false,\"color\":\"default\"},\"plain_text\":\"Second
      open Todo\",\"href\":null}],\"checked\":false,\"color\":\"default\"}},{\"object\":\"block\",\"id\":\"e93a774f-b1cd-41c6-8afd-70abff90d87c\",\"parent\":{\"type\":\"page_id\",\"page_id\":\"5a09242b-1f31-4112-9314-44274765bb6f\"},\"created_time\":\"2024-08-07T07:42:00.000Z\",\"last_edited_time\":\"2024-08-07T07:42:00.000Z\",\"created_by\":{\"object\":\"user\",\"id\":\"645e79dd-3e43-40de-9d51-39357c1c427f\"},\"last_edited_by\":{\"object\":\"user\",\"id\":\"645e79dd-3e43-40de-9d51-39357c1c427f\"},\"has_children\":false,\"archived\":false,\"in_trash\":false,\"type\":\"toggle\",\"toggle\":{\"rich_text\":[{\"type\":\"text\",\"text\":{\"content\":\"Toggle
      item\",\"link\":null},\"annotations\":{\"bold\":false,\"italic\":false,\"strikethrough\":false,\"underline\":false,\"code\":false,\"color\":\"default\"},\"plain_text\":\"Toggle
      item\",\"href\":null}],\"color\":\"default\"}},{\"object\":\"block\",\"id\":\"f857457f-e8c2-4237-b6e0-949d74f6fd95\",\"parent\":{\"type\":\"page_id\",\"page_id\":\"5a09242b-1f31-4112-9314-44274765bb6f\"},\"created_time\":\"2024-08-07T07:42:00.000Z\",\"last_edited_time\":\"2024-08-07T07:42:00.000Z\",\"created_by\":{\"object\":\"user\",\"id\":\"645e79dd-3e43-40de-9d51-39357c1c427f\"},\"last_edited_by\":{\"object\":\"user\",\"id\":\"645e79dd-3e43-40de-9d51-39357c1c427f\"},\"has_children\":false,\"archived\":false,\"in_trash\":false,\"type\":\"divider\",\"divider\":{}},{\"object\":\"block\",\"id\":\"58334b40-91da-4a22-8abd-adbc16e19183\",\"parent\":{\"type\":\"page_id\",\"page_id\":\"5a09242b-1f31-4112-9314-44274765bb6f\"},\"created_time\":\"2024-08-07T07:42:00.000Z\",\"last_edited_time\":\"2024-08-07T07:42:00.000Z\",\"created_by\":{\"object\":\"user\",\"id\":\"645e79dd-3e43-40de-9d51-39357c1c427f\"},\"last_edited_by\":{\"object\":\"user\",\"id\":\"645e79dd-3e43-40de-9d51-39357c1c427f\"},\"has_children\":false,\"archived\":false,\"in_trash\":false,\"type\":\"heading_3\",\"heading_3\":{\"rich_text\":[{\"type\":\"text\",\"text\":{\"content\":\"Some
      more fancy stuff...\",\"link\":null},\"annotations\":{\"bold\":false,\"italic\":false,\"strikethrough\":false,\"underline\":false,\"code\":false,\"color\":\"default\"},\"plain_text\":\"Some
      more fancy stuff...\",\"href\":null}],\"is_toggleable\":false,\"color\":\"default\"}},{\"object\":\"block\",\"id\":\"0453622f-9903-4c8b-b12b-7eb5b0e80193\",\"parent\":{\"type\":\"page_id\",\"page_id\":\"5a09242b-1f31-4112-9314-44274765bb6f\"},\"created_time\":\"2024-08-07T07:42:00.000Z\",\"last_edited_time\":\"2024-08-07T07:42:00.000Z\",\"created_by\":{\"object\":\"user\",\"id\":\"645e79dd-3e43-40de-9d51-39357c1c427f\"},\"last_edited_by\":{\"object\":\"user\",\"id\":\"645e79dd-3e43-40de-9d51-39357c1c427f\"},\"has_children\":false,\"archived\":false,\"in_trash\":false,\"type\":\"table_of_contents\",\"table_of_contents\":{\"color\":\"pink\"}},{\"object\":\"block\",\"id\":\"12f745f6-cd24-4c18-b81a-d81923122554\",\"parent\":{\"type\":\"page_id\",\"page_id\":\"5a09242b-1f31-4112-9314-44274765bb6f\"},\"created_time\":\"2024-08-07T07:42:00.000Z\",\"last_edited_time\":\"2024-08-07T07:42:00.000Z\",\"created_by\":{\"object\":\"user\",\"id\":\"645e79dd-3e43-40de-9d51-39357c1c427f\"},\"last_edited_by\":{\"object\":\"user\",\"id\":\"645e79dd-3e43-40de-9d51-39357c1c427f\"},\"has_children\":false,\"archived\":false,\"in_trash\":false,\"type\":\"breadcrumb\",\"breadcrumb\":{}},{\"object\":\"block\",\"id\":\"e88ccd95-c207-43de-9163-d7ab857a0630\",\"parent\":{\"type\":\"page_id\",\"page_id\":\"5a09242b-1f31-4112-9314-44274765bb6f\"},\"created_time\":\"2024-08-07T07:42:00.000Z\",\"last_edited_time\":\"2024-08-07T07:42:00.000Z\",\"created_by\":{\"object\":\"user\",\"id\":\"645e79dd-3e43-40de-9d51-39357c1c427f\"},\"last_edited_by\":{\"object\":\"user\",\"id\":\"645e79dd-3e43-40de-9d51-39357c1c427f\"},\"has_children\":false,\"archived\":false,\"in_trash\":false,\"type\":\"embed\",\"embed\":{\"caption\":[{\"type\":\"text\",\"text\":{\"content\":\"Rick\",\"link\":null},\"annotations\":{\"bold\":false,\"italic\":false,\"strikethrough\":false,\"underline\":false,\"code\":false,\"color\":\"default\"},\"plain_text\":\"Rick\",\"href\":null}],\"url\":\"https://www.youtube.com/watch?v=dQw4w9WgXcQ\"}},{\"object\":\"block\",\"id\":\"81286613-bad1-48be-9b13-34f67c56ba63\",\"parent\":{\"type\":\"page_id\",\"page_id\":\"5a09242b-1f31-4112-9314-44274765bb6f\"},\"created_time\":\"2024-08-07T07:42:00.000Z\",\"last_edited_time\":\"2024-08-07T07:42:00.000Z\",\"created_by\":{\"object\":\"user\",\"id\":\"645e79dd-3e43-40de-9d51-39357c1c427f\"},\"last_edited_by\":{\"object\":\"user\",\"id\":\"645e79dd-3e43-40de-9d51-39357c1c427f\"},\"has_children\":false,\"archived\":false,\"in_trash\":false,\"type\":\"bookmark\",\"bookmark\":{\"caption\":[],\"url\":\"https://www.youtube.com/watch?v=dQw4w9WgXcQ\"}},{\"object\":\"block\",\"id\":\"ee9122ac-da9a-4f2b-b775-b759fc1cebea\",\"parent\":{\"type\":\"page_id\",\"page_id\":\"5a09242b-1f31-4112-9314-44274765bb6f\"},\"created_time\":\"2024-08-07T07:42:00.000Z\",\"last_edited_time\":\"2024-08-07T07:42:00.000Z\",\"created_by\":{\"object\":\"user\",\"id\":\"645e79dd-3e43-40de-9d51-39357c1c427f\"},\"last_edited_by\":{\"object\":\"user\",\"id\":\"645e79dd-3e43-40de-9d51-39357c1c427f\"},\"has_children\":false,\"archived\":false,\"in_trash\":false,\"type\":\"equation\",\"equation\":{\"expression\":\"-1
      = \\\\exp(i \\\\pi)\"}}],\"next_cursor\":null,\"has_more\":false,\"type\":\"block\",\"block\":{},\"request_id\":\"c34728b1-2af8-48e0-82d3-289e5de09645\"}"
    headers:
      CF-Cache-Status:
      - DYNAMIC
      CF-Ray:
      - 8af5a0cfab00917d-FRA
      Connection:
      - keep-alive
      Content-Encoding:
      - gzip
      Content-Type:
      - application/json; charset=utf-8
      Server:
      - cloudflare
      Transfer-Encoding:
      - chunked
      Vary:
      - Accept-Encoding
      x-notion-request-id:
      - c34728b1-2af8-48e0-82d3-289e5de09645
      x-powered-by:
      - Express
    http_version: HTTP/1.1
    status_code: 200
- request:
    body: ''
    headers:
      accept:
      - '*/*'
      accept-encoding:
      - gzip, deflate
      authorization:
      - secret...
      connection:
      - keep-alive
      cookie:
      - secret...
      host:
      - api.notion.com
      notion-version:
      - '2022-06-28'
      user-agent:
      - secret...
    method: DELETE
    uri: https://api.notion.com/v1/blocks/d3a58d5a-801e-4573-b62b-2493000e2663
  response:
    content: '{"object":"block","id":"d3a58d5a-801e-4573-b62b-2493000e2663","parent":{"type":"page_id","page_id":"5a09242b-1f31-4112-9314-44274765bb6f"},"created_time":"2024-08-07T07:42:00.000Z","last_edited_time":"2024-08-07T07:42:00.000Z","created_by":{"object":"user","id":"645e79dd-3e43-40de-9d51-39357c1c427f"},"last_edited_by":{"object":"user","id":"645e79dd-3e43-40de-9d51-39357c1c427f"},"has_children":false,"archived":true,"in_trash":true,"type":"paragraph","paragraph":{"rich_text":[{"type":"text","text":{"content":"Block
      to be deleted","link":null},"annotations":{"bold":false,"italic":false,"strikethrough":false,"underline":false,"code":false,"color":"default"},"plain_text":"Block
      to be deleted","href":null}],"color":"default"},"request_id":"cf272788-3726-46e9-a44c-e7987c5c177d"}'
    headers:
      CF-Cache-Status:
      - DYNAMIC
      CF-Ray:
      - 8af5a0d8ad84917d-FRA
      Connection:
      - keep-alive
      Content-Encoding:
      - gzip
      Content-Type:
      - application/json; charset=utf-8
      Server:
      - cloudflare
      Transfer-Encoding:
      - chunked
      Vary:
      - Accept-Encoding
      x-notion-request-id:
      - cf272788-3726-46e9-a44c-e7987c5c177d
      x-powered-by:
      - Express
    http_version: HTTP/1.1
    status_code: 200
- request:
    body: '{"parent": {"type": "page_id", "page_id": "5f505199-b292-4713-920b-61d813bf72a3"},
      "properties": {"title": {"type": "title", "title": [{"type": "text", "plain_text":
      "Page with nested blocks", "annotations": {"bold": false, "italic": false, "strikethrough":
      false, "underline": false, "code": false, "color": "default"}, "text": {"content":
      "Page with nested blocks"}}]}}}'
    headers:
      accept:
      - '*/*'
      accept-encoding:
      - gzip, deflate
      authorization:
      - secret...
      connection:
      - keep-alive
      content-length:
      - '372'
      content-type:
      - application/json
      cookie:
      - secret...
      host:
      - api.notion.com
      notion-version:
      - '2022-06-28'
      user-agent:
      - secret...
    method: POST
    uri: https://api.notion.com/v1/pages
  response:
    content: '{"object":"page","id":"dffd61d4-d39c-48fe-82d4-caab2a6861b5","created_time":"2024-08-07T07:42:00.000Z","last_edited_time":"2024-08-07T07:42:00.000Z","created_by":{"object":"user","id":"645e79dd-3e43-40de-9d51-39357c1c427f"},"last_edited_by":{"object":"user","id":"645e79dd-3e43-40de-9d51-39357c1c427f"},"cover":null,"icon":null,"parent":{"type":"page_id","page_id":"5f505199-b292-4713-920b-61d813bf72a3"},"archived":false,"in_trash":false,"properties":{"title":{"id":"title","type":"title","title":[{"type":"text","text":{"content":"Page
      with nested blocks","link":null},"annotations":{"bold":false,"italic":false,"strikethrough":false,"underline":false,"code":false,"color":"default"},"plain_text":"Page
      with nested blocks","href":null}]}},"url":"https://www.notion.so/Page-with-nested-blocks-dffd61d4d39c48fe82d4caab2a6861b5","public_url":null,"request_id":"429bbf54-2a3c-48d2-a674-d4d4d2b040a9"}'
    headers:
      CF-Cache-Status:
      - DYNAMIC
      CF-Ray:
      - 8af5a0e0d899917d-FRA
      Connection:
      - keep-alive
      Content-Encoding:
      - gzip
      Content-Type:
      - application/json; charset=utf-8
      Server:
      - cloudflare
      Transfer-Encoding:
      - chunked
      Vary:
      - Accept-Encoding
      x-notion-request-id:
      - 429bbf54-2a3c-48d2-a674-d4d4d2b040a9
      x-powered-by:
      - Express
    http_version: HTTP/1.1
    status_code: 200
- request:
    body: ''
    headers:
      accept:
      - '*/*'
      accept-encoding:
      - gzip, deflate
      authorization:
      - secret...
      connection:
      - keep-alive
      cookie:
      - secret...
      host:
      - api.notion.com
      notion-version:
      - '2022-06-28'
      user-agent:
      - secret...
    method: GET
    uri: https://api.notion.com/v1/blocks/dffd61d4-d39c-48fe-82d4-caab2a6861b5/children?page_size=100
  response:
    content: '{"object":"list","results":[],"next_cursor":null,"has_more":false,"type":"block","block":{},"request_id":"c1626964-646b-4839-812c-606de237bfa0"}'
    headers:
      CF-Cache-Status:
      - DYNAMIC
      CF-Ray:
      - 8af5a0e43cbb917d-FRA
      Connection:
      - keep-alive
      Content-Encoding:
      - gzip
      Content-Type:
      - application/json; charset=utf-8
      Server:
      - cloudflare
      Transfer-Encoding:
      - chunked
      Vary:
      - Accept-Encoding
      x-notion-request-id:
      - c1626964-646b-4839-812c-606de237bfa0
      x-powered-by:
      - Express
    http_version: HTTP/1.1
    status_code: 200
- request:
    body: '{"children": [{"type": "heading_1", "object": "block", "has_children":
      false, "in_trash": false, "archived": false, "heading_1": {"rich_text": [{"type":
      "text", "plain_text": "My files", "annotations": {"bold": false, "italic": false,
      "strikethrough": false, "underline": false, "code": false, "color": "default"},
      "text": {"content": "My files"}}], "color": "default", "is_toggleable": true}}]}'
    headers:
      accept:
      - '*/*'
      accept-encoding:
      - gzip, deflate
      authorization:
      - secret...
      connection:
      - keep-alive
      content-length:
      - '395'
      content-type:
      - application/json
      cookie:
      - secret...
      host:
      - api.notion.com
      notion-version:
      - '2022-06-28'
      user-agent:
      - secret...
    method: PATCH
    uri: https://api.notion.com/v1/blocks/dffd61d4-d39c-48fe-82d4-caab2a6861b5/children
  response:
    content: '{"object":"list","results":[{"object":"block","id":"f70ee67d-5d3a-42ee-84ff-f7cb61b5f05a","parent":{"type":"page_id","page_id":"dffd61d4-d39c-48fe-82d4-caab2a6861b5"},"created_time":"2024-08-07T07:42:00.000Z","last_edited_time":"2024-08-07T07:42:00.000Z","created_by":{"object":"user","id":"645e79dd-3e43-40de-9d51-39357c1c427f"},"last_edited_by":{"object":"user","id":"645e79dd-3e43-40de-9d51-39357c1c427f"},"has_children":false,"archived":false,"in_trash":false,"type":"heading_1","heading_1":{"rich_text":[{"type":"text","text":{"content":"My
      files","link":null},"annotations":{"bold":false,"italic":false,"strikethrough":false,"underline":false,"code":false,"color":"default"},"plain_text":"My
      files","href":null}],"is_toggleable":true,"color":"default"}}],"next_cursor":null,"has_more":false,"type":"block","block":{},"request_id":"df51953f-11c5-4fdd-be7a-e348aeee1686"}'
    headers:
      CF-Cache-Status:
      - DYNAMIC
      CF-Ray:
      - 8af5a0e61f10917d-FRA
      Connection:
      - keep-alive
      Content-Encoding:
      - gzip
      Content-Type:
      - application/json; charset=utf-8
      Server:
      - cloudflare
      Transfer-Encoding:
      - chunked
      Vary:
      - Accept-Encoding
      x-notion-request-id:
      - df51953f-11c5-4fdd-be7a-e348aeee1686
      x-powered-by:
      - Express
    http_version: HTTP/1.1
    status_code: 200
- request:
    body: ''
    headers:
      accept:
      - '*/*'
      accept-encoding:
      - gzip, deflate
      authorization:
      - secret...
      connection:
      - keep-alive
      cookie:
      - secret...
      host:
      - api.notion.com
      notion-version:
      - '2022-06-28'
      user-agent:
      - secret...
    method: GET
    uri: https://api.notion.com/v1/blocks/f70ee67d-5d3a-42ee-84ff-f7cb61b5f05a/children?page_size=100
  response:
    content: '{"object":"list","results":[],"next_cursor":null,"has_more":false,"type":"block","block":{},"request_id":"b329177f-9bfb-4583-9a8f-d9d59ab580e6"}'
    headers:
      CF-Cache-Status:
      - DYNAMIC
      CF-Ray:
      - 8af5a0eb6f30917d-FRA
      Connection:
      - keep-alive
      Content-Encoding:
      - gzip
      Content-Type:
      - application/json; charset=utf-8
      Server:
      - cloudflare
      Transfer-Encoding:
      - chunked
      Vary:
      - Accept-Encoding
      x-notion-request-id:
      - b329177f-9bfb-4583-9a8f-d9d59ab580e6
      x-powered-by:
      - Express
    http_version: HTTP/1.1
    status_code: 200
- request:
    body: '{"children": [{"type": "file", "object": "block", "has_children": false,
      "in_trash": false, "archived": false, "file": {"type": "external", "name": "robots.txt",
      "caption": [{"type": "text", "plain_text": "Google Robots", "annotations": {"bold":
      false, "italic": false, "strikethrough": false, "underline": false, "code":
      false, "color": "default"}, "text": {"content": "Google Robots"}}], "external":
      {"url": "https://www.google.de/robots.txt"}}}, {"type": "image", "object": "block",
      "has_children": false, "in_trash": false, "archived": false, "image": {"type":
      "external", "caption": [{"type": "text", "plain_text": "Path on meadow", "annotations":
      {"bold": false, "italic": false, "strikethrough": false, "underline": false,
      "code": false, "color": "default"}, "text": {"content": "Path on meadow"}}],
      "external": {"url": "https://cdn.pixabay.com/photo/2019/08/06/09/16/flowers-4387827_1280.jpg"}}},
      {"type": "video", "object": "block", "has_children": false, "in_trash": false,
      "archived": false, "video": {"type": "external", "caption": [{"type": "text",
      "plain_text": "Rick Roll", "annotations": {"bold": false, "italic": false, "strikethrough":
      false, "underline": false, "code": false, "color": "default"}, "text": {"content":
      "Rick Roll"}}], "external": {"url": "https://www.youtube.com/watch?v=dQw4w9WgXcQ"}}},
      {"type": "pdf", "object": "block", "has_children": false, "in_trash": false,
      "archived": false, "pdf": {"type": "external", "caption": [{"type": "text",
      "plain_text": "Dummy PDF", "annotations": {"bold": false, "italic": false, "strikethrough":
      false, "underline": false, "code": false, "color": "default"}, "text": {"content":
      "Dummy PDF"}}], "external": {"url": "https://www.iktz-hd.de/fileadmin/user_upload/dummy.pdf"}}}]}'
    headers:
      accept:
      - '*/*'
      accept-encoding:
      - gzip, deflate
      authorization:
      - secret...
      connection:
      - keep-alive
      content-length:
      - '1748'
      content-type:
      - application/json
      cookie:
      - secret...
      host:
      - api.notion.com
      notion-version:
      - '2022-06-28'
      user-agent:
      - secret...
    method: PATCH
    uri: https://api.notion.com/v1/blocks/f70ee67d-5d3a-42ee-84ff-f7cb61b5f05a/children
  response:
    content: '{"object":"list","results":[{"object":"block","id":"bb827d04-7296-420d-821d-dd2bcdca2cbc","parent":{"type":"block_id","block_id":"f70ee67d-5d3a-42ee-84ff-f7cb61b5f05a"},"created_time":"2024-08-07T07:42:00.000Z","last_edited_time":"2024-08-07T07:42:00.000Z","created_by":{"object":"user","id":"645e79dd-3e43-40de-9d51-39357c1c427f"},"last_edited_by":{"object":"user","id":"645e79dd-3e43-40de-9d51-39357c1c427f"},"has_children":false,"archived":false,"in_trash":false,"type":"file","file":{"caption":[{"type":"text","text":{"content":"Google
      Robots","link":null},"annotations":{"bold":false,"italic":false,"strikethrough":false,"underline":false,"code":false,"color":"default"},"plain_text":"Google
      Robots","href":null}],"type":"external","external":{"url":"https://www.google.de/robots.txt"},"name":"robots.txt"}},{"object":"block","id":"183759eb-8d67-4942-b1cc-3578e020ff57","parent":{"type":"block_id","block_id":"f70ee67d-5d3a-42ee-84ff-f7cb61b5f05a"},"created_time":"2024-08-07T07:42:00.000Z","last_edited_time":"2024-08-07T07:42:00.000Z","created_by":{"object":"user","id":"645e79dd-3e43-40de-9d51-39357c1c427f"},"last_edited_by":{"object":"user","id":"645e79dd-3e43-40de-9d51-39357c1c427f"},"has_children":false,"archived":false,"in_trash":false,"type":"image","image":{"caption":[{"type":"text","text":{"content":"Path
      on meadow","link":null},"annotations":{"bold":false,"italic":false,"strikethrough":false,"underline":false,"code":false,"color":"default"},"plain_text":"Path
      on meadow","href":null}],"type":"external","external":{"url":"https://cdn.pixabay.com/photo/2019/08/06/09/16/flowers-4387827_1280.jpg"}}},{"object":"block","id":"319380d0-2ce8-4a85-bebd-85a1ae7fd8fe","parent":{"type":"block_id","block_id":"f70ee67d-5d3a-42ee-84ff-f7cb61b5f05a"},"created_time":"2024-08-07T07:42:00.000Z","last_edited_time":"2024-08-07T07:42:00.000Z","created_by":{"object":"user","id":"645e79dd-3e43-40de-9d51-39357c1c427f"},"last_edited_by":{"object":"user","id":"645e79dd-3e43-40de-9d51-39357c1c427f"},"has_children":false,"archived":false,"in_trash":false,"type":"video","video":{"caption":[{"type":"text","text":{"content":"Rick
      Roll","link":null},"annotations":{"bold":false,"italic":false,"strikethrough":false,"underline":false,"code":false,"color":"default"},"plain_text":"Rick
      Roll","href":null}],"type":"external","external":{"url":"https://www.youtube.com/watch?v=dQw4w9WgXcQ"}}},{"object":"block","id":"7ab8d89b-e939-498b-ba4c-366407de310f","parent":{"type":"block_id","block_id":"f70ee67d-5d3a-42ee-84ff-f7cb61b5f05a"},"created_time":"2024-08-07T07:42:00.000Z","last_edited_time":"2024-08-07T07:42:00.000Z","created_by":{"object":"user","id":"645e79dd-3e43-40de-9d51-39357c1c427f"},"last_edited_by":{"object":"user","id":"645e79dd-3e43-40de-9d51-39357c1c427f"},"has_children":false,"archived":false,"in_trash":false,"type":"pdf","pdf":{"caption":[{"type":"text","text":{"content":"Dummy
      PDF","link":null},"annotations":{"bold":false,"italic":false,"strikethrough":false,"underline":false,"code":false,"color":"default"},"plain_text":"Dummy
      PDF","href":null}],"type":"external","external":{"url":"https://www.iktz-hd.de/fileadmin/user_upload/dummy.pdf"}}}],"next_cursor":null,"has_more":false,"type":"block","block":{},"request_id":"1d44956a-18a7-440b-a1ee-310ae7dece01"}'
    headers:
      CF-Cache-Status:
      - DYNAMIC
      CF-Ray:
      - 8af5a0ed1946917d-FRA
      Connection:
      - keep-alive
      Content-Encoding:
      - gzip
      Content-Type:
      - application/json; charset=utf-8
      Server:
      - cloudflare
      Transfer-Encoding:
      - chunked
      Vary:
      - Accept-Encoding
      x-notion-request-id:
      - 1d44956a-18a7-440b-a1ee-310ae7dece01
      x-powered-by:
      - Express
    http_version: HTTP/1.1
    status_code: 200
- request:
    body: '{"parent": {"type": "page_id", "page_id": "5f505199-b292-4713-920b-61d813bf72a3"},
      "properties": {"title": {"type": "title", "title": [{"type": "text", "plain_text":
      "Page with advanced blocks", "annotations": {"bold": false, "italic": false,
      "strikethrough": false, "underline": false, "code": false, "color": "default"},
      "text": {"content": "Page with advanced blocks"}}]}}}'
    headers:
      accept:
      - '*/*'
      accept-encoding:
      - gzip, deflate
      authorization:
      - secret...
      connection:
      - keep-alive
      content-length:
      - '376'
      content-type:
      - application/json
      cookie:
      - secret...
      host:
      - api.notion.com
      notion-version:
      - '2022-06-28'
      user-agent:
      - secret...
    method: POST
    uri: https://api.notion.com/v1/pages
  response:
    content: '{"object":"page","id":"fff974f3-b388-817d-b119-d867f6eea528","created_time":"2024-08-07T07:42:00.000Z","last_edited_time":"2024-08-07T07:42:00.000Z","created_by":{"object":"user","id":"645e79dd-3e43-40de-9d51-39357c1c427f"},"last_edited_by":{"object":"user","id":"645e79dd-3e43-40de-9d51-39357c1c427f"},"cover":null,"icon":null,"parent":{"type":"page_id","page_id":"5f505199-b292-4713-920b-61d813bf72a3"},"archived":false,"in_trash":false,"properties":{"title":{"id":"title","type":"title","title":[{"type":"text","text":{"content":"Page
      with advanced blocks","link":null},"annotations":{"bold":false,"italic":false,"strikethrough":false,"underline":false,"code":false,"color":"default"},"plain_text":"Page
      with advanced blocks","href":null}]}},"url":"https://www.notion.so/Page-with-advanced-blocks-fff974f3b388817db119d867f6eea528","public_url":null,"request_id":"a74d6060-f69e-44f7-9e68-87542411c41f"}'
    headers:
      CF-Cache-Status:
      - DYNAMIC
      CF-Ray:
      - 8af5a0f5cdd3917d-FRA
      Connection:
      - keep-alive
      Content-Encoding:
      - gzip
      Content-Type:
      - application/json; charset=utf-8
      Server:
      - cloudflare
      Transfer-Encoding:
      - chunked
      Vary:
      - Accept-Encoding
      x-notion-request-id:
      - a74d6060-f69e-44f7-9e68-87542411c41f
      x-powered-by:
      - Express
    http_version: HTTP/1.1
    status_code: 200
- request:
    body: ''
    headers:
      accept:
      - '*/*'
      accept-encoding:
      - gzip, deflate
      authorization:
      - secret...
      connection:
      - keep-alive
      cookie:
      - secret...
      host:
      - api.notion.com
      notion-version:
      - '2022-06-28'
      user-agent:
      - secret...
    method: GET
    uri: https://api.notion.com/v1/blocks/fff974f3-b388-817d-b119-d867f6eea528/children?page_size=100
  response:
    content: '{"object":"list","results":[],"next_cursor":null,"has_more":false,"type":"block","block":{},"request_id":"f8de768a-89c5-45a5-985f-379b51965e47"}'
    headers:
      CF-Cache-Status:
      - DYNAMIC
      CF-Ray:
      - 8af5a0f93b2c917d-FRA
      Connection:
      - keep-alive
      Content-Encoding:
      - gzip
      Content-Type:
      - application/json; charset=utf-8
      Server:
      - cloudflare
      Transfer-Encoding:
      - chunked
      Vary:
      - Accept-Encoding
      x-notion-request-id:
      - f8de768a-89c5-45a5-985f-379b51965e47
      x-powered-by:
      - Express
    http_version: HTTP/1.1
    status_code: 200
- request:
    body: '{"children": [{"type": "column_list", "object": "block", "has_children":
      false, "in_trash": false, "archived": false, "column_list": {"children": [{"type":
      "column", "object": "block", "has_children": false, "in_trash": false, "archived":
      false, "column": {"children": []}}, {"type": "column", "object": "block", "has_children":
      false, "in_trash": false, "archived": false, "column": {"children": []}}]}}]}'
    headers:
      accept:
      - '*/*'
      accept-encoding:
      - gzip, deflate
      authorization:
      - secret...
      connection:
      - keep-alive
      content-length:
      - '406'
      content-type:
      - application/json
      cookie:
      - secret...
      host:
      - api.notion.com
      notion-version:
      - '2022-06-28'
      user-agent:
      - secret...
    method: PATCH
    uri: https://api.notion.com/v1/blocks/fff974f3-b388-817d-b119-d867f6eea528/children
  response:
    content: '{"object":"list","results":[{"object":"block","id":"f31affce-d525-4848-82d8-be96d567db3e","parent":{"type":"page_id","page_id":"fff974f3-b388-817d-b119-d867f6eea528"},"created_time":"2024-08-07T07:42:00.000Z","last_edited_time":"2024-08-07T07:42:00.000Z","created_by":{"object":"user","id":"645e79dd-3e43-40de-9d51-39357c1c427f"},"last_edited_by":{"object":"user","id":"645e79dd-3e43-40de-9d51-39357c1c427f"},"has_children":true,"archived":false,"in_trash":false,"type":"column_list","column_list":{}}],"next_cursor":null,"has_more":false,"type":"block","block":{},"request_id":"6d28e042-ebfc-4aef-913b-1d1a9b8cbed7"}'
    headers:
      CF-Cache-Status:
      - DYNAMIC
      CF-Ray:
      - 8af5a0fadd7e917d-FRA
      Connection:
      - keep-alive
      Content-Encoding:
      - gzip
      Content-Type:
      - application/json; charset=utf-8
      Server:
      - cloudflare
      Transfer-Encoding:
      - chunked
      Vary:
      - Accept-Encoding
      x-notion-request-id:
      - 6d28e042-ebfc-4aef-913b-1d1a9b8cbed7
      x-powered-by:
      - Express
    http_version: HTTP/1.1
    status_code: 200
- request:
    body: ''
    headers:
      accept:
      - '*/*'
      accept-encoding:
      - gzip, deflate
      authorization:
      - secret...
      connection:
      - keep-alive
      cookie:
      - secret...
      host:
      - api.notion.com
      notion-version:
      - '2022-06-28'
      user-agent:
      - secret...
    method: GET
    uri: https://api.notion.com/v1/blocks/f31affce-d525-4848-82d8-be96d567db3e/children?page_size=100
  response:
    content: '{"object":"list","results":[{"object":"block","id":"a3761d3a-87fc-45b9-8d41-49e8ed43fff6","parent":{"type":"block_id","block_id":"f31affce-d525-4848-82d8-be96d567db3e"},"created_time":"2024-08-07T07:42:00.000Z","last_edited_time":"2024-08-07T07:42:00.000Z","created_by":{"object":"user","id":"645e79dd-3e43-40de-9d51-39357c1c427f"},"last_edited_by":{"object":"user","id":"645e79dd-3e43-40de-9d51-39357c1c427f"},"has_children":false,"archived":false,"in_trash":false,"type":"column","column":{}},{"object":"block","id":"5492db76-ffe5-4917-83ad-69d7e07c9605","parent":{"type":"block_id","block_id":"f31affce-d525-4848-82d8-be96d567db3e"},"created_time":"2024-08-07T07:42:00.000Z","last_edited_time":"2024-08-07T07:42:00.000Z","created_by":{"object":"user","id":"645e79dd-3e43-40de-9d51-39357c1c427f"},"last_edited_by":{"object":"user","id":"645e79dd-3e43-40de-9d51-39357c1c427f"},"has_children":false,"archived":false,"in_trash":false,"type":"column","column":{}}],"next_cursor":null,"has_more":false,"type":"block","block":{},"request_id":"5d6daa94-72d5-4502-93ab-58d1ecf9519f"}'
    headers:
      CF-Cache-Status:
      - DYNAMIC
      CF-Ray:
      - 8af5a1050c1d917d-FRA
      Connection:
      - keep-alive
      Content-Encoding:
      - gzip
      Content-Type:
      - application/json; charset=utf-8
      Server:
      - cloudflare
      Transfer-Encoding:
      - chunked
      Vary:
      - Accept-Encoding
      x-notion-request-id:
      - 5d6daa94-72d5-4502-93ab-58d1ecf9519f
      x-powered-by:
      - Express
    http_version: HTTP/1.1
    status_code: 200
- request:
    body: ''
    headers:
      accept:
      - '*/*'
      accept-encoding:
      - gzip, deflate
      authorization:
      - secret...
      connection:
      - keep-alive
      cookie:
      - secret...
      host:
      - api.notion.com
      notion-version:
      - '2022-06-28'
      user-agent:
      - secret...
    method: GET
    uri: https://api.notion.com/v1/blocks/a3761d3a-87fc-45b9-8d41-49e8ed43fff6/children?page_size=100
  response:
    content: '{"object":"list","results":[],"next_cursor":null,"has_more":false,"type":"block","block":{},"request_id":"5fce88f0-17f8-40b1-8ee1-a4c26867914e"}'
    headers:
      CF-Cache-Status:
      - DYNAMIC
      CF-Ray:
      - 8af5a10cee43917d-FRA
      Connection:
      - keep-alive
      Content-Encoding:
      - gzip
      Content-Type:
      - application/json; charset=utf-8
      Server:
      - cloudflare
      Transfer-Encoding:
      - chunked
      Vary:
      - Accept-Encoding
      x-notion-request-id:
      - 5fce88f0-17f8-40b1-8ee1-a4c26867914e
      x-powered-by:
      - Express
    http_version: HTTP/1.1
    status_code: 200
- request:
    body: '{"children": [{"type": "paragraph", "object": "block", "has_children":
      false, "in_trash": false, "archived": false, "paragraph": {"rich_text": [{"type":
      "text", "plain_text": "Column 1", "annotations": {"bold": false, "italic": false,
      "strikethrough": false, "underline": false, "code": false, "color": "default"},
      "text": {"content": "Column 1"}}], "color": "default"}}]}'
    headers:
      accept:
      - '*/*'
      accept-encoding:
      - gzip, deflate
      authorization:
      - secret...
      connection:
      - keep-alive
      content-length:
      - '372'
      content-type:
      - application/json
      cookie:
      - secret...
      host:
      - api.notion.com
      notion-version:
      - '2022-06-28'
      user-agent:
      - secret...
    method: PATCH
    uri: https://api.notion.com/v1/blocks/a3761d3a-87fc-45b9-8d41-49e8ed43fff6/children
  response:
    content: '{"object":"list","results":[{"object":"block","id":"5bc0b201-7f50-4f5d-bfd9-ac10790a764f","parent":{"type":"block_id","block_id":"a3761d3a-87fc-45b9-8d41-49e8ed43fff6"},"created_time":"2024-08-07T07:42:00.000Z","last_edited_time":"2024-08-07T07:42:00.000Z","created_by":{"object":"user","id":"645e79dd-3e43-40de-9d51-39357c1c427f"},"last_edited_by":{"object":"user","id":"645e79dd-3e43-40de-9d51-39357c1c427f"},"has_children":false,"archived":false,"in_trash":false,"type":"paragraph","paragraph":{"rich_text":[{"type":"text","text":{"content":"Column
      1","link":null},"annotations":{"bold":false,"italic":false,"strikethrough":false,"underline":false,"code":false,"color":"default"},"plain_text":"Column
      1","href":null}],"color":"default"}}],"next_cursor":null,"has_more":false,"type":"block","block":{},"request_id":"47ba4a9c-b257-488c-8a1c-4c43c94f81a3"}'
    headers:
      CF-Cache-Status:
      - DYNAMIC
      CF-Ray:
      - 8af5a10fda93917d-FRA
      Connection:
      - keep-alive
      Content-Encoding:
      - gzip
      Content-Type:
      - application/json; charset=utf-8
      Server:
      - cloudflare
      Transfer-Encoding:
      - chunked
      Vary:
      - Accept-Encoding
      x-notion-request-id:
      - 47ba4a9c-b257-488c-8a1c-4c43c94f81a3
      x-powered-by:
      - Express
    http_version: HTTP/1.1
    status_code: 200
- request:
    body: ''
    headers:
      accept:
      - '*/*'
      accept-encoding:
      - gzip, deflate
      authorization:
      - secret...
      connection:
      - keep-alive
      cookie:
      - secret...
      host:
      - api.notion.com
      notion-version:
      - '2022-06-28'
      user-agent:
      - secret...
    method: GET
    uri: https://api.notion.com/v1/blocks/5492db76-ffe5-4917-83ad-69d7e07c9605/children?page_size=100
  response:
    content: '{"object":"list","results":[],"next_cursor":null,"has_more":false,"type":"block","block":{},"request_id":"2c0cc51a-af56-4022-8849-5b6aa934775f"}'
    headers:
      CF-Cache-Status:
      - DYNAMIC
      CF-Ray:
      - 8af5a115da90917d-FRA
      Connection:
      - keep-alive
      Content-Encoding:
      - gzip
      Content-Type:
      - application/json; charset=utf-8
      Server:
      - cloudflare
      Transfer-Encoding:
      - chunked
      Vary:
      - Accept-Encoding
      x-notion-request-id:
      - 2c0cc51a-af56-4022-8849-5b6aa934775f
      x-powered-by:
      - Express
    http_version: HTTP/1.1
    status_code: 200
- request:
    body: '{"children": [{"type": "paragraph", "object": "block", "has_children":
      false, "in_trash": false, "archived": false, "paragraph": {"rich_text": [{"type":
      "text", "plain_text": "Column 2", "annotations": {"bold": false, "italic": false,
      "strikethrough": false, "underline": false, "code": false, "color": "default"},
      "text": {"content": "Column 2"}}], "color": "default"}}]}'
    headers:
      accept:
      - '*/*'
      accept-encoding:
      - gzip, deflate
      authorization:
      - secret...
      connection:
      - keep-alive
      content-length:
      - '372'
      content-type:
      - application/json
      cookie:
      - secret...
      host:
      - api.notion.com
      notion-version:
      - '2022-06-28'
      user-agent:
      - secret...
    method: PATCH
    uri: https://api.notion.com/v1/blocks/5492db76-ffe5-4917-83ad-69d7e07c9605/children
  response:
    content: '{"object":"list","results":[{"object":"block","id":"109f9ba8-96ae-41a2-8c76-7781b28b87c9","parent":{"type":"block_id","block_id":"5492db76-ffe5-4917-83ad-69d7e07c9605"},"created_time":"2024-08-07T07:42:00.000Z","last_edited_time":"2024-08-07T07:42:00.000Z","created_by":{"object":"user","id":"645e79dd-3e43-40de-9d51-39357c1c427f"},"last_edited_by":{"object":"user","id":"645e79dd-3e43-40de-9d51-39357c1c427f"},"has_children":false,"archived":false,"in_trash":false,"type":"paragraph","paragraph":{"rich_text":[{"type":"text","text":{"content":"Column
      2","link":null},"annotations":{"bold":false,"italic":false,"strikethrough":false,"underline":false,"code":false,"color":"default"},"plain_text":"Column
      2","href":null}],"color":"default"}}],"next_cursor":null,"has_more":false,"type":"block","block":{},"request_id":"e6faa1f6-ce7c-4f34-bd59-0e19fc21a18a"}'
    headers:
      CF-Cache-Status:
      - DYNAMIC
      CF-Ray:
      - 8af5a117ed1e917d-FRA
      Connection:
      - keep-alive
      Content-Encoding:
      - gzip
      Content-Type:
      - application/json; charset=utf-8
      Server:
      - cloudflare
      Transfer-Encoding:
      - chunked
      Vary:
      - Accept-Encoding
      x-notion-request-id:
      - e6faa1f6-ce7c-4f34-bd59-0e19fc21a18a
      x-powered-by:
      - Express
    http_version: HTTP/1.1
    status_code: 200
- request:
    body: '{"children": [{"type": "table", "object": "block", "has_children": false,
      "in_trash": false, "archived": false, "table": {"table_width": 6, "has_column_header":
      true, "has_row_header": false, "children": [{"type": "table_row", "object":
      "block", "has_children": false, "in_trash": false, "archived": false, "table_row":
      {"cells": [[], [], [], [], [], []]}}, {"type": "table_row", "object": "block",
      "has_children": false, "in_trash": false, "archived": false, "table_row": {"cells":
      [[], [], [], [], [], []]}}, {"type": "table_row", "object": "block", "has_children":
      false, "in_trash": false, "archived": false, "table_row": {"cells": [[], [],
      [], [], [], []]}}, {"type": "table_row", "object": "block", "has_children":
      false, "in_trash": false, "archived": false, "table_row": {"cells": [[], [],
      [], [], [], []]}}]}}]}'
    headers:
      accept:
      - '*/*'
      accept-encoding:
      - gzip, deflate
      authorization:
      - secret...
      connection:
      - keep-alive
      content-length:
      - '820'
      content-type:
      - application/json
      cookie:
      - secret...
      host:
      - api.notion.com
      notion-version:
      - '2022-06-28'
      user-agent:
      - secret...
    method: PATCH
    uri: https://api.notion.com/v1/blocks/fff974f3-b388-817d-b119-d867f6eea528/children
  response:
    content: '{"object":"list","results":[{"object":"block","id":"a7bafc2c-d5f1-4011-8f8f-35d7e89a8c70","parent":{"type":"page_id","page_id":"fff974f3-b388-817d-b119-d867f6eea528"},"created_time":"2024-08-07T07:42:00.000Z","last_edited_time":"2024-08-07T07:42:00.000Z","created_by":{"object":"user","id":"645e79dd-3e43-40de-9d51-39357c1c427f"},"last_edited_by":{"object":"user","id":"645e79dd-3e43-40de-9d51-39357c1c427f"},"has_children":true,"archived":false,"in_trash":false,"type":"table","table":{"table_width":6,"has_column_header":true,"has_row_header":false}}],"next_cursor":null,"has_more":false,"type":"block","block":{},"request_id":"96e750c9-504f-4d0a-8f40-31031afb2100"}'
    headers:
      CF-Cache-Status:
      - DYNAMIC
      CF-Ray:
      - 8af5a1205967917d-FRA
      Connection:
      - keep-alive
      Content-Encoding:
      - gzip
      Content-Type:
      - application/json; charset=utf-8
      Server:
      - cloudflare
      Transfer-Encoding:
      - chunked
      Vary:
      - Accept-Encoding
      x-notion-request-id:
      - 96e750c9-504f-4d0a-8f40-31031afb2100
      x-powered-by:
      - Express
    http_version: HTTP/1.1
    status_code: 200
- request:
    body: ''
    headers:
      accept:
      - '*/*'
      accept-encoding:
      - gzip, deflate
      authorization:
      - secret...
      connection:
      - keep-alive
      cookie:
      - secret...
      host:
      - api.notion.com
      notion-version:
      - '2022-06-28'
      user-agent:
      - secret...
    method: GET
    uri: https://api.notion.com/v1/blocks/a7bafc2c-d5f1-4011-8f8f-35d7e89a8c70/children?page_size=100
  response:
    content: '{"object":"list","results":[{"object":"block","id":"46809619-03df-466e-a2e1-d8fc201a6f0e","parent":{"type":"block_id","block_id":"a7bafc2c-d5f1-4011-8f8f-35d7e89a8c70"},"created_time":"2024-08-07T07:42:00.000Z","last_edited_time":"2024-08-07T07:42:00.000Z","created_by":{"object":"user","id":"645e79dd-3e43-40de-9d51-39357c1c427f"},"last_edited_by":{"object":"user","id":"645e79dd-3e43-40de-9d51-39357c1c427f"},"has_children":false,"archived":false,"in_trash":false,"type":"table_row","table_row":{"cells":[[],[],[],[],[],[]]}},{"object":"block","id":"192c8e80-af54-4d00-870a-5ca3d8297878","parent":{"type":"block_id","block_id":"a7bafc2c-d5f1-4011-8f8f-35d7e89a8c70"},"created_time":"2024-08-07T07:42:00.000Z","last_edited_time":"2024-08-07T07:42:00.000Z","created_by":{"object":"user","id":"645e79dd-3e43-40de-9d51-39357c1c427f"},"last_edited_by":{"object":"user","id":"645e79dd-3e43-40de-9d51-39357c1c427f"},"has_children":false,"archived":false,"in_trash":false,"type":"table_row","table_row":{"cells":[[],[],[],[],[],[]]}},{"object":"block","id":"49a771c4-fbee-40d1-abcc-8a3b04523b6c","parent":{"type":"block_id","block_id":"a7bafc2c-d5f1-4011-8f8f-35d7e89a8c70"},"created_time":"2024-08-07T07:42:00.000Z","last_edited_time":"2024-08-07T07:42:00.000Z","created_by":{"object":"user","id":"645e79dd-3e43-40de-9d51-39357c1c427f"},"last_edited_by":{"object":"user","id":"645e79dd-3e43-40de-9d51-39357c1c427f"},"has_children":false,"archived":false,"in_trash":false,"type":"table_row","table_row":{"cells":[[],[],[],[],[],[]]}},{"object":"block","id":"2aa350aa-67fe-4c8b-bef3-7144da30bf51","parent":{"type":"block_id","block_id":"a7bafc2c-d5f1-4011-8f8f-35d7e89a8c70"},"created_time":"2024-08-07T07:42:00.000Z","last_edited_time":"2024-08-07T07:42:00.000Z","created_by":{"object":"user","id":"645e79dd-3e43-40de-9d51-39357c1c427f"},"last_edited_by":{"object":"user","id":"645e79dd-3e43-40de-9d51-39357c1c427f"},"has_children":false,"archived":false,"in_trash":false,"type":"table_row","table_row":{"cells":[[],[],[],[],[],[]]}}],"next_cursor":null,"has_more":false,"type":"block","block":{},"request_id":"263853f2-e385-4f38-a68f-5759e269d546"}'
    headers:
      CF-Cache-Status:
      - DYNAMIC
      CF-Ray:
      - 8af5a12699ed917d-FRA
      Connection:
      - keep-alive
      Content-Encoding:
      - gzip
      Content-Type:
      - application/json; charset=utf-8
      Server:
      - cloudflare
      Transfer-Encoding:
      - chunked
      Vary:
      - Accept-Encoding
      x-notion-request-id:
      - 263853f2-e385-4f38-a68f-5759e269d546
      x-powered-by:
      - Express
    http_version: HTTP/1.1
    status_code: 200
- request:
    body: '{"query": "Getting Started", "filter": {"property": "object", "value":
      "page"}, "page_size": 100}'
    headers:
      accept:
      - '*/*'
      accept-encoding:
      - gzip, deflate
      authorization:
      - secret...
      connection:
      - keep-alive
      content-length:
      - '97'
      content-type:
      - application/json
      cookie:
      - secret...
      host:
      - api.notion.com
      notion-version:
      - '2022-06-28'
      user-agent:
      - secret...
    method: POST
    uri: https://api.notion.com/v1/search
  response:
    content: '{"object":"list","results":[{"object":"page","id":"6855b161-f63e-4683-b7c7-8ca6e97ee246","created_time":"2023-11-05T10:35:00.000Z","last_edited_time":"2024-06-01T19:31:00.000Z","created_by":{"object":"user","id":"b10cb6df-12ef-44d3-88ad-250168f66322"},"last_edited_by":{"object":"user","id":"b10cb6df-12ef-44d3-88ad-250168f66322"},"cover":null,"icon":null,"parent":{"type":"page_id","page_id":"5f505199-b292-4713-920b-61d813bf72a3"},"archived":false,"in_trash":false,"properties":{"title":{"id":"title","type":"title","title":[{"type":"text","text":{"content":"Getting
      Started","link":null},"annotations":{"bold":false,"italic":false,"strikethrough":false,"underline":false,"code":false,"color":"default"},"plain_text":"Getting
      Started","href":null}]}},"url":"https://www.notion.so/Getting-Started-6855b161f63e4683b7c78ca6e97ee246","public_url":null}],"next_cursor":null,"has_more":false,"type":"page_or_database","page_or_database":{},"request_id":"3cf16a3c-9fe3-4d0a-82f1-7bf535c6d99f"}'
    headers:
      CF-Cache-Status:
      - DYNAMIC
      CF-Ray:
      - 8af5a129deb2917d-FRA
      Connection:
      - keep-alive
      Content-Encoding:
      - gzip
      Content-Type:
      - application/json; charset=utf-8
      Server:
      - cloudflare
      Transfer-Encoding:
      - chunked
      Vary:
      - Accept-Encoding
      x-notion-request-id:
      - 3cf16a3c-9fe3-4d0a-82f1-7bf535c6d99f
      x-powered-by:
      - Express
    http_version: HTTP/1.1
    status_code: 200
- request:
    body: '{"children": [{"type": "link_to_page", "object": "block", "has_children":
      false, "in_trash": false, "archived": false, "link_to_page": {"type": "page_id",
      "page_id": "6855b161-f63e-4683-b7c7-8ca6e97ee246"}}]}'
    headers:
      accept:
      - '*/*'
      accept-encoding:
      - gzip, deflate
      authorization:
      - secret...
      connection:
      - keep-alive
      content-length:
      - '208'
      content-type:
      - application/json
      cookie:
      - secret...
      host:
      - api.notion.com
      notion-version:
      - '2022-06-28'
      user-agent:
      - secret...
    method: PATCH
    uri: https://api.notion.com/v1/blocks/fff974f3-b388-817d-b119-d867f6eea528/children
  response:
    content: '{"object":"list","results":[{"object":"block","id":"75b392f6-cbec-43e3-80d2-0947cc78abbb","parent":{"type":"page_id","page_id":"fff974f3-b388-817d-b119-d867f6eea528"},"created_time":"2024-08-07T07:42:00.000Z","last_edited_time":"2024-08-07T07:42:00.000Z","created_by":{"object":"user","id":"645e79dd-3e43-40de-9d51-39357c1c427f"},"last_edited_by":{"object":"user","id":"645e79dd-3e43-40de-9d51-39357c1c427f"},"has_children":false,"archived":false,"in_trash":false,"type":"link_to_page","link_to_page":{"type":"page_id","page_id":"6855b161-f63e-4683-b7c7-8ca6e97ee246"}}],"next_cursor":null,"has_more":false,"type":"block","block":{},"request_id":"508c1aaf-6a90-460d-bd4b-61551f1ec7af"}'
    headers:
      CF-Cache-Status:
      - DYNAMIC
      CF-Ray:
      - 8af5a12dfd1d917d-FRA
      Connection:
      - keep-alive
      Content-Encoding:
      - gzip
      Content-Type:
      - application/json; charset=utf-8
      Server:
      - cloudflare
      Transfer-Encoding:
      - chunked
      Vary:
      - Accept-Encoding
      x-notion-request-id:
      - 508c1aaf-6a90-460d-bd4b-61551f1ec7af
      x-powered-by:
      - Express
    http_version: HTTP/1.1
    status_code: 200
- request:
    body: '{"children": [{"type": "synced_block", "object": "block", "has_children":
      false, "in_trash": false, "archived": false, "synced_block": {"children": [{"type":
      "paragraph", "object": "block", "has_children": false, "in_trash": false, "archived":
      false, "paragraph": {"rich_text": [{"type": "text", "plain_text": "This is a
      synced paragraph", "annotations": {"bold": false, "italic": false, "strikethrough":
      false, "underline": false, "code": false, "color": "default"}, "text": {"content":
      "This is a synced paragraph"}}], "color": "default"}}], "synced_from": null}}]}'
    headers:
      accept:
      - '*/*'
      accept-encoding:
      - gzip, deflate
      authorization:
      - secret...
      connection:
      - keep-alive
      content-length:
      - '567'
      content-type:
      - application/json
      cookie:
      - secret...
      host:
      - api.notion.com
      notion-version:
      - '2022-06-28'
      user-agent:
      - secret...
    method: PATCH
    uri: https://api.notion.com/v1/blocks/fff974f3-b388-817d-b119-d867f6eea528/children
  response:
    content: '{"object":"list","results":[{"object":"block","id":"0ec6984b-2166-491e-9560-909b35ecd29a","parent":{"type":"page_id","page_id":"fff974f3-b388-817d-b119-d867f6eea528"},"created_time":"2024-08-07T07:42:00.000Z","last_edited_time":"2024-08-07T07:42:00.000Z","created_by":{"object":"user","id":"645e79dd-3e43-40de-9d51-39357c1c427f"},"last_edited_by":{"object":"user","id":"645e79dd-3e43-40de-9d51-39357c1c427f"},"has_children":true,"archived":false,"in_trash":false,"type":"synced_block","synced_block":{"synced_from":null}}],"next_cursor":null,"has_more":false,"type":"block","block":{},"request_id":"945edecc-2289-4c47-97b3-c7ecae85700d"}'
    headers:
      CF-Cache-Status:
      - DYNAMIC
      CF-Ray:
      - 8af5a137eac8917d-FRA
      Connection:
      - keep-alive
      Content-Encoding:
      - gzip
      Content-Type:
      - application/json; charset=utf-8
      Server:
      - cloudflare
      Transfer-Encoding:
      - chunked
      Vary:
      - Accept-Encoding
      x-notion-request-id:
      - 945edecc-2289-4c47-97b3-c7ecae85700d
      x-powered-by:
      - Express
    http_version: HTTP/1.1
    status_code: 200
- request:
    body: '{"children": [{"type": "synced_block", "object": "block", "has_children":
      false, "in_trash": false, "archived": false, "synced_block": {"synced_from":
      {"type": "block_id", "block_id": "0ec6984b-2166-491e-9560-909b35ecd29a"}}}]}'
    headers:
      accept:
      - '*/*'
      accept-encoding:
      - gzip, deflate
      authorization:
      - secret...
      connection:
      - keep-alive
      content-length:
      - '227'
      content-type:
      - application/json
      cookie:
      - secret...
      host:
      - api.notion.com
      notion-version:
      - '2022-06-28'
      user-agent:
      - secret...
    method: PATCH
    uri: https://api.notion.com/v1/blocks/fff974f3-b388-817d-b119-d867f6eea528/children
  response:
    content: '{"object":"list","results":[{"object":"block","id":"1acf6701-b038-41f6-b56d-344616b1759a","parent":{"type":"page_id","page_id":"fff974f3-b388-817d-b119-d867f6eea528"},"created_time":"2024-08-07T07:42:00.000Z","last_edited_time":"2024-08-07T07:42:00.000Z","created_by":{"object":"user","id":"645e79dd-3e43-40de-9d51-39357c1c427f"},"last_edited_by":{"object":"user","id":"645e79dd-3e43-40de-9d51-39357c1c427f"},"has_children":true,"archived":false,"in_trash":false,"type":"synced_block","synced_block":{"synced_from":{"type":"block_id","block_id":"0ec6984b-2166-491e-9560-909b35ecd29a"}}}],"next_cursor":null,"has_more":false,"type":"block","block":{},"request_id":"1c9c29d3-6424-4bd8-adf5-1580a3113526"}'
    headers:
      CF-Cache-Status:
      - DYNAMIC
      CF-Ray:
      - 8af5a13d2a0f917d-FRA
      Connection:
      - keep-alive
      Content-Encoding:
      - gzip
      Content-Type:
      - application/json; charset=utf-8
      Server:
      - cloudflare
      Transfer-Encoding:
      - chunked
      Vary:
      - Accept-Encoding
      x-notion-request-id:
      - 1c9c29d3-6424-4bd8-adf5-1580a3113526
      x-powered-by:
      - Express
    http_version: HTTP/1.1
    status_code: 200
- request:
    body: '{"parent": {"type": "page_id", "page_id": "5f505199-b292-4713-920b-61d813bf72a3"},
      "properties": {"title": {"type": "title", "title": [{"type": "text", "plain_text":
      "Page with fancy text", "annotations": {"bold": false, "italic": false, "strikethrough":
      false, "underline": false, "code": false, "color": "default"}, "text": {"content":
      "Page with fancy text"}}]}}}'
    headers:
      accept:
      - '*/*'
      accept-encoding:
      - gzip, deflate
      authorization:
      - secret...
      connection:
      - keep-alive
      content-length:
      - '366'
      content-type:
      - application/json
      cookie:
      - secret...
      host:
      - api.notion.com
      notion-version:
      - '2022-06-28'
      user-agent:
      - secret...
    method: POST
    uri: https://api.notion.com/v1/pages
  response:
    content: '{"object":"page","id":"8d213b33-5b00-4f1a-a48c-f6588375244a","created_time":"2024-08-07T07:42:00.000Z","last_edited_time":"2024-08-07T07:42:00.000Z","created_by":{"object":"user","id":"645e79dd-3e43-40de-9d51-39357c1c427f"},"last_edited_by":{"object":"user","id":"645e79dd-3e43-40de-9d51-39357c1c427f"},"cover":null,"icon":null,"parent":{"type":"page_id","page_id":"5f505199-b292-4713-920b-61d813bf72a3"},"archived":false,"in_trash":false,"properties":{"title":{"id":"title","type":"title","title":[{"type":"text","text":{"content":"Page
      with fancy text","link":null},"annotations":{"bold":false,"italic":false,"strikethrough":false,"underline":false,"code":false,"color":"default"},"plain_text":"Page
      with fancy text","href":null}]}},"url":"https://www.notion.so/Page-with-fancy-text-8d213b335b004f1aa48cf6588375244a","public_url":null,"request_id":"e9943aa5-9ede-4c03-82b4-05c9bbad1cc4"}'
    headers:
      CF-Cache-Status:
      - DYNAMIC
      CF-Ray:
      - 8af5a1478ecf917d-FRA
      Connection:
      - keep-alive
      Content-Encoding:
      - gzip
      Content-Type:
      - application/json; charset=utf-8
      Server:
      - cloudflare
      Transfer-Encoding:
      - chunked
      Vary:
      - Accept-Encoding
      x-notion-request-id:
      - e9943aa5-9ede-4c03-82b4-05c9bbad1cc4
      x-powered-by:
      - Express
    http_version: HTTP/1.1
    status_code: 200
- request:
    body: ''
    headers:
      accept:
      - '*/*'
      accept-encoding:
      - gzip, deflate
      authorization:
      - secret...
      connection:
      - keep-alive
      cookie:
      - secret...
      host:
      - api.notion.com
      notion-version:
      - '2022-06-28'
      user-agent:
      - secret...
    method: GET
    uri: https://api.notion.com/v1/blocks/8d213b33-5b00-4f1a-a48c-f6588375244a/children?page_size=100
  response:
    content: '{"object":"list","results":[],"next_cursor":null,"has_more":false,"type":"block","block":{},"request_id":"2362a6f1-d41b-42e7-848f-098a385d7c1e"}'
    headers:
      CF-Cache-Status:
      - DYNAMIC
      CF-Ray:
      - 8af5a14cccfd917d-FRA
      Connection:
      - keep-alive
      Content-Encoding:
      - gzip
      Content-Type:
      - application/json; charset=utf-8
      Server:
      - cloudflare
      Transfer-Encoding:
      - chunked
      Vary:
      - Accept-Encoding
      x-notion-request-id:
      - 2362a6f1-d41b-42e7-848f-098a385d7c1e
      x-powered-by:
      - Express
    http_version: HTTP/1.1
    status_code: 200
- request:
    body: '{"children": [{"type": "paragraph", "object": "block", "has_children":
      false, "in_trash": false, "archived": false, "paragraph": {"rich_text": [{"type":
      "text", "plain_text": "This is a ", "annotations": {"bold": false, "italic":
      false, "strikethrough": false, "underline": false, "code": false, "color": "default"},
      "text": {"content": "This is a "}}, {"type": "text", "plain_text": "bold", "annotations":
      {"bold": true, "italic": false, "strikethrough": false, "underline": false,
      "code": false, "color": "default"}, "text": {"content": "bold"}}, {"type": "text",
      "plain_text": " word.\n", "annotations": {"bold": false, "italic": false, "strikethrough":
      false, "underline": false, "code": false, "color": "default"}, "text": {"content":
      " word.\n"}}, {"type": "text", "plain_text": "We can even add a normal string
      to it.\n", "annotations": {"bold": false, "italic": false, "strikethrough":
      false, "underline": false, "code": false, "color": "default"}, "text": {"content":
      "We can even add a normal string to it.\n"}}, {"type": "text", "plain_text":
      "Now some ", "annotations": {"bold": false, "italic": false, "strikethrough":
      false, "underline": false, "code": false, "color": "default"}, "text": {"content":
      "Now some "}}, {"type": "text", "plain_text": "inline formula: ", "annotations":
      {"bold": false, "italic": false, "strikethrough": false, "underline": false,
      "code": false, "color": "red"}, "text": {"content": "inline formula: "}}, {"type":
      "equation", "plain_text": "-1 = e^{i \\pi}", "annotations": {"bold": false,
      "italic": false, "strikethrough": false, "underline": false, "code": false,
      "color": "default"}, "equation": {"expression": "-1 = e^{i \\pi}"}}, {"type":
      "text", "plain_text": "\n", "annotations": {"bold": false, "italic": false,
      "strikethrough": false, "underline": false, "code": false, "color": "default"},
      "text": {"content": "\n"}}, {"type": "text", "plain_text": "All", "annotations":
      {"bold": false, "italic": true, "strikethrough": false, "underline": false,
      "code": false, "color": "default"}, "text": {"content": "All"}}, {"type": "text",
      "plain_text": " ", "annotations": {"bold": false, "italic": false, "strikethrough":
      false, "underline": false, "code": false, "color": "default"}, "text": {"content":
      " "}}, {"type": "text", "plain_text": "possible", "annotations": {"bold": false,
      "italic": false, "strikethrough": false, "underline": true, "code": false, "color":
      "default"}, "text": {"content": "possible"}}, {"type": "text", "plain_text":
      " ", "annotations": {"bold": false, "italic": false, "strikethrough": false,
      "underline": false, "code": false, "color": "default"}, "text": {"content":
      " "}}, {"type": "text", "plain_text": "formatting, ", "annotations": {"bold":
      false, "italic": false, "strikethrough": false, "underline": false, "code":
      false, "color": "purple_background"}, "text": {"content": "formatting, "}},
      {"type": "text", "plain_text": " ", "annotations": {"bold": false, "italic":
      false, "strikethrough": false, "underline": false, "code": false, "color": "default"},
      "text": {"content": " "}}, {"type": "text", "plain_text": "is", "annotations":
      {"bold": false, "italic": false, "strikethrough": false, "underline": false,
      "code": true, "color": "default"}, "text": {"content": "is"}}, {"type": "text",
      "plain_text": " ", "annotations": {"bold": false, "italic": false, "strikethrough":
      false, "underline": false, "code": false, "color": "default"}, "text": {"content":
      " "}}, {"type": "text", "plain_text": "it?", "annotations": {"bold": false,
      "italic": false, "strikethrough": true, "underline": false, "code": false, "color":
      "default"}, "text": {"content": "it?"}}, {"type": "text", "plain_text": " ",
      "annotations": {"bold": false, "italic": false, "strikethrough": false, "underline":
      false, "code": false, "color": "default"}, "text": {"content": " "}}, {"type":
      "text", "plain_text": "it not?", "annotations": {"bold": true, "italic": true,
      "strikethrough": false, "underline": false, "code": false, "color": "default"},
      "text": {"content": "it not?"}}], "color": "default"}}]}'
    headers:
      accept:
      - '*/*'
      accept-encoding:
      - gzip, deflate
      authorization:
      - secret...
      connection:
      - keep-alive
      content-length:
      - '4056'
      content-type:
      - application/json
      cookie:
      - secret...
      host:
      - api.notion.com
      notion-version:
      - '2022-06-28'
      user-agent:
      - secret...
    method: PATCH
    uri: https://api.notion.com/v1/blocks/8d213b33-5b00-4f1a-a48c-f6588375244a/children
  response:
    content: '{"object":"list","results":[{"object":"block","id":"390724da-893c-4183-bed4-fadb654ab4d8","parent":{"type":"page_id","page_id":"8d213b33-5b00-4f1a-a48c-f6588375244a"},"created_time":"2024-08-07T07:42:00.000Z","last_edited_time":"2024-08-07T07:42:00.000Z","created_by":{"object":"user","id":"645e79dd-3e43-40de-9d51-39357c1c427f"},"last_edited_by":{"object":"user","id":"645e79dd-3e43-40de-9d51-39357c1c427f"},"has_children":false,"archived":false,"in_trash":false,"type":"paragraph","paragraph":{"rich_text":[{"type":"text","text":{"content":"This
      is a ","link":null},"annotations":{"bold":false,"italic":false,"strikethrough":false,"underline":false,"code":false,"color":"default"},"plain_text":"This
      is a ","href":null},{"type":"text","text":{"content":"bold","link":null},"annotations":{"bold":true,"italic":false,"strikethrough":false,"underline":false,"code":false,"color":"default"},"plain_text":"bold","href":null},{"type":"text","text":{"content":"
      word.\n","link":null},"annotations":{"bold":false,"italic":false,"strikethrough":false,"underline":false,"code":false,"color":"default"},"plain_text":"
      word.\n","href":null},{"type":"text","text":{"content":"We can even add a normal
      string to it.\n","link":null},"annotations":{"bold":false,"italic":false,"strikethrough":false,"underline":false,"code":false,"color":"default"},"plain_text":"We
      can even add a normal string to it.\n","href":null},{"type":"text","text":{"content":"Now
      some ","link":null},"annotations":{"bold":false,"italic":false,"strikethrough":false,"underline":false,"code":false,"color":"default"},"plain_text":"Now
      some ","href":null},{"type":"text","text":{"content":"inline formula: ","link":null},"annotations":{"bold":false,"italic":false,"strikethrough":false,"underline":false,"code":false,"color":"red"},"plain_text":"inline
      formula: ","href":null},{"type":"equation","equation":{"expression":"-1 = e^{i
      \\pi}"},"annotations":{"bold":false,"italic":false,"strikethrough":false,"underline":false,"code":false,"color":"default"},"plain_text":"-1
      = e^{i \\pi}","href":null},{"type":"text","text":{"content":"\n","link":null},"annotations":{"bold":false,"italic":false,"strikethrough":false,"underline":false,"code":false,"color":"default"},"plain_text":"\n","href":null},{"type":"text","text":{"content":"All","link":null},"annotations":{"bold":false,"italic":true,"strikethrough":false,"underline":false,"code":false,"color":"default"},"plain_text":"All","href":null},{"type":"text","text":{"content":"
      ","link":null},"annotations":{"bold":false,"italic":false,"strikethrough":false,"underline":false,"code":false,"color":"default"},"plain_text":"
      ","href":null},{"type":"text","text":{"content":"possible","link":null},"annotations":{"bold":false,"italic":false,"strikethrough":false,"underline":true,"code":false,"color":"default"},"plain_text":"possible","href":null},{"type":"text","text":{"content":"
      ","link":null},"annotations":{"bold":false,"italic":false,"strikethrough":false,"underline":false,"code":false,"color":"default"},"plain_text":"
      ","href":null},{"type":"text","text":{"content":"formatting, ","link":null},"annotations":{"bold":false,"italic":false,"strikethrough":false,"underline":false,"code":false,"color":"purple_background"},"plain_text":"formatting,
      ","href":null},{"type":"text","text":{"content":" ","link":null},"annotations":{"bold":false,"italic":false,"strikethrough":false,"underline":false,"code":false,"color":"default"},"plain_text":"
      ","href":null},{"type":"text","text":{"content":"is","link":null},"annotations":{"bold":false,"italic":false,"strikethrough":false,"underline":false,"code":true,"color":"default"},"plain_text":"is","href":null},{"type":"text","text":{"content":"
      ","link":null},"annotations":{"bold":false,"italic":false,"strikethrough":false,"underline":false,"code":false,"color":"default"},"plain_text":"
      ","href":null},{"type":"text","text":{"content":"it?","link":null},"annotations":{"bold":false,"italic":false,"strikethrough":true,"underline":false,"code":false,"color":"default"},"plain_text":"it?","href":null},{"type":"text","text":{"content":"
      ","link":null},"annotations":{"bold":false,"italic":false,"strikethrough":false,"underline":false,"code":false,"color":"default"},"plain_text":"
      ","href":null},{"type":"text","text":{"content":"it not?","link":null},"annotations":{"bold":true,"italic":true,"strikethrough":false,"underline":false,"code":false,"color":"default"},"plain_text":"it
      not?","href":null}],"color":"default"}}],"next_cursor":null,"has_more":false,"type":"block","block":{},"request_id":"8b417c73-bb0b-4e08-9056-bbe2549f83fe"}'
    headers:
      CF-Cache-Status:
      - DYNAMIC
      CF-Ray:
      - 8af5a14effaa917d-FRA
      Connection:
      - keep-alive
      Content-Encoding:
      - gzip
      Content-Type:
      - application/json; charset=utf-8
      Server:
      - cloudflare
      Transfer-Encoding:
      - chunked
      Vary:
      - Accept-Encoding
      x-notion-request-id:
      - 8b417c73-bb0b-4e08-9056-bbe2549f83fe
      x-powered-by:
      - Express
    http_version: HTTP/1.1
    status_code: 200
- request:
    body: ''
    headers:
      accept:
      - '*/*'
      accept-encoding:
      - gzip, deflate
      authorization:
      - secret...
      connection:
      - keep-alive
      cookie:
      - secret...
      host:
      - api.notion.com
      notion-version:
      - '2022-06-28'
      user-agent:
      - secret...
    method: GET
    uri: https://api.notion.com/v1/users?page_size=100
  response:
    content: '{"object":"list","results":[{"object":"user","id":"b10cb6df-12ef-44d3-88ad-250168f66322","name":"Florian
      Wilhelm","avatar_url":"https://lh3.googleusercontent.com/a-/AAuE7mBBGq22qnRbLoOSo5zScC4miXci-xi4vELc30G9Aw=s100","type":"person","person":{"email":"florian.wilhelm@gmail.com"}},{"object":"user","id":"645e79dd-3e43-40de-9d51-39357c1c427f","name":"Github
      Unittests","avatar_url":"https://s3-us-west-2.amazonaws.com/public.notion-static.com/975357ac-773b-4ccb-95f5-e3a2a6cef61f/GitHub-Mark-120px-plus.png","type":"bot","bot":{"owner":{"type":"workspace","workspace":true},"workspace_name":"GitHub
      Unittests"}}],"next_cursor":null,"has_more":false,"type":"user","user":{},"request_id":"d0bab9b4-8fde-45fc-b754-aa6a395703e1"}'
    headers:
      CF-Cache-Status:
      - DYNAMIC
      CF-Ray:
      - 8af5a156a937917d-FRA
      Connection:
      - keep-alive
      Content-Encoding:
      - gzip
      Content-Type:
      - application/json; charset=utf-8
      Server:
      - cloudflare
      Transfer-Encoding:
      - chunked
      Vary:
      - Accept-Encoding
      x-notion-request-id:
      - d0bab9b4-8fde-45fc-b754-aa6a395703e1
      x-powered-by:
      - Express
    http_version: HTTP/1.1
    status_code: 200
- request:
    body: '{"parent": {"type": "page_id", "page_id": "5f505199-b292-4713-920b-61d813bf72a3"},
      "properties": {"Name": {"type": "title", "title": {}}, "Tags": {"type": "multi_select",
      "multi_select": {"options": []}}}}'
    headers:
      accept:
      - '*/*'
      accept-encoding:
      - gzip, deflate
      authorization:
      - secret...
      connection:
      - keep-alive
      content-length:
      - '205'
      content-type:
      - application/json
      cookie:
      - secret...
      host:
      - api.notion.com
      notion-version:
      - '2022-06-28'
      user-agent:
      - secret...
    method: POST
    uri: https://api.notion.com/v1/databases
  response:
    content: '{"object":"database","id":"aa92c436-40b7-4e04-ac25-11df36166ea5","cover":null,"icon":null,"created_time":"2024-08-07T07:42:00.000Z","created_by":{"object":"user","id":"645e79dd-3e43-40de-9d51-39357c1c427f"},"last_edited_by":{"object":"user","id":"645e79dd-3e43-40de-9d51-39357c1c427f"},"last_edited_time":"2024-08-07T07:42:00.000Z","title":[],"description":[],"is_inline":false,"properties":{"Tags":{"id":"Qdwa","name":"Tags","type":"multi_select","multi_select":{"options":[]}},"Name":{"id":"title","name":"Name","type":"title","title":{}}},"parent":{"type":"page_id","page_id":"5f505199-b292-4713-920b-61d813bf72a3"},"url":"https://www.notion.so/aa92c43640b74e04ac2511df36166ea5","public_url":null,"archived":false,"in_trash":false,"request_id":"e73b714e-7031-45c1-81c6-6efcc61b8310"}'
    headers:
      CF-Cache-Status:
      - DYNAMIC
      CF-Ray:
      - 8af5a15c5864917d-FRA
      Connection:
      - keep-alive
      Content-Encoding:
      - gzip
      Content-Type:
      - application/json; charset=utf-8
      Server:
      - cloudflare
      Transfer-Encoding:
      - chunked
      Vary:
      - Accept-Encoding
      x-notion-request-id:
      - e73b714e-7031-45c1-81c6-6efcc61b8310
      x-powered-by:
      - Express
    http_version: HTTP/1.1
    status_code: 200
- request:
    body: '{"query": "Getting Started", "filter": {"property": "object", "value":
      "page"}, "page_size": 100}'
    headers:
      accept:
      - '*/*'
      accept-encoding:
      - gzip, deflate
      authorization:
      - secret...
      connection:
      - keep-alive
      content-length:
      - '97'
      content-type:
      - application/json
      cookie:
      - secret...
      host:
      - api.notion.com
      notion-version:
      - '2022-06-28'
      user-agent:
      - secret...
    method: POST
    uri: https://api.notion.com/v1/search
  response:
    content: '{"object":"list","results":[{"object":"page","id":"6855b161-f63e-4683-b7c7-8ca6e97ee246","created_time":"2023-11-05T10:35:00.000Z","last_edited_time":"2024-06-01T19:31:00.000Z","created_by":{"object":"user","id":"b10cb6df-12ef-44d3-88ad-250168f66322"},"last_edited_by":{"object":"user","id":"b10cb6df-12ef-44d3-88ad-250168f66322"},"cover":null,"icon":null,"parent":{"type":"page_id","page_id":"5f505199-b292-4713-920b-61d813bf72a3"},"archived":false,"in_trash":false,"properties":{"title":{"id":"title","type":"title","title":[{"type":"text","text":{"content":"Getting
      Started","link":null},"annotations":{"bold":false,"italic":false,"strikethrough":false,"underline":false,"code":false,"color":"default"},"plain_text":"Getting
      Started","href":null}]}},"url":"https://www.notion.so/Getting-Started-6855b161f63e4683b7c78ca6e97ee246","public_url":null}],"next_cursor":null,"has_more":false,"type":"page_or_database","page_or_database":{},"request_id":"e8807a1a-8316-47b3-ba18-d3f6be942a8c"}'
    headers:
      CF-Cache-Status:
      - DYNAMIC
      CF-Ray:
      - 8af5a165bd41917d-FRA
      Connection:
      - keep-alive
      Content-Encoding:
      - gzip
      Content-Type:
      - application/json; charset=utf-8
      Server:
      - cloudflare
      Transfer-Encoding:
      - chunked
      Vary:
      - Accept-Encoding
      x-notion-request-id:
      - e8807a1a-8316-47b3-ba18-d3f6be942a8c
      x-powered-by:
      - Express
    http_version: HTTP/1.1
    status_code: 200
- request:
    body: '{"children": [{"type": "paragraph", "object": "block", "has_children":
      false, "in_trash": false, "archived": false, "paragraph": {"rich_text": [{"type":
      "mention", "plain_text": "Florian Wilhelm", "annotations": {"bold": false, "italic":
      false, "strikethrough": false, "underline": false, "code": false, "color": "default"},
      "mention": {"type": "user", "user": {"type": "person", "object": "user", "id":
      "b10cb6df-12ef-44d3-88ad-250168f66322", "name": "Florian Wilhelm", "avatar_url":
      "https://lh3.googleusercontent.com/a-/AAuE7mBBGq22qnRbLoOSo5zScC4miXci-xi4vELc30G9Aw=s100",
      "person": {"email": "florian.wilhelm@gmail.com"}}}}, {"type": "text", "plain_text":
      " : ", "annotations": {"bold": false, "italic": false, "strikethrough": false,
      "underline": false, "code": false, "color": "default"}, "text": {"content":
      " : "}}, {"type": "mention", "plain_text": "", "annotations": {"bold": false,
      "italic": false, "strikethrough": false, "underline": false, "code": false,
      "color": "default"}, "mention": {"type": "database", "database": {"id": "aa92c436-40b7-4e04-ac25-11df36166ea5"}}},
      {"type": "text", "plain_text": " : ", "annotations": {"bold": false, "italic":
      false, "strikethrough": false, "underline": false, "code": false, "color": "default"},
      "text": {"content": " : "}}, {"type": "mention", "plain_text": "Getting Started",
      "annotations": {"bold": false, "italic": false, "strikethrough": false, "underline":
      false, "code": false, "color": "default"}, "mention": {"type": "page", "page":
      {"id": "6855b161-f63e-4683-b7c7-8ca6e97ee246"}}}, {"type": "text", "plain_text":
      " : ", "annotations": {"bold": false, "italic": false, "strikethrough": false,
      "underline": false, "code": false, "color": "default"}, "text": {"content":
      " : "}}, {"type": "mention", "plain_text": "@1592-03-14 00:00:00", "annotations":
      {"bold": false, "italic": false, "strikethrough": false, "underline": false,
      "code": false, "color": "default"}, "mention": {"type": "date", "date": {"start":
      "1592-03-14T00:00:00", "time_zone": "Europe/Berlin"}}}], "color": "default"}}]}'
    headers:
      accept:
      - '*/*'
      accept-encoding:
      - gzip, deflate
      authorization:
      - secret...
      connection:
      - keep-alive
      content-length:
      - '2053'
      content-type:
      - application/json
      cookie:
      - secret...
      host:
      - api.notion.com
      notion-version:
      - '2022-06-28'
      user-agent:
      - secret...
    method: PATCH
    uri: https://api.notion.com/v1/blocks/8d213b33-5b00-4f1a-a48c-f6588375244a/children
  response:
    content: '{"object":"list","results":[{"object":"block","id":"8abda863-4162-4390-9458-088b6b5e333c","parent":{"type":"page_id","page_id":"8d213b33-5b00-4f1a-a48c-f6588375244a"},"created_time":"2024-08-07T07:42:00.000Z","last_edited_time":"2024-08-07T07:42:00.000Z","created_by":{"object":"user","id":"645e79dd-3e43-40de-9d51-39357c1c427f"},"last_edited_by":{"object":"user","id":"645e79dd-3e43-40de-9d51-39357c1c427f"},"has_children":false,"archived":false,"in_trash":false,"type":"paragraph","paragraph":{"rich_text":[{"type":"mention","mention":{"type":"user","user":{"object":"user","id":"b10cb6df-12ef-44d3-88ad-250168f66322","name":"Florian
      Wilhelm","avatar_url":"https://lh3.googleusercontent.com/a-/AAuE7mBBGq22qnRbLoOSo5zScC4miXci-xi4vELc30G9Aw=s100","type":"person","person":{"email":"florian.wilhelm@gmail.com"}}},"annotations":{"bold":false,"italic":false,"strikethrough":false,"underline":false,"code":false,"color":"default"},"plain_text":"@Florian
      Wilhelm","href":null},{"type":"text","text":{"content":" : ","link":null},"annotations":{"bold":false,"italic":false,"strikethrough":false,"underline":false,"code":false,"color":"default"},"plain_text":"
      : ","href":null},{"type":"mention","mention":{"type":"database","database":{"id":"aa92c436-40b7-4e04-ac25-11df36166ea5"}},"annotations":{"bold":false,"italic":false,"strikethrough":false,"underline":false,"code":false,"color":"default"},"plain_text":"Untitled","href":"https://www.notion.so/aa92c43640b74e04ac2511df36166ea5"},{"type":"text","text":{"content":"
      : ","link":null},"annotations":{"bold":false,"italic":false,"strikethrough":false,"underline":false,"code":false,"color":"default"},"plain_text":"
      : ","href":null},{"type":"mention","mention":{"type":"page","page":{"id":"6855b161-f63e-4683-b7c7-8ca6e97ee246"}},"annotations":{"bold":false,"italic":false,"strikethrough":false,"underline":false,"code":false,"color":"default"},"plain_text":"Getting
      Started","href":"https://www.notion.so/6855b161f63e4683b7c78ca6e97ee246"},{"type":"text","text":{"content":"
      : ","link":null},"annotations":{"bold":false,"italic":false,"strikethrough":false,"underline":false,"code":false,"color":"default"},"plain_text":"
      : ","href":null},{"type":"mention","mention":{"type":"date","date":{"start":"1592-03-14T00:00:00.000+00:53","end":null,"time_zone":null}},"annotations":{"bold":false,"italic":false,"strikethrough":false,"underline":false,"code":false,"color":"default"},"plain_text":"1592-03-14T00:00:00.000+00:53","href":null}],"color":"default"}}],"next_cursor":null,"has_more":false,"type":"block","block":{},"request_id":"bafd51d4-2c18-43e0-a526-317ca608d05f"}'
    headers:
      CF-Cache-Status:
      - DYNAMIC
      CF-Ray:
      - 8af5a1689903917d-FRA
      Connection:
      - keep-alive
      Content-Encoding:
      - gzip
      Content-Type:
      - application/json; charset=utf-8
      Server:
      - cloudflare
      Transfer-Encoding:
      - chunked
      Vary:
      - Accept-Encoding
      x-notion-request-id:
      - bafd51d4-2c18-43e0-a526-317ca608d05f
      x-powered-by:
      - Express
    http_version: HTTP/1.1
    status_code: 200
version: 1
