interactions:
- request:
    body: '{"query": "Tests", "filter": {"property": "object", "value": "page"}, "page_size":
      100}'
    headers:
      accept:
      - '*/*'
      accept-encoding:
      - gzip, deflate
      authorization:
      - secret...
      connection:
      - keep-alive
      content-length:
      - '87'
      content-type:
      - application/json
      cookie:
      - secret...
      host:
      - api.notion.com
      notion-version:
      - '2022-06-28'
      user-agent:
      - secret...
    method: POST
    uri: https://api.notion.com/v1/search
  response:
    content: '{"object":"list","results":[{"object":"page","id":"5f505199-b292-4713-920b-61d813bf72a3","created_time":"2022-08-22T15:47:00.000Z","last_edited_time":"2024-09-28T13:42:00.000Z","created_by":{"object":"user","id":"b10cb6df-12ef-44d3-88ad-250168f66322"},"last_edited_by":{"object":"user","id":"645e79dd-3e43-40de-9d51-39357c1c427f"},"cover":null,"icon":null,"parent":{"type":"workspace","workspace":true},"archived":false,"in_trash":false,"properties":{"title":{"id":"title","type":"title","title":[{"type":"text","text":{"content":"Tests","link":null},"annotations":{"bold":false,"italic":false,"strikethrough":false,"underline":false,"code":false,"color":"default"},"plain_text":"Tests","href":null}]}},"url":"https://www.notion.so/Tests-5f505199b2924713920b61d813bf72a3","public_url":null}],"next_cursor":null,"has_more":false,"type":"page_or_database","page_or_database":{},"request_id":"38e44281-775e-449a-a19b-41522afbff31"}'
    headers:
      CF-Cache-Status:
      - DYNAMIC
      CF-Ray:
      - 8ca428a5df71193f-FRA
      Connection:
      - keep-alive
      Content-Encoding:
      - gzip
      Content-Type:
      - application/json; charset=utf-8
      Server:
      - cloudflare
      Strict-Transport-Security:
      - max-age=31536000; includeSubDomains; preload
      Transfer-Encoding:
      - chunked
      Vary:
      - Accept-Encoding
      content-security-policy:
      - default-src 'none'
      referrer-policy:
      - strict-origin-when-cross-origin
      x-content-type-options:
      - nosniff
      x-dns-prefetch-control:
      - 'off'
      x-download-options:
      - noopen
      x-frame-options:
      - SAMEORIGIN
      x-notion-request-id:
      - 38e44281-775e-449a-a19b-41522afbff31
      x-permitted-cross-domain-policies:
      - none
      x-xss-protection:
      - '0'
    http_version: HTTP/1.1
    status_code: 200
- request:
    body: '{"parent": {"type": "page_id", "page_id": "5f505199-b292-4713-920b-61d813bf72a3"},
      "title": [{"type": "text", "plain_text": "Item DB", "annotations": {"bold":
      false, "italic": false, "strikethrough": false, "underline": false, "code":
      false, "color": "default"}, "text": {"content": "Item DB"}}], "properties":
      {"Name": {"type": "title", "title": {}}, "Size": {"type": "select", "select":
      {"options": [{"name": "S", "color": "green"}, {"name": "M", "color": "yellow"},
      {"name": "L", "color": "red"}]}}, "Price": {"type": "number", "number": {"format":
      "dollar"}}}}'
    headers:
      accept:
      - '*/*'
      accept-encoding:
      - gzip, deflate
      authorization:
      - secret...
      connection:
      - keep-alive
      content-length:
      - '564'
      content-type:
      - application/json
      cookie:
      - secret...
      host:
      - api.notion.com
      notion-version:
      - '2022-06-28'
      user-agent:
      - secret...
    method: POST
    uri: https://api.notion.com/v1/databases
  response:
    content: '{"object":"database","id":"10f974f3-b388-81db-8b8f-ef2faf6e3a85","cover":null,"icon":null,"created_time":"2024-09-28T13:42:00.000Z","created_by":{"object":"user","id":"645e79dd-3e43-40de-9d51-39357c1c427f"},"last_edited_by":{"object":"user","id":"645e79dd-3e43-40de-9d51-39357c1c427f"},"last_edited_time":"2024-09-28T13:42:00.000Z","title":[{"type":"text","text":{"content":"Item
      DB","link":null},"annotations":{"bold":false,"italic":false,"strikethrough":false,"underline":false,"code":false,"color":"default"},"plain_text":"Item
      DB","href":null}],"description":[],"is_inline":false,"properties":{"Price":{"id":"%3E%3DL%3C","name":"Price","type":"number","number":{"format":"dollar"}},"Size":{"id":"rmmU","name":"Size","type":"select","select":{"options":[{"id":"982a5ae2-af62-48bf-8cb5-0bcc84d24038","name":"S","color":"green","description":null},{"id":"85fd93ae-ce74-4d0b-953f-d263c44b31cd","name":"M","color":"yellow","description":null},{"id":"04851864-5a2b-474c-a6d0-4b24ee925db3","name":"L","color":"red","description":null}]}},"Name":{"id":"title","name":"Name","type":"title","title":{}}},"parent":{"type":"page_id","page_id":"5f505199-b292-4713-920b-61d813bf72a3"},"url":"https://www.notion.so/10f974f3b38881db8b8fef2faf6e3a85","public_url":null,"archived":false,"in_trash":false,"request_id":"1d48ab92-052d-4543-8a66-6caaaeeecbf0"}'
    headers:
      CF-Cache-Status:
      - DYNAMIC
      CF-Ray:
      - 8ca428a7d93b193f-FRA
      Connection:
      - keep-alive
      Content-Encoding:
      - gzip
      Content-Type:
      - application/json; charset=utf-8
      Server:
      - cloudflare
      Strict-Transport-Security:
      - max-age=31536000; includeSubDomains; preload
      Transfer-Encoding:
      - chunked
      Vary:
      - Accept-Encoding
      content-security-policy:
      - default-src 'none'
      referrer-policy:
      - strict-origin-when-cross-origin
      x-content-type-options:
      - nosniff
      x-dns-prefetch-control:
      - 'off'
      x-download-options:
      - noopen
      x-frame-options:
      - SAMEORIGIN
      x-notion-request-id:
      - 1d48ab92-052d-4543-8a66-6caaaeeecbf0
      x-permitted-cross-domain-policies:
      - none
      x-xss-protection:
      - '0'
    http_version: HTTP/1.1
    status_code: 200
- request:
    body: '{"description": [{"type": "text", "plain_text": "Database of all the items
      we sell", "annotations": {"bold": false, "italic": false, "strikethrough": false,
      "underline": false, "code": false, "color": "default"}, "text": {"content":
      "Database of all the items we sell"}}]}'
    headers:
      accept:
      - '*/*'
      accept-encoding:
      - gzip, deflate
      authorization:
      - secret...
      connection:
      - keep-alive
      content-length:
      - '272'
      content-type:
      - application/json
      cookie:
      - secret...
      host:
      - api.notion.com
      notion-version:
      - '2022-06-28'
      user-agent:
      - secret...
    method: PATCH
    uri: https://api.notion.com/v1/databases/10f974f3-b388-81db-8b8f-ef2faf6e3a85
  response:
    content: '{"object":"database","id":"10f974f3-b388-81db-8b8f-ef2faf6e3a85","cover":null,"icon":null,"created_time":"2024-09-28T13:42:00.000Z","created_by":{"object":"user","id":"645e79dd-3e43-40de-9d51-39357c1c427f"},"last_edited_by":{"object":"user","id":"645e79dd-3e43-40de-9d51-39357c1c427f"},"last_edited_time":"2024-09-28T13:42:00.000Z","title":[{"type":"text","text":{"content":"Item
      DB","link":null},"annotations":{"bold":false,"italic":false,"strikethrough":false,"underline":false,"code":false,"color":"default"},"plain_text":"Item
      DB","href":null}],"description":[{"type":"text","text":{"content":"Database
      of all the items we sell","link":null},"annotations":{"bold":false,"italic":false,"strikethrough":false,"underline":false,"code":false,"color":"default"},"plain_text":"Database
      of all the items we sell","href":null}],"is_inline":false,"properties":{"Price":{"id":"%3E%3DL%3C","name":"Price","type":"number","number":{"format":"dollar"}},"Size":{"id":"rmmU","name":"Size","type":"select","select":{"options":[{"id":"982a5ae2-af62-48bf-8cb5-0bcc84d24038","name":"S","color":"green","description":null},{"id":"85fd93ae-ce74-4d0b-953f-d263c44b31cd","name":"M","color":"yellow","description":null},{"id":"04851864-5a2b-474c-a6d0-4b24ee925db3","name":"L","color":"red","description":null}]}},"Name":{"id":"title","name":"Name","type":"title","title":{}}},"parent":{"type":"page_id","page_id":"5f505199-b292-4713-920b-61d813bf72a3"},"url":"https://www.notion.so/10f974f3b38881db8b8fef2faf6e3a85","public_url":null,"archived":false,"in_trash":false,"request_id":"3c8c030a-c821-45be-8b4e-aba7df06a41d"}'
    headers:
      CF-Cache-Status:
      - DYNAMIC
      CF-Ray:
      - 8ca428aadbab193f-FRA
      Connection:
      - keep-alive
      Content-Encoding:
      - gzip
      Content-Type:
      - application/json; charset=utf-8
      Server:
      - cloudflare
      Strict-Transport-Security:
      - max-age=31536000; includeSubDomains; preload
      Transfer-Encoding:
      - chunked
      Vary:
      - Accept-Encoding
      content-security-policy:
      - default-src 'none'
      referrer-policy:
      - strict-origin-when-cross-origin
      x-content-type-options:
      - nosniff
      x-dns-prefetch-control:
      - 'off'
      x-download-options:
      - noopen
      x-frame-options:
      - SAMEORIGIN
      x-notion-request-id:
      - 3c8c030a-c821-45be-8b4e-aba7df06a41d
      x-permitted-cross-domain-policies:
      - none
      x-xss-protection:
      - '0'
    http_version: HTTP/1.1
    status_code: 200
- request:
    body: '{"parent": {"type": "page_id", "page_id": "5f505199-b292-4713-920b-61d813bf72a3"},
      "title": [{"type": "text", "plain_text": "Customer DB", "annotations": {"bold":
      false, "italic": false, "strikethrough": false, "underline": false, "code":
      false, "color": "default"}, "text": {"content": "Customer DB"}}], "properties":
      {"Name": {"type": "title", "title": {}}, "Items Purchased": {"type": "relation",
      "relation": {"type": "single_property", "database_id": "10f974f3-b388-81db-8b8f-ef2faf6e3a85",
      "single_property": {}}}}}'
    headers:
      accept:
      - '*/*'
      accept-encoding:
      - gzip, deflate
      authorization:
      - secret...
      connection:
      - keep-alive
      content-length:
      - '520'
      content-type:
      - application/json
      cookie:
      - secret...
      host:
      - api.notion.com
      notion-version:
      - '2022-06-28'
      user-agent:
      - secret...
    method: POST
    uri: https://api.notion.com/v1/databases
  response:
    content: '{"object":"database","id":"10f974f3-b388-81eb-ba49-f58f88abcd2b","cover":null,"icon":null,"created_time":"2024-09-28T13:42:00.000Z","created_by":{"object":"user","id":"645e79dd-3e43-40de-9d51-39357c1c427f"},"last_edited_by":{"object":"user","id":"645e79dd-3e43-40de-9d51-39357c1c427f"},"last_edited_time":"2024-09-28T13:42:00.000Z","title":[{"type":"text","text":{"content":"Customer
      DB","link":null},"annotations":{"bold":false,"italic":false,"strikethrough":false,"underline":false,"code":false,"color":"default"},"plain_text":"Customer
      DB","href":null}],"description":[],"is_inline":false,"properties":{"Items Purchased":{"id":"v%3Fwe","name":"Items
      Purchased","type":"relation","relation":{"database_id":"10f974f3-b388-81db-8b8f-ef2faf6e3a85","type":"single_property","single_property":{}}},"Name":{"id":"title","name":"Name","type":"title","title":{}}},"parent":{"type":"page_id","page_id":"5f505199-b292-4713-920b-61d813bf72a3"},"url":"https://www.notion.so/10f974f3b38881ebba49f58f88abcd2b","public_url":null,"archived":false,"in_trash":false,"request_id":"bb08ffcd-2a8e-4741-96b8-f2070539e028"}'
    headers:
      CF-Cache-Status:
      - DYNAMIC
      CF-Ray:
      - 8ca428afe834193f-FRA
      Connection:
      - keep-alive
      Content-Encoding:
      - gzip
      Content-Type:
      - application/json; charset=utf-8
      Server:
      - cloudflare
      Strict-Transport-Security:
      - max-age=31536000; includeSubDomains; preload
      Transfer-Encoding:
      - chunked
      Vary:
      - Accept-Encoding
      content-security-policy:
      - default-src 'none'
      referrer-policy:
      - strict-origin-when-cross-origin
      x-content-type-options:
      - nosniff
      x-dns-prefetch-control:
      - 'off'
      x-download-options:
      - noopen
      x-frame-options:
      - SAMEORIGIN
      x-notion-request-id:
      - bb08ffcd-2a8e-4741-96b8-f2070539e028
      x-permitted-cross-domain-policies:
      - none
      x-xss-protection:
      - '0'
    http_version: HTTP/1.1
    status_code: 200
- request:
    body: '{"description": [{"type": "text", "plain_text": "Database of all our beloved
      customers", "annotations": {"bold": false, "italic": false, "strikethrough":
      false, "underline": false, "code": false, "color": "default"}, "text": {"content":
      "Database of all our beloved customers"}}]}'
    headers:
      accept:
      - '*/*'
      accept-encoding:
      - gzip, deflate
      authorization:
      - secret...
      connection:
      - keep-alive
      content-length:
      - '280'
      content-type:
      - application/json
      cookie:
      - secret...
      host:
      - api.notion.com
      notion-version:
      - '2022-06-28'
      user-agent:
      - secret...
    method: PATCH
    uri: https://api.notion.com/v1/databases/10f974f3-b388-81eb-ba49-f58f88abcd2b
  response:
    content: '{"object":"database","id":"10f974f3-b388-81eb-ba49-f58f88abcd2b","cover":null,"icon":null,"created_time":"2024-09-28T13:42:00.000Z","created_by":{"object":"user","id":"645e79dd-3e43-40de-9d51-39357c1c427f"},"last_edited_by":{"object":"user","id":"645e79dd-3e43-40de-9d51-39357c1c427f"},"last_edited_time":"2024-09-28T13:42:00.000Z","title":[{"type":"text","text":{"content":"Customer
      DB","link":null},"annotations":{"bold":false,"italic":false,"strikethrough":false,"underline":false,"code":false,"color":"default"},"plain_text":"Customer
      DB","href":null}],"description":[{"type":"text","text":{"content":"Database
      of all our beloved customers","link":null},"annotations":{"bold":false,"italic":false,"strikethrough":false,"underline":false,"code":false,"color":"default"},"plain_text":"Database
      of all our beloved customers","href":null}],"is_inline":false,"properties":{"Items
      Purchased":{"id":"v%3Fwe","name":"Items Purchased","type":"relation","relation":{"database_id":"10f974f3-b388-81db-8b8f-ef2faf6e3a85","type":"single_property","single_property":{}}},"Name":{"id":"title","name":"Name","type":"title","title":{}}},"parent":{"type":"page_id","page_id":"5f505199-b292-4713-920b-61d813bf72a3"},"url":"https://www.notion.so/10f974f3b38881ebba49f58f88abcd2b","public_url":null,"archived":false,"in_trash":false,"request_id":"f50885bd-1f41-433d-ac46-31d12597da9c"}'
    headers:
      CF-Cache-Status:
      - DYNAMIC
      CF-Ray:
      - 8ca428b2eae3193f-FRA
      Connection:
      - keep-alive
      Content-Encoding:
      - gzip
      Content-Type:
      - application/json; charset=utf-8
      Server:
      - cloudflare
      Strict-Transport-Security:
      - max-age=31536000; includeSubDomains; preload
      Transfer-Encoding:
      - chunked
      Vary:
      - Accept-Encoding
      content-security-policy:
      - default-src 'none'
      referrer-policy:
      - strict-origin-when-cross-origin
      x-content-type-options:
      - nosniff
      x-dns-prefetch-control:
      - 'off'
      x-download-options:
      - noopen
      x-frame-options:
      - SAMEORIGIN
      x-notion-request-id:
      - f50885bd-1f41-433d-ac46-31d12597da9c
      x-permitted-cross-domain-policies:
      - none
      x-xss-protection:
      - '0'
    http_version: HTTP/1.1
    status_code: 200
- request:
    body: '{"parent": {"type": "database_id", "database_id": "10f974f3-b388-81db-8b8f-ef2faf6e3a85"},
      "properties": {"Name": {"type": "title", "title": [{"type": "text", "plain_text":
      "T-shirt", "annotations": {"bold": false, "italic": false, "strikethrough":
      false, "underline": false, "code": false, "color": "default"}, "text": {"content":
      "T-shirt"}}]}, "Size": {"type": "select", "select": {"name": "L", "color": "red"}},
      "Price": {"type": "number", "number": 17.0}}}'
    headers:
      accept:
      - '*/*'
      accept-encoding:
      - gzip, deflate
      authorization:
      - secret...
      connection:
      - keep-alive
      content-length:
      - '461'
      content-type:
      - application/json
      cookie:
      - secret...
      host:
      - api.notion.com
      notion-version:
      - '2022-06-28'
      user-agent:
      - secret...
    method: POST
    uri: https://api.notion.com/v1/pages
  response:
    content: '{"object":"page","id":"10f974f3-b388-8116-b5e7-d976c8e2dae9","created_time":"2024-09-28T13:42:00.000Z","last_edited_time":"2024-09-28T13:42:00.000Z","created_by":{"object":"user","id":"645e79dd-3e43-40de-9d51-39357c1c427f"},"last_edited_by":{"object":"user","id":"645e79dd-3e43-40de-9d51-39357c1c427f"},"cover":null,"icon":null,"parent":{"type":"database_id","database_id":"10f974f3-b388-81db-8b8f-ef2faf6e3a85"},"archived":false,"in_trash":false,"properties":{"Price":{"id":"%3E%3DL%3C","type":"number","number":17},"Size":{"id":"rmmU","type":"select","select":{"id":"04851864-5a2b-474c-a6d0-4b24ee925db3","name":"L","color":"red"}},"Name":{"id":"title","type":"title","title":[{"type":"text","text":{"content":"T-shirt","link":null},"annotations":{"bold":false,"italic":false,"strikethrough":false,"underline":false,"code":false,"color":"default"},"plain_text":"T-shirt","href":null}]}},"url":"https://www.notion.so/T-shirt-10f974f3b3888116b5e7d976c8e2dae9","public_url":null,"request_id":"aa696249-ecfe-4787-9d3d-50f658097133"}'
    headers:
      CF-Cache-Status:
      - DYNAMIC
      CF-Ray:
      - 8ca428b60d98193f-FRA
      Connection:
      - keep-alive
      Content-Encoding:
      - gzip
      Content-Type:
      - application/json; charset=utf-8
      Server:
      - cloudflare
      Strict-Transport-Security:
      - max-age=31536000; includeSubDomains; preload
      Transfer-Encoding:
      - chunked
      Vary:
      - Accept-Encoding
      content-security-policy:
      - default-src 'none'
      referrer-policy:
      - strict-origin-when-cross-origin
      x-content-type-options:
      - nosniff
      x-dns-prefetch-control:
      - 'off'
      x-download-options:
      - noopen
      x-frame-options:
      - SAMEORIGIN
      x-notion-request-id:
      - aa696249-ecfe-4787-9d3d-50f658097133
      x-permitted-cross-domain-policies:
      - none
      x-xss-protection:
      - '0'
    http_version: HTTP/1.1
    status_code: 200
- request:
    body: '{"parent": {"type": "database_id", "database_id": "10f974f3-b388-81db-8b8f-ef2faf6e3a85"},
      "properties": {"Name": {"type": "title", "title": [{"type": "text", "plain_text":
      "Khaki pants", "annotations": {"bold": false, "italic": false, "strikethrough":
      false, "underline": false, "code": false, "color": "default"}, "text": {"content":
      "Khaki pants"}}]}, "Size": {"type": "select", "select": {"name": "M", "color":
      "yellow"}}, "Price": {"type": "number", "number": 25.0}}}'
    headers:
      accept:
      - '*/*'
      accept-encoding:
      - gzip, deflate
      authorization:
      - secret...
      connection:
      - keep-alive
      content-length:
      - '472'
      content-type:
      - application/json
      cookie:
      - secret...
      host:
      - api.notion.com
      notion-version:
      - '2022-06-28'
      user-agent:
      - secret...
    method: POST
    uri: https://api.notion.com/v1/pages
  response:
    content: '{"object":"page","id":"10f974f3-b388-8196-a759-ca278cbfc8ff","created_time":"2024-09-28T13:42:00.000Z","last_edited_time":"2024-09-28T13:42:00.000Z","created_by":{"object":"user","id":"645e79dd-3e43-40de-9d51-39357c1c427f"},"last_edited_by":{"object":"user","id":"645e79dd-3e43-40de-9d51-39357c1c427f"},"cover":null,"icon":null,"parent":{"type":"database_id","database_id":"10f974f3-b388-81db-8b8f-ef2faf6e3a85"},"archived":false,"in_trash":false,"properties":{"Price":{"id":"%3E%3DL%3C","type":"number","number":25},"Size":{"id":"rmmU","type":"select","select":{"id":"85fd93ae-ce74-4d0b-953f-d263c44b31cd","name":"M","color":"yellow"}},"Name":{"id":"title","type":"title","title":[{"type":"text","text":{"content":"Khaki
      pants","link":null},"annotations":{"bold":false,"italic":false,"strikethrough":false,"underline":false,"code":false,"color":"default"},"plain_text":"Khaki
      pants","href":null}]}},"url":"https://www.notion.so/Khaki-pants-10f974f3b3888196a759ca278cbfc8ff","public_url":null,"request_id":"cd1a568d-5440-4b48-936f-3d90795a22a4"}'
    headers:
      CF-Cache-Status:
      - DYNAMIC
      CF-Ray:
      - 8ca428ba697c193f-FRA
      Connection:
      - keep-alive
      Content-Encoding:
      - gzip
      Content-Type:
      - application/json; charset=utf-8
      Server:
      - cloudflare
      Strict-Transport-Security:
      - max-age=31536000; includeSubDomains; preload
      Transfer-Encoding:
      - chunked
      Vary:
      - Accept-Encoding
      content-security-policy:
      - default-src 'none'
      referrer-policy:
      - strict-origin-when-cross-origin
      x-content-type-options:
      - nosniff
      x-dns-prefetch-control:
      - 'off'
      x-download-options:
      - noopen
      x-frame-options:
      - SAMEORIGIN
      x-notion-request-id:
      - cd1a568d-5440-4b48-936f-3d90795a22a4
      x-permitted-cross-domain-policies:
      - none
      x-xss-protection:
      - '0'
    http_version: HTTP/1.1
    status_code: 200
- request:
    body: '{"parent": {"type": "database_id", "database_id": "10f974f3-b388-81db-8b8f-ef2faf6e3a85"},
      "properties": {"Name": {"type": "title", "title": [{"type": "text", "plain_text":
      "Tank top", "annotations": {"bold": false, "italic": false, "strikethrough":
      false, "underline": false, "code": false, "color": "default"}, "text": {"content":
      "Tank top"}}]}, "Size": {"type": "select", "select": {"name": "S", "color":
      "green"}}, "Price": {"type": "number", "number": 15.0}}}'
    headers:
      accept:
      - '*/*'
      accept-encoding:
      - gzip, deflate
      authorization:
      - secret...
      connection:
      - keep-alive
      content-length:
      - '465'
      content-type:
      - application/json
      cookie:
      - secret...
      host:
      - api.notion.com
      notion-version:
      - '2022-06-28'
      user-agent:
      - secret...
    method: POST
    uri: https://api.notion.com/v1/pages
  response:
    content: '{"object":"page","id":"10f974f3-b388-8160-8d24-fa84029429b3","created_time":"2024-09-28T13:42:00.000Z","last_edited_time":"2024-09-28T13:42:00.000Z","created_by":{"object":"user","id":"645e79dd-3e43-40de-9d51-39357c1c427f"},"last_edited_by":{"object":"user","id":"645e79dd-3e43-40de-9d51-39357c1c427f"},"cover":null,"icon":null,"parent":{"type":"database_id","database_id":"10f974f3-b388-81db-8b8f-ef2faf6e3a85"},"archived":false,"in_trash":false,"properties":{"Price":{"id":"%3E%3DL%3C","type":"number","number":15},"Size":{"id":"rmmU","type":"select","select":{"id":"982a5ae2-af62-48bf-8cb5-0bcc84d24038","name":"S","color":"green"}},"Name":{"id":"title","type":"title","title":[{"type":"text","text":{"content":"Tank
      top","link":null},"annotations":{"bold":false,"italic":false,"strikethrough":false,"underline":false,"code":false,"color":"default"},"plain_text":"Tank
      top","href":null}]}},"url":"https://www.notion.so/Tank-top-10f974f3b38881608d24fa84029429b3","public_url":null,"request_id":"e2df2a5f-6da6-432e-a6e6-06e74f6b54be"}'
    headers:
      CF-Cache-Status:
      - DYNAMIC
      CF-Ray:
      - 8ca428bd6bd9193f-FRA
      Connection:
      - keep-alive
      Content-Encoding:
      - gzip
      Content-Type:
      - application/json; charset=utf-8
      Server:
      - cloudflare
      Strict-Transport-Security:
      - max-age=31536000; includeSubDomains; preload
      Transfer-Encoding:
      - chunked
      Vary:
      - Accept-Encoding
      content-security-policy:
      - default-src 'none'
      referrer-policy:
      - strict-origin-when-cross-origin
      x-content-type-options:
      - nosniff
      x-dns-prefetch-control:
      - 'off'
      x-download-options:
      - noopen
      x-frame-options:
      - SAMEORIGIN
      x-notion-request-id:
      - e2df2a5f-6da6-432e-a6e6-06e74f6b54be
      x-permitted-cross-domain-policies:
      - none
      x-xss-protection:
      - '0'
    http_version: HTTP/1.1
    status_code: 200
- request:
    body: '{"parent": {"type": "database_id", "database_id": "10f974f3-b388-81eb-ba49-f58f88abcd2b"},
      "properties": {"Name": {"type": "title", "title": [{"type": "text", "plain_text":
      "Ada Lovelace", "annotations": {"bold": false, "italic": false, "strikethrough":
      false, "underline": false, "code": false, "color": "default"}, "text": {"content":
      "Ada Lovelace"}}]}, "Items Purchased": {"type": "relation", "relation": [{"id":
      "10f974f3-b388-8160-8d24-fa84029429b3"}], "has_more": false}}}'
    headers:
      accept:
      - '*/*'
      accept-encoding:
      - gzip, deflate
      authorization:
      - secret...
      connection:
      - keep-alive
      content-length:
      - '479'
      content-type:
      - application/json
      cookie:
      - secret...
      host:
      - api.notion.com
      notion-version:
      - '2022-06-28'
      user-agent:
      - secret...
    method: POST
    uri: https://api.notion.com/v1/pages
  response:
    content: '{"object":"page","id":"10f974f3-b388-810b-b45d-e54e8060fe2b","created_time":"2024-09-28T13:42:00.000Z","last_edited_time":"2024-09-28T13:42:00.000Z","created_by":{"object":"user","id":"645e79dd-3e43-40de-9d51-39357c1c427f"},"last_edited_by":{"object":"user","id":"645e79dd-3e43-40de-9d51-39357c1c427f"},"cover":null,"icon":null,"parent":{"type":"database_id","database_id":"10f974f3-b388-81eb-ba49-f58f88abcd2b"},"archived":false,"in_trash":false,"properties":{"Items
      Purchased":{"id":"v%3Fwe","type":"relation","relation":[{"id":"10f974f3-b388-8160-8d24-fa84029429b3"}],"has_more":false},"Name":{"id":"title","type":"title","title":[{"type":"text","text":{"content":"Ada
      Lovelace","link":null},"annotations":{"bold":false,"italic":false,"strikethrough":false,"underline":false,"code":false,"color":"default"},"plain_text":"Ada
      Lovelace","href":null}]}},"url":"https://www.notion.so/Ada-Lovelace-10f974f3b388810bb45de54e8060fe2b","public_url":null,"request_id":"226a3f54-2030-48fc-8d48-0d561567680f"}'
    headers:
      CF-Cache-Status:
      - DYNAMIC
      CF-Ray:
      - 8ca428c00dd2193f-FRA
      Connection:
      - keep-alive
      Content-Encoding:
      - gzip
      Content-Type:
      - application/json; charset=utf-8
      Server:
      - cloudflare
      Strict-Transport-Security:
      - max-age=31536000; includeSubDomains; preload
      Transfer-Encoding:
      - chunked
      Vary:
      - Accept-Encoding
      content-security-policy:
      - default-src 'none'
      referrer-policy:
      - strict-origin-when-cross-origin
      x-content-type-options:
      - nosniff
      x-dns-prefetch-control:
      - 'off'
      x-download-options:
      - noopen
      x-frame-options:
      - SAMEORIGIN
      x-notion-request-id:
      - 226a3f54-2030-48fc-8d48-0d561567680f
      x-permitted-cross-domain-policies:
      - none
      x-xss-protection:
      - '0'
    http_version: HTTP/1.1
    status_code: 200
- request:
    body: '{"parent": {"type": "database_id", "database_id": "10f974f3-b388-81eb-ba49-f58f88abcd2b"},
      "properties": {"Name": {"type": "title", "title": [{"type": "text", "plain_text":
      "Andy Herzfeld", "annotations": {"bold": false, "italic": false, "strikethrough":
      false, "underline": false, "code": false, "color": "default"}, "text": {"content":
      "Andy Herzfeld"}}]}, "Items Purchased": {"type": "relation", "relation": [{"id":
      "10f974f3-b388-8196-a759-ca278cbfc8ff"}], "has_more": false}}}'
    headers:
      accept:
      - '*/*'
      accept-encoding:
      - gzip, deflate
      authorization:
      - secret...
      connection:
      - keep-alive
      content-length:
      - '481'
      content-type:
      - application/json
      cookie:
      - secret...
      host:
      - api.notion.com
      notion-version:
      - '2022-06-28'
      user-agent:
      - secret...
    method: POST
    uri: https://api.notion.com/v1/pages
  response:
    content: '{"object":"page","id":"10f974f3-b388-8129-a953-c1f16712e930","created_time":"2024-09-28T13:42:00.000Z","last_edited_time":"2024-09-28T13:42:00.000Z","created_by":{"object":"user","id":"645e79dd-3e43-40de-9d51-39357c1c427f"},"last_edited_by":{"object":"user","id":"645e79dd-3e43-40de-9d51-39357c1c427f"},"cover":null,"icon":null,"parent":{"type":"database_id","database_id":"10f974f3-b388-81eb-ba49-f58f88abcd2b"},"archived":false,"in_trash":false,"properties":{"Items
      Purchased":{"id":"v%3Fwe","type":"relation","relation":[{"id":"10f974f3-b388-8196-a759-ca278cbfc8ff"}],"has_more":false},"Name":{"id":"title","type":"title","title":[{"type":"text","text":{"content":"Andy
      Herzfeld","link":null},"annotations":{"bold":false,"italic":false,"strikethrough":false,"underline":false,"code":false,"color":"default"},"plain_text":"Andy
      Herzfeld","href":null}]}},"url":"https://www.notion.so/Andy-Herzfeld-10f974f3b3888129a953c1f16712e930","public_url":null,"request_id":"029a01e2-2a00-4039-a857-aae4e726be71"}'
    headers:
      CF-Cache-Status:
      - DYNAMIC
      CF-Ray:
      - 8ca428c2b80b193f-FRA
      Connection:
      - keep-alive
      Content-Encoding:
      - gzip
      Content-Type:
      - application/json; charset=utf-8
      Server:
      - cloudflare
      Strict-Transport-Security:
      - max-age=31536000; includeSubDomains; preload
      Transfer-Encoding:
      - chunked
      Vary:
      - Accept-Encoding
      content-security-policy:
      - default-src 'none'
      referrer-policy:
      - strict-origin-when-cross-origin
      x-content-type-options:
      - nosniff
      x-dns-prefetch-control:
      - 'off'
      x-download-options:
      - noopen
      x-frame-options:
      - SAMEORIGIN
      x-notion-request-id:
      - 029a01e2-2a00-4039-a857-aae4e726be71
      x-permitted-cross-domain-policies:
      - none
      x-xss-protection:
      - '0'
    http_version: HTTP/1.1
    status_code: 200
- request:
    body: '{"parent": {"type": "database_id", "database_id": "10f974f3-b388-81eb-ba49-f58f88abcd2b"},
      "properties": {"Name": {"type": "title", "title": [{"type": "text", "plain_text":
      "Doug Engelbart", "annotations": {"bold": false, "italic": false, "strikethrough":
      false, "underline": false, "code": false, "color": "default"}, "text": {"content":
      "Doug Engelbart"}}]}, "Items Purchased": {"type": "relation", "relation": [{"id":
      "10f974f3-b388-8196-a759-ca278cbfc8ff"}, {"id": "10f974f3-b388-8116-b5e7-d976c8e2dae9"}],
      "has_more": false}}}'
    headers:
      accept:
      - '*/*'
      accept-encoding:
      - gzip, deflate
      authorization:
      - secret...
      connection:
      - keep-alive
      content-length:
      - '531'
      content-type:
      - application/json
      cookie:
      - secret...
      host:
      - api.notion.com
      notion-version:
      - '2022-06-28'
      user-agent:
      - secret...
    method: POST
    uri: https://api.notion.com/v1/pages
  response:
    content: '{"object":"page","id":"10f974f3-b388-81b5-8dd3-fdb61d44a89e","created_time":"2024-09-28T13:42:00.000Z","last_edited_time":"2024-09-28T13:42:00.000Z","created_by":{"object":"user","id":"645e79dd-3e43-40de-9d51-39357c1c427f"},"last_edited_by":{"object":"user","id":"645e79dd-3e43-40de-9d51-39357c1c427f"},"cover":null,"icon":null,"parent":{"type":"database_id","database_id":"10f974f3-b388-81eb-ba49-f58f88abcd2b"},"archived":false,"in_trash":false,"properties":{"Items
      Purchased":{"id":"v%3Fwe","type":"relation","relation":[{"id":"10f974f3-b388-8196-a759-ca278cbfc8ff"},{"id":"10f974f3-b388-8116-b5e7-d976c8e2dae9"}],"has_more":false},"Name":{"id":"title","type":"title","title":[{"type":"text","text":{"content":"Doug
      Engelbart","link":null},"annotations":{"bold":false,"italic":false,"strikethrough":false,"underline":false,"code":false,"color":"default"},"plain_text":"Doug
      Engelbart","href":null}]}},"url":"https://www.notion.so/Doug-Engelbart-10f974f3b38881b58dd3fdb61d44a89e","public_url":null,"request_id":"606f6cac-b3a8-44ec-b89e-da6130fdf9a1"}'
    headers:
      CF-Cache-Status:
      - DYNAMIC
      CF-Ray:
      - 8ca428c5fad3193f-FRA
      Connection:
      - keep-alive
      Content-Encoding:
      - gzip
      Content-Type:
      - application/json; charset=utf-8
      Server:
      - cloudflare
      Strict-Transport-Security:
      - max-age=31536000; includeSubDomains; preload
      Transfer-Encoding:
      - chunked
      Vary:
      - Accept-Encoding
      content-security-policy:
      - default-src 'none'
      referrer-policy:
      - strict-origin-when-cross-origin
      x-content-type-options:
      - nosniff
      x-dns-prefetch-control:
      - 'off'
      x-download-options:
      - noopen
      x-frame-options:
      - SAMEORIGIN
      x-notion-request-id:
      - 606f6cac-b3a8-44ec-b89e-da6130fdf9a1
      x-permitted-cross-domain-policies:
      - none
      x-xss-protection:
      - '0'
    http_version: HTTP/1.1
    status_code: 200
- request:
    body: ''
    headers:
      accept:
      - '*/*'
      accept-encoding:
      - gzip, deflate
      authorization:
      - secret...
      connection:
      - keep-alive
      cookie:
      - secret...
      host:
      - api.notion.com
      notion-version:
      - '2022-06-28'
      user-agent:
      - secret...
    method: GET
    uri: https://api.notion.com/v1/pages/10f974f3-b388-8196-a759-ca278cbfc8ff
  response:
    content: '{"object":"page","id":"10f974f3-b388-8196-a759-ca278cbfc8ff","created_time":"2024-09-28T13:42:00.000Z","last_edited_time":"2024-09-28T13:42:00.000Z","created_by":{"object":"user","id":"645e79dd-3e43-40de-9d51-39357c1c427f"},"last_edited_by":{"object":"user","id":"645e79dd-3e43-40de-9d51-39357c1c427f"},"cover":null,"icon":null,"parent":{"type":"database_id","database_id":"10f974f3-b388-81db-8b8f-ef2faf6e3a85"},"archived":false,"in_trash":false,"properties":{"Price":{"id":"%3E%3DL%3C","type":"number","number":25},"Size":{"id":"rmmU","type":"select","select":{"id":"85fd93ae-ce74-4d0b-953f-d263c44b31cd","name":"M","color":"yellow"}},"Name":{"id":"title","type":"title","title":[{"type":"text","text":{"content":"Khaki
      pants","link":null},"annotations":{"bold":false,"italic":false,"strikethrough":false,"underline":false,"code":false,"color":"default"},"plain_text":"Khaki
      pants","href":null}]}},"url":"https://www.notion.so/Khaki-pants-10f974f3b3888196a759ca278cbfc8ff","public_url":null,"request_id":"26fb240f-f1f9-4cb8-9b03-49da7d7c0a05"}'
    headers:
      CF-Cache-Status:
      - DYNAMIC
      CF-Ray:
      - 8ca428c8cd58193f-FRA
      Connection:
      - keep-alive
      Content-Encoding:
      - gzip
      Content-Type:
      - application/json; charset=utf-8
      Server:
      - cloudflare
      Strict-Transport-Security:
      - max-age=31536000; includeSubDomains; preload
      Transfer-Encoding:
      - chunked
      Vary:
      - Accept-Encoding
      content-security-policy:
      - default-src 'none'
      referrer-policy:
      - strict-origin-when-cross-origin
      x-content-type-options:
      - nosniff
      x-dns-prefetch-control:
      - 'off'
      x-download-options:
      - noopen
      x-frame-options:
      - SAMEORIGIN
      x-notion-request-id:
      - 26fb240f-f1f9-4cb8-9b03-49da7d7c0a05
      x-permitted-cross-domain-policies:
      - none
      x-xss-protection:
      - '0'
    http_version: HTTP/1.1
    status_code: 200
- request:
    body: ''
    headers:
      accept:
      - '*/*'
      accept-encoding:
      - gzip, deflate
      authorization:
      - secret...
      connection:
      - keep-alive
      cookie:
      - secret...
      host:
      - api.notion.com
      notion-version:
      - '2022-06-28'
      user-agent:
      - secret...
    method: GET
    uri: https://api.notion.com/v1/pages/10f974f3-b388-8116-b5e7-d976c8e2dae9
  response:
    content: '{"object":"page","id":"10f974f3-b388-8116-b5e7-d976c8e2dae9","created_time":"2024-09-28T13:42:00.000Z","last_edited_time":"2024-09-28T13:42:00.000Z","created_by":{"object":"user","id":"645e79dd-3e43-40de-9d51-39357c1c427f"},"last_edited_by":{"object":"user","id":"645e79dd-3e43-40de-9d51-39357c1c427f"},"cover":null,"icon":null,"parent":{"type":"database_id","database_id":"10f974f3-b388-81db-8b8f-ef2faf6e3a85"},"archived":false,"in_trash":false,"properties":{"Price":{"id":"%3E%3DL%3C","type":"number","number":17},"Size":{"id":"rmmU","type":"select","select":{"id":"04851864-5a2b-474c-a6d0-4b24ee925db3","name":"L","color":"red"}},"Name":{"id":"title","type":"title","title":[{"type":"text","text":{"content":"T-shirt","link":null},"annotations":{"bold":false,"italic":false,"strikethrough":false,"underline":false,"code":false,"color":"default"},"plain_text":"T-shirt","href":null}]}},"url":"https://www.notion.so/T-shirt-10f974f3b3888116b5e7d976c8e2dae9","public_url":null,"request_id":"d1d716aa-6ad4-4f02-b471-e9fa72136a54"}'
    headers:
      CF-Cache-Status:
      - DYNAMIC
      CF-Ray:
      - 8ca428cfdb77193f-FRA
      Connection:
      - keep-alive
      Content-Encoding:
      - gzip
      Content-Type:
      - application/json; charset=utf-8
      Server:
      - cloudflare
      Strict-Transport-Security:
      - max-age=31536000; includeSubDomains; preload
      Transfer-Encoding:
      - chunked
      Vary:
      - Accept-Encoding
      content-security-policy:
      - default-src 'none'
      referrer-policy:
      - strict-origin-when-cross-origin
      x-content-type-options:
      - nosniff
      x-dns-prefetch-control:
      - 'off'
      x-download-options:
      - noopen
      x-frame-options:
      - SAMEORIGIN
      x-notion-request-id:
      - d1d716aa-6ad4-4f02-b471-e9fa72136a54
      x-permitted-cross-domain-policies:
      - none
      x-xss-protection:
      - '0'
    http_version: HTTP/1.1
    status_code: 200
- request:
    body: ''
    headers:
      accept:
      - '*/*'
      accept-encoding:
      - gzip, deflate
      authorization:
      - secret...
      connection:
      - keep-alive
      cookie:
      - secret...
      host:
      - api.notion.com
      notion-version:
      - '2022-06-28'
      user-agent:
      - secret...
    method: DELETE
    uri: https://api.notion.com/v1/blocks/10f974f3-b388-81db-8b8f-ef2faf6e3a85
  response:
    content: '{"object":"block","id":"10f974f3-b388-81db-8b8f-ef2faf6e3a85","parent":{"type":"page_id","page_id":"5f505199-b292-4713-920b-61d813bf72a3"},"created_time":"2024-09-28T13:42:00.000Z","last_edited_time":"2024-09-28T13:42:00.000Z","created_by":{"object":"user","id":"645e79dd-3e43-40de-9d51-39357c1c427f"},"last_edited_by":{"object":"user","id":"645e79dd-3e43-40de-9d51-39357c1c427f"},"has_children":false,"archived":true,"in_trash":true,"type":"child_database","child_database":{"title":"Item
      DB"},"request_id":"8b7c3c23-95e2-4c68-8a69-d2fd48fc4ff3"}'
    headers:
      CF-Cache-Status:
      - DYNAMIC
      CF-Ray:
      - 8ca428d64a0c193f-FRA
      Connection:
      - keep-alive
      Content-Encoding:
      - gzip
      Content-Type:
      - application/json; charset=utf-8
      Server:
      - cloudflare
      Strict-Transport-Security:
      - max-age=31536000; includeSubDomains; preload
      Transfer-Encoding:
      - chunked
      Vary:
      - Accept-Encoding
      content-security-policy:
      - default-src 'none'
      referrer-policy:
      - strict-origin-when-cross-origin
      x-content-type-options:
      - nosniff
      x-dns-prefetch-control:
      - 'off'
      x-download-options:
      - noopen
      x-frame-options:
      - SAMEORIGIN
      x-notion-request-id:
      - 8b7c3c23-95e2-4c68-8a69-d2fd48fc4ff3
      x-permitted-cross-domain-policies:
      - none
      x-xss-protection:
      - '0'
    http_version: HTTP/1.1
    status_code: 200
- request:
    body: ''
    headers:
      accept:
      - '*/*'
      accept-encoding:
      - gzip, deflate
      authorization:
      - secret...
      connection:
      - keep-alive
      cookie:
      - secret...
      host:
      - api.notion.com
      notion-version:
      - '2022-06-28'
      user-agent:
      - secret...
    method: DELETE
    uri: https://api.notion.com/v1/blocks/10f974f3-b388-81eb-ba49-f58f88abcd2b
  response:
    content: '{"object":"block","id":"10f974f3-b388-81eb-ba49-f58f88abcd2b","parent":{"type":"page_id","page_id":"5f505199-b292-4713-920b-61d813bf72a3"},"created_time":"2024-09-28T13:42:00.000Z","last_edited_time":"2024-09-28T13:42:00.000Z","created_by":{"object":"user","id":"645e79dd-3e43-40de-9d51-39357c1c427f"},"last_edited_by":{"object":"user","id":"645e79dd-3e43-40de-9d51-39357c1c427f"},"has_children":false,"archived":true,"in_trash":true,"type":"child_database","child_database":{"title":"Customer
      DB"},"request_id":"be74f1c6-abf0-45b1-8ea5-6a25e938d542"}'
    headers:
      CF-Cache-Status:
      - DYNAMIC
      CF-Ray:
      - 8ca428e67f2f193f-FRA
      Connection:
      - keep-alive
      Content-Encoding:
      - gzip
      Content-Type:
      - application/json; charset=utf-8
      Server:
      - cloudflare
      Strict-Transport-Security:
      - max-age=31536000; includeSubDomains; preload
      Transfer-Encoding:
      - chunked
      Vary:
      - Accept-Encoding
      content-security-policy:
      - default-src 'none'
      referrer-policy:
      - strict-origin-when-cross-origin
      x-content-type-options:
      - nosniff
      x-dns-prefetch-control:
      - 'off'
      x-download-options:
      - noopen
      x-frame-options:
      - SAMEORIGIN
      x-notion-request-id:
      - be74f1c6-abf0-45b1-8ea5-6a25e938d542
      x-permitted-cross-domain-policies:
      - none
      x-xss-protection:
      - '0'
    http_version: HTTP/1.1
    status_code: 200
- request:
    body: '{"parent": {"type": "page_id", "page_id": "5f505199-b292-4713-920b-61d813bf72a3"},
      "title": [{"type": "text", "plain_text": "Item DB", "annotations": {"bold":
      false, "italic": false, "strikethrough": false, "underline": false, "code":
      false, "color": "default"}, "text": {"content": "Item DB"}}], "properties":
      {"Name": {"type": "title", "title": {}}, "Size": {"type": "select", "select":
      {"options": [{"name": "S", "color": "green"}, {"name": "M", "color": "yellow"},
      {"name": "L", "color": "red"}]}}, "Price": {"type": "number", "number": {"format":
      "dollar"}}}}'
    headers:
      accept:
      - '*/*'
      accept-encoding:
      - gzip, deflate
      authorization:
      - secret...
      connection:
      - keep-alive
      content-length:
      - '564'
      content-type:
      - application/json
      cookie:
      - secret...
      host:
      - api.notion.com
      notion-version:
      - '2022-06-28'
      user-agent:
      - secret...
    method: POST
    uri: https://api.notion.com/v1/databases
  response:
    content: '{"object":"database","id":"10f974f3-b388-81f4-b8a2-fcb5026331b1","cover":null,"icon":null,"created_time":"2024-09-28T13:42:00.000Z","created_by":{"object":"user","id":"645e79dd-3e43-40de-9d51-39357c1c427f"},"last_edited_by":{"object":"user","id":"645e79dd-3e43-40de-9d51-39357c1c427f"},"last_edited_time":"2024-09-28T13:42:00.000Z","title":[{"type":"text","text":{"content":"Item
      DB","link":null},"annotations":{"bold":false,"italic":false,"strikethrough":false,"underline":false,"code":false,"color":"default"},"plain_text":"Item
      DB","href":null}],"description":[],"is_inline":false,"properties":{"Size":{"id":"AdiG","name":"Size","type":"select","select":{"options":[{"id":"93329552-1579-4c2b-8f4b-4ed5fd7a2d5a","name":"S","color":"green","description":null},{"id":"ece3df33-c6f1-4297-8345-6d7ba39c5c6a","name":"M","color":"yellow","description":null},{"id":"d7ab1a00-8544-4050-85ea-80c533302ad4","name":"L","color":"red","description":null}]}},"Price":{"id":"CCbL","name":"Price","type":"number","number":{"format":"dollar"}},"Name":{"id":"title","name":"Name","type":"title","title":{}}},"parent":{"type":"page_id","page_id":"5f505199-b292-4713-920b-61d813bf72a3"},"url":"https://www.notion.so/10f974f3b38881f4b8a2fcb5026331b1","public_url":null,"archived":false,"in_trash":false,"request_id":"1e053aff-3cec-4f55-9736-edccbf7b4079"}'
    headers:
      CF-Cache-Status:
      - DYNAMIC
      CF-Ray:
      - 8ca428e93983193f-FRA
      Connection:
      - keep-alive
      Content-Encoding:
      - gzip
      Content-Type:
      - application/json; charset=utf-8
      Server:
      - cloudflare
      Strict-Transport-Security:
      - max-age=31536000; includeSubDomains; preload
      Transfer-Encoding:
      - chunked
      Vary:
      - Accept-Encoding
      content-security-policy:
      - default-src 'none'
      referrer-policy:
      - strict-origin-when-cross-origin
      x-content-type-options:
      - nosniff
      x-dns-prefetch-control:
      - 'off'
      x-download-options:
      - noopen
      x-frame-options:
      - SAMEORIGIN
      x-notion-request-id:
      - 1e053aff-3cec-4f55-9736-edccbf7b4079
      x-permitted-cross-domain-policies:
      - none
      x-xss-protection:
      - '0'
    http_version: HTTP/1.1
    status_code: 200
- request:
    body: '{"description": [{"type": "text", "plain_text": "Database of all the items
      we sell", "annotations": {"bold": false, "italic": false, "strikethrough": false,
      "underline": false, "code": false, "color": "default"}, "text": {"content":
      "Database of all the items we sell"}}]}'
    headers:
      accept:
      - '*/*'
      accept-encoding:
      - gzip, deflate
      authorization:
      - secret...
      connection:
      - keep-alive
      content-length:
      - '272'
      content-type:
      - application/json
      cookie:
      - secret...
      host:
      - api.notion.com
      notion-version:
      - '2022-06-28'
      user-agent:
      - secret...
    method: PATCH
    uri: https://api.notion.com/v1/databases/10f974f3-b388-81f4-b8a2-fcb5026331b1
  response:
    content: '{"object":"database","id":"10f974f3-b388-81f4-b8a2-fcb5026331b1","cover":null,"icon":null,"created_time":"2024-09-28T13:42:00.000Z","created_by":{"object":"user","id":"645e79dd-3e43-40de-9d51-39357c1c427f"},"last_edited_by":{"object":"user","id":"645e79dd-3e43-40de-9d51-39357c1c427f"},"last_edited_time":"2024-09-28T13:42:00.000Z","title":[{"type":"text","text":{"content":"Item
      DB","link":null},"annotations":{"bold":false,"italic":false,"strikethrough":false,"underline":false,"code":false,"color":"default"},"plain_text":"Item
      DB","href":null}],"description":[{"type":"text","text":{"content":"Database
      of all the items we sell","link":null},"annotations":{"bold":false,"italic":false,"strikethrough":false,"underline":false,"code":false,"color":"default"},"plain_text":"Database
      of all the items we sell","href":null}],"is_inline":false,"properties":{"Size":{"id":"AdiG","name":"Size","type":"select","select":{"options":[{"id":"93329552-1579-4c2b-8f4b-4ed5fd7a2d5a","name":"S","color":"green","description":null},{"id":"ece3df33-c6f1-4297-8345-6d7ba39c5c6a","name":"M","color":"yellow","description":null},{"id":"d7ab1a00-8544-4050-85ea-80c533302ad4","name":"L","color":"red","description":null}]}},"Price":{"id":"CCbL","name":"Price","type":"number","number":{"format":"dollar"}},"Name":{"id":"title","name":"Name","type":"title","title":{}}},"parent":{"type":"page_id","page_id":"5f505199-b292-4713-920b-61d813bf72a3"},"url":"https://www.notion.so/10f974f3b38881f4b8a2fcb5026331b1","public_url":null,"archived":false,"in_trash":false,"request_id":"45c12a07-673e-47f7-8e0a-68437a0624d1"}'
    headers:
      CF-Cache-Status:
      - DYNAMIC
      CF-Ray:
      - 8ca428ef8f19193f-FRA
      Connection:
      - keep-alive
      Content-Encoding:
      - gzip
      Content-Type:
      - application/json; charset=utf-8
      Server:
      - cloudflare
      Strict-Transport-Security:
      - max-age=31536000; includeSubDomains; preload
      Transfer-Encoding:
      - chunked
      Vary:
      - Accept-Encoding
      content-security-policy:
      - default-src 'none'
      referrer-policy:
      - strict-origin-when-cross-origin
      x-content-type-options:
      - nosniff
      x-dns-prefetch-control:
      - 'off'
      x-download-options:
      - noopen
      x-frame-options:
      - SAMEORIGIN
      x-notion-request-id:
      - 45c12a07-673e-47f7-8e0a-68437a0624d1
      x-permitted-cross-domain-policies:
      - none
      x-xss-protection:
      - '0'
    http_version: HTTP/1.1
    status_code: 200
- request:
    body: '{"parent": {"type": "page_id", "page_id": "5f505199-b292-4713-920b-61d813bf72a3"},
      "title": [{"type": "text", "plain_text": "Customer DB", "annotations": {"bold":
      false, "italic": false, "strikethrough": false, "underline": false, "code":
      false, "color": "default"}, "text": {"content": "Customer DB"}}], "properties":
      {"Name": {"type": "title", "title": {}}, "Items Purchased": {"type": "relation",
      "relation": {"type": "dual_property", "database_id": "10f974f3-b388-81f4-b8a2-fcb5026331b1",
      "dual_property": {}}}}}'
    headers:
      accept:
      - '*/*'
      accept-encoding:
      - gzip, deflate
      authorization:
      - secret...
      connection:
      - keep-alive
      content-length:
      - '516'
      content-type:
      - application/json
      cookie:
      - secret...
      host:
      - api.notion.com
      notion-version:
      - '2022-06-28'
      user-agent:
      - secret...
    method: POST
    uri: https://api.notion.com/v1/databases
  response:
    content: '{"object":"database","id":"10f974f3-b388-813c-84d0-ebc3ea4014c5","cover":null,"icon":null,"created_time":"2024-09-28T13:43:00.000Z","created_by":{"object":"user","id":"645e79dd-3e43-40de-9d51-39357c1c427f"},"last_edited_by":{"object":"user","id":"645e79dd-3e43-40de-9d51-39357c1c427f"},"last_edited_time":"2024-09-28T13:43:00.000Z","title":[{"type":"text","text":{"content":"Customer
      DB","link":null},"annotations":{"bold":false,"italic":false,"strikethrough":false,"underline":false,"code":false,"color":"default"},"plain_text":"Customer
      DB","href":null}],"description":[],"is_inline":false,"properties":{"Items Purchased":{"id":"mW%5Bz","name":"Items
      Purchased","type":"relation","relation":{"database_id":"10f974f3-b388-81f4-b8a2-fcb5026331b1","type":"dual_property","dual_property":{"synced_property_name":"Related
      to Customer DB (Items Purchased)","synced_property_id":"%7DUax"}}},"Name":{"id":"title","name":"Name","type":"title","title":{}}},"parent":{"type":"page_id","page_id":"5f505199-b292-4713-920b-61d813bf72a3"},"url":"https://www.notion.so/10f974f3b388813c84d0ebc3ea4014c5","public_url":null,"archived":false,"in_trash":false,"request_id":"f7a5c551-3f74-43cf-bbd4-eab97ee91534"}'
    headers:
      CF-Cache-Status:
      - DYNAMIC
      CF-Ray:
      - 8ca428f2e9bb193f-FRA
      Connection:
      - keep-alive
      Content-Encoding:
      - gzip
      Content-Type:
      - application/json; charset=utf-8
      Server:
      - cloudflare
      Strict-Transport-Security:
      - max-age=31536000; includeSubDomains; preload
      Transfer-Encoding:
      - chunked
      Vary:
      - Accept-Encoding
      content-security-policy:
      - default-src 'none'
      referrer-policy:
      - strict-origin-when-cross-origin
      x-content-type-options:
      - nosniff
      x-dns-prefetch-control:
      - 'off'
      x-download-options:
      - noopen
      x-frame-options:
      - SAMEORIGIN
      x-notion-request-id:
      - f7a5c551-3f74-43cf-bbd4-eab97ee91534
      x-permitted-cross-domain-policies:
      - none
      x-xss-protection:
      - '0'
    http_version: HTTP/1.1
    status_code: 200
- request:
    body: '{"description": [{"type": "text", "plain_text": "Database of all our beloved
      customers", "annotations": {"bold": false, "italic": false, "strikethrough":
      false, "underline": false, "code": false, "color": "default"}, "text": {"content":
      "Database of all our beloved customers"}}]}'
    headers:
      accept:
      - '*/*'
      accept-encoding:
      - gzip, deflate
      authorization:
      - secret...
      connection:
      - keep-alive
      content-length:
      - '280'
      content-type:
      - application/json
      cookie:
      - secret...
      host:
      - api.notion.com
      notion-version:
      - '2022-06-28'
      user-agent:
      - secret...
    method: PATCH
    uri: https://api.notion.com/v1/databases/10f974f3-b388-813c-84d0-ebc3ea4014c5
  response:
    content: '{"object":"database","id":"10f974f3-b388-813c-84d0-ebc3ea4014c5","cover":null,"icon":null,"created_time":"2024-09-28T13:43:00.000Z","created_by":{"object":"user","id":"645e79dd-3e43-40de-9d51-39357c1c427f"},"last_edited_by":{"object":"user","id":"645e79dd-3e43-40de-9d51-39357c1c427f"},"last_edited_time":"2024-09-28T13:43:00.000Z","title":[{"type":"text","text":{"content":"Customer
      DB","link":null},"annotations":{"bold":false,"italic":false,"strikethrough":false,"underline":false,"code":false,"color":"default"},"plain_text":"Customer
      DB","href":null}],"description":[{"type":"text","text":{"content":"Database
      of all our beloved customers","link":null},"annotations":{"bold":false,"italic":false,"strikethrough":false,"underline":false,"code":false,"color":"default"},"plain_text":"Database
      of all our beloved customers","href":null}],"is_inline":false,"properties":{"Items
      Purchased":{"id":"mW%5Bz","name":"Items Purchased","type":"relation","relation":{"database_id":"10f974f3-b388-81f4-b8a2-fcb5026331b1","type":"dual_property","dual_property":{"synced_property_name":"Related
      to Customer DB (Items Purchased)","synced_property_id":"%7DUax"}}},"Name":{"id":"title","name":"Name","type":"title","title":{}}},"parent":{"type":"page_id","page_id":"5f505199-b292-4713-920b-61d813bf72a3"},"url":"https://www.notion.so/10f974f3b388813c84d0ebc3ea4014c5","public_url":null,"archived":false,"in_trash":false,"request_id":"99cdcf95-d424-4e4a-9748-bd3c7c6c9b2b"}'
    headers:
      CF-Cache-Status:
      - DYNAMIC
      CF-Ray:
      - 8ca428fa6feb193f-FRA
      Connection:
      - keep-alive
      Content-Encoding:
      - gzip
      Content-Type:
      - application/json; charset=utf-8
      Server:
      - cloudflare
      Strict-Transport-Security:
      - max-age=31536000; includeSubDomains; preload
      Transfer-Encoding:
      - chunked
      Vary:
      - Accept-Encoding
      content-security-policy:
      - default-src 'none'
      referrer-policy:
      - strict-origin-when-cross-origin
      x-content-type-options:
      - nosniff
      x-dns-prefetch-control:
      - 'off'
      x-download-options:
      - noopen
      x-frame-options:
      - SAMEORIGIN
      x-notion-request-id:
      - 99cdcf95-d424-4e4a-9748-bd3c7c6c9b2b
      x-permitted-cross-domain-policies:
      - none
      x-xss-protection:
      - '0'
    http_version: HTTP/1.1
    status_code: 200
- request:
    body: '{"properties": {"%7DUax": {"name": "Bought by"}}}'
    headers:
      accept:
      - '*/*'
      accept-encoding:
      - gzip, deflate
      authorization:
      - secret...
      connection:
      - keep-alive
      content-length:
      - '49'
      content-type:
      - application/json
      cookie:
      - secret...
      host:
      - api.notion.com
      notion-version:
      - '2022-06-28'
      user-agent:
      - secret...
    method: PATCH
    uri: https://api.notion.com/v1/databases/10f974f3-b388-81f4-b8a2-fcb5026331b1
  response:
    content: '{"object":"database","id":"10f974f3-b388-81f4-b8a2-fcb5026331b1","cover":null,"icon":null,"created_time":"2024-09-28T13:42:00.000Z","created_by":{"object":"user","id":"645e79dd-3e43-40de-9d51-39357c1c427f"},"last_edited_by":{"object":"user","id":"645e79dd-3e43-40de-9d51-39357c1c427f"},"last_edited_time":"2024-09-28T13:43:00.000Z","title":[{"type":"text","text":{"content":"Item
      DB","link":null},"annotations":{"bold":false,"italic":false,"strikethrough":false,"underline":false,"code":false,"color":"default"},"plain_text":"Item
      DB","href":null}],"description":[{"type":"text","text":{"content":"Database
      of all the items we sell","link":null},"annotations":{"bold":false,"italic":false,"strikethrough":false,"underline":false,"code":false,"color":"default"},"plain_text":"Database
      of all the items we sell","href":null}],"is_inline":false,"properties":{"Size":{"id":"AdiG","name":"Size","type":"select","select":{"options":[{"id":"93329552-1579-4c2b-8f4b-4ed5fd7a2d5a","name":"S","color":"green","description":null},{"id":"ece3df33-c6f1-4297-8345-6d7ba39c5c6a","name":"M","color":"yellow","description":null},{"id":"d7ab1a00-8544-4050-85ea-80c533302ad4","name":"L","color":"red","description":null}]}},"Price":{"id":"CCbL","name":"Price","type":"number","number":{"format":"dollar"}},"Bought
      by":{"id":"%7DUax","name":"Bought by","type":"relation","relation":{"database_id":"10f974f3-b388-813c-84d0-ebc3ea4014c5","type":"dual_property","dual_property":{"synced_property_name":"Items
      Purchased","synced_property_id":"mW%5Bz"}}},"Name":{"id":"title","name":"Name","type":"title","title":{}}},"parent":{"type":"page_id","page_id":"5f505199-b292-4713-920b-61d813bf72a3"},"url":"https://www.notion.so/10f974f3b38881f4b8a2fcb5026331b1","public_url":null,"archived":false,"in_trash":false,"request_id":"a2e35655-f06d-490e-9bec-2e48d29f341e"}'
    headers:
      CF-Cache-Status:
      - DYNAMIC
      CF-Ray:
      - 8ca428fd1a78193f-FRA
      Connection:
      - keep-alive
      Content-Encoding:
      - gzip
      Content-Type:
      - application/json; charset=utf-8
      Server:
      - cloudflare
      Strict-Transport-Security:
      - max-age=31536000; includeSubDomains; preload
      Transfer-Encoding:
      - chunked
      Vary:
      - Accept-Encoding
      content-security-policy:
      - default-src 'none'
      referrer-policy:
      - strict-origin-when-cross-origin
      x-content-type-options:
      - nosniff
      x-dns-prefetch-control:
      - 'off'
      x-download-options:
      - noopen
      x-frame-options:
      - SAMEORIGIN
      x-notion-request-id:
      - a2e35655-f06d-490e-9bec-2e48d29f341e
      x-permitted-cross-domain-policies:
      - none
      x-xss-protection:
      - '0'
    http_version: HTTP/1.1
    status_code: 200
- request:
    body: '{"properties": {}}'
    headers:
      accept:
      - '*/*'
      accept-encoding:
      - gzip, deflate
      authorization:
      - secret...
      connection:
      - keep-alive
      content-length:
      - '18'
      content-type:
      - application/json
      cookie:
      - secret...
      host:
      - api.notion.com
      notion-version:
      - '2022-06-28'
      user-agent:
      - secret...
    method: PATCH
    uri: https://api.notion.com/v1/databases/10f974f3-b388-813c-84d0-ebc3ea4014c5
  response:
    content: '{"object":"database","id":"10f974f3-b388-813c-84d0-ebc3ea4014c5","cover":null,"icon":null,"created_time":"2024-09-28T13:43:00.000Z","created_by":{"object":"user","id":"645e79dd-3e43-40de-9d51-39357c1c427f"},"last_edited_by":{"object":"user","id":"645e79dd-3e43-40de-9d51-39357c1c427f"},"last_edited_time":"2024-09-28T13:43:00.000Z","title":[{"type":"text","text":{"content":"Customer
      DB","link":null},"annotations":{"bold":false,"italic":false,"strikethrough":false,"underline":false,"code":false,"color":"default"},"plain_text":"Customer
      DB","href":null}],"description":[{"type":"text","text":{"content":"Database
      of all our beloved customers","link":null},"annotations":{"bold":false,"italic":false,"strikethrough":false,"underline":false,"code":false,"color":"default"},"plain_text":"Database
      of all our beloved customers","href":null}],"is_inline":false,"properties":{"Items
      Purchased":{"id":"mW%5Bz","name":"Items Purchased","type":"relation","relation":{"database_id":"10f974f3-b388-81f4-b8a2-fcb5026331b1","type":"dual_property","dual_property":{"synced_property_name":"Bought
      by","synced_property_id":"%7DUax"}}},"Name":{"id":"title","name":"Name","type":"title","title":{}}},"parent":{"type":"page_id","page_id":"5f505199-b292-4713-920b-61d813bf72a3"},"url":"https://www.notion.so/10f974f3b388813c84d0ebc3ea4014c5","public_url":null,"archived":false,"in_trash":false,"request_id":"f6df5b95-d9f2-48e9-9b61-8cb9f59646a6"}'
    headers:
      CF-Cache-Status:
      - DYNAMIC
      CF-Ray:
      - 8ca429003cf0193f-FRA
      Connection:
      - keep-alive
      Content-Encoding:
      - gzip
      Content-Type:
      - application/json; charset=utf-8
      Server:
      - cloudflare
      Strict-Transport-Security:
      - max-age=31536000; includeSubDomains; preload
      Transfer-Encoding:
      - chunked
      Vary:
      - Accept-Encoding
      content-security-policy:
      - default-src 'none'
      referrer-policy:
      - strict-origin-when-cross-origin
      x-content-type-options:
      - nosniff
      x-dns-prefetch-control:
      - 'off'
      x-download-options:
      - noopen
      x-frame-options:
      - SAMEORIGIN
      x-notion-request-id:
      - f6df5b95-d9f2-48e9-9b61-8cb9f59646a6
      x-permitted-cross-domain-policies:
      - none
      x-xss-protection:
      - '0'
    http_version: HTTP/1.1
    status_code: 200
- request:
    body: '{"parent": {"type": "database_id", "database_id": "10f974f3-b388-81f4-b8a2-fcb5026331b1"},
      "properties": {"Name": {"type": "title", "title": [{"type": "text", "plain_text":
      "T-shirt", "annotations": {"bold": false, "italic": false, "strikethrough":
      false, "underline": false, "code": false, "color": "default"}, "text": {"content":
      "T-shirt"}}]}, "Size": {"type": "select", "select": {"name": "L", "color": "red"}},
      "Price": {"type": "number", "number": 17.0}}}'
    headers:
      accept:
      - '*/*'
      accept-encoding:
      - gzip, deflate
      authorization:
      - secret...
      connection:
      - keep-alive
      content-length:
      - '461'
      content-type:
      - application/json
      cookie:
      - secret...
      host:
      - api.notion.com
      notion-version:
      - '2022-06-28'
      user-agent:
      - secret...
    method: POST
    uri: https://api.notion.com/v1/pages
  response:
    content: '{"object":"page","id":"10f974f3-b388-8121-9003-d5cd3dabd9a1","created_time":"2024-09-28T13:43:00.000Z","last_edited_time":"2024-09-28T13:43:00.000Z","created_by":{"object":"user","id":"645e79dd-3e43-40de-9d51-39357c1c427f"},"last_edited_by":{"object":"user","id":"645e79dd-3e43-40de-9d51-39357c1c427f"},"cover":null,"icon":null,"parent":{"type":"database_id","database_id":"10f974f3-b388-81f4-b8a2-fcb5026331b1"},"archived":false,"in_trash":false,"properties":{"Size":{"id":"AdiG","type":"select","select":{"id":"d7ab1a00-8544-4050-85ea-80c533302ad4","name":"L","color":"red"}},"Price":{"id":"CCbL","type":"number","number":17},"Bought
      by":{"id":"%7DUax","type":"relation","relation":[],"has_more":false},"Name":{"id":"title","type":"title","title":[{"type":"text","text":{"content":"T-shirt","link":null},"annotations":{"bold":false,"italic":false,"strikethrough":false,"underline":false,"code":false,"color":"default"},"plain_text":"T-shirt","href":null}]}},"url":"https://www.notion.so/T-shirt-10f974f3b38881219003d5cd3dabd9a1","public_url":null,"request_id":"d6db0b60-7e39-4215-b7d2-a295b6f3e95d"}'
    headers:
      CF-Cache-Status:
      - DYNAMIC
      CF-Ray:
      - 8ca42902aef4193f-FRA
      Connection:
      - keep-alive
      Content-Encoding:
      - gzip
      Content-Type:
      - application/json; charset=utf-8
      Server:
      - cloudflare
      Strict-Transport-Security:
      - max-age=31536000; includeSubDomains; preload
      Transfer-Encoding:
      - chunked
      Vary:
      - Accept-Encoding
      content-security-policy:
      - default-src 'none'
      referrer-policy:
      - strict-origin-when-cross-origin
      x-content-type-options:
      - nosniff
      x-dns-prefetch-control:
      - 'off'
      x-download-options:
      - noopen
      x-frame-options:
      - SAMEORIGIN
      x-notion-request-id:
      - d6db0b60-7e39-4215-b7d2-a295b6f3e95d
      x-permitted-cross-domain-policies:
      - none
      x-xss-protection:
      - '0'
    http_version: HTTP/1.1
    status_code: 200
- request:
    body: '{"parent": {"type": "database_id", "database_id": "10f974f3-b388-813c-84d0-ebc3ea4014c5"},
      "properties": {"Name": {"type": "title", "title": [{"type": "text", "plain_text":
      "Ada Lovelace", "annotations": {"bold": false, "italic": false, "strikethrough":
      false, "underline": false, "code": false, "color": "default"}, "text": {"content":
      "Ada Lovelace"}}]}, "Items Purchased": {"type": "relation", "relation": [{"id":
      "10f974f3-b388-8121-9003-d5cd3dabd9a1"}], "has_more": false}}}'
    headers:
      accept:
      - '*/*'
      accept-encoding:
      - gzip, deflate
      authorization:
      - secret...
      connection:
      - keep-alive
      content-length:
      - '479'
      content-type:
      - application/json
      cookie:
      - secret...
      host:
      - api.notion.com
      notion-version:
      - '2022-06-28'
      user-agent:
      - secret...
    method: POST
    uri: https://api.notion.com/v1/pages
  response:
    content: '{"object":"page","id":"10f974f3-b388-8190-8637-c047efe19c25","created_time":"2024-09-28T13:43:00.000Z","last_edited_time":"2024-09-28T13:43:00.000Z","created_by":{"object":"user","id":"645e79dd-3e43-40de-9d51-39357c1c427f"},"last_edited_by":{"object":"user","id":"645e79dd-3e43-40de-9d51-39357c1c427f"},"cover":null,"icon":null,"parent":{"type":"database_id","database_id":"10f974f3-b388-813c-84d0-ebc3ea4014c5"},"archived":false,"in_trash":false,"properties":{"Items
      Purchased":{"id":"mW%5Bz","type":"relation","relation":[{"id":"10f974f3-b388-8121-9003-d5cd3dabd9a1"}],"has_more":false},"Name":{"id":"title","type":"title","title":[{"type":"text","text":{"content":"Ada
      Lovelace","link":null},"annotations":{"bold":false,"italic":false,"strikethrough":false,"underline":false,"code":false,"color":"default"},"plain_text":"Ada
      Lovelace","href":null}]}},"url":"https://www.notion.so/Ada-Lovelace-10f974f3b38881908637c047efe19c25","public_url":null,"request_id":"443b6efd-3020-44d9-b981-2df79b2ab04c"}'
    headers:
      CF-Cache-Status:
      - DYNAMIC
      CF-Ray:
      - 8ca429056937193f-FRA
      Connection:
      - keep-alive
      Content-Encoding:
      - gzip
      Content-Type:
      - application/json; charset=utf-8
      Server:
      - cloudflare
      Strict-Transport-Security:
      - max-age=31536000; includeSubDomains; preload
      Transfer-Encoding:
      - chunked
      Vary:
      - Accept-Encoding
      content-security-policy:
      - default-src 'none'
      referrer-policy:
      - strict-origin-when-cross-origin
      x-content-type-options:
      - nosniff
      x-dns-prefetch-control:
      - 'off'
      x-download-options:
      - noopen
      x-frame-options:
      - SAMEORIGIN
      x-notion-request-id:
      - 443b6efd-3020-44d9-b981-2df79b2ab04c
      x-permitted-cross-domain-policies:
      - none
      x-xss-protection:
      - '0'
    http_version: HTTP/1.1
    status_code: 200
- request:
    body: '{"parent": {"type": "database_id", "database_id": "10f974f3-b388-813c-84d0-ebc3ea4014c5"},
      "properties": {"Name": {"type": "title", "title": [{"type": "text", "plain_text":
      "Andy Herzfeld", "annotations": {"bold": false, "italic": false, "strikethrough":
      false, "underline": false, "code": false, "color": "default"}, "text": {"content":
      "Andy Herzfeld"}}]}, "Items Purchased": {"type": "relation", "relation": [{"id":
      "10f974f3-b388-8121-9003-d5cd3dabd9a1"}], "has_more": false}}}'
    headers:
      accept:
      - '*/*'
      accept-encoding:
      - gzip, deflate
      authorization:
      - secret...
      connection:
      - keep-alive
      content-length:
      - '481'
      content-type:
      - application/json
      cookie:
      - secret...
      host:
      - api.notion.com
      notion-version:
      - '2022-06-28'
      user-agent:
      - secret...
    method: POST
    uri: https://api.notion.com/v1/pages
  response:
    content: '{"object":"page","id":"10f974f3-b388-81bb-8c94-e836d22f0d37","created_time":"2024-09-28T13:43:00.000Z","last_edited_time":"2024-09-28T13:43:00.000Z","created_by":{"object":"user","id":"645e79dd-3e43-40de-9d51-39357c1c427f"},"last_edited_by":{"object":"user","id":"645e79dd-3e43-40de-9d51-39357c1c427f"},"cover":null,"icon":null,"parent":{"type":"database_id","database_id":"10f974f3-b388-813c-84d0-ebc3ea4014c5"},"archived":false,"in_trash":false,"properties":{"Items
      Purchased":{"id":"mW%5Bz","type":"relation","relation":[{"id":"10f974f3-b388-8121-9003-d5cd3dabd9a1"}],"has_more":false},"Name":{"id":"title","type":"title","title":[{"type":"text","text":{"content":"Andy
      Herzfeld","link":null},"annotations":{"bold":false,"italic":false,"strikethrough":false,"underline":false,"code":false,"color":"default"},"plain_text":"Andy
      Herzfeld","href":null}]}},"url":"https://www.notion.so/Andy-Herzfeld-10f974f3b38881bb8c94e836d22f0d37","public_url":null,"request_id":"9e71b79a-208a-4432-a180-dd2d63e77089"}'
    headers:
      CF-Cache-Status:
      - DYNAMIC
      CF-Ray:
      - 8ca429087bfb193f-FRA
      Connection:
      - keep-alive
      Content-Encoding:
      - gzip
      Content-Type:
      - application/json; charset=utf-8
      Server:
      - cloudflare
      Strict-Transport-Security:
      - max-age=31536000; includeSubDomains; preload
      Transfer-Encoding:
      - chunked
      Vary:
      - Accept-Encoding
      content-security-policy:
      - default-src 'none'
      referrer-policy:
      - strict-origin-when-cross-origin
      x-content-type-options:
      - nosniff
      x-dns-prefetch-control:
      - 'off'
      x-download-options:
      - noopen
      x-frame-options:
      - SAMEORIGIN
      x-notion-request-id:
      - 9e71b79a-208a-4432-a180-dd2d63e77089
      x-permitted-cross-domain-policies:
      - none
      x-xss-protection:
      - '0'
    http_version: HTTP/1.1
    status_code: 200
- request:
    body: '{"parent": {"type": "page_id", "page_id": "5f505199-b292-4713-920b-61d813bf72a3"},
      "title": [{"type": "text", "plain_text": "Task List", "annotations": {"bold":
      false, "italic": false, "strikethrough": false, "underline": false, "code":
      false, "color": "default"}, "text": {"content": "Task List"}}], "properties":
      {"Task": {"type": "title", "title": {}}, "Due by": {"type": "date", "date":
      {}}}}'
    headers:
      accept:
      - '*/*'
      accept-encoding:
      - gzip, deflate
      authorization:
      - secret...
      connection:
      - keep-alive
      content-length:
      - '396'
      content-type:
      - application/json
      cookie:
      - secret...
      host:
      - api.notion.com
      notion-version:
      - '2022-06-28'
      user-agent:
      - secret...
    method: POST
    uri: https://api.notion.com/v1/databases
  response:
    content: '{"object":"database","id":"10f974f3-b388-8141-8efc-d2792f419e88","cover":null,"icon":null,"created_time":"2024-09-28T13:43:00.000Z","created_by":{"object":"user","id":"645e79dd-3e43-40de-9d51-39357c1c427f"},"last_edited_by":{"object":"user","id":"645e79dd-3e43-40de-9d51-39357c1c427f"},"last_edited_time":"2024-09-28T13:43:00.000Z","title":[{"type":"text","text":{"content":"Task
      List","link":null},"annotations":{"bold":false,"italic":false,"strikethrough":false,"underline":false,"code":false,"color":"default"},"plain_text":"Task
      List","href":null}],"description":[],"is_inline":false,"properties":{"Due by":{"id":"jz_e","name":"Due
      by","type":"date","date":{}},"Task":{"id":"title","name":"Task","type":"title","title":{}}},"parent":{"type":"page_id","page_id":"5f505199-b292-4713-920b-61d813bf72a3"},"url":"https://www.notion.so/10f974f3b38881418efcd2792f419e88","public_url":null,"archived":false,"in_trash":false,"request_id":"9a0c00a2-42c7-4d27-ad6c-4960b736d3b9"}'
    headers:
      CF-Cache-Status:
      - DYNAMIC
      CF-Ray:
      - 8ca4290b4ec5193f-FRA
      Connection:
      - keep-alive
      Content-Encoding:
      - gzip
      Content-Type:
      - application/json; charset=utf-8
      Server:
      - cloudflare
      Strict-Transport-Security:
      - max-age=31536000; includeSubDomains; preload
      Transfer-Encoding:
      - chunked
      Vary:
      - Accept-Encoding
      content-security-policy:
      - default-src 'none'
      referrer-policy:
      - strict-origin-when-cross-origin
      x-content-type-options:
      - nosniff
      x-dns-prefetch-control:
      - 'off'
      x-download-options:
      - noopen
      x-frame-options:
      - SAMEORIGIN
      x-notion-request-id:
      - 9a0c00a2-42c7-4d27-ad6c-4960b736d3b9
      x-permitted-cross-domain-policies:
      - none
      x-xss-protection:
      - '0'
    http_version: HTTP/1.1
    status_code: 200
- request:
    body: '{"description": [{"type": "text", "plain_text": "A really simple task lists
      with subtasks", "annotations": {"bold": false, "italic": false, "strikethrough":
      false, "underline": false, "code": false, "color": "default"}, "text": {"content":
      "A really simple task lists with subtasks"}}]}'
    headers:
      accept:
      - '*/*'
      accept-encoding:
      - gzip, deflate
      authorization:
      - secret...
      connection:
      - keep-alive
      content-length:
      - '286'
      content-type:
      - application/json
      cookie:
      - secret...
      host:
      - api.notion.com
      notion-version:
      - '2022-06-28'
      user-agent:
      - secret...
    method: PATCH
    uri: https://api.notion.com/v1/databases/10f974f3-b388-8141-8efc-d2792f419e88
  response:
    content: '{"object":"database","id":"10f974f3-b388-8141-8efc-d2792f419e88","cover":null,"icon":null,"created_time":"2024-09-28T13:43:00.000Z","created_by":{"object":"user","id":"645e79dd-3e43-40de-9d51-39357c1c427f"},"last_edited_by":{"object":"user","id":"645e79dd-3e43-40de-9d51-39357c1c427f"},"last_edited_time":"2024-09-28T13:43:00.000Z","title":[{"type":"text","text":{"content":"Task
      List","link":null},"annotations":{"bold":false,"italic":false,"strikethrough":false,"underline":false,"code":false,"color":"default"},"plain_text":"Task
      List","href":null}],"description":[{"type":"text","text":{"content":"A really
      simple task lists with subtasks","link":null},"annotations":{"bold":false,"italic":false,"strikethrough":false,"underline":false,"code":false,"color":"default"},"plain_text":"A
      really simple task lists with subtasks","href":null}],"is_inline":false,"properties":{"Due
      by":{"id":"jz_e","name":"Due by","type":"date","date":{}},"Task":{"id":"title","name":"Task","type":"title","title":{}}},"parent":{"type":"page_id","page_id":"5f505199-b292-4713-920b-61d813bf72a3"},"url":"https://www.notion.so/10f974f3b38881418efcd2792f419e88","public_url":null,"archived":false,"in_trash":false,"request_id":"6123cbbf-2e1d-42bb-a7f6-75ddd9b94002"}'
    headers:
      CF-Cache-Status:
      - DYNAMIC
      CF-Ray:
      - 8ca4290ec9cb193f-FRA
      Connection:
      - keep-alive
      Content-Encoding:
      - gzip
      Content-Type:
      - application/json; charset=utf-8
      Server:
      - cloudflare
      Strict-Transport-Security:
      - max-age=31536000; includeSubDomains; preload
      Transfer-Encoding:
      - chunked
      Vary:
      - Accept-Encoding
      content-security-policy:
      - default-src 'none'
      referrer-policy:
      - strict-origin-when-cross-origin
      x-content-type-options:
      - nosniff
      x-dns-prefetch-control:
      - 'off'
      x-download-options:
      - noopen
      x-frame-options:
      - SAMEORIGIN
      x-notion-request-id:
      - 6123cbbf-2e1d-42bb-a7f6-75ddd9b94002
      x-permitted-cross-domain-policies:
      - none
      x-xss-protection:
      - '0'
    http_version: HTTP/1.1
    status_code: 200
- request:
    body: '{"properties": {"Parent Task": {"type": "relation", "relation": {"type":
      "single_property", "database_id": "10f974f3-b388-8141-8efc-d2792f419e88", "single_property":
      {}}}}}'
    headers:
      accept:
      - '*/*'
      accept-encoding:
      - gzip, deflate
      authorization:
      - secret...
      connection:
      - keep-alive
      content-length:
      - '172'
      content-type:
      - application/json
      cookie:
      - secret...
      host:
      - api.notion.com
      notion-version:
      - '2022-06-28'
      user-agent:
      - secret...
    method: PATCH
    uri: https://api.notion.com/v1/databases/10f974f3-b388-8141-8efc-d2792f419e88
  response:
    content: '{"object":"database","id":"10f974f3-b388-8141-8efc-d2792f419e88","cover":null,"icon":null,"created_time":"2024-09-28T13:43:00.000Z","created_by":{"object":"user","id":"645e79dd-3e43-40de-9d51-39357c1c427f"},"last_edited_by":{"object":"user","id":"645e79dd-3e43-40de-9d51-39357c1c427f"},"last_edited_time":"2024-09-28T13:43:00.000Z","title":[{"type":"text","text":{"content":"Task
      List","link":null},"annotations":{"bold":false,"italic":false,"strikethrough":false,"underline":false,"code":false,"color":"default"},"plain_text":"Task
      List","href":null}],"description":[{"type":"text","text":{"content":"A really
      simple task lists with subtasks","link":null},"annotations":{"bold":false,"italic":false,"strikethrough":false,"underline":false,"code":false,"color":"default"},"plain_text":"A
      really simple task lists with subtasks","href":null}],"is_inline":false,"properties":{"Parent
      Task":{"id":"XCIR","name":"Parent Task","type":"relation","relation":{"database_id":"10f974f3-b388-8141-8efc-d2792f419e88","type":"single_property","single_property":{}}},"Due
      by":{"id":"jz_e","name":"Due by","type":"date","date":{}},"Task":{"id":"title","name":"Task","type":"title","title":{}}},"parent":{"type":"page_id","page_id":"5f505199-b292-4713-920b-61d813bf72a3"},"url":"https://www.notion.so/10f974f3b38881418efcd2792f419e88","public_url":null,"archived":false,"in_trash":false,"request_id":"83ebb6ec-e110-4566-8b76-29d3edab0ed5"}'
    headers:
      CF-Cache-Status:
      - DYNAMIC
      CF-Ray:
      - 8ca42911bc95193f-FRA
      Connection:
      - keep-alive
      Content-Encoding:
      - gzip
      Content-Type:
      - application/json; charset=utf-8
      Server:
      - cloudflare
      Strict-Transport-Security:
      - max-age=31536000; includeSubDomains; preload
      Transfer-Encoding:
      - chunked
      Vary:
      - Accept-Encoding
      content-security-policy:
      - default-src 'none'
      referrer-policy:
      - strict-origin-when-cross-origin
      x-content-type-options:
      - nosniff
      x-dns-prefetch-control:
      - 'off'
      x-download-options:
      - noopen
      x-frame-options:
      - SAMEORIGIN
      x-notion-request-id:
      - 83ebb6ec-e110-4566-8b76-29d3edab0ed5
      x-permitted-cross-domain-policies:
      - none
      x-xss-protection:
      - '0'
    http_version: HTTP/1.1
    status_code: 200
- request:
    body: '{"parent": {"type": "database_id", "database_id": "10f974f3-b388-8141-8efc-d2792f419e88"},
      "properties": {"Task": {"type": "title", "title": [{"type": "text", "plain_text":
      "Clean the house", "annotations": {"bold": false, "italic": false, "strikethrough":
      false, "underline": false, "code": false, "color": "default"}, "text": {"content":
      "Clean the house"}}]}, "Due by": {"type": "date", "date": {"start": "2024-10-26T13:43:05.671914Z",
      "time_zone": "UTC"}}}}'
    headers:
      accept:
      - '*/*'
      accept-encoding:
      - gzip, deflate
      authorization:
      - secret...
      connection:
      - keep-alive
      content-length:
      - '461'
      content-type:
      - application/json
      cookie:
      - secret...
      host:
      - api.notion.com
      notion-version:
      - '2022-06-28'
      user-agent:
      - secret...
    method: POST
    uri: https://api.notion.com/v1/pages
  response:
    content: '{"object":"page","id":"10f974f3-b388-8162-83aa-e9cd59dd5350","created_time":"2024-09-28T13:43:00.000Z","last_edited_time":"2024-09-28T13:43:00.000Z","created_by":{"object":"user","id":"645e79dd-3e43-40de-9d51-39357c1c427f"},"last_edited_by":{"object":"user","id":"645e79dd-3e43-40de-9d51-39357c1c427f"},"cover":null,"icon":null,"parent":{"type":"database_id","database_id":"10f974f3-b388-8141-8efc-d2792f419e88"},"archived":false,"in_trash":false,"properties":{"Parent
      Task":{"id":"XCIR","type":"relation","relation":[],"has_more":false},"Due by":{"id":"jz_e","type":"date","date":{"start":"2024-10-26T13:43:00.000+00:00","end":null,"time_zone":null}},"Task":{"id":"title","type":"title","title":[{"type":"text","text":{"content":"Clean
      the house","link":null},"annotations":{"bold":false,"italic":false,"strikethrough":false,"underline":false,"code":false,"color":"default"},"plain_text":"Clean
      the house","href":null}]}},"url":"https://www.notion.so/Clean-the-house-10f974f3b388816283aae9cd59dd5350","public_url":null,"request_id":"eb9d69e7-e599-43ef-80a3-107bd7458f28"}'
    headers:
      CF-Cache-Status:
      - DYNAMIC
      CF-Ray:
      - 8ca42914bf0c193f-FRA
      Connection:
      - keep-alive
      Content-Encoding:
      - gzip
      Content-Type:
      - application/json; charset=utf-8
      Server:
      - cloudflare
      Strict-Transport-Security:
      - max-age=31536000; includeSubDomains; preload
      Transfer-Encoding:
      - chunked
      Vary:
      - Accept-Encoding
      content-security-policy:
      - default-src 'none'
      referrer-policy:
      - strict-origin-when-cross-origin
      x-content-type-options:
      - nosniff
      x-dns-prefetch-control:
      - 'off'
      x-download-options:
      - noopen
      x-frame-options:
      - SAMEORIGIN
      x-notion-request-id:
      - eb9d69e7-e599-43ef-80a3-107bd7458f28
      x-permitted-cross-domain-policies:
      - none
      x-xss-protection:
      - '0'
    http_version: HTTP/1.1
    status_code: 200
- request:
    body: '{"parent": {"type": "database_id", "database_id": "10f974f3-b388-8141-8efc-d2792f419e88"},
      "properties": {"Task": {"type": "title", "title": [{"type": "text", "plain_text":
      "Vacuum living room", "annotations": {"bold": false, "italic": false, "strikethrough":
      false, "underline": false, "code": false, "color": "default"}, "text": {"content":
      "Vacuum living room"}}]}, "Due by": {"type": "date", "date": {"start": "2024-10-05T13:43:05.671914Z",
      "time_zone": "UTC"}}, "Parent Task": {"type": "relation", "relation": [{"id":
      "10f974f3-b388-8162-83aa-e9cd59dd5350"}], "has_more": false}}}'
    headers:
      accept:
      - '*/*'
      accept-encoding:
      - gzip, deflate
      authorization:
      - secret...
      connection:
      - keep-alive
      content-length:
      - '585'
      content-type:
      - application/json
      cookie:
      - secret...
      host:
      - api.notion.com
      notion-version:
      - '2022-06-28'
      user-agent:
      - secret...
    method: POST
    uri: https://api.notion.com/v1/pages
  response:
    content: '{"object":"page","id":"10f974f3-b388-8164-980f-ef0362e3617f","created_time":"2024-09-28T13:43:00.000Z","last_edited_time":"2024-09-28T13:43:00.000Z","created_by":{"object":"user","id":"645e79dd-3e43-40de-9d51-39357c1c427f"},"last_edited_by":{"object":"user","id":"645e79dd-3e43-40de-9d51-39357c1c427f"},"cover":null,"icon":null,"parent":{"type":"database_id","database_id":"10f974f3-b388-8141-8efc-d2792f419e88"},"archived":false,"in_trash":false,"properties":{"Parent
      Task":{"id":"XCIR","type":"relation","relation":[{"id":"10f974f3-b388-8162-83aa-e9cd59dd5350"}],"has_more":false},"Due
      by":{"id":"jz_e","type":"date","date":{"start":"2024-10-05T13:43:00.000+00:00","end":null,"time_zone":null}},"Task":{"id":"title","type":"title","title":[{"type":"text","text":{"content":"Vacuum
      living room","link":null},"annotations":{"bold":false,"italic":false,"strikethrough":false,"underline":false,"code":false,"color":"default"},"plain_text":"Vacuum
      living room","href":null}]}},"url":"https://www.notion.so/Vacuum-living-room-10f974f3b3888164980fef0362e3617f","public_url":null,"request_id":"044d74d4-bba6-4436-8524-91cf7068e884"}'
    headers:
      CF-Cache-Status:
      - DYNAMIC
      CF-Ray:
      - 8ca4291809c0193f-FRA
      Connection:
      - keep-alive
      Content-Encoding:
      - gzip
      Content-Type:
      - application/json; charset=utf-8
      Server:
      - cloudflare
      Strict-Transport-Security:
      - max-age=31536000; includeSubDomains; preload
      Transfer-Encoding:
      - chunked
      Vary:
      - Accept-Encoding
      content-security-policy:
      - default-src 'none'
      referrer-policy:
      - strict-origin-when-cross-origin
      x-content-type-options:
      - nosniff
      x-dns-prefetch-control:
      - 'off'
      x-download-options:
      - noopen
      x-frame-options:
      - SAMEORIGIN
      x-notion-request-id:
      - 044d74d4-bba6-4436-8524-91cf7068e884
      x-permitted-cross-domain-policies:
      - none
      x-xss-protection:
      - '0'
    http_version: HTTP/1.1
    status_code: 200
- request:
    body: '{"parent": {"type": "database_id", "database_id": "10f974f3-b388-8141-8efc-d2792f419e88"},
      "properties": {"Task": {"type": "title", "title": [{"type": "text", "plain_text":
      "Tidy up kitchen", "annotations": {"bold": false, "italic": false, "strikethrough":
      false, "underline": false, "code": false, "color": "default"}, "text": {"content":
      "Tidy up kitchen"}}]}, "Due by": {"type": "date", "date": {"start": "2024-10-01T13:43:05.671914Z",
      "time_zone": "UTC"}}, "Parent Task": {"type": "relation", "relation": [{"id":
      "10f974f3-b388-8162-83aa-e9cd59dd5350"}], "has_more": false}}}'
    headers:
      accept:
      - '*/*'
      accept-encoding:
      - gzip, deflate
      authorization:
      - secret...
      connection:
      - keep-alive
      content-length:
      - '579'
      content-type:
      - application/json
      cookie:
      - secret...
      host:
      - api.notion.com
      notion-version:
      - '2022-06-28'
      user-agent:
      - secret...
    method: POST
    uri: https://api.notion.com/v1/pages
  response:
    content: '{"object":"page","id":"10f974f3-b388-8185-bee9-c8f2e6194f07","created_time":"2024-09-28T13:43:00.000Z","last_edited_time":"2024-09-28T13:43:00.000Z","created_by":{"object":"user","id":"645e79dd-3e43-40de-9d51-39357c1c427f"},"last_edited_by":{"object":"user","id":"645e79dd-3e43-40de-9d51-39357c1c427f"},"cover":null,"icon":null,"parent":{"type":"database_id","database_id":"10f974f3-b388-8141-8efc-d2792f419e88"},"archived":false,"in_trash":false,"properties":{"Parent
      Task":{"id":"XCIR","type":"relation","relation":[{"id":"10f974f3-b388-8162-83aa-e9cd59dd5350"}],"has_more":false},"Due
      by":{"id":"jz_e","type":"date","date":{"start":"2024-10-01T13:43:00.000+00:00","end":null,"time_zone":null}},"Task":{"id":"title","type":"title","title":[{"type":"text","text":{"content":"Tidy
      up kitchen","link":null},"annotations":{"bold":false,"italic":false,"strikethrough":false,"underline":false,"code":false,"color":"default"},"plain_text":"Tidy
      up kitchen","href":null}]}},"url":"https://www.notion.so/Tidy-up-kitchen-10f974f3b3888185bee9c8f2e6194f07","public_url":null,"request_id":"308f407e-f9fa-4bdf-b87a-bd3d357bd862"}'
    headers:
      CF-Cache-Status:
      - DYNAMIC
      CF-Ray:
      - 8ca4291bed67193f-FRA
      Connection:
      - keep-alive
      Content-Encoding:
      - gzip
      Content-Type:
      - application/json; charset=utf-8
      Server:
      - cloudflare
      Strict-Transport-Security:
      - max-age=31536000; includeSubDomains; preload
      Transfer-Encoding:
      - chunked
      Vary:
      - Accept-Encoding
      content-security-policy:
      - default-src 'none'
      referrer-policy:
      - strict-origin-when-cross-origin
      x-content-type-options:
      - nosniff
      x-dns-prefetch-control:
      - 'off'
      x-download-options:
      - noopen
      x-frame-options:
      - SAMEORIGIN
      x-notion-request-id:
      - 308f407e-f9fa-4bdf-b87a-bd3d357bd862
      x-permitted-cross-domain-policies:
      - none
      x-xss-protection:
      - '0'
    http_version: HTTP/1.1
    status_code: 200
version: 1
