interactions:
- request:
    body: '{"query": "Tests", "filter": {"property": "object", "value": "page"}, "page_size":
      100}'
    headers:
      accept:
      - '*/*'
      accept-encoding:
      - gzip, deflate
      authorization:
      - secret...
      connection:
      - keep-alive
      content-length:
      - '87'
      content-type:
      - application/json
      host:
      - api.notion.com
      notion-version:
      - '2022-06-28'
      user-agent:
      - secret...
    method: POST
    uri: https://api.notion.com/v1/search
  response:
    content: '{"object":"list","results":[{"object":"page","id":"5f505199-b292-4713-920b-61d813bf72a3","created_time":"2022-08-22T15:47:00.000Z","last_edited_time":"2024-08-02T20:42:00.000Z","created_by":{"object":"user","id":"b10cb6df-12ef-44d3-88ad-250168f66322"},"last_edited_by":{"object":"user","id":"645e79dd-3e43-40de-9d51-39357c1c427f"},"cover":null,"icon":null,"parent":{"type":"workspace","workspace":true},"archived":false,"in_trash":false,"properties":{"title":{"id":"title","type":"title","title":[{"type":"text","text":{"content":"Tests","link":null},"annotations":{"bold":false,"italic":false,"strikethrough":false,"underline":false,"code":false,"color":"default"},"plain_text":"Tests","href":null}]}},"url":"https://www.notion.so/Tests-5f505199b2924713920b61d813bf72a3","public_url":null}],"next_cursor":null,"has_more":false,"type":"page_or_database","page_or_database":{},"request_id":"73f403d3-f8e5-41cc-9549-a7d218ff705d"}'
    headers:
      CF-Cache-Status:
      - DYNAMIC
      CF-Ray:
      - 8ad0e5fd0d193637-FRA
      Connection:
      - keep-alive
      Content-Encoding:
      - gzip
      Content-Type:
      - application/json; charset=utf-8
      Server:
      - cloudflare
      Set-Cookie:
      - __cf_bm=_AN08MOVJc0uv.BI01p.sXe8_BOhHrhES5dvB9hcz8s-1722631387-1.0.1.1-OUj60zq3T5r.Fu1gqE_m7N0dixFsZhBO8Alq3bq0vE.c1U.nwoZlHm5hj1i9dIcd7iDNatZYlKoDO2kFwCswiQ;
        path=/; expires=Fri, 02-Aug-24 21:13:07 GMT; domain=.notion.com; HttpOnly;
        Secure; SameSite=None
      Transfer-Encoding:
      - chunked
      Vary:
      - Accept-Encoding
      x-notion-request-id:
      - 73f403d3-f8e5-41cc-9549-a7d218ff705d
      x-powered-by:
      - Express
    http_version: HTTP/1.1
    status_code: 200
- request:
    body: '{"query": "Tests", "filter": {"property": "object", "value": "page"}, "page_size":
      100}'
    headers:
      accept:
      - '*/*'
      accept-encoding:
      - gzip, deflate
      authorization:
      - secret...
      connection:
      - keep-alive
      content-length:
      - '87'
      content-type:
      - application/json
      host:
      - api.notion.com
      notion-version:
      - '2022-06-28'
      user-agent:
      - secret...
    method: POST
    uri: https://api.notion.com/v1/search
  response:
    content: '{"object":"list","results":[{"object":"page","id":"5f505199-b292-4713-920b-61d813bf72a3","created_time":"2022-08-22T15:47:00.000Z","last_edited_time":"2024-08-21T17:09:00.000Z","created_by":{"object":"user","id":"b10cb6df-12ef-44d3-88ad-250168f66322"},"last_edited_by":{"object":"user","id":"645e79dd-3e43-40de-9d51-39357c1c427f"},"cover":null,"icon":null,"parent":{"type":"workspace","workspace":true},"archived":false,"in_trash":false,"properties":{"title":{"id":"title","type":"title","title":[{"type":"text","text":{"content":"Tests","link":null},"annotations":{"bold":false,"italic":false,"strikethrough":false,"underline":false,"code":false,"color":"default"},"plain_text":"Tests","href":null}]}},"url":"https://www.notion.so/Tests-5f505199b2924713920b61d813bf72a3","public_url":null}],"next_cursor":null,"has_more":false,"type":"page_or_database","page_or_database":{},"request_id":"9e77ac8f-ec66-4529-8f73-1b9257c3d45f"}'
    headers:
      CF-Cache-Status:
      - DYNAMIC
      CF-Ray:
      - 8b6c3bb70a66361f-FRA
      Connection:
      - keep-alive
      Content-Encoding:
      - gzip
      Content-Type:
      - application/json; charset=utf-8
      Server:
      - cloudflare
      Set-Cookie:
      - __cf_bm=fJ8eXOJPn5IcKC9J9SbJh3xK5TY1u9QoDpExzilcCi8-1724260192-1.0.1.1-EeFKkK6TPV18xLy6eOzXE4zSwS67tLln9eeKEywYQEJwmUeRfCxKZ2T4xW30wNy3Tqo92rhLcRhLn.rdFIga3w;
        path=/; expires=Wed, 21-Aug-24 17:39:52 GMT; domain=.notion.com; HttpOnly;
        Secure; SameSite=None
      - _cfuvid=f7GlSHulOJ7QTCmJAUSpmvm4eKTE5z3iQXvK90mU6.o-1724260192159-0.0.1.1-604800000;
        path=/; domain=.notion.com; HttpOnly; Secure; SameSite=None
      Transfer-Encoding:
      - chunked
      Vary:
      - Accept-Encoding
      x-notion-request-id:
      - 9e77ac8f-ec66-4529-8f73-1b9257c3d45f
      x-powered-by:
      - Express
    http_version: HTTP/1.1
    status_code: 200
- request:
    body: '{"query": "Tests", "filter": {"property": "object", "value": "page"}, "page_size":
      100}'
    headers:
      accept:
      - '*/*'
      accept-encoding:
      - gzip, deflate
      authorization:
      - secret...
      connection:
      - keep-alive
      content-length:
      - '87'
      content-type:
      - application/json
      host:
      - api.notion.com
      notion-version:
      - '2022-06-28'
      user-agent:
      - secret...
    method: POST
    uri: https://api.notion.com/v1/search
  response:
    content: '{"object":"list","results":[{"object":"page","id":"5f505199-b292-4713-920b-61d813bf72a3","created_time":"2022-08-22T15:47:00.000Z","last_edited_time":"2024-08-21T17:09:00.000Z","created_by":{"object":"user","id":"b10cb6df-12ef-44d3-88ad-250168f66322"},"last_edited_by":{"object":"user","id":"645e79dd-3e43-40de-9d51-39357c1c427f"},"cover":null,"icon":null,"parent":{"type":"workspace","workspace":true},"archived":false,"in_trash":false,"properties":{"title":{"id":"title","type":"title","title":[{"type":"text","text":{"content":"Tests","link":null},"annotations":{"bold":false,"italic":false,"strikethrough":false,"underline":false,"code":false,"color":"default"},"plain_text":"Tests","href":null}]}},"url":"https://www.notion.so/Tests-5f505199b2924713920b61d813bf72a3","public_url":null}],"next_cursor":null,"has_more":false,"type":"page_or_database","page_or_database":{},"request_id":"e0fdafe1-755b-4887-9a15-713e1d8aa30d"}'
    headers:
      CF-Cache-Status:
      - DYNAMIC
      CF-Ray:
      - 8b6c4087c8c99742-FRA
      Connection:
      - keep-alive
      Content-Encoding:
      - gzip
      Content-Type:
      - application/json; charset=utf-8
      Server:
      - cloudflare
      Set-Cookie:
      - __cf_bm=3vpaxhZXFWxTHQd5DxMyZ8Vhcr.eNJ5Agh1lf421uv8-1724260389-1.0.1.1-3vDcvpGL7UHl6x4BGd26.Oe6ElT2jQTvi9EhoDWIYJ_oWDraueyb64abaTiQFLP8Fle9qyP_5MywrfsXG01EfQ;
        path=/; expires=Wed, 21-Aug-24 17:43:09 GMT; domain=.notion.com; HttpOnly;
        Secure; SameSite=None
      - _cfuvid=oArr5scxYwEKv.9r7fcE2pvKa5rMqyDbpcmZRokuGgg-1724260389361-0.0.1.1-604800000;
        path=/; domain=.notion.com; HttpOnly; Secure; SameSite=None
      Transfer-Encoding:
      - chunked
      Vary:
      - Accept-Encoding
      x-notion-request-id:
      - e0fdafe1-755b-4887-9a15-713e1d8aa30d
      x-powered-by:
      - Express
    http_version: HTTP/1.1
    status_code: 200
- request:
    body: '{"query": "Tests", "filter": {"property": "object", "value": "page"}, "page_size":
      100}'
    headers:
      accept:
      - '*/*'
      accept-encoding:
      - gzip, deflate
      authorization:
      - secret...
      connection:
      - keep-alive
      content-length:
      - '87'
      content-type:
      - application/json
      host:
      - api.notion.com
      notion-version:
      - '2022-06-28'
      user-agent:
      - secret...
    method: POST
    uri: https://api.notion.com/v1/search
  response:
    content: '{"object":"list","results":[{"object":"page","id":"5f505199-b292-4713-920b-61d813bf72a3","created_time":"2022-08-22T15:47:00.000Z","last_edited_time":"2024-09-22T18:26:00.000Z","created_by":{"object":"user","id":"b10cb6df-12ef-44d3-88ad-250168f66322"},"last_edited_by":{"object":"user","id":"645e79dd-3e43-40de-9d51-39357c1c427f"},"cover":null,"icon":null,"parent":{"type":"workspace","workspace":true},"archived":false,"in_trash":false,"properties":{"title":{"id":"title","type":"title","title":[{"type":"text","text":{"content":"Tests","link":null},"annotations":{"bold":false,"italic":false,"strikethrough":false,"underline":false,"code":false,"color":"default"},"plain_text":"Tests","href":null}]}},"url":"https://www.notion.so/Tests-5f505199b2924713920b61d813bf72a3","public_url":null},{"object":"page","id":"3e5fa270-2714-4f8a-afa5-640f5ff17348","created_time":"2024-02-04T10:09:00.000Z","last_edited_time":"2024-02-14T15:47:00.000Z","created_by":{"object":"user","id":"b10cb6df-12ef-44d3-88ad-250168f66322"},"last_edited_by":{"object":"user","id":"b10cb6df-12ef-44d3-88ad-250168f66322"},"cover":null,"icon":null,"parent":{"type":"page_id","page_id":"5f505199-b292-4713-920b-61d813bf72a3"},"archived":false,"in_trash":false,"properties":{"title":{"id":"title","type":"title","title":[{"type":"text","text":{"content":"Markdown
      Page Test","link":null},"annotations":{"bold":false,"italic":false,"strikethrough":false,"underline":false,"code":false,"color":"default"},"plain_text":"Markdown
      Page Test","href":null}]}},"url":"https://www.notion.so/Markdown-Page-Test-3e5fa27027144f8aafa5640f5ff17348","public_url":null},{"object":"page","id":"67ad5240-b1b9-4467-9b07-3ef3ebbbc755","created_time":"2024-02-11T12:54:00.000Z","last_edited_time":"2024-02-13T20:18:00.000Z","created_by":{"object":"user","id":"b10cb6df-12ef-44d3-88ad-250168f66322"},"last_edited_by":{"object":"user","id":"b10cb6df-12ef-44d3-88ad-250168f66322"},"cover":null,"icon":null,"parent":{"type":"page_id","page_id":"3e5fa270-2714-4f8a-afa5-640f5ff17348"},"archived":false,"in_trash":false,"properties":{"title":{"id":"title","type":"title","title":[{"type":"text","text":{"content":"Markdown
      SubPage Test","link":null},"annotations":{"bold":false,"italic":false,"strikethrough":false,"underline":false,"code":false,"color":"default"},"plain_text":"Markdown
      SubPage Test","href":null}]}},"url":"https://www.notion.so/Markdown-SubPage-Test-67ad5240b1b944679b073ef3ebbbc755","public_url":null},{"object":"page","id":"0c8ea7f1-c7ca-4abb-8890-085c0fac383b","created_time":"2024-01-27T16:13:00.000Z","last_edited_time":"2024-02-02T08:13:00.000Z","created_by":{"object":"user","id":"b10cb6df-12ef-44d3-88ad-250168f66322"},"last_edited_by":{"object":"user","id":"b10cb6df-12ef-44d3-88ad-250168f66322"},"cover":null,"icon":null,"parent":{"type":"page_id","page_id":"5f505199-b292-4713-920b-61d813bf72a3"},"archived":false,"in_trash":false,"properties":{"title":{"id":"title","type":"title","title":[{"type":"text","text":{"content":"Markdown
      Text Test","link":null},"annotations":{"bold":false,"italic":false,"strikethrough":false,"underline":false,"code":false,"color":"default"},"plain_text":"Markdown
      Text Test","href":null}]}},"url":"https://www.notion.so/Markdown-Text-Test-0c8ea7f1c7ca4abb8890085c0fac383b","public_url":null}],"next_cursor":null,"has_more":false,"type":"page_or_database","page_or_database":{},"request_id":"c810b3e5-9a78-4315-af70-0eed41f14fa3"}'
    headers:
      CF-Cache-Status:
      - DYNAMIC
      CF-Ray:
      - 8c745bef1d2b71cd-FRA
      Connection:
      - keep-alive
      Content-Encoding:
      - gzip
      Content-Type:
      - application/json; charset=utf-8
      Server:
      - cloudflare
      Set-Cookie:
      - __cf_bm=wN6.dwpywhq4WPdxjVbgsAwLXn9R2dLXwk.u1Zl4I2Y-1727029752-1.0.1.1-fimUxBeD4O5aHNjIWy.w4KqrfpSBUriODqZKBvX1p_dahl3De_SnXkIoXB35CDHUlpFxk6A8NPzs.viCQmr2Rw;
        path=/; expires=Sun, 22-Sep-24 18:59:12 GMT; domain=.notion.com; HttpOnly;
        Secure; SameSite=None
      - _cfuvid=u5cULukW1ZXeT.0BCmdRrRqc7lik6m.V6IJ5KkDcZSs-1727029752462-0.0.1.1-604800000;
        path=/; domain=.notion.com; HttpOnly; Secure; SameSite=None
      Strict-Transport-Security:
      - max-age=31536000; includeSubDomains; preload
      Transfer-Encoding:
      - chunked
      Vary:
      - Accept-Encoding
      content-security-policy:
      - default-src 'none'
      referrer-policy:
      - strict-origin-when-cross-origin
      x-content-type-options:
      - nosniff
      x-dns-prefetch-control:
      - 'off'
      x-download-options:
      - noopen
      x-frame-options:
      - SAMEORIGIN
      x-notion-request-id:
      - c810b3e5-9a78-4315-af70-0eed41f14fa3
      x-permitted-cross-domain-policies:
      - none
      x-xss-protection:
      - '0'
    http_version: HTTP/1.1
    status_code: 200
- request:
    body: '{"query": "Tests", "filter": {"property": "object", "value": "page"}, "page_size":
      100}'
    headers:
      accept:
      - '*/*'
      accept-encoding:
      - gzip, deflate
      authorization:
      - secret...
      connection:
      - keep-alive
      content-length:
      - '87'
      content-type:
      - application/json
      host:
      - api.notion.com
      notion-version:
      - '2022-06-28'
      user-agent:
      - secret...
    method: POST
    uri: https://api.notion.com/v1/search
  response:
    content: '{"object":"list","results":[{"object":"page","id":"5f505199-b292-4713-920b-61d813bf72a3","created_time":"2022-08-22T15:47:00.000Z","last_edited_time":"2024-09-22T18:36:00.000Z","created_by":{"object":"user","id":"b10cb6df-12ef-44d3-88ad-250168f66322"},"last_edited_by":{"object":"user","id":"645e79dd-3e43-40de-9d51-39357c1c427f"},"cover":null,"icon":null,"parent":{"type":"workspace","workspace":true},"archived":false,"in_trash":false,"properties":{"title":{"id":"title","type":"title","title":[{"type":"text","text":{"content":"Tests","link":null},"annotations":{"bold":false,"italic":false,"strikethrough":false,"underline":false,"code":false,"color":"default"},"plain_text":"Tests","href":null}]}},"url":"https://www.notion.so/Tests-5f505199b2924713920b61d813bf72a3","public_url":null},{"object":"page","id":"3e5fa270-2714-4f8a-afa5-640f5ff17348","created_time":"2024-02-04T10:09:00.000Z","last_edited_time":"2024-02-14T15:47:00.000Z","created_by":{"object":"user","id":"b10cb6df-12ef-44d3-88ad-250168f66322"},"last_edited_by":{"object":"user","id":"b10cb6df-12ef-44d3-88ad-250168f66322"},"cover":null,"icon":null,"parent":{"type":"page_id","page_id":"5f505199-b292-4713-920b-61d813bf72a3"},"archived":false,"in_trash":false,"properties":{"title":{"id":"title","type":"title","title":[{"type":"text","text":{"content":"Markdown
      Page Test","link":null},"annotations":{"bold":false,"italic":false,"strikethrough":false,"underline":false,"code":false,"color":"default"},"plain_text":"Markdown
      Page Test","href":null}]}},"url":"https://www.notion.so/Markdown-Page-Test-3e5fa27027144f8aafa5640f5ff17348","public_url":null},{"object":"page","id":"67ad5240-b1b9-4467-9b07-3ef3ebbbc755","created_time":"2024-02-11T12:54:00.000Z","last_edited_time":"2024-02-13T20:18:00.000Z","created_by":{"object":"user","id":"b10cb6df-12ef-44d3-88ad-250168f66322"},"last_edited_by":{"object":"user","id":"b10cb6df-12ef-44d3-88ad-250168f66322"},"cover":null,"icon":null,"parent":{"type":"page_id","page_id":"3e5fa270-2714-4f8a-afa5-640f5ff17348"},"archived":false,"in_trash":false,"properties":{"title":{"id":"title","type":"title","title":[{"type":"text","text":{"content":"Markdown
      SubPage Test","link":null},"annotations":{"bold":false,"italic":false,"strikethrough":false,"underline":false,"code":false,"color":"default"},"plain_text":"Markdown
      SubPage Test","href":null}]}},"url":"https://www.notion.so/Markdown-SubPage-Test-67ad5240b1b944679b073ef3ebbbc755","public_url":null},{"object":"page","id":"0c8ea7f1-c7ca-4abb-8890-085c0fac383b","created_time":"2024-01-27T16:13:00.000Z","last_edited_time":"2024-02-02T08:13:00.000Z","created_by":{"object":"user","id":"b10cb6df-12ef-44d3-88ad-250168f66322"},"last_edited_by":{"object":"user","id":"b10cb6df-12ef-44d3-88ad-250168f66322"},"cover":null,"icon":null,"parent":{"type":"page_id","page_id":"5f505199-b292-4713-920b-61d813bf72a3"},"archived":false,"in_trash":false,"properties":{"title":{"id":"title","type":"title","title":[{"type":"text","text":{"content":"Markdown
      Text Test","link":null},"annotations":{"bold":false,"italic":false,"strikethrough":false,"underline":false,"code":false,"color":"default"},"plain_text":"Markdown
      Text Test","href":null}]}},"url":"https://www.notion.so/Markdown-Text-Test-0c8ea7f1c7ca4abb8890085c0fac383b","public_url":null}],"next_cursor":null,"has_more":false,"type":"page_or_database","page_or_database":{},"request_id":"1b1edd05-ddfd-41ab-be77-8cec03892d97"}'
    headers:
      CF-Cache-Status:
      - DYNAMIC
      CF-Ray:
      - 8c7466fd9ca5d354-FRA
      Connection:
      - keep-alive
      Content-Encoding:
      - gzip
      Content-Type:
      - application/json; charset=utf-8
      Server:
      - cloudflare
      Set-Cookie:
      - __cf_bm=7okTyCgN_0RsojRlTuE8pKziUFbiJP_DbfgU3AV10Vc-1727030205-1.0.1.1-hrYjdEH4v7WQ6nIv1JjxfkmvyO_7yxjI11Zr6IzxiwSUWybYRlW5fdvdVP0W1EGW4scfbunmM0KzQ6JG9EBiHg;
        path=/; expires=Sun, 22-Sep-24 19:06:45 GMT; domain=.notion.com; HttpOnly;
        Secure; SameSite=None
      - _cfuvid=yPh3vOfJvQU2QCgZtCzQWNflHl3QvKUMBQNAIXL1gSw-1727030205426-0.0.1.1-604800000;
        path=/; domain=.notion.com; HttpOnly; Secure; SameSite=None
      Strict-Transport-Security:
      - max-age=31536000; includeSubDomains; preload
      Transfer-Encoding:
      - chunked
      Vary:
      - Accept-Encoding
      content-security-policy:
      - default-src 'none'
      referrer-policy:
      - strict-origin-when-cross-origin
      x-content-type-options:
      - nosniff
      x-dns-prefetch-control:
      - 'off'
      x-download-options:
      - noopen
      x-frame-options:
      - SAMEORIGIN
      x-notion-request-id:
      - 1b1edd05-ddfd-41ab-be77-8cec03892d97
      x-permitted-cross-domain-policies:
      - none
      x-xss-protection:
      - '0'
    http_version: HTTP/1.1
    status_code: 200
- request:
    body: '{"query": "Tests", "filter": {"property": "object", "value": "page"}, "page_size":
      100}'
    headers:
      accept:
      - '*/*'
      accept-encoding:
      - gzip, deflate
      authorization:
      - secret...
      connection:
      - keep-alive
      content-length:
      - '87'
      content-type:
      - application/json
      host:
      - api.notion.com
      notion-version:
      - '2022-06-28'
      user-agent:
      - secret...
    method: POST
    uri: https://api.notion.com/v1/search
  response:
    content: '{"object":"list","results":[{"object":"page","id":"5f505199-b292-4713-920b-61d813bf72a3","created_time":"2022-08-22T15:47:00.000Z","last_edited_time":"2024-09-22T18:41:00.000Z","created_by":{"object":"user","id":"b10cb6df-12ef-44d3-88ad-250168f66322"},"last_edited_by":{"object":"user","id":"645e79dd-3e43-40de-9d51-39357c1c427f"},"cover":null,"icon":null,"parent":{"type":"workspace","workspace":true},"archived":false,"in_trash":false,"properties":{"title":{"id":"title","type":"title","title":[{"type":"text","text":{"content":"Tests","link":null},"annotations":{"bold":false,"italic":false,"strikethrough":false,"underline":false,"code":false,"color":"default"},"plain_text":"Tests","href":null}]}},"url":"https://www.notion.so/Tests-5f505199b2924713920b61d813bf72a3","public_url":null},{"object":"page","id":"3e5fa270-2714-4f8a-afa5-640f5ff17348","created_time":"2024-02-04T10:09:00.000Z","last_edited_time":"2024-02-14T15:47:00.000Z","created_by":{"object":"user","id":"b10cb6df-12ef-44d3-88ad-250168f66322"},"last_edited_by":{"object":"user","id":"b10cb6df-12ef-44d3-88ad-250168f66322"},"cover":null,"icon":null,"parent":{"type":"page_id","page_id":"5f505199-b292-4713-920b-61d813bf72a3"},"archived":false,"in_trash":false,"properties":{"title":{"id":"title","type":"title","title":[{"type":"text","text":{"content":"Markdown
      Page Test","link":null},"annotations":{"bold":false,"italic":false,"strikethrough":false,"underline":false,"code":false,"color":"default"},"plain_text":"Markdown
      Page Test","href":null}]}},"url":"https://www.notion.so/Markdown-Page-Test-3e5fa27027144f8aafa5640f5ff17348","public_url":null},{"object":"page","id":"67ad5240-b1b9-4467-9b07-3ef3ebbbc755","created_time":"2024-02-11T12:54:00.000Z","last_edited_time":"2024-02-13T20:18:00.000Z","created_by":{"object":"user","id":"b10cb6df-12ef-44d3-88ad-250168f66322"},"last_edited_by":{"object":"user","id":"b10cb6df-12ef-44d3-88ad-250168f66322"},"cover":null,"icon":null,"parent":{"type":"page_id","page_id":"3e5fa270-2714-4f8a-afa5-640f5ff17348"},"archived":false,"in_trash":false,"properties":{"title":{"id":"title","type":"title","title":[{"type":"text","text":{"content":"Markdown
      SubPage Test","link":null},"annotations":{"bold":false,"italic":false,"strikethrough":false,"underline":false,"code":false,"color":"default"},"plain_text":"Markdown
      SubPage Test","href":null}]}},"url":"https://www.notion.so/Markdown-SubPage-Test-67ad5240b1b944679b073ef3ebbbc755","public_url":null},{"object":"page","id":"0c8ea7f1-c7ca-4abb-8890-085c0fac383b","created_time":"2024-01-27T16:13:00.000Z","last_edited_time":"2024-02-02T08:13:00.000Z","created_by":{"object":"user","id":"b10cb6df-12ef-44d3-88ad-250168f66322"},"last_edited_by":{"object":"user","id":"b10cb6df-12ef-44d3-88ad-250168f66322"},"cover":null,"icon":null,"parent":{"type":"page_id","page_id":"5f505199-b292-4713-920b-61d813bf72a3"},"archived":false,"in_trash":false,"properties":{"title":{"id":"title","type":"title","title":[{"type":"text","text":{"content":"Markdown
      Text Test","link":null},"annotations":{"bold":false,"italic":false,"strikethrough":false,"underline":false,"code":false,"color":"default"},"plain_text":"Markdown
      Text Test","href":null}]}},"url":"https://www.notion.so/Markdown-Text-Test-0c8ea7f1c7ca4abb8890085c0fac383b","public_url":null}],"next_cursor":null,"has_more":false,"type":"page_or_database","page_or_database":{},"request_id":"3687c06e-ba28-4757-8648-e4c78e70e05a"}'
    headers:
      CF-Cache-Status:
      - DYNAMIC
      CF-Ray:
      - 8c789e8b5be29739-FRA
      Connection:
      - keep-alive
      Content-Encoding:
      - gzip
      Content-Type:
      - application/json; charset=utf-8
      Server:
      - cloudflare
      Set-Cookie:
      - __cf_bm=I.kChtdOGMeKdbJr0hqyplz1KlPDeah1SjKLDMa6crI-1727074424-1.0.1.1-nyCKDHPgwccswqDEGYYY3gBOJdD2zitfVgYXh3pq0onaZijFqAWtzK2Y6jWp3E0FD4clvbS8x5mC3tiN7Zo_mA;
        path=/; expires=Mon, 23-Sep-24 07:23:44 GMT; domain=.notion.com; HttpOnly;
        Secure; SameSite=None
      - _cfuvid=CBf9I2fQYSc5BBhBGxmJUZdEUHf63FV6_zUAgFTfky8-1727074424010-0.0.1.1-604800000;
        path=/; domain=.notion.com; HttpOnly; Secure; SameSite=None
      Strict-Transport-Security:
      - max-age=31536000; includeSubDomains; preload
      Transfer-Encoding:
      - chunked
      Vary:
      - Accept-Encoding
      content-security-policy:
      - default-src 'none'
      referrer-policy:
      - strict-origin-when-cross-origin
      x-content-type-options:
      - nosniff
      x-dns-prefetch-control:
      - 'off'
      x-download-options:
      - noopen
      x-frame-options:
      - SAMEORIGIN
      x-notion-request-id:
      - 3687c06e-ba28-4757-8648-e4c78e70e05a
      x-permitted-cross-domain-policies:
      - none
      x-xss-protection:
      - '0'
    http_version: HTTP/1.1
    status_code: 200
- request:
    body: '{"query": "Tests", "filter": {"property": "object", "value": "page"}, "page_size":
      100}'
    headers:
      accept:
      - '*/*'
      accept-encoding:
      - gzip, deflate
      authorization:
      - secret...
      connection:
      - keep-alive
      content-length:
      - '87'
      content-type:
      - application/json
      host:
      - api.notion.com
      notion-version:
      - '2022-06-28'
      user-agent:
      - secret...
    method: POST
    uri: https://api.notion.com/v1/search
  response:
    content: '{"object":"list","results":[{"object":"page","id":"10a974f3-b388-8147-856c-e1063e3e5741","created_time":"2024-09-23T08:19:00.000Z","last_edited_time":"2024-09-23T08:19:00.000Z","created_by":{"object":"user","id":"645e79dd-3e43-40de-9d51-39357c1c427f"},"last_edited_by":{"object":"user","id":"645e79dd-3e43-40de-9d51-39357c1c427f"},"cover":null,"icon":null,"parent":{"type":"page_id","page_id":"5f505199-b292-4713-920b-61d813bf72a3"},"archived":false,"in_trash":false,"properties":{"title":{"id":"title","type":"title","title":[{"type":"text","text":{"content":"New
      page test for latest release","link":null},"annotations":{"bold":false,"italic":false,"strikethrough":false,"underline":false,"code":false,"color":"default"},"plain_text":"New
      page test for latest release","href":null}]}},"url":"https://www.notion.so/New-page-test-for-latest-release-10a974f3b3888147856ce1063e3e5741","public_url":null},{"object":"page","id":"5f505199-b292-4713-920b-61d813bf72a3","created_time":"2022-08-22T15:47:00.000Z","last_edited_time":"2024-09-23T08:19:00.000Z","created_by":{"object":"user","id":"b10cb6df-12ef-44d3-88ad-250168f66322"},"last_edited_by":{"object":"user","id":"645e79dd-3e43-40de-9d51-39357c1c427f"},"cover":null,"icon":null,"parent":{"type":"workspace","workspace":true},"archived":false,"in_trash":false,"properties":{"title":{"id":"title","type":"title","title":[{"type":"text","text":{"content":"Tests","link":null},"annotations":{"bold":false,"italic":false,"strikethrough":false,"underline":false,"code":false,"color":"default"},"plain_text":"Tests","href":null}]}},"url":"https://www.notion.so/Tests-5f505199b2924713920b61d813bf72a3","public_url":null},{"object":"page","id":"3e5fa270-2714-4f8a-afa5-640f5ff17348","created_time":"2024-02-04T10:09:00.000Z","last_edited_time":"2024-02-14T15:47:00.000Z","created_by":{"object":"user","id":"b10cb6df-12ef-44d3-88ad-250168f66322"},"last_edited_by":{"object":"user","id":"b10cb6df-12ef-44d3-88ad-250168f66322"},"cover":null,"icon":null,"parent":{"type":"page_id","page_id":"5f505199-b292-4713-920b-61d813bf72a3"},"archived":false,"in_trash":false,"properties":{"title":{"id":"title","type":"title","title":[{"type":"text","text":{"content":"Markdown
      Page Test","link":null},"annotations":{"bold":false,"italic":false,"strikethrough":false,"underline":false,"code":false,"color":"default"},"plain_text":"Markdown
      Page Test","href":null}]}},"url":"https://www.notion.so/Markdown-Page-Test-3e5fa27027144f8aafa5640f5ff17348","public_url":null},{"object":"page","id":"67ad5240-b1b9-4467-9b07-3ef3ebbbc755","created_time":"2024-02-11T12:54:00.000Z","last_edited_time":"2024-02-13T20:18:00.000Z","created_by":{"object":"user","id":"b10cb6df-12ef-44d3-88ad-250168f66322"},"last_edited_by":{"object":"user","id":"b10cb6df-12ef-44d3-88ad-250168f66322"},"cover":null,"icon":null,"parent":{"type":"page_id","page_id":"3e5fa270-2714-4f8a-afa5-640f5ff17348"},"archived":false,"in_trash":false,"properties":{"title":{"id":"title","type":"title","title":[{"type":"text","text":{"content":"Markdown
      SubPage Test","link":null},"annotations":{"bold":false,"italic":false,"strikethrough":false,"underline":false,"code":false,"color":"default"},"plain_text":"Markdown
      SubPage Test","href":null}]}},"url":"https://www.notion.so/Markdown-SubPage-Test-67ad5240b1b944679b073ef3ebbbc755","public_url":null},{"object":"page","id":"0c8ea7f1-c7ca-4abb-8890-085c0fac383b","created_time":"2024-01-27T16:13:00.000Z","last_edited_time":"2024-02-02T08:13:00.000Z","created_by":{"object":"user","id":"b10cb6df-12ef-44d3-88ad-250168f66322"},"last_edited_by":{"object":"user","id":"b10cb6df-12ef-44d3-88ad-250168f66322"},"cover":null,"icon":null,"parent":{"type":"page_id","page_id":"5f505199-b292-4713-920b-61d813bf72a3"},"archived":false,"in_trash":false,"properties":{"title":{"id":"title","type":"title","title":[{"type":"text","text":{"content":"Markdown
      Text Test","link":null},"annotations":{"bold":false,"italic":false,"strikethrough":false,"underline":false,"code":false,"color":"default"},"plain_text":"Markdown
      Text Test","href":null}]}},"url":"https://www.notion.so/Markdown-Text-Test-0c8ea7f1c7ca4abb8890085c0fac383b","public_url":null}],"next_cursor":null,"has_more":false,"type":"page_or_database","page_or_database":{},"request_id":"4f51c15a-fefc-4081-9b50-ed328f85983d"}'
    headers:
      CF-Cache-Status:
      - DYNAMIC
      CF-Ray:
      - 8c7a941c0895d365-FRA
      Connection:
      - keep-alive
      Content-Encoding:
      - gzip
      Content-Type:
      - application/json; charset=utf-8
      Server:
      - cloudflare
      Set-Cookie:
      - __cf_bm=A9Tu7dB7RIrxwqB8rsR3xg3VjrOBnMwzMX7BYPoruIw-1727094968-1.0.1.1-keAEOBimKNOzC_FkA8_asdm39wKSUrgMM30NWSscHlsJBSIPjJMPibw6onG7XTPTnf.8HHga9iBPEHVz9rObhA;
        path=/; expires=Mon, 23-Sep-24 13:06:08 GMT; domain=.notion.com; HttpOnly;
        Secure; SameSite=None
      - _cfuvid=DsP68.g24hMxk5yp3AYUjdBWfR9OZv6HInNXbE_CrUA-1727094968183-0.0.1.1-604800000;
        path=/; domain=.notion.com; HttpOnly; Secure; SameSite=None
      Strict-Transport-Security:
      - max-age=31536000; includeSubDomains; preload
      Transfer-Encoding:
      - chunked
      Vary:
      - Accept-Encoding
      content-security-policy:
      - default-src 'none'
      referrer-policy:
      - strict-origin-when-cross-origin
      x-content-type-options:
      - nosniff
      x-dns-prefetch-control:
      - 'off'
      x-download-options:
      - noopen
      x-frame-options:
      - SAMEORIGIN
      x-notion-request-id:
      - 4f51c15a-fefc-4081-9b50-ed328f85983d
      x-permitted-cross-domain-policies:
      - none
      x-xss-protection:
      - '0'
    http_version: HTTP/1.1
    status_code: 200
- request:
    body: ''
    headers:
      accept:
      - '*/*'
      accept-encoding:
      - gzip, deflate
      authorization:
      - secret...
      connection:
      - keep-alive
      cookie:
      - secret...
      host:
      - api.notion.com
      notion-version:
      - '2022-06-28'
      user-agent:
      - secret...
    method: GET
    uri: https://api.notion.com/v1/pages/5f505199-b292-4713-920b-61d813bf72a3
  response:
    content: '{"object":"page","id":"5f505199-b292-4713-920b-61d813bf72a3","created_time":"2022-08-22T15:47:00.000Z","last_edited_time":"2024-09-23T08:19:00.000Z","created_by":{"object":"user","id":"b10cb6df-12ef-44d3-88ad-250168f66322"},"last_edited_by":{"object":"user","id":"645e79dd-3e43-40de-9d51-39357c1c427f"},"cover":null,"icon":null,"parent":{"type":"workspace","workspace":true},"archived":false,"in_trash":false,"properties":{"title":{"id":"title","type":"title","title":[{"type":"text","text":{"content":"Tests","link":null},"annotations":{"bold":false,"italic":false,"strikethrough":false,"underline":false,"code":false,"color":"default"},"plain_text":"Tests","href":null}]}},"url":"https://www.notion.so/Tests-5f505199b2924713920b61d813bf72a3","public_url":null,"request_id":"1adcd41d-a419-4e52-b522-22930c98d16b"}'
    headers:
      CF-Cache-Status:
      - DYNAMIC
      CF-Ray:
      - 8c7a941f5ce5d365-FRA
      Connection:
      - keep-alive
      Content-Encoding:
      - gzip
      Content-Type:
      - application/json; charset=utf-8
      Server:
      - cloudflare
      Strict-Transport-Security:
      - max-age=31536000; includeSubDomains; preload
      Transfer-Encoding:
      - chunked
      Vary:
      - Accept-Encoding
      content-security-policy:
      - default-src 'none'
      referrer-policy:
      - strict-origin-when-cross-origin
      x-content-type-options:
      - nosniff
      x-dns-prefetch-control:
      - 'off'
      x-download-options:
      - noopen
      x-frame-options:
      - SAMEORIGIN
      x-notion-request-id:
      - 1adcd41d-a419-4e52-b522-22930c98d16b
      x-permitted-cross-domain-policies:
      - none
      x-xss-protection:
      - '0'
    http_version: HTTP/1.1
    status_code: 200
- request:
    body: '{"query": "Tests", "filter": {"property": "object", "value": "page"}, "page_size":
      100}'
    headers:
      accept:
      - '*/*'
      accept-encoding:
      - gzip, deflate
      authorization:
      - secret...
      connection:
      - keep-alive
      content-length:
      - '87'
      content-type:
      - application/json
      host:
      - api.notion.com
      notion-version:
      - '2022-06-28'
      user-agent:
      - secret...
    method: POST
    uri: https://api.notion.com/v1/search
  response:
    content: '{"object":"list","results":[{"object":"page","id":"5f505199-b292-4713-920b-61d813bf72a3","created_time":"2022-08-22T15:47:00.000Z","last_edited_time":"2024-09-23T12:46:00.000Z","created_by":{"object":"user","id":"b10cb6df-12ef-44d3-88ad-250168f66322"},"last_edited_by":{"object":"user","id":"645e79dd-3e43-40de-9d51-39357c1c427f"},"cover":null,"icon":null,"parent":{"type":"workspace","workspace":true},"archived":false,"in_trash":false,"properties":{"title":{"id":"title","type":"title","title":[{"type":"text","text":{"content":"Tests","link":null},"annotations":{"bold":false,"italic":false,"strikethrough":false,"underline":false,"code":false,"color":"default"},"plain_text":"Tests","href":null}]}},"url":"https://www.notion.so/Tests-5f505199b2924713920b61d813bf72a3","public_url":null},{"object":"page","id":"3e5fa270-2714-4f8a-afa5-640f5ff17348","created_time":"2024-02-04T10:09:00.000Z","last_edited_time":"2024-02-14T15:47:00.000Z","created_by":{"object":"user","id":"b10cb6df-12ef-44d3-88ad-250168f66322"},"last_edited_by":{"object":"user","id":"b10cb6df-12ef-44d3-88ad-250168f66322"},"cover":null,"icon":null,"parent":{"type":"page_id","page_id":"5f505199-b292-4713-920b-61d813bf72a3"},"archived":false,"in_trash":false,"properties":{"title":{"id":"title","type":"title","title":[{"type":"text","text":{"content":"Markdown
      Page Test","link":null},"annotations":{"bold":false,"italic":false,"strikethrough":false,"underline":false,"code":false,"color":"default"},"plain_text":"Markdown
      Page Test","href":null}]}},"url":"https://www.notion.so/Markdown-Page-Test-3e5fa27027144f8aafa5640f5ff17348","public_url":null},{"object":"page","id":"67ad5240-b1b9-4467-9b07-3ef3ebbbc755","created_time":"2024-02-11T12:54:00.000Z","last_edited_time":"2024-02-13T20:18:00.000Z","created_by":{"object":"user","id":"b10cb6df-12ef-44d3-88ad-250168f66322"},"last_edited_by":{"object":"user","id":"b10cb6df-12ef-44d3-88ad-250168f66322"},"cover":null,"icon":null,"parent":{"type":"page_id","page_id":"3e5fa270-2714-4f8a-afa5-640f5ff17348"},"archived":false,"in_trash":false,"properties":{"title":{"id":"title","type":"title","title":[{"type":"text","text":{"content":"Markdown
      SubPage Test","link":null},"annotations":{"bold":false,"italic":false,"strikethrough":false,"underline":false,"code":false,"color":"default"},"plain_text":"Markdown
      SubPage Test","href":null}]}},"url":"https://www.notion.so/Markdown-SubPage-Test-67ad5240b1b944679b073ef3ebbbc755","public_url":null},{"object":"page","id":"0c8ea7f1-c7ca-4abb-8890-085c0fac383b","created_time":"2024-01-27T16:13:00.000Z","last_edited_time":"2024-02-02T08:13:00.000Z","created_by":{"object":"user","id":"b10cb6df-12ef-44d3-88ad-250168f66322"},"last_edited_by":{"object":"user","id":"b10cb6df-12ef-44d3-88ad-250168f66322"},"cover":null,"icon":null,"parent":{"type":"page_id","page_id":"5f505199-b292-4713-920b-61d813bf72a3"},"archived":false,"in_trash":false,"properties":{"title":{"id":"title","type":"title","title":[{"type":"text","text":{"content":"Markdown
      Text Test","link":null},"annotations":{"bold":false,"italic":false,"strikethrough":false,"underline":false,"code":false,"color":"default"},"plain_text":"Markdown
      Text Test","href":null}]}},"url":"https://www.notion.so/Markdown-Text-Test-0c8ea7f1c7ca4abb8890085c0fac383b","public_url":null}],"next_cursor":null,"has_more":false,"type":"page_or_database","page_or_database":{},"request_id":"8a703fe6-c5bf-4a21-a6d4-c71010ea553a"}'
    headers:
      CF-Cache-Status:
      - DYNAMIC
      CF-Ray:
      - 8c7ae41e4c19d372-FRA
      Connection:
      - keep-alive
      Content-Encoding:
      - gzip
      Content-Type:
      - application/json; charset=utf-8
      Server:
      - cloudflare
      Set-Cookie:
      - __cf_bm=KO7.2bmhVqFVgr2GYS0LEE4HckralvmR3ByqL1dH2FE-1727098245-1.0.1.1-MzjWlKYB7dmbnm0o2jMrf.BJtGgCNrab2Ht0TU0IRFvs4l1cmOToWYdaNU9s3ny3rJ8i.JyXa2Fyfgwekk72sg;
        path=/; expires=Mon, 23-Sep-24 14:00:45 GMT; domain=.notion.com; HttpOnly;
        Secure; SameSite=None
      - _cfuvid=hPpfdwveWw33Qdn0DtoCgqRdXdxzf8scmtQ__WE3yTc-1727098245333-0.0.1.1-604800000;
        path=/; domain=.notion.com; HttpOnly; Secure; SameSite=None
      Strict-Transport-Security:
      - max-age=31536000; includeSubDomains; preload
      Transfer-Encoding:
      - chunked
      Vary:
      - Accept-Encoding
      content-security-policy:
      - default-src 'none'
      referrer-policy:
      - strict-origin-when-cross-origin
      x-content-type-options:
      - nosniff
      x-dns-prefetch-control:
      - 'off'
      x-download-options:
      - noopen
      x-frame-options:
      - SAMEORIGIN
      x-notion-request-id:
      - 8a703fe6-c5bf-4a21-a6d4-c71010ea553a
      x-permitted-cross-domain-policies:
      - none
      x-xss-protection:
      - '0'
    http_version: HTTP/1.1
    status_code: 200
- request:
    body: '{"query": "Tests", "filter": {"property": "object", "value": "page"}, "page_size":
      100}'
    headers:
      accept:
      - '*/*'
      accept-encoding:
      - gzip, deflate
      authorization:
      - secret...
      connection:
      - keep-alive
      content-length:
      - '87'
      content-type:
      - application/json
      host:
      - api.notion.com
      notion-version:
      - '2022-06-28'
      user-agent:
      - secret...
    method: POST
    uri: https://api.notion.com/v1/search
  response:
    content: '{"object":"list","results":[{"object":"page","id":"10a974f3-b388-81a3-9dcf-e5b24d4553ee","created_time":"2024-09-23T13:43:00.000Z","last_edited_time":"2024-09-23T13:43:00.000Z","created_by":{"object":"user","id":"645e79dd-3e43-40de-9d51-39357c1c427f"},"last_edited_by":{"object":"user","id":"645e79dd-3e43-40de-9d51-39357c1c427f"},"cover":null,"icon":null,"parent":{"type":"page_id","page_id":"5f505199-b292-4713-920b-61d813bf72a3"},"archived":false,"in_trash":false,"properties":{"title":{"id":"title","type":"title","title":[{"type":"text","text":{"content":"RichText
      Test","link":null},"annotations":{"bold":false,"italic":false,"strikethrough":false,"underline":false,"code":false,"color":"default"},"plain_text":"RichText
      Test","href":null}]}},"url":"https://www.notion.so/RichText-Test-10a974f3b38881a39dcfe5b24d4553ee","public_url":null},{"object":"page","id":"5f505199-b292-4713-920b-61d813bf72a3","created_time":"2022-08-22T15:47:00.000Z","last_edited_time":"2024-09-23T13:43:00.000Z","created_by":{"object":"user","id":"b10cb6df-12ef-44d3-88ad-250168f66322"},"last_edited_by":{"object":"user","id":"645e79dd-3e43-40de-9d51-39357c1c427f"},"cover":null,"icon":null,"parent":{"type":"workspace","workspace":true},"archived":false,"in_trash":false,"properties":{"title":{"id":"title","type":"title","title":[{"type":"text","text":{"content":"Tests","link":null},"annotations":{"bold":false,"italic":false,"strikethrough":false,"underline":false,"code":false,"color":"default"},"plain_text":"Tests","href":null}]}},"url":"https://www.notion.so/Tests-5f505199b2924713920b61d813bf72a3","public_url":null},{"object":"page","id":"10a974f3-b388-81dc-8c7a-cc661dc50b05","created_time":"2024-09-23T13:43:00.000Z","last_edited_time":"2024-09-23T13:43:00.000Z","created_by":{"object":"user","id":"645e79dd-3e43-40de-9d51-39357c1c427f"},"last_edited_by":{"object":"user","id":"645e79dd-3e43-40de-9d51-39357c1c427f"},"cover":null,"icon":null,"parent":{"type":"page_id","page_id":"5f505199-b292-4713-920b-61d813bf72a3"},"archived":false,"in_trash":false,"properties":{"title":{"id":"title","type":"title","title":[{"type":"text","text":{"content":"Mention
      blocks Test","link":null},"annotations":{"bold":false,"italic":false,"strikethrough":false,"underline":false,"code":false,"color":"default"},"plain_text":"Mention
      blocks Test","href":null}]}},"url":"https://www.notion.so/Mention-blocks-Test-10a974f3b38881dc8c7acc661dc50b05","public_url":null},{"object":"page","id":"3e5fa270-2714-4f8a-afa5-640f5ff17348","created_time":"2024-02-04T10:09:00.000Z","last_edited_time":"2024-02-14T15:47:00.000Z","created_by":{"object":"user","id":"b10cb6df-12ef-44d3-88ad-250168f66322"},"last_edited_by":{"object":"user","id":"b10cb6df-12ef-44d3-88ad-250168f66322"},"cover":null,"icon":null,"parent":{"type":"page_id","page_id":"5f505199-b292-4713-920b-61d813bf72a3"},"archived":false,"in_trash":false,"properties":{"title":{"id":"title","type":"title","title":[{"type":"text","text":{"content":"Markdown
      Page Test","link":null},"annotations":{"bold":false,"italic":false,"strikethrough":false,"underline":false,"code":false,"color":"default"},"plain_text":"Markdown
      Page Test","href":null}]}},"url":"https://www.notion.so/Markdown-Page-Test-3e5fa27027144f8aafa5640f5ff17348","public_url":null},{"object":"page","id":"67ad5240-b1b9-4467-9b07-3ef3ebbbc755","created_time":"2024-02-11T12:54:00.000Z","last_edited_time":"2024-02-13T20:18:00.000Z","created_by":{"object":"user","id":"b10cb6df-12ef-44d3-88ad-250168f66322"},"last_edited_by":{"object":"user","id":"b10cb6df-12ef-44d3-88ad-250168f66322"},"cover":null,"icon":null,"parent":{"type":"page_id","page_id":"3e5fa270-2714-4f8a-afa5-640f5ff17348"},"archived":false,"in_trash":false,"properties":{"title":{"id":"title","type":"title","title":[{"type":"text","text":{"content":"Markdown
      SubPage Test","link":null},"annotations":{"bold":false,"italic":false,"strikethrough":false,"underline":false,"code":false,"color":"default"},"plain_text":"Markdown
      SubPage Test","href":null}]}},"url":"https://www.notion.so/Markdown-SubPage-Test-67ad5240b1b944679b073ef3ebbbc755","public_url":null},{"object":"page","id":"0c8ea7f1-c7ca-4abb-8890-085c0fac383b","created_time":"2024-01-27T16:13:00.000Z","last_edited_time":"2024-02-02T08:13:00.000Z","created_by":{"object":"user","id":"b10cb6df-12ef-44d3-88ad-250168f66322"},"last_edited_by":{"object":"user","id":"b10cb6df-12ef-44d3-88ad-250168f66322"},"cover":null,"icon":null,"parent":{"type":"page_id","page_id":"5f505199-b292-4713-920b-61d813bf72a3"},"archived":false,"in_trash":false,"properties":{"title":{"id":"title","type":"title","title":[{"type":"text","text":{"content":"Markdown
      Text Test","link":null},"annotations":{"bold":false,"italic":false,"strikethrough":false,"underline":false,"code":false,"color":"default"},"plain_text":"Markdown
      Text Test","href":null}]}},"url":"https://www.notion.so/Markdown-Text-Test-0c8ea7f1c7ca4abb8890085c0fac383b","public_url":null}],"next_cursor":null,"has_more":false,"type":"page_or_database","page_or_database":{},"request_id":"4d414ae5-cf12-4e92-ab3c-05b6e0db3525"}'
    headers:
      CF-Cache-Status:
      - DYNAMIC
      CF-Ray:
      - 8c7b2f391bfb8ecd-FRA
      Connection:
      - keep-alive
      Content-Encoding:
      - gzip
      Content-Type:
      - application/json; charset=utf-8
      Server:
      - cloudflare
      Set-Cookie:
      - __cf_bm=LbwVHJ9yO_T3PG0cC7OiRJslqF6LpPtD0Fg9bH1EamQ-1727101322-1.0.1.1-9hkqnBXkOOAhMm7MOox2wnJBARh4ZInkt6YSTTDJLiKvXxGQycqjYsVP1Jv4yTCRdnIsDKnQeZGbHqbCzts1MA;
        path=/; expires=Mon, 23-Sep-24 14:52:02 GMT; domain=.notion.com; HttpOnly;
        Secure; SameSite=None
      - _cfuvid=FOO2xnB6LXunQVFAjGNwHt28KCr.xSGu_v1ct4yCnIk-1727101322119-0.0.1.1-604800000;
        path=/; domain=.notion.com; HttpOnly; Secure; SameSite=None
      Strict-Transport-Security:
      - max-age=31536000; includeSubDomains; preload
      Transfer-Encoding:
      - chunked
      Vary:
      - Accept-Encoding
      content-security-policy:
      - default-src 'none'
      referrer-policy:
      - strict-origin-when-cross-origin
      x-content-type-options:
      - nosniff
      x-dns-prefetch-control:
      - 'off'
      x-download-options:
      - noopen
      x-frame-options:
      - SAMEORIGIN
      x-notion-request-id:
      - 4d414ae5-cf12-4e92-ab3c-05b6e0db3525
      x-permitted-cross-domain-policies:
      - none
      x-xss-protection:
      - '0'
    http_version: HTTP/1.1
    status_code: 200
- request:
    body: ''
    headers:
      accept:
      - '*/*'
      accept-encoding:
      - gzip, deflate
      authorization:
      - secret...
      connection:
      - keep-alive
      cookie:
      - secret...
      host:
      - api.notion.com
      notion-version:
      - '2022-06-28'
      user-agent:
      - secret...
    method: GET
    uri: https://api.notion.com/v1/pages/5f505199-b292-4713-920b-61d813bf72a3
  response:
    content: '{"object":"page","id":"5f505199-b292-4713-920b-61d813bf72a3","created_time":"2022-08-22T15:47:00.000Z","last_edited_time":"2024-09-23T13:43:00.000Z","created_by":{"object":"user","id":"b10cb6df-12ef-44d3-88ad-250168f66322"},"last_edited_by":{"object":"user","id":"645e79dd-3e43-40de-9d51-39357c1c427f"},"cover":null,"icon":null,"parent":{"type":"workspace","workspace":true},"archived":false,"in_trash":false,"properties":{"title":{"id":"title","type":"title","title":[{"type":"text","text":{"content":"Tests","link":null},"annotations":{"bold":false,"italic":false,"strikethrough":false,"underline":false,"code":false,"color":"default"},"plain_text":"Tests","href":null}]}},"url":"https://www.notion.so/Tests-5f505199b2924713920b61d813bf72a3","public_url":null,"request_id":"646b7d76-968a-4f5e-8f02-a33ba37f1676"}'
    headers:
      CF-Cache-Status:
      - DYNAMIC
      CF-Ray:
      - 8c7b2f3f7d408ecd-FRA
      Connection:
      - keep-alive
      Content-Encoding:
      - gzip
      Content-Type:
      - application/json; charset=utf-8
      Server:
      - cloudflare
      Strict-Transport-Security:
      - max-age=31536000; includeSubDomains; preload
      Transfer-Encoding:
      - chunked
      Vary:
      - Accept-Encoding
      content-security-policy:
      - default-src 'none'
      referrer-policy:
      - strict-origin-when-cross-origin
      x-content-type-options:
      - nosniff
      x-dns-prefetch-control:
      - 'off'
      x-download-options:
      - noopen
      x-frame-options:
      - SAMEORIGIN
      x-notion-request-id:
      - 646b7d76-968a-4f5e-8f02-a33ba37f1676
      x-permitted-cross-domain-policies:
      - none
      x-xss-protection:
      - '0'
    http_version: HTTP/1.1
    status_code: 200
- request:
    body: '{"query": "Tests", "filter": {"property": "object", "value": "page"}, "page_size":
      100}'
    headers:
      accept:
      - '*/*'
      accept-encoding:
      - gzip, deflate
      authorization:
      - secret...
      connection:
      - keep-alive
      content-length:
      - '87'
      content-type:
      - application/json
      host:
      - api.notion.com
      notion-version:
      - '2022-06-28'
      user-agent:
      - secret...
    method: POST
    uri: https://api.notion.com/v1/search
  response:
    content: '{"object":"list","results":[{"object":"page","id":"5f505199-b292-4713-920b-61d813bf72a3","created_time":"2022-08-22T15:47:00.000Z","last_edited_time":"2024-09-23T14:50:00.000Z","created_by":{"object":"user","id":"b10cb6df-12ef-44d3-88ad-250168f66322"},"last_edited_by":{"object":"user","id":"645e79dd-3e43-40de-9d51-39357c1c427f"},"cover":null,"icon":null,"parent":{"type":"workspace","workspace":true},"archived":false,"in_trash":false,"properties":{"title":{"id":"title","type":"title","title":[{"type":"text","text":{"content":"Tests","link":null},"annotations":{"bold":false,"italic":false,"strikethrough":false,"underline":false,"code":false,"color":"default"},"plain_text":"Tests","href":null}]}},"url":"https://www.notion.so/Tests-5f505199b2924713920b61d813bf72a3","public_url":null},{"object":"page","id":"10a974f3-b388-81b9-b1e8-c92b575b8cc7","created_time":"2024-09-23T14:40:00.000Z","last_edited_time":"2024-09-23T14:40:00.000Z","created_by":{"object":"user","id":"645e79dd-3e43-40de-9d51-39357c1c427f"},"last_edited_by":{"object":"user","id":"645e79dd-3e43-40de-9d51-39357c1c427f"},"cover":null,"icon":null,"parent":{"type":"page_id","page_id":"5f505199-b292-4713-920b-61d813bf72a3"},"archived":false,"in_trash":false,"properties":{"title":{"id":"title","type":"title","title":[{"type":"text","text":{"content":"RichText
      Test","link":null},"annotations":{"bold":false,"italic":false,"strikethrough":false,"underline":false,"code":false,"color":"default"},"plain_text":"RichText
      Test","href":null}]}},"url":"https://www.notion.so/RichText-Test-10a974f3b38881b9b1e8c92b575b8cc7","public_url":null},{"object":"page","id":"807e1a72-23f5-4fa8-8b06-4305f34b7b0f","created_time":"2024-09-23T14:40:00.000Z","last_edited_time":"2024-09-23T14:40:00.000Z","created_by":{"object":"user","id":"645e79dd-3e43-40de-9d51-39357c1c427f"},"last_edited_by":{"object":"user","id":"645e79dd-3e43-40de-9d51-39357c1c427f"},"cover":null,"icon":null,"parent":{"type":"page_id","page_id":"5f505199-b292-4713-920b-61d813bf72a3"},"archived":false,"in_trash":false,"properties":{"title":{"id":"title","type":"title","title":[{"type":"text","text":{"content":"Mention
      blocks Test","link":null},"annotations":{"bold":false,"italic":false,"strikethrough":false,"underline":false,"code":false,"color":"default"},"plain_text":"Mention
      blocks Test","href":null}]}},"url":"https://www.notion.so/Mention-blocks-Test-807e1a7223f54fa88b064305f34b7b0f","public_url":null},{"object":"page","id":"3e5fa270-2714-4f8a-afa5-640f5ff17348","created_time":"2024-02-04T10:09:00.000Z","last_edited_time":"2024-02-14T15:47:00.000Z","created_by":{"object":"user","id":"b10cb6df-12ef-44d3-88ad-250168f66322"},"last_edited_by":{"object":"user","id":"b10cb6df-12ef-44d3-88ad-250168f66322"},"cover":null,"icon":null,"parent":{"type":"page_id","page_id":"5f505199-b292-4713-920b-61d813bf72a3"},"archived":false,"in_trash":false,"properties":{"title":{"id":"title","type":"title","title":[{"type":"text","text":{"content":"Markdown
      Page Test","link":null},"annotations":{"bold":false,"italic":false,"strikethrough":false,"underline":false,"code":false,"color":"default"},"plain_text":"Markdown
      Page Test","href":null}]}},"url":"https://www.notion.so/Markdown-Page-Test-3e5fa27027144f8aafa5640f5ff17348","public_url":null},{"object":"page","id":"67ad5240-b1b9-4467-9b07-3ef3ebbbc755","created_time":"2024-02-11T12:54:00.000Z","last_edited_time":"2024-02-13T20:18:00.000Z","created_by":{"object":"user","id":"b10cb6df-12ef-44d3-88ad-250168f66322"},"last_edited_by":{"object":"user","id":"b10cb6df-12ef-44d3-88ad-250168f66322"},"cover":null,"icon":null,"parent":{"type":"page_id","page_id":"3e5fa270-2714-4f8a-afa5-640f5ff17348"},"archived":false,"in_trash":false,"properties":{"title":{"id":"title","type":"title","title":[{"type":"text","text":{"content":"Markdown
      SubPage Test","link":null},"annotations":{"bold":false,"italic":false,"strikethrough":false,"underline":false,"code":false,"color":"default"},"plain_text":"Markdown
      SubPage Test","href":null}]}},"url":"https://www.notion.so/Markdown-SubPage-Test-67ad5240b1b944679b073ef3ebbbc755","public_url":null},{"object":"page","id":"0c8ea7f1-c7ca-4abb-8890-085c0fac383b","created_time":"2024-01-27T16:13:00.000Z","last_edited_time":"2024-02-02T08:13:00.000Z","created_by":{"object":"user","id":"b10cb6df-12ef-44d3-88ad-250168f66322"},"last_edited_by":{"object":"user","id":"b10cb6df-12ef-44d3-88ad-250168f66322"},"cover":null,"icon":null,"parent":{"type":"page_id","page_id":"5f505199-b292-4713-920b-61d813bf72a3"},"archived":false,"in_trash":false,"properties":{"title":{"id":"title","type":"title","title":[{"type":"text","text":{"content":"Markdown
      Text Test","link":null},"annotations":{"bold":false,"italic":false,"strikethrough":false,"underline":false,"code":false,"color":"default"},"plain_text":"Markdown
      Text Test","href":null}]}},"url":"https://www.notion.so/Markdown-Text-Test-0c8ea7f1c7ca4abb8890085c0fac383b","public_url":null}],"next_cursor":null,"has_more":false,"type":"page_or_database","page_or_database":{},"request_id":"89dc506a-a45c-4e64-86e5-da8a6f38c58c"}'
    headers:
      CF-Cache-Status:
      - DYNAMIC
      CF-Ray:
      - 8c7b5a716c331c11-FRA
      Connection:
      - keep-alive
      Content-Encoding:
      - gzip
      Content-Type:
      - application/json; charset=utf-8
      Server:
      - cloudflare
      Set-Cookie:
      - __cf_bm=MtpaMqPdv6xyCFw_kfQR589voVOiTd_m8vaWZe.e6ww-1727103091-1.0.1.1-VbLdOmg2QJeP33Dr4RpmA8fpNehtsGLL1miKtZa18fN640g_qS_sazN50nUzfkWGRKqi_zI6CIfq9bzvW7kcMw;
        path=/; expires=Mon, 23-Sep-24 15:21:31 GMT; domain=.notion.com; HttpOnly;
        Secure; SameSite=None
      - _cfuvid=sDR2pWkOBD2ByruAApmGobyURM6BiOkY0BvzR3TvgFI-1727103091750-0.0.1.1-604800000;
        path=/; domain=.notion.com; HttpOnly; Secure; SameSite=None
      Strict-Transport-Security:
      - max-age=31536000; includeSubDomains; preload
      Transfer-Encoding:
      - chunked
      Vary:
      - Accept-Encoding
      content-security-policy:
      - default-src 'none'
      referrer-policy:
      - strict-origin-when-cross-origin
      x-content-type-options:
      - nosniff
      x-dns-prefetch-control:
      - 'off'
      x-download-options:
      - noopen
      x-frame-options:
      - SAMEORIGIN
      x-notion-request-id:
      - 89dc506a-a45c-4e64-86e5-da8a6f38c58c
      x-permitted-cross-domain-policies:
      - none
      x-xss-protection:
      - '0'
    http_version: HTTP/1.1
    status_code: 200
- request:
    body: '{"query": "Tests", "filter": {"property": "object", "value": "page"}, "page_size":
      100}'
    headers:
      accept:
      - '*/*'
      accept-encoding:
      - gzip, deflate
      authorization:
      - secret...
      connection:
      - keep-alive
      content-length:
      - '87'
      content-type:
      - application/json
      host:
      - api.notion.com
      notion-version:
      - '2022-06-28'
      user-agent:
      - secret...
    method: POST
    uri: https://api.notion.com/v1/search
  response:
    content: '{"object":"list","results":[{"object":"page","id":"5f505199-b292-4713-920b-61d813bf72a3","created_time":"2022-08-22T15:47:00.000Z","last_edited_time":"2024-09-23T16:17:00.000Z","created_by":{"object":"user","id":"b10cb6df-12ef-44d3-88ad-250168f66322"},"last_edited_by":{"object":"user","id":"645e79dd-3e43-40de-9d51-39357c1c427f"},"cover":null,"icon":null,"parent":{"type":"workspace","workspace":true},"archived":false,"in_trash":false,"properties":{"title":{"id":"title","type":"title","title":[{"type":"text","text":{"content":"Tests","link":null},"annotations":{"bold":false,"italic":false,"strikethrough":false,"underline":false,"code":false,"color":"default"},"plain_text":"Tests","href":null}]}},"url":"https://www.notion.so/Tests-5f505199b2924713920b61d813bf72a3","public_url":null},{"object":"page","id":"2e8af3cf-a9b1-45ad-a7e2-387cf48b8ce3","created_time":"2024-09-23T15:11:00.000Z","last_edited_time":"2024-09-23T15:11:00.000Z","created_by":{"object":"user","id":"645e79dd-3e43-40de-9d51-39357c1c427f"},"last_edited_by":{"object":"user","id":"645e79dd-3e43-40de-9d51-39357c1c427f"},"cover":null,"icon":null,"parent":{"type":"page_id","page_id":"5f505199-b292-4713-920b-61d813bf72a3"},"archived":false,"in_trash":false,"properties":{"title":{"id":"title","type":"title","title":[{"type":"text","text":{"content":"RichText
      Test","link":null},"annotations":{"bold":false,"italic":false,"strikethrough":false,"underline":false,"code":false,"color":"default"},"plain_text":"RichText
      Test","href":null}]}},"url":"https://www.notion.so/RichText-Test-2e8af3cfa9b145ada7e2387cf48b8ce3","public_url":null},{"object":"page","id":"10a974f3-b388-8131-815b-e05196789fe1","created_time":"2024-09-23T15:11:00.000Z","last_edited_time":"2024-09-23T15:11:00.000Z","created_by":{"object":"user","id":"645e79dd-3e43-40de-9d51-39357c1c427f"},"last_edited_by":{"object":"user","id":"645e79dd-3e43-40de-9d51-39357c1c427f"},"cover":null,"icon":null,"parent":{"type":"page_id","page_id":"5f505199-b292-4713-920b-61d813bf72a3"},"archived":false,"in_trash":false,"properties":{"title":{"id":"title","type":"title","title":[{"type":"text","text":{"content":"Mention
      blocks Test","link":null},"annotations":{"bold":false,"italic":false,"strikethrough":false,"underline":false,"code":false,"color":"default"},"plain_text":"Mention
      blocks Test","href":null}]}},"url":"https://www.notion.so/Mention-blocks-Test-10a974f3b3888131815be05196789fe1","public_url":null},{"object":"page","id":"3e5fa270-2714-4f8a-afa5-640f5ff17348","created_time":"2024-02-04T10:09:00.000Z","last_edited_time":"2024-02-14T15:47:00.000Z","created_by":{"object":"user","id":"b10cb6df-12ef-44d3-88ad-250168f66322"},"last_edited_by":{"object":"user","id":"b10cb6df-12ef-44d3-88ad-250168f66322"},"cover":null,"icon":null,"parent":{"type":"page_id","page_id":"5f505199-b292-4713-920b-61d813bf72a3"},"archived":false,"in_trash":false,"properties":{"title":{"id":"title","type":"title","title":[{"type":"text","text":{"content":"Markdown
      Page Test","link":null},"annotations":{"bold":false,"italic":false,"strikethrough":false,"underline":false,"code":false,"color":"default"},"plain_text":"Markdown
      Page Test","href":null}]}},"url":"https://www.notion.so/Markdown-Page-Test-3e5fa27027144f8aafa5640f5ff17348","public_url":null},{"object":"page","id":"67ad5240-b1b9-4467-9b07-3ef3ebbbc755","created_time":"2024-02-11T12:54:00.000Z","last_edited_time":"2024-02-13T20:18:00.000Z","created_by":{"object":"user","id":"b10cb6df-12ef-44d3-88ad-250168f66322"},"last_edited_by":{"object":"user","id":"b10cb6df-12ef-44d3-88ad-250168f66322"},"cover":null,"icon":null,"parent":{"type":"page_id","page_id":"3e5fa270-2714-4f8a-afa5-640f5ff17348"},"archived":false,"in_trash":false,"properties":{"title":{"id":"title","type":"title","title":[{"type":"text","text":{"content":"Markdown
      SubPage Test","link":null},"annotations":{"bold":false,"italic":false,"strikethrough":false,"underline":false,"code":false,"color":"default"},"plain_text":"Markdown
      SubPage Test","href":null}]}},"url":"https://www.notion.so/Markdown-SubPage-Test-67ad5240b1b944679b073ef3ebbbc755","public_url":null},{"object":"page","id":"0c8ea7f1-c7ca-4abb-8890-085c0fac383b","created_time":"2024-01-27T16:13:00.000Z","last_edited_time":"2024-02-02T08:13:00.000Z","created_by":{"object":"user","id":"b10cb6df-12ef-44d3-88ad-250168f66322"},"last_edited_by":{"object":"user","id":"b10cb6df-12ef-44d3-88ad-250168f66322"},"cover":null,"icon":null,"parent":{"type":"page_id","page_id":"5f505199-b292-4713-920b-61d813bf72a3"},"archived":false,"in_trash":false,"properties":{"title":{"id":"title","type":"title","title":[{"type":"text","text":{"content":"Markdown
      Text Test","link":null},"annotations":{"bold":false,"italic":false,"strikethrough":false,"underline":false,"code":false,"color":"default"},"plain_text":"Markdown
      Text Test","href":null}]}},"url":"https://www.notion.so/Markdown-Text-Test-0c8ea7f1c7ca4abb8890085c0fac383b","public_url":null}],"next_cursor":null,"has_more":false,"type":"page_or_database","page_or_database":{},"request_id":"ff3cb2cd-a119-4acf-96d4-ad9f8601fd03"}'
    headers:
      CF-Cache-Status:
      - DYNAMIC
      CF-Ray:
      - 8c7bd887be0dd28d-FRA
      Connection:
      - keep-alive
      Content-Encoding:
      - gzip
      Content-Type:
      - application/json; charset=utf-8
      Server:
      - cloudflare
      Set-Cookie:
      - __cf_bm=tsonoShmVGHqjBrVU03O3NvfvZhYchTOeAOpajtAc88-1727108256-1.0.1.1-6bLRKXO0Umhqc4pqLAz9Ph3t4oDDzuxt2ugGUzli46tkaL2a0i1vlTWXaVbF0zziAVc_aL2ZkeH8EOo2wXXF4A;
        path=/; expires=Mon, 23-Sep-24 16:47:36 GMT; domain=.notion.com; HttpOnly;
        Secure; SameSite=None
      - _cfuvid=6UsAgxzsCDthsdDWP5gEjq426VZupvY7dD8D7zFxwWU-1727108256870-0.0.1.1-604800000;
        path=/; domain=.notion.com; HttpOnly; Secure; SameSite=None
      Strict-Transport-Security:
      - max-age=31536000; includeSubDomains; preload
      Transfer-Encoding:
      - chunked
      Vary:
      - Accept-Encoding
      content-security-policy:
      - default-src 'none'
      referrer-policy:
      - strict-origin-when-cross-origin
      x-content-type-options:
      - nosniff
      x-dns-prefetch-control:
      - 'off'
      x-download-options:
      - noopen
      x-frame-options:
      - SAMEORIGIN
      x-notion-request-id:
      - ff3cb2cd-a119-4acf-96d4-ad9f8601fd03
      x-permitted-cross-domain-policies:
      - none
      x-xss-protection:
      - '0'
    http_version: HTTP/1.1
    status_code: 200
- request:
    body: '{"query": "Tests", "filter": {"property": "object", "value": "page"}, "page_size":
      100}'
    headers:
      accept:
      - '*/*'
      accept-encoding:
      - gzip, deflate
      authorization:
      - secret...
      connection:
      - keep-alive
      content-length:
      - '87'
      content-type:
      - application/json
      host:
      - api.notion.com
      notion-version:
      - '2022-06-28'
      user-agent:
      - secret...
    method: POST
    uri: https://api.notion.com/v1/search
  response:
    content: '{"object":"list","results":[{"object":"page","id":"5f505199-b292-4713-920b-61d813bf72a3","created_time":"2022-08-22T15:47:00.000Z","last_edited_time":"2024-09-28T13:01:00.000Z","created_by":{"object":"user","id":"b10cb6df-12ef-44d3-88ad-250168f66322"},"last_edited_by":{"object":"user","id":"645e79dd-3e43-40de-9d51-39357c1c427f"},"cover":null,"icon":null,"parent":{"type":"workspace","workspace":true},"archived":false,"in_trash":false,"properties":{"title":{"id":"title","type":"title","title":[{"type":"text","text":{"content":"Tests","link":null},"annotations":{"bold":false,"italic":false,"strikethrough":false,"underline":false,"code":false,"color":"default"},"plain_text":"Tests","href":null}]}},"url":"https://www.notion.so/Tests-5f505199b2924713920b61d813bf72a3","public_url":null}],"next_cursor":null,"has_more":false,"type":"page_or_database","page_or_database":{},"request_id":"be1f7ecc-276b-4c5e-aa6a-903bd62d3576"}'
    headers:
      CF-Cache-Status:
      - DYNAMIC
      CF-Ray:
      - 8ca3f4242d6dd22a-FRA
      Connection:
      - keep-alive
      Content-Encoding:
      - gzip
      Content-Type:
      - application/json; charset=utf-8
      Server:
      - cloudflare
      Set-Cookie:
      - __cf_bm=vHoETHIBFVK4t5uD5IShxqFUnLA.anT.sKGEQg.CpQA-1727528817-1.0.1.1-6NxWswjD3.ChXm6XYnruziyI9JWk_6wAQX4VQxZICBMzAoUrsmoQa5KjCTtWH25wm_oBRaD4VXlPlQTUTiXnzA;
        path=/; expires=Sat, 28-Sep-24 13:36:57 GMT; domain=.notion.com; HttpOnly;
        Secure; SameSite=None
      - _cfuvid=Uz_QiyShK44A9g7ZM4hXgJJw9L_nGVGUwc0VJ5TgXD8-1727528817586-0.0.1.1-604800000;
        path=/; domain=.notion.com; HttpOnly; Secure; SameSite=None
      Strict-Transport-Security:
      - max-age=31536000; includeSubDomains; preload
      Transfer-Encoding:
      - chunked
      Vary:
      - Accept-Encoding
      content-security-policy:
      - default-src 'none'
      referrer-policy:
      - strict-origin-when-cross-origin
      x-content-type-options:
      - nosniff
      x-dns-prefetch-control:
      - 'off'
      x-download-options:
      - noopen
      x-frame-options:
      - SAMEORIGIN
      x-notion-request-id:
      - be1f7ecc-276b-4c5e-aa6a-903bd62d3576
      x-permitted-cross-domain-policies:
      - none
      x-xss-protection:
      - '0'
    http_version: HTTP/1.1
    status_code: 200
- request:
    body: '{"query": "Tests", "filter": {"property": "object", "value": "page"}, "page_size":
      100}'
    headers:
      accept:
      - '*/*'
      accept-encoding:
      - gzip, deflate
      authorization:
      - secret...
      connection:
      - keep-alive
      content-length:
      - '87'
      content-type:
      - application/json
      host:
      - api.notion.com
      notion-version:
      - '2022-06-28'
      user-agent:
      - secret...
    method: POST
    uri: https://api.notion.com/v1/search
  response:
    content: '{"object":"list","results":[{"object":"page","id":"5f505199-b292-4713-920b-61d813bf72a3","created_time":"2022-08-22T15:47:00.000Z","last_edited_time":"2024-09-28T13:17:00.000Z","created_by":{"object":"user","id":"b10cb6df-12ef-44d3-88ad-250168f66322"},"last_edited_by":{"object":"user","id":"645e79dd-3e43-40de-9d51-39357c1c427f"},"cover":null,"icon":null,"parent":{"type":"workspace","workspace":true},"archived":false,"in_trash":false,"properties":{"title":{"id":"title","type":"title","title":[{"type":"text","text":{"content":"Tests","link":null},"annotations":{"bold":false,"italic":false,"strikethrough":false,"underline":false,"code":false,"color":"default"},"plain_text":"Tests","href":null}]}},"url":"https://www.notion.so/Tests-5f505199b2924713920b61d813bf72a3","public_url":null}],"next_cursor":null,"has_more":false,"type":"page_or_database","page_or_database":{},"request_id":"e5ccb0b2-c020-45b1-97b7-8ea838b33a2f"}'
    headers:
      CF-Cache-Status:
      - DYNAMIC
      CF-Ray:
      - 8ca41ed2cfda5bf1-FRA
      Connection:
      - keep-alive
      Content-Encoding:
      - gzip
      Content-Type:
      - application/json; charset=utf-8
      Server:
      - cloudflare
      Set-Cookie:
      - __cf_bm=P4Sz8JpUrHc8A.6Eo..0aZBP2XWabdXjSDiKe2fo.1k-1727530565-1.0.1.1-ThiEiyO95HDXlZM6fl5A7Gg4LvKU5G3tbrSUHriFKNoG8FnxI5zuqMGouZfu.SLsi2wqsRS0xSF_8fwinZuvlQ;
        path=/; expires=Sat, 28-Sep-24 14:06:05 GMT; domain=.notion.com; HttpOnly;
        Secure; SameSite=None
      - _cfuvid=s9MudDj.g7JXZjrW0dMpV4MO9EDcls2JiIz0cxIMczk-1727530565964-0.0.1.1-604800000;
        path=/; domain=.notion.com; HttpOnly; Secure; SameSite=None
      Strict-Transport-Security:
      - max-age=31536000; includeSubDomains; preload
      Transfer-Encoding:
      - chunked
      Vary:
      - Accept-Encoding
      content-security-policy:
      - default-src 'none'
      referrer-policy:
      - strict-origin-when-cross-origin
      x-content-type-options:
      - nosniff
      x-dns-prefetch-control:
      - 'off'
      x-download-options:
      - noopen
      x-frame-options:
      - SAMEORIGIN
      x-notion-request-id:
      - e5ccb0b2-c020-45b1-97b7-8ea838b33a2f
      x-permitted-cross-domain-policies:
      - none
      x-xss-protection:
      - '0'
    http_version: HTTP/1.1
    status_code: 200
- request:
    body: '{"query": "Tests", "filter": {"property": "object", "value": "page"}, "page_size":
      100}'
    headers:
      accept:
      - '*/*'
      accept-encoding:
      - gzip, deflate
      authorization:
      - secret...
      connection:
      - keep-alive
      content-length:
      - '87'
      content-type:
      - application/json
      host:
      - api.notion.com
      notion-version:
      - '2022-06-28'
      user-agent:
      - secret...
    method: POST
    uri: https://api.notion.com/v1/search
  response:
    content: '{"object":"list","results":[{"object":"page","id":"5f505199-b292-4713-920b-61d813bf72a3","created_time":"2022-08-22T15:47:00.000Z","last_edited_time":"2024-09-28T13:17:00.000Z","created_by":{"object":"user","id":"b10cb6df-12ef-44d3-88ad-250168f66322"},"last_edited_by":{"object":"user","id":"645e79dd-3e43-40de-9d51-39357c1c427f"},"cover":null,"icon":null,"parent":{"type":"workspace","workspace":true},"archived":false,"in_trash":false,"properties":{"title":{"id":"title","type":"title","title":[{"type":"text","text":{"content":"Tests","link":null},"annotations":{"bold":false,"italic":false,"strikethrough":false,"underline":false,"code":false,"color":"default"},"plain_text":"Tests","href":null}]}},"url":"https://www.notion.so/Tests-5f505199b2924713920b61d813bf72a3","public_url":null}],"next_cursor":null,"has_more":false,"type":"page_or_database","page_or_database":{},"request_id":"b61a08d4-4e16-437d-88e1-2b190b2a5780"}'
    headers:
      CF-Cache-Status:
      - DYNAMIC
      CF-Ray:
      - 8ca4226cdc8e9f28-FRA
      Connection:
      - keep-alive
      Content-Encoding:
      - gzip
      Content-Type:
      - application/json; charset=utf-8
      Server:
      - cloudflare
      Set-Cookie:
      - __cf_bm=vybgfirefoVURZJwYVt.7TcQkrjY2seFWs_.EU0tyXs-1727530713-1.0.1.1-ai0nOC4Cmvq.wVYzYlnpPVTrT_Pu24oDyfDeGH0aoO4by8bt788BP4MRRssmzX.a63xUoo7ONS9gULxEpZJfUw;
        path=/; expires=Sat, 28-Sep-24 14:08:33 GMT; domain=.notion.com; HttpOnly;
        Secure; SameSite=None
      - _cfuvid=BFZngE5xtdmO.lZK0oA6Rjr0N.tdgm9X7fUvZbYWYNo-1727530713415-0.0.1.1-604800000;
        path=/; domain=.notion.com; HttpOnly; Secure; SameSite=None
      Strict-Transport-Security:
      - max-age=31536000; includeSubDomains; preload
      Transfer-Encoding:
      - chunked
      Vary:
      - Accept-Encoding
      content-security-policy:
      - default-src 'none'
      referrer-policy:
      - strict-origin-when-cross-origin
      x-content-type-options:
      - nosniff
      x-dns-prefetch-control:
      - 'off'
      x-download-options:
      - noopen
      x-frame-options:
      - SAMEORIGIN
      x-notion-request-id:
      - b61a08d4-4e16-437d-88e1-2b190b2a5780
      x-permitted-cross-domain-policies:
      - none
      x-xss-protection:
      - '0'
    http_version: HTTP/1.1
    status_code: 200
version: 1
