interactions:
- request:
    body: '{"parent": {"type": "page_id", "page_id": "5f505199-b292-4713-920b-61d813bf72a3"},
      "title": [{"type": "text", "plain_text": "Add/Del/Update Prop-Test", "annotations":
      {"bold": false, "italic": false, "strikethrough": false, "underline": false,
      "code": false}, "text": {"content": "Add/Del/Update Prop-Test"}}], "properties":
      {"Name": {"type": "title", "title": {}}, "Category": {"type": "select", "select":
      {"options": [{"name": "Cat1", "color": "default"}, {"name": "Cat2", "color":
      "red"}]}}, "Tags": {"type": "multi_select", "multi_select": {"options": [{"name":
      "Cat1", "color": "default"}, {"name": "Cat2", "color": "red"}]}}, "Formula":
      {"type": "formula", "formula": {"expression": "prop(\"Name\")"}}}, "is_inline":
      false}'
    headers:
      accept:
      - '*/*'
      accept-encoding:
      - gzip, deflate
      authorization:
      - secret...
      connection:
      - keep-alive
      content-length:
      - '666'
      content-type:
      - application/json
      cookie:
      - secret...
      host:
      - api.notion.com
      notion-version:
      - '2022-06-28'
      user-agent:
      - secret...
    method: POST
    uri: https://api.notion.com/v1/databases
  response:
    content: '{"object":"database","id":"25e974f3-b388-8106-8f81-fc2cfc62e0c4","cover":null,"icon":null,"created_time":"2025-08-29T13:33:00.000Z","created_by":{"object":"user","id":"645e79dd-3e43-40de-9d51-39357c1c427f"},"last_edited_by":{"object":"user","id":"645e79dd-3e43-40de-9d51-39357c1c427f"},"last_edited_time":"2025-08-29T13:33:00.000Z","title":[{"type":"text","text":{"content":"Add/Del/Update
      Prop-Test","link":null},"annotations":{"bold":false,"italic":false,"strikethrough":false,"underline":false,"code":false,"color":"default"},"plain_text":"Add/Del/Update
      Prop-Test","href":null}],"description":[],"is_inline":false,"properties":{"Tags":{"id":"%3BY%3Ff","name":"Tags","description":null,"type":"multi_select","multi_select":{"options":[{"id":"a51ddd51-534d-425c-bdc8-30f2f63e92b7","name":"Cat1","color":"default","description":null},{"id":"8360130d-eefe-40b8-9372-b7064bb8d378","name":"Cat2","color":"red","description":null}]}},"Formula":{"id":"%5C~%3Ey","name":"Formula","description":null,"type":"formula","formula":{"expression":"{{notion:block_property:title:00000000-0000-0000-0000-000000000000:5a65efbd-bfb2-4ebe-bb5d-ac95c98fb252}}"}},"Category":{"id":"bb%5E%3E","name":"Category","description":null,"type":"select","select":{"options":[{"id":"6e0fa383-a14d-4b3f-b7dd-d2df86148623","name":"Cat1","color":"default","description":null},{"id":"92633ae9-4430-43ed-8a38-d97d16958607","name":"Cat2","color":"red","description":null}]}},"Name":{"id":"title","name":"Name","description":null,"type":"title","title":{}}},"parent":{"type":"page_id","page_id":"5f505199-b292-4713-920b-61d813bf72a3"},"url":"https://www.notion.so/25e974f3b38881068f81fc2cfc62e0c4","public_url":null,"archived":false,"in_trash":false,"request_id":"267488fe-9904-4bcd-99d3-7e6d9bb29931"}'
    headers:
      CF-Cache-Status:
      - DYNAMIC
      CF-Ray:
      - 976c6b3c4c3e0ecf-FRA
      Connection:
      - keep-alive
      Content-Encoding:
      - gzip
      Content-Type:
      - application/json; charset=utf-8
      Server:
      - cloudflare
      Strict-Transport-Security:
      - max-age=31536000; includeSubDomains; preload
      Transfer-Encoding:
      - chunked
      Vary:
      - Accept-Encoding
      alt-svc:
      - h3=":443"; ma=86400
      content-security-policy:
      - default-src 'none'
      referrer-policy:
      - strict-origin-when-cross-origin
      x-content-type-options:
      - nosniff
      x-dns-prefetch-control:
      - 'off'
      x-download-options:
      - noopen
      x-frame-options:
      - SAMEORIGIN
      x-notion-request-id:
      - 267488fe-9904-4bcd-99d3-7e6d9bb29931
      x-permitted-cross-domain-policies:
      - none
      x-xss-protection:
      - '0'
    http_version: HTTP/1.1
    status_code: 200
- request:
    body: '{"description":[{"type":"text","plain_text":"Schema for testing adding,
      deleting and updating properties","annotations":{"bold":false,"italic":false,"strikethrough":false,"underline":false,"code":false},"text":{"content":"Schema
      for testing adding, deleting and updating properties"}}]}'
    headers:
      accept:
      - '*/*'
      accept-encoding:
      - gzip, deflate
      authorization:
      - secret...
      connection:
      - keep-alive
      content-length:
      - '286'
      content-type:
      - application/json
      cookie:
      - secret...
      host:
      - api.notion.com
      notion-version:
      - '2022-06-28'
      user-agent:
      - secret...
    method: PATCH
    uri: https://api.notion.com/v1/databases/25e974f3-b388-8106-8f81-fc2cfc62e0c4
  response:
    content: '{"object":"database","id":"25e974f3-b388-8106-8f81-fc2cfc62e0c4","cover":null,"icon":null,"created_time":"2025-08-29T13:33:00.000Z","created_by":{"object":"user","id":"645e79dd-3e43-40de-9d51-39357c1c427f"},"last_edited_by":{"object":"user","id":"645e79dd-3e43-40de-9d51-39357c1c427f"},"last_edited_time":"2025-08-29T13:33:00.000Z","title":[{"type":"text","text":{"content":"Add/Del/Update
      Prop-Test","link":null},"annotations":{"bold":false,"italic":false,"strikethrough":false,"underline":false,"code":false,"color":"default"},"plain_text":"Add/Del/Update
      Prop-Test","href":null}],"description":[{"type":"text","text":{"content":"Schema
      for testing adding, deleting and updating properties","link":null},"annotations":{"bold":false,"italic":false,"strikethrough":false,"underline":false,"code":false,"color":"default"},"plain_text":"Schema
      for testing adding, deleting and updating properties","href":null}],"is_inline":false,"properties":{"Tags":{"id":"%3BY%3Ff","name":"Tags","description":null,"type":"multi_select","multi_select":{"options":[{"id":"a51ddd51-534d-425c-bdc8-30f2f63e92b7","name":"Cat1","color":"default","description":null},{"id":"8360130d-eefe-40b8-9372-b7064bb8d378","name":"Cat2","color":"red","description":null}]}},"Formula":{"id":"%5C~%3Ey","name":"Formula","description":null,"type":"formula","formula":{"expression":"{{notion:block_property:title:00000000-0000-0000-0000-000000000000:5a65efbd-bfb2-4ebe-bb5d-ac95c98fb252}}"}},"Category":{"id":"bb%5E%3E","name":"Category","description":null,"type":"select","select":{"options":[{"id":"6e0fa383-a14d-4b3f-b7dd-d2df86148623","name":"Cat1","color":"default","description":null},{"id":"92633ae9-4430-43ed-8a38-d97d16958607","name":"Cat2","color":"red","description":null}]}},"Name":{"id":"title","name":"Name","description":null,"type":"title","title":{}}},"parent":{"type":"page_id","page_id":"5f505199-b292-4713-920b-61d813bf72a3"},"url":"https://www.notion.so/25e974f3b38881068f81fc2cfc62e0c4","public_url":null,"archived":false,"in_trash":false,"request_id":"2c654837-d107-4519-ba79-7f607deae5c8"}'
    headers:
      CF-Cache-Status:
      - DYNAMIC
      CF-Ray:
      - 976c6b419e560ecf-FRA
      Connection:
      - keep-alive
      Content-Encoding:
      - gzip
      Content-Type:
      - application/json; charset=utf-8
      Server:
      - cloudflare
      Strict-Transport-Security:
      - max-age=31536000; includeSubDomains; preload
      Transfer-Encoding:
      - chunked
      Vary:
      - Accept-Encoding
      alt-svc:
      - h3=":443"; ma=86400
      content-security-policy:
      - default-src 'none'
      referrer-policy:
      - strict-origin-when-cross-origin
      x-content-type-options:
      - nosniff
      x-dns-prefetch-control:
      - 'off'
      x-download-options:
      - noopen
      x-frame-options:
      - SAMEORIGIN
      x-notion-request-id:
      - 2c654837-d107-4519-ba79-7f607deae5c8
      x-permitted-cross-domain-policies:
      - none
      x-xss-protection:
      - '0'
    http_version: HTTP/1.1
    status_code: 200
- request:
    body: '{"properties":{"Formula":null}}'
    headers:
      accept:
      - '*/*'
      accept-encoding:
      - gzip, deflate
      authorization:
      - secret...
      connection:
      - keep-alive
      content-length:
      - '31'
      content-type:
      - application/json
      cookie:
      - secret...
      host:
      - api.notion.com
      notion-version:
      - '2022-06-28'
      user-agent:
      - secret...
    method: PATCH
    uri: https://api.notion.com/v1/databases/25e974f3-b388-8106-8f81-fc2cfc62e0c4
  response:
    content: '{"object":"database","id":"25e974f3-b388-8106-8f81-fc2cfc62e0c4","cover":null,"icon":null,"created_time":"2025-08-29T13:33:00.000Z","created_by":{"object":"user","id":"645e79dd-3e43-40de-9d51-39357c1c427f"},"last_edited_by":{"object":"user","id":"645e79dd-3e43-40de-9d51-39357c1c427f"},"last_edited_time":"2025-08-29T13:33:00.000Z","title":[{"type":"text","text":{"content":"Add/Del/Update
      Prop-Test","link":null},"annotations":{"bold":false,"italic":false,"strikethrough":false,"underline":false,"code":false,"color":"default"},"plain_text":"Add/Del/Update
      Prop-Test","href":null}],"description":[{"type":"text","text":{"content":"Schema
      for testing adding, deleting and updating properties","link":null},"annotations":{"bold":false,"italic":false,"strikethrough":false,"underline":false,"code":false,"color":"default"},"plain_text":"Schema
      for testing adding, deleting and updating properties","href":null}],"is_inline":false,"properties":{"Tags":{"id":"%3BY%3Ff","name":"Tags","description":null,"type":"multi_select","multi_select":{"options":[{"id":"a51ddd51-534d-425c-bdc8-30f2f63e92b7","name":"Cat1","color":"default","description":null},{"id":"8360130d-eefe-40b8-9372-b7064bb8d378","name":"Cat2","color":"red","description":null}]}},"Category":{"id":"bb%5E%3E","name":"Category","description":null,"type":"select","select":{"options":[{"id":"6e0fa383-a14d-4b3f-b7dd-d2df86148623","name":"Cat1","color":"default","description":null},{"id":"92633ae9-4430-43ed-8a38-d97d16958607","name":"Cat2","color":"red","description":null}]}},"Name":{"id":"title","name":"Name","description":null,"type":"title","title":{}}},"parent":{"type":"page_id","page_id":"5f505199-b292-4713-920b-61d813bf72a3"},"url":"https://www.notion.so/25e974f3b38881068f81fc2cfc62e0c4","public_url":null,"archived":false,"in_trash":false,"request_id":"6f537197-0ef1-4621-85fa-59e5ffd9ffed"}'
    headers:
      CF-Cache-Status:
      - DYNAMIC
      CF-Ray:
      - 976c6b451d150ecf-FRA
      Connection:
      - keep-alive
      Content-Encoding:
      - gzip
      Content-Type:
      - application/json; charset=utf-8
      Server:
      - cloudflare
      Strict-Transport-Security:
      - max-age=31536000; includeSubDomains; preload
      Transfer-Encoding:
      - chunked
      Vary:
      - Accept-Encoding
      alt-svc:
      - h3=":443"; ma=86400
      content-security-policy:
      - default-src 'none'
      referrer-policy:
      - strict-origin-when-cross-origin
      x-content-type-options:
      - nosniff
      x-dns-prefetch-control:
      - 'off'
      x-download-options:
      - noopen
      x-frame-options:
      - SAMEORIGIN
      x-notion-request-id:
      - 6f537197-0ef1-4621-85fa-59e5ffd9ffed
      x-permitted-cross-domain-policies:
      - none
      x-xss-protection:
      - '0'
    http_version: HTTP/1.1
    status_code: 200
- request:
    body: ''
    headers:
      accept:
      - '*/*'
      accept-encoding:
      - gzip, deflate
      authorization:
      - secret...
      connection:
      - keep-alive
      cookie:
      - secret...
      host:
      - api.notion.com
      notion-version:
      - '2022-06-28'
      user-agent:
      - secret...
    method: GET
    uri: https://api.notion.com/v1/databases/25e974f3-b388-8106-8f81-fc2cfc62e0c4
  response:
    content: '{"object":"database","id":"25e974f3-b388-8106-8f81-fc2cfc62e0c4","cover":null,"icon":null,"created_time":"2025-08-29T13:33:00.000Z","created_by":{"object":"user","id":"645e79dd-3e43-40de-9d51-39357c1c427f"},"last_edited_by":{"object":"user","id":"645e79dd-3e43-40de-9d51-39357c1c427f"},"last_edited_time":"2025-08-29T13:33:00.000Z","title":[{"type":"text","text":{"content":"Add/Del/Update
      Prop-Test","link":null},"annotations":{"bold":false,"italic":false,"strikethrough":false,"underline":false,"code":false,"color":"default"},"plain_text":"Add/Del/Update
      Prop-Test","href":null}],"description":[{"type":"text","text":{"content":"Schema
      for testing adding, deleting and updating properties","link":null},"annotations":{"bold":false,"italic":false,"strikethrough":false,"underline":false,"code":false,"color":"default"},"plain_text":"Schema
      for testing adding, deleting and updating properties","href":null}],"is_inline":false,"properties":{"Tags":{"id":"%3BY%3Ff","name":"Tags","description":null,"type":"multi_select","multi_select":{"options":[{"id":"a51ddd51-534d-425c-bdc8-30f2f63e92b7","name":"Cat1","color":"default","description":null},{"id":"8360130d-eefe-40b8-9372-b7064bb8d378","name":"Cat2","color":"red","description":null}]}},"Category":{"id":"bb%5E%3E","name":"Category","description":null,"type":"select","select":{"options":[{"id":"6e0fa383-a14d-4b3f-b7dd-d2df86148623","name":"Cat1","color":"default","description":null},{"id":"92633ae9-4430-43ed-8a38-d97d16958607","name":"Cat2","color":"red","description":null}]}},"Name":{"id":"title","name":"Name","description":null,"type":"title","title":{}}},"parent":{"type":"page_id","page_id":"5f505199-b292-4713-920b-61d813bf72a3"},"url":"https://www.notion.so/25e974f3b38881068f81fc2cfc62e0c4","public_url":null,"archived":false,"in_trash":false,"request_id":"07553b8e-0062-4e5c-a375-32435de31ca2"}'
    headers:
      CF-Cache-Status:
      - DYNAMIC
      CF-Ray:
      - 976c6b4799c90ecf-FRA
      Connection:
      - keep-alive
      Content-Encoding:
      - gzip
      Content-Type:
      - application/json; charset=utf-8
      Server:
      - cloudflare
      Strict-Transport-Security:
      - max-age=31536000; includeSubDomains; preload
      Transfer-Encoding:
      - chunked
      Vary:
      - Accept-Encoding
      alt-svc:
      - h3=":443"; ma=86400
      content-security-policy:
      - default-src 'none'
      referrer-policy:
      - strict-origin-when-cross-origin
      x-content-type-options:
      - nosniff
      x-dns-prefetch-control:
      - 'off'
      x-download-options:
      - noopen
      x-frame-options:
      - SAMEORIGIN
      x-notion-request-id:
      - 07553b8e-0062-4e5c-a375-32435de31ca2
      x-permitted-cross-domain-policies:
      - none
      x-xss-protection:
      - '0'
    http_version: HTTP/1.1
    status_code: 200
- request:
    body: '{"properties":{"Tags":null}}'
    headers:
      accept:
      - '*/*'
      accept-encoding:
      - gzip, deflate
      authorization:
      - secret...
      connection:
      - keep-alive
      content-length:
      - '28'
      content-type:
      - application/json
      cookie:
      - secret...
      host:
      - api.notion.com
      notion-version:
      - '2022-06-28'
      user-agent:
      - secret...
    method: PATCH
    uri: https://api.notion.com/v1/databases/25e974f3-b388-8106-8f81-fc2cfc62e0c4
  response:
    content: '{"object":"database","id":"25e974f3-b388-8106-8f81-fc2cfc62e0c4","cover":null,"icon":null,"created_time":"2025-08-29T13:33:00.000Z","created_by":{"object":"user","id":"645e79dd-3e43-40de-9d51-39357c1c427f"},"last_edited_by":{"object":"user","id":"645e79dd-3e43-40de-9d51-39357c1c427f"},"last_edited_time":"2025-08-29T13:33:00.000Z","title":[{"type":"text","text":{"content":"Add/Del/Update
      Prop-Test","link":null},"annotations":{"bold":false,"italic":false,"strikethrough":false,"underline":false,"code":false,"color":"default"},"plain_text":"Add/Del/Update
      Prop-Test","href":null}],"description":[{"type":"text","text":{"content":"Schema
      for testing adding, deleting and updating properties","link":null},"annotations":{"bold":false,"italic":false,"strikethrough":false,"underline":false,"code":false,"color":"default"},"plain_text":"Schema
      for testing adding, deleting and updating properties","href":null}],"is_inline":false,"properties":{"Category":{"id":"bb%5E%3E","name":"Category","description":null,"type":"select","select":{"options":[{"id":"6e0fa383-a14d-4b3f-b7dd-d2df86148623","name":"Cat1","color":"default","description":null},{"id":"92633ae9-4430-43ed-8a38-d97d16958607","name":"Cat2","color":"red","description":null}]}},"Name":{"id":"title","name":"Name","description":null,"type":"title","title":{}}},"parent":{"type":"page_id","page_id":"5f505199-b292-4713-920b-61d813bf72a3"},"url":"https://www.notion.so/25e974f3b38881068f81fc2cfc62e0c4","public_url":null,"archived":false,"in_trash":false,"request_id":"602f1ba9-6ec4-4bea-b975-64161b2091ef"}'
    headers:
      CF-Cache-Status:
      - DYNAMIC
      CF-Ray:
      - 976c6b495cdd0ecf-FRA
      Connection:
      - keep-alive
      Content-Encoding:
      - gzip
      Content-Type:
      - application/json; charset=utf-8
      Server:
      - cloudflare
      Strict-Transport-Security:
      - max-age=31536000; includeSubDomains; preload
      Transfer-Encoding:
      - chunked
      Vary:
      - Accept-Encoding
      alt-svc:
      - h3=":443"; ma=86400
      content-security-policy:
      - default-src 'none'
      referrer-policy:
      - strict-origin-when-cross-origin
      x-content-type-options:
      - nosniff
      x-dns-prefetch-control:
      - 'off'
      x-download-options:
      - noopen
      x-frame-options:
      - SAMEORIGIN
      x-notion-request-id:
      - 602f1ba9-6ec4-4bea-b975-64161b2091ef
      x-permitted-cross-domain-policies:
      - none
      x-xss-protection:
      - '0'
    http_version: HTTP/1.1
    status_code: 200
- request:
    body: ''
    headers:
      accept:
      - '*/*'
      accept-encoding:
      - gzip, deflate
      authorization:
      - secret...
      connection:
      - keep-alive
      cookie:
      - secret...
      host:
      - api.notion.com
      notion-version:
      - '2022-06-28'
      user-agent:
      - secret...
    method: GET
    uri: https://api.notion.com/v1/databases/25e974f3-b388-8106-8f81-fc2cfc62e0c4
  response:
    content: '{"object":"database","id":"25e974f3-b388-8106-8f81-fc2cfc62e0c4","cover":null,"icon":null,"created_time":"2025-08-29T13:33:00.000Z","created_by":{"object":"user","id":"645e79dd-3e43-40de-9d51-39357c1c427f"},"last_edited_by":{"object":"user","id":"645e79dd-3e43-40de-9d51-39357c1c427f"},"last_edited_time":"2025-08-29T13:33:00.000Z","title":[{"type":"text","text":{"content":"Add/Del/Update
      Prop-Test","link":null},"annotations":{"bold":false,"italic":false,"strikethrough":false,"underline":false,"code":false,"color":"default"},"plain_text":"Add/Del/Update
      Prop-Test","href":null}],"description":[{"type":"text","text":{"content":"Schema
      for testing adding, deleting and updating properties","link":null},"annotations":{"bold":false,"italic":false,"strikethrough":false,"underline":false,"code":false,"color":"default"},"plain_text":"Schema
      for testing adding, deleting and updating properties","href":null}],"is_inline":false,"properties":{"Category":{"id":"bb%5E%3E","name":"Category","description":null,"type":"select","select":{"options":[{"id":"6e0fa383-a14d-4b3f-b7dd-d2df86148623","name":"Cat1","color":"default","description":null},{"id":"92633ae9-4430-43ed-8a38-d97d16958607","name":"Cat2","color":"red","description":null}]}},"Name":{"id":"title","name":"Name","description":null,"type":"title","title":{}}},"parent":{"type":"page_id","page_id":"5f505199-b292-4713-920b-61d813bf72a3"},"url":"https://www.notion.so/25e974f3b38881068f81fc2cfc62e0c4","public_url":null,"archived":false,"in_trash":false,"request_id":"61340103-805a-4de6-ad87-bbf3ab64ffce"}'
    headers:
      CF-Cache-Status:
      - DYNAMIC
      CF-Ray:
      - 976c6b4ecf030ecf-FRA
      Connection:
      - keep-alive
      Content-Encoding:
      - gzip
      Content-Type:
      - application/json; charset=utf-8
      Server:
      - cloudflare
      Strict-Transport-Security:
      - max-age=31536000; includeSubDomains; preload
      Transfer-Encoding:
      - chunked
      Vary:
      - Accept-Encoding
      alt-svc:
      - h3=":443"; ma=86400
      content-security-policy:
      - default-src 'none'
      referrer-policy:
      - strict-origin-when-cross-origin
      x-content-type-options:
      - nosniff
      x-dns-prefetch-control:
      - 'off'
      x-download-options:
      - noopen
      x-frame-options:
      - SAMEORIGIN
      x-notion-request-id:
      - 61340103-805a-4de6-ad87-bbf3ab64ffce
      x-permitted-cross-domain-policies:
      - none
      x-xss-protection:
      - '0'
    http_version: HTTP/1.1
    status_code: 200
- request:
    body: '{"properties":{"Number":{"type":"number","number":{"format":"dollar"}}}}'
    headers:
      accept:
      - '*/*'
      accept-encoding:
      - gzip, deflate
      authorization:
      - secret...
      connection:
      - keep-alive
      content-length:
      - '72'
      content-type:
      - application/json
      cookie:
      - secret...
      host:
      - api.notion.com
      notion-version:
      - '2022-06-28'
      user-agent:
      - secret...
    method: PATCH
    uri: https://api.notion.com/v1/databases/25e974f3-b388-8106-8f81-fc2cfc62e0c4
  response:
    content: '{"object":"database","id":"25e974f3-b388-8106-8f81-fc2cfc62e0c4","cover":null,"icon":null,"created_time":"2025-08-29T13:33:00.000Z","created_by":{"object":"user","id":"645e79dd-3e43-40de-9d51-39357c1c427f"},"last_edited_by":{"object":"user","id":"645e79dd-3e43-40de-9d51-39357c1c427f"},"last_edited_time":"2025-08-29T13:33:00.000Z","title":[{"type":"text","text":{"content":"Add/Del/Update
      Prop-Test","link":null},"annotations":{"bold":false,"italic":false,"strikethrough":false,"underline":false,"code":false,"color":"default"},"plain_text":"Add/Del/Update
      Prop-Test","href":null}],"description":[{"type":"text","text":{"content":"Schema
      for testing adding, deleting and updating properties","link":null},"annotations":{"bold":false,"italic":false,"strikethrough":false,"underline":false,"code":false,"color":"default"},"plain_text":"Schema
      for testing adding, deleting and updating properties","href":null}],"is_inline":false,"properties":{"Category":{"id":"bb%5E%3E","name":"Category","description":null,"type":"select","select":{"options":[{"id":"6e0fa383-a14d-4b3f-b7dd-d2df86148623","name":"Cat1","color":"default","description":null},{"id":"92633ae9-4430-43ed-8a38-d97d16958607","name":"Cat2","color":"red","description":null}]}},"Number":{"id":"v%5DIg","name":"Number","description":null,"type":"number","number":{"format":"dollar"}},"Name":{"id":"title","name":"Name","description":null,"type":"title","title":{}}},"parent":{"type":"page_id","page_id":"5f505199-b292-4713-920b-61d813bf72a3"},"url":"https://www.notion.so/25e974f3b38881068f81fc2cfc62e0c4","public_url":null,"archived":false,"in_trash":false,"request_id":"28f2cd8c-08b2-49c5-b04e-fc2ecb0151e0"}'
    headers:
      CF-Cache-Status:
      - DYNAMIC
      CF-Ray:
      - 976c6b5c285f0ecf-FRA
      Connection:
      - keep-alive
      Content-Encoding:
      - gzip
      Content-Type:
      - application/json; charset=utf-8
      Server:
      - cloudflare
      Strict-Transport-Security:
      - max-age=31536000; includeSubDomains; preload
      Transfer-Encoding:
      - chunked
      Vary:
      - Accept-Encoding
      alt-svc:
      - h3=":443"; ma=86400
      content-security-policy:
      - default-src 'none'
      referrer-policy:
      - strict-origin-when-cross-origin
      x-content-type-options:
      - nosniff
      x-dns-prefetch-control:
      - 'off'
      x-download-options:
      - noopen
      x-frame-options:
      - SAMEORIGIN
      x-notion-request-id:
      - 28f2cd8c-08b2-49c5-b04e-fc2ecb0151e0
      x-permitted-cross-domain-policies:
      - none
      x-xss-protection:
      - '0'
    http_version: HTTP/1.1
    status_code: 200
- request:
    body: ''
    headers:
      accept:
      - '*/*'
      accept-encoding:
      - gzip, deflate
      authorization:
      - secret...
      connection:
      - keep-alive
      cookie:
      - secret...
      host:
      - api.notion.com
      notion-version:
      - '2022-06-28'
      user-agent:
      - secret...
    method: GET
    uri: https://api.notion.com/v1/databases/25e974f3-b388-8106-8f81-fc2cfc62e0c4
  response:
    content: '{"object":"database","id":"25e974f3-b388-8106-8f81-fc2cfc62e0c4","cover":null,"icon":null,"created_time":"2025-08-29T13:33:00.000Z","created_by":{"object":"user","id":"645e79dd-3e43-40de-9d51-39357c1c427f"},"last_edited_by":{"object":"user","id":"645e79dd-3e43-40de-9d51-39357c1c427f"},"last_edited_time":"2025-08-29T13:33:00.000Z","title":[{"type":"text","text":{"content":"Add/Del/Update
      Prop-Test","link":null},"annotations":{"bold":false,"italic":false,"strikethrough":false,"underline":false,"code":false,"color":"default"},"plain_text":"Add/Del/Update
      Prop-Test","href":null}],"description":[{"type":"text","text":{"content":"Schema
      for testing adding, deleting and updating properties","link":null},"annotations":{"bold":false,"italic":false,"strikethrough":false,"underline":false,"code":false,"color":"default"},"plain_text":"Schema
      for testing adding, deleting and updating properties","href":null}],"is_inline":false,"properties":{"Category":{"id":"bb%5E%3E","name":"Category","description":null,"type":"select","select":{"options":[{"id":"6e0fa383-a14d-4b3f-b7dd-d2df86148623","name":"Cat1","color":"default","description":null},{"id":"92633ae9-4430-43ed-8a38-d97d16958607","name":"Cat2","color":"red","description":null}]}},"Number":{"id":"v%5DIg","name":"Number","description":null,"type":"number","number":{"format":"dollar"}},"Name":{"id":"title","name":"Name","description":null,"type":"title","title":{}}},"parent":{"type":"page_id","page_id":"5f505199-b292-4713-920b-61d813bf72a3"},"url":"https://www.notion.so/25e974f3b38881068f81fc2cfc62e0c4","public_url":null,"archived":false,"in_trash":false,"request_id":"a15dff1c-7e59-4a23-9853-74bc085512af"}'
    headers:
      CF-Cache-Status:
      - DYNAMIC
      CF-Ray:
      - 976c6b602f620ecf-FRA
      Connection:
      - keep-alive
      Content-Encoding:
      - gzip
      Content-Type:
      - application/json; charset=utf-8
      Server:
      - cloudflare
      Strict-Transport-Security:
      - max-age=31536000; includeSubDomains; preload
      Transfer-Encoding:
      - chunked
      Vary:
      - Accept-Encoding
      alt-svc:
      - h3=":443"; ma=86400
      content-security-policy:
      - default-src 'none'
      referrer-policy:
      - strict-origin-when-cross-origin
      x-content-type-options:
      - nosniff
      x-dns-prefetch-control:
      - 'off'
      x-download-options:
      - noopen
      x-frame-options:
      - SAMEORIGIN
      x-notion-request-id:
      - a15dff1c-7e59-4a23-9853-74bc085512af
      x-permitted-cross-domain-policies:
      - none
      x-xss-protection:
      - '0'
    http_version: HTTP/1.1
    status_code: 200
- request:
    body: '{"properties":{"Date":{"type":"date","date":{}}}}'
    headers:
      accept:
      - '*/*'
      accept-encoding:
      - gzip, deflate
      authorization:
      - secret...
      connection:
      - keep-alive
      content-length:
      - '49'
      content-type:
      - application/json
      cookie:
      - secret...
      host:
      - api.notion.com
      notion-version:
      - '2022-06-28'
      user-agent:
      - secret...
    method: PATCH
    uri: https://api.notion.com/v1/databases/25e974f3-b388-8106-8f81-fc2cfc62e0c4
  response:
    content: '{"object":"database","id":"25e974f3-b388-8106-8f81-fc2cfc62e0c4","cover":null,"icon":null,"created_time":"2025-08-29T13:33:00.000Z","created_by":{"object":"user","id":"645e79dd-3e43-40de-9d51-39357c1c427f"},"last_edited_by":{"object":"user","id":"645e79dd-3e43-40de-9d51-39357c1c427f"},"last_edited_time":"2025-08-29T13:33:00.000Z","title":[{"type":"text","text":{"content":"Add/Del/Update
      Prop-Test","link":null},"annotations":{"bold":false,"italic":false,"strikethrough":false,"underline":false,"code":false,"color":"default"},"plain_text":"Add/Del/Update
      Prop-Test","href":null}],"description":[{"type":"text","text":{"content":"Schema
      for testing adding, deleting and updating properties","link":null},"annotations":{"bold":false,"italic":false,"strikethrough":false,"underline":false,"code":false,"color":"default"},"plain_text":"Schema
      for testing adding, deleting and updating properties","href":null}],"is_inline":false,"properties":{"Date":{"id":"TgE%3C","name":"Date","description":null,"type":"date","date":{}},"Category":{"id":"bb%5E%3E","name":"Category","description":null,"type":"select","select":{"options":[{"id":"6e0fa383-a14d-4b3f-b7dd-d2df86148623","name":"Cat1","color":"default","description":null},{"id":"92633ae9-4430-43ed-8a38-d97d16958607","name":"Cat2","color":"red","description":null}]}},"Number":{"id":"v%5DIg","name":"Number","description":null,"type":"number","number":{"format":"dollar"}},"Name":{"id":"title","name":"Name","description":null,"type":"title","title":{}}},"parent":{"type":"page_id","page_id":"5f505199-b292-4713-920b-61d813bf72a3"},"url":"https://www.notion.so/25e974f3b38881068f81fc2cfc62e0c4","public_url":null,"archived":false,"in_trash":false,"request_id":"baf1a86c-13da-4dc1-a539-12b0a02c9e97"}'
    headers:
      CF-Cache-Status:
      - DYNAMIC
      CF-Ray:
      - 976c6b621b080ecf-FRA
      Connection:
      - keep-alive
      Content-Encoding:
      - gzip
      Content-Type:
      - application/json; charset=utf-8
      Server:
      - cloudflare
      Strict-Transport-Security:
      - max-age=31536000; includeSubDomains; preload
      Transfer-Encoding:
      - chunked
      Vary:
      - Accept-Encoding
      alt-svc:
      - h3=":443"; ma=86400
      content-security-policy:
      - default-src 'none'
      referrer-policy:
      - strict-origin-when-cross-origin
      x-content-type-options:
      - nosniff
      x-dns-prefetch-control:
      - 'off'
      x-download-options:
      - noopen
      x-frame-options:
      - SAMEORIGIN
      x-notion-request-id:
      - baf1a86c-13da-4dc1-a539-12b0a02c9e97
      x-permitted-cross-domain-policies:
      - none
      x-xss-protection:
      - '0'
    http_version: HTTP/1.1
    status_code: 200
- request:
    body: ''
    headers:
      accept:
      - '*/*'
      accept-encoding:
      - gzip, deflate
      authorization:
      - secret...
      connection:
      - keep-alive
      cookie:
      - secret...
      host:
      - api.notion.com
      notion-version:
      - '2022-06-28'
      user-agent:
      - secret...
    method: GET
    uri: https://api.notion.com/v1/databases/25e974f3-b388-8106-8f81-fc2cfc62e0c4
  response:
    content: '{"object":"database","id":"25e974f3-b388-8106-8f81-fc2cfc62e0c4","cover":null,"icon":null,"created_time":"2025-08-29T13:33:00.000Z","created_by":{"object":"user","id":"645e79dd-3e43-40de-9d51-39357c1c427f"},"last_edited_by":{"object":"user","id":"645e79dd-3e43-40de-9d51-39357c1c427f"},"last_edited_time":"2025-08-29T13:33:00.000Z","title":[{"type":"text","text":{"content":"Add/Del/Update
      Prop-Test","link":null},"annotations":{"bold":false,"italic":false,"strikethrough":false,"underline":false,"code":false,"color":"default"},"plain_text":"Add/Del/Update
      Prop-Test","href":null}],"description":[{"type":"text","text":{"content":"Schema
      for testing adding, deleting and updating properties","link":null},"annotations":{"bold":false,"italic":false,"strikethrough":false,"underline":false,"code":false,"color":"default"},"plain_text":"Schema
      for testing adding, deleting and updating properties","href":null}],"is_inline":false,"properties":{"Date":{"id":"TgE%3C","name":"Date","description":null,"type":"date","date":{}},"Category":{"id":"bb%5E%3E","name":"Category","description":null,"type":"select","select":{"options":[{"id":"6e0fa383-a14d-4b3f-b7dd-d2df86148623","name":"Cat1","color":"default","description":null},{"id":"92633ae9-4430-43ed-8a38-d97d16958607","name":"Cat2","color":"red","description":null}]}},"Number":{"id":"v%5DIg","name":"Number","description":null,"type":"number","number":{"format":"dollar"}},"Name":{"id":"title","name":"Name","description":null,"type":"title","title":{}}},"parent":{"type":"page_id","page_id":"5f505199-b292-4713-920b-61d813bf72a3"},"url":"https://www.notion.so/25e974f3b38881068f81fc2cfc62e0c4","public_url":null,"archived":false,"in_trash":false,"request_id":"6355fcc6-d5f1-4dba-9cd0-fc1733c88906"}'
    headers:
      CF-Cache-Status:
      - DYNAMIC
      CF-Ray:
      - 976c6b6528f10ecf-FRA
      Connection:
      - keep-alive
      Content-Encoding:
      - gzip
      Content-Type:
      - application/json; charset=utf-8
      Server:
      - cloudflare
      Strict-Transport-Security:
      - max-age=31536000; includeSubDomains; preload
      Transfer-Encoding:
      - chunked
      Vary:
      - Accept-Encoding
      alt-svc:
      - h3=":443"; ma=86400
      content-security-policy:
      - default-src 'none'
      referrer-policy:
      - strict-origin-when-cross-origin
      x-content-type-options:
      - nosniff
      x-dns-prefetch-control:
      - 'off'
      x-download-options:
      - noopen
      x-frame-options:
      - SAMEORIGIN
      x-notion-request-id:
      - 6355fcc6-d5f1-4dba-9cd0-fc1733c88906
      x-permitted-cross-domain-policies:
      - none
      x-xss-protection:
      - '0'
    http_version: HTTP/1.1
    status_code: 200
- request:
    body: '{"parent": {"type": "page_id", "page_id": "5f505199-b292-4713-920b-61d813bf72a3"},
      "title": [{"type": "text", "plain_text": "Add/Del/Update Prop-Test", "annotations":
      {"bold": false, "italic": false, "strikethrough": false, "underline": false,
      "code": false}, "text": {"content": "Add/Del/Update Prop-Test"}}], "properties":
      {"Name": {"type": "title", "title": {}}}, "is_inline": false}'
    headers:
      accept:
      - '*/*'
      accept-encoding:
      - gzip, deflate
      authorization:
      - secret...
      connection:
      - keep-alive
      content-length:
      - '355'
      content-type:
      - application/json
      cookie:
      - secret...
      host:
      - api.notion.com
      notion-version:
      - '2022-06-28'
      user-agent:
      - secret...
    method: POST
    uri: https://api.notion.com/v1/databases
  response:
    content: '{"object":"database","id":"25e974f3-b388-81e6-977e-de627b75b036","cover":null,"icon":null,"created_time":"2025-08-29T13:33:00.000Z","created_by":{"object":"user","id":"645e79dd-3e43-40de-9d51-39357c1c427f"},"last_edited_by":{"object":"user","id":"645e79dd-3e43-40de-9d51-39357c1c427f"},"last_edited_time":"2025-08-29T13:33:00.000Z","title":[{"type":"text","text":{"content":"Add/Del/Update
      Prop-Test","link":null},"annotations":{"bold":false,"italic":false,"strikethrough":false,"underline":false,"code":false,"color":"default"},"plain_text":"Add/Del/Update
      Prop-Test","href":null}],"description":[],"is_inline":false,"properties":{"Name":{"id":"title","name":"Name","description":null,"type":"title","title":{}}},"parent":{"type":"page_id","page_id":"5f505199-b292-4713-920b-61d813bf72a3"},"url":"https://www.notion.so/25e974f3b38881e6977ede627b75b036","public_url":null,"archived":false,"in_trash":false,"request_id":"82863aa1-be9c-44e2-bce7-57dbc1013280"}'
    headers:
      CF-Cache-Status:
      - DYNAMIC
      CF-Ray:
      - 976c6b6da8d30ecf-FRA
      Connection:
      - keep-alive
      Content-Encoding:
      - gzip
      Content-Type:
      - application/json; charset=utf-8
      Server:
      - cloudflare
      Strict-Transport-Security:
      - max-age=31536000; includeSubDomains; preload
      Transfer-Encoding:
      - chunked
      Vary:
      - Accept-Encoding
      alt-svc:
      - h3=":443"; ma=86400
      content-security-policy:
      - default-src 'none'
      referrer-policy:
      - strict-origin-when-cross-origin
      x-content-type-options:
      - nosniff
      x-dns-prefetch-control:
      - 'off'
      x-download-options:
      - noopen
      x-frame-options:
      - SAMEORIGIN
      x-notion-request-id:
      - 82863aa1-be9c-44e2-bce7-57dbc1013280
      x-permitted-cross-domain-policies:
      - none
      x-xss-protection:
      - '0'
    http_version: HTTP/1.1
    status_code: 200
- request:
    body: '{"description":[{"type":"text","plain_text":"Target schema as self-reference
      relations lead to a Notion Internal Server Error 500","annotations":{"bold":false,"italic":false,"strikethrough":false,"underline":false,"code":false},"text":{"content":"Target
      schema as self-reference relations lead to a Notion Internal Server Error 500"}}]}'
    headers:
      accept:
      - '*/*'
      accept-encoding:
      - gzip, deflate
      authorization:
      - secret...
      connection:
      - keep-alive
      content-length:
      - '336'
      content-type:
      - application/json
      cookie:
      - secret...
      host:
      - api.notion.com
      notion-version:
      - '2022-06-28'
      user-agent:
      - secret...
    method: PATCH
    uri: https://api.notion.com/v1/databases/25e974f3-b388-81e6-977e-de627b75b036
  response:
    content: '{"object":"database","id":"25e974f3-b388-81e6-977e-de627b75b036","cover":null,"icon":null,"created_time":"2025-08-29T13:33:00.000Z","created_by":{"object":"user","id":"645e79dd-3e43-40de-9d51-39357c1c427f"},"last_edited_by":{"object":"user","id":"645e79dd-3e43-40de-9d51-39357c1c427f"},"last_edited_time":"2025-08-29T13:33:00.000Z","title":[{"type":"text","text":{"content":"Add/Del/Update
      Prop-Test","link":null},"annotations":{"bold":false,"italic":false,"strikethrough":false,"underline":false,"code":false,"color":"default"},"plain_text":"Add/Del/Update
      Prop-Test","href":null}],"description":[{"type":"text","text":{"content":"Target
      schema as self-reference relations lead to a Notion Internal Server Error 500","link":null},"annotations":{"bold":false,"italic":false,"strikethrough":false,"underline":false,"code":false,"color":"default"},"plain_text":"Target
      schema as self-reference relations lead to a Notion Internal Server Error 500","href":null}],"is_inline":false,"properties":{"Name":{"id":"title","name":"Name","description":null,"type":"title","title":{}}},"parent":{"type":"page_id","page_id":"5f505199-b292-4713-920b-61d813bf72a3"},"url":"https://www.notion.so/25e974f3b38881e6977ede627b75b036","public_url":null,"archived":false,"in_trash":false,"request_id":"e5613a77-9dd9-4c02-a693-c84e84daae7c"}'
    headers:
      CF-Cache-Status:
      - DYNAMIC
      CF-Ray:
      - 976c6b872fcd0ecf-FRA
      Connection:
      - keep-alive
      Content-Encoding:
      - gzip
      Content-Type:
      - application/json; charset=utf-8
      Server:
      - cloudflare
      Strict-Transport-Security:
      - max-age=31536000; includeSubDomains; preload
      Transfer-Encoding:
      - chunked
      Vary:
      - Accept-Encoding
      alt-svc:
      - h3=":443"; ma=86400
      content-security-policy:
      - default-src 'none'
      referrer-policy:
      - strict-origin-when-cross-origin
      x-content-type-options:
      - nosniff
      x-dns-prefetch-control:
      - 'off'
      x-download-options:
      - noopen
      x-frame-options:
      - SAMEORIGIN
      x-notion-request-id:
      - e5613a77-9dd9-4c02-a693-c84e84daae7c
      x-permitted-cross-domain-policies:
      - none
      x-xss-protection:
      - '0'
    http_version: HTTP/1.1
    status_code: 200
- request:
    body: '{"properties":{"Relation":{"type":"relation","relation":{"type":"dual_property","database_id":"25e974f3-b388-81e6-977e-de627b75b036","dual_property":{}}}}}'
    headers:
      accept:
      - '*/*'
      accept-encoding:
      - gzip, deflate
      authorization:
      - secret...
      connection:
      - keep-alive
      content-length:
      - '155'
      content-type:
      - application/json
      cookie:
      - secret...
      host:
      - api.notion.com
      notion-version:
      - '2022-06-28'
      user-agent:
      - secret...
    method: PATCH
    uri: https://api.notion.com/v1/databases/25e974f3-b388-8106-8f81-fc2cfc62e0c4
  response:
    content: '{"object":"database","id":"25e974f3-b388-8106-8f81-fc2cfc62e0c4","cover":null,"icon":null,"created_time":"2025-08-29T13:33:00.000Z","created_by":{"object":"user","id":"645e79dd-3e43-40de-9d51-39357c1c427f"},"last_edited_by":{"object":"user","id":"645e79dd-3e43-40de-9d51-39357c1c427f"},"last_edited_time":"2025-08-29T13:33:00.000Z","title":[{"type":"text","text":{"content":"Add/Del/Update
      Prop-Test","link":null},"annotations":{"bold":false,"italic":false,"strikethrough":false,"underline":false,"code":false,"color":"default"},"plain_text":"Add/Del/Update
      Prop-Test","href":null}],"description":[{"type":"text","text":{"content":"Schema
      for testing adding, deleting and updating properties","link":null},"annotations":{"bold":false,"italic":false,"strikethrough":false,"underline":false,"code":false,"color":"default"},"plain_text":"Schema
      for testing adding, deleting and updating properties","href":null}],"is_inline":false,"properties":{"Relation":{"id":"SshT","name":"Relation","description":null,"type":"relation","relation":{"database_id":"25e974f3-b388-81e6-977e-de627b75b036","data_source_id":"25e974f3-b388-8192-a63b-000bb8866268","type":"dual_property","dual_property":{"synced_property_name":"Related
      to Add/Del/Update Prop-Test (Relation)","synced_property_id":"JFVu"}}},"Date":{"id":"TgE%3C","name":"Date","description":null,"type":"date","date":{}},"Category":{"id":"bb%5E%3E","name":"Category","description":null,"type":"select","select":{"options":[{"id":"6e0fa383-a14d-4b3f-b7dd-d2df86148623","name":"Cat1","color":"default","description":null},{"id":"92633ae9-4430-43ed-8a38-d97d16958607","name":"Cat2","color":"red","description":null}]}},"Number":{"id":"v%5DIg","name":"Number","description":null,"type":"number","number":{"format":"dollar"}},"Name":{"id":"title","name":"Name","description":null,"type":"title","title":{}}},"parent":{"type":"page_id","page_id":"5f505199-b292-4713-920b-61d813bf72a3"},"url":"https://www.notion.so/25e974f3b38881068f81fc2cfc62e0c4","public_url":null,"archived":false,"in_trash":false,"request_id":"ac4877fc-b8a2-4d82-ab19-02f525d0ffd7"}'
    headers:
      CF-Cache-Status:
      - DYNAMIC
      CF-Ray:
      - 976c6be2cb280ecf-FRA
      Connection:
      - keep-alive
      Content-Encoding:
      - gzip
      Content-Type:
      - application/json; charset=utf-8
      Server:
      - cloudflare
      Strict-Transport-Security:
      - max-age=31536000; includeSubDomains; preload
      Transfer-Encoding:
      - chunked
      Vary:
      - Accept-Encoding
      alt-svc:
      - h3=":443"; ma=86400
      content-security-policy:
      - default-src 'none'
      referrer-policy:
      - strict-origin-when-cross-origin
      x-content-type-options:
      - nosniff
      x-dns-prefetch-control:
      - 'off'
      x-download-options:
      - noopen
      x-frame-options:
      - SAMEORIGIN
      x-notion-request-id:
      - ac4877fc-b8a2-4d82-ab19-02f525d0ffd7
      x-permitted-cross-domain-policies:
      - none
      x-xss-protection:
      - '0'
    http_version: HTTP/1.1
    status_code: 200
- request:
    body: ''
    headers:
      accept:
      - '*/*'
      accept-encoding:
      - gzip, deflate
      authorization:
      - secret...
      connection:
      - keep-alive
      cookie:
      - secret...
      host:
      - api.notion.com
      notion-version:
      - '2022-06-28'
      user-agent:
      - secret...
    method: GET
    uri: https://api.notion.com/v1/databases/25e974f3-b388-81e6-977e-de627b75b036
  response:
    content: '{"object":"database","id":"25e974f3-b388-81e6-977e-de627b75b036","cover":null,"icon":null,"created_time":"2025-08-29T13:33:00.000Z","created_by":{"object":"user","id":"645e79dd-3e43-40de-9d51-39357c1c427f"},"last_edited_by":{"object":"user","id":"645e79dd-3e43-40de-9d51-39357c1c427f"},"last_edited_time":"2025-08-29T13:33:00.000Z","title":[{"type":"text","text":{"content":"Add/Del/Update
      Prop-Test","link":null},"annotations":{"bold":false,"italic":false,"strikethrough":false,"underline":false,"code":false,"color":"default"},"plain_text":"Add/Del/Update
      Prop-Test","href":null}],"description":[{"type":"text","text":{"content":"Target
      schema as self-reference relations lead to a Notion Internal Server Error 500","link":null},"annotations":{"bold":false,"italic":false,"strikethrough":false,"underline":false,"code":false,"color":"default"},"plain_text":"Target
      schema as self-reference relations lead to a Notion Internal Server Error 500","href":null}],"is_inline":false,"properties":{"Related
      to Add/Del/Update Prop-Test (Relation)":{"id":"JFVu","name":"Related to Add/Del/Update
      Prop-Test (Relation)","description":null,"type":"relation","relation":{"database_id":"25e974f3-b388-8106-8f81-fc2cfc62e0c4","data_source_id":"25e974f3-b388-8115-90ac-000b2e7ad905","type":"dual_property","dual_property":{"synced_property_name":"Relation","synced_property_id":"SshT"}}},"Name":{"id":"title","name":"Name","description":null,"type":"title","title":{}}},"parent":{"type":"page_id","page_id":"5f505199-b292-4713-920b-61d813bf72a3"},"url":"https://www.notion.so/25e974f3b38881e6977ede627b75b036","public_url":null,"archived":false,"in_trash":false,"request_id":"497aa7db-2f1c-4bed-96f9-ffcb737227b4"}'
    headers:
      CF-Cache-Status:
      - DYNAMIC
      CF-Ray:
      - 976c6be70b290ecf-FRA
      Connection:
      - keep-alive
      Content-Encoding:
      - gzip
      Content-Type:
      - application/json; charset=utf-8
      Server:
      - cloudflare
      Strict-Transport-Security:
      - max-age=31536000; includeSubDomains; preload
      Transfer-Encoding:
      - chunked
      Vary:
      - Accept-Encoding
      alt-svc:
      - h3=":443"; ma=86400
      content-security-policy:
      - default-src 'none'
      referrer-policy:
      - strict-origin-when-cross-origin
      x-content-type-options:
      - nosniff
      x-dns-prefetch-control:
      - 'off'
      x-download-options:
      - noopen
      x-frame-options:
      - SAMEORIGIN
      x-notion-request-id:
      - 497aa7db-2f1c-4bed-96f9-ffcb737227b4
      x-permitted-cross-domain-policies:
      - none
      x-xss-protection:
      - '0'
    http_version: HTTP/1.1
    status_code: 200
- request:
    body: '{"properties":{"Related to Add/Del/Update Prop-Test (Relation)":{"name":"Back
      Relation"}}}'
    headers:
      accept:
      - '*/*'
      accept-encoding:
      - gzip, deflate
      authorization:
      - secret...
      connection:
      - keep-alive
      content-length:
      - '90'
      content-type:
      - application/json
      cookie:
      - secret...
      host:
      - api.notion.com
      notion-version:
      - '2022-06-28'
      user-agent:
      - secret...
    method: PATCH
    uri: https://api.notion.com/v1/databases/25e974f3-b388-81e6-977e-de627b75b036
  response:
    content: '{"object":"database","id":"25e974f3-b388-81e6-977e-de627b75b036","cover":null,"icon":null,"created_time":"2025-08-29T13:33:00.000Z","created_by":{"object":"user","id":"645e79dd-3e43-40de-9d51-39357c1c427f"},"last_edited_by":{"object":"user","id":"645e79dd-3e43-40de-9d51-39357c1c427f"},"last_edited_time":"2025-08-29T13:33:00.000Z","title":[{"type":"text","text":{"content":"Add/Del/Update
      Prop-Test","link":null},"annotations":{"bold":false,"italic":false,"strikethrough":false,"underline":false,"code":false,"color":"default"},"plain_text":"Add/Del/Update
      Prop-Test","href":null}],"description":[{"type":"text","text":{"content":"Target
      schema as self-reference relations lead to a Notion Internal Server Error 500","link":null},"annotations":{"bold":false,"italic":false,"strikethrough":false,"underline":false,"code":false,"color":"default"},"plain_text":"Target
      schema as self-reference relations lead to a Notion Internal Server Error 500","href":null}],"is_inline":false,"properties":{"Back
      Relation":{"id":"JFVu","name":"Back Relation","description":null,"type":"relation","relation":{"database_id":"25e974f3-b388-8106-8f81-fc2cfc62e0c4","data_source_id":"25e974f3-b388-8115-90ac-000b2e7ad905","type":"dual_property","dual_property":{"synced_property_name":"Relation","synced_property_id":"SshT"}}},"Name":{"id":"title","name":"Name","description":null,"type":"title","title":{}}},"parent":{"type":"page_id","page_id":"5f505199-b292-4713-920b-61d813bf72a3"},"url":"https://www.notion.so/25e974f3b38881e6977ede627b75b036","public_url":null,"archived":false,"in_trash":false,"request_id":"2321f5b8-8b01-4c33-8b15-fa3a13c3aaae"}'
    headers:
      CF-Cache-Status:
      - DYNAMIC
      CF-Ray:
      - 976c6bfc3b9d0ecf-FRA
      Connection:
      - keep-alive
      Content-Encoding:
      - gzip
      Content-Type:
      - application/json; charset=utf-8
      Server:
      - cloudflare
      Strict-Transport-Security:
      - max-age=31536000; includeSubDomains; preload
      Transfer-Encoding:
      - chunked
      Vary:
      - Accept-Encoding
      alt-svc:
      - h3=":443"; ma=86400
      content-security-policy:
      - default-src 'none'
      referrer-policy:
      - strict-origin-when-cross-origin
      x-content-type-options:
      - nosniff
      x-dns-prefetch-control:
      - 'off'
      x-download-options:
      - noopen
      x-frame-options:
      - SAMEORIGIN
      x-notion-request-id:
      - 2321f5b8-8b01-4c33-8b15-fa3a13c3aaae
      x-permitted-cross-domain-policies:
      - none
      x-xss-protection:
      - '0'
    http_version: HTTP/1.1
    status_code: 200
- request:
    body: ''
    headers:
      accept:
      - '*/*'
      accept-encoding:
      - gzip, deflate
      authorization:
      - secret...
      connection:
      - keep-alive
      cookie:
      - secret...
      host:
      - api.notion.com
      notion-version:
      - '2022-06-28'
      user-agent:
      - secret...
    method: GET
    uri: https://api.notion.com/v1/databases/25e974f3-b388-8106-8f81-fc2cfc62e0c4
  response:
    content: '{"object":"database","id":"25e974f3-b388-8106-8f81-fc2cfc62e0c4","cover":null,"icon":null,"created_time":"2025-08-29T13:33:00.000Z","created_by":{"object":"user","id":"645e79dd-3e43-40de-9d51-39357c1c427f"},"last_edited_by":{"object":"user","id":"645e79dd-3e43-40de-9d51-39357c1c427f"},"last_edited_time":"2025-08-29T13:33:00.000Z","title":[{"type":"text","text":{"content":"Add/Del/Update
      Prop-Test","link":null},"annotations":{"bold":false,"italic":false,"strikethrough":false,"underline":false,"code":false,"color":"default"},"plain_text":"Add/Del/Update
      Prop-Test","href":null}],"description":[{"type":"text","text":{"content":"Schema
      for testing adding, deleting and updating properties","link":null},"annotations":{"bold":false,"italic":false,"strikethrough":false,"underline":false,"code":false,"color":"default"},"plain_text":"Schema
      for testing adding, deleting and updating properties","href":null}],"is_inline":false,"properties":{"Relation":{"id":"SshT","name":"Relation","description":null,"type":"relation","relation":{"database_id":"25e974f3-b388-81e6-977e-de627b75b036","data_source_id":"25e974f3-b388-8192-a63b-000bb8866268","type":"dual_property","dual_property":{"synced_property_name":"Back
      Relation","synced_property_id":"JFVu"}}},"Date":{"id":"TgE%3C","name":"Date","description":null,"type":"date","date":{}},"Category":{"id":"bb%5E%3E","name":"Category","description":null,"type":"select","select":{"options":[{"id":"6e0fa383-a14d-4b3f-b7dd-d2df86148623","name":"Cat1","color":"default","description":null},{"id":"92633ae9-4430-43ed-8a38-d97d16958607","name":"Cat2","color":"red","description":null}]}},"Number":{"id":"v%5DIg","name":"Number","description":null,"type":"number","number":{"format":"dollar"}},"Name":{"id":"title","name":"Name","description":null,"type":"title","title":{}}},"parent":{"type":"page_id","page_id":"5f505199-b292-4713-920b-61d813bf72a3"},"url":"https://www.notion.so/25e974f3b38881068f81fc2cfc62e0c4","public_url":null,"archived":false,"in_trash":false,"request_id":"fef8acb8-7ee2-4380-8a08-aa9f9364c2b9"}'
    headers:
      CF-Cache-Status:
      - DYNAMIC
      CF-Ray:
      - 976c6bff69b10ecf-FRA
      Connection:
      - keep-alive
      Content-Encoding:
      - gzip
      Content-Type:
      - application/json; charset=utf-8
      Server:
      - cloudflare
      Strict-Transport-Security:
      - max-age=31536000; includeSubDomains; preload
      Transfer-Encoding:
      - chunked
      Vary:
      - Accept-Encoding
      alt-svc:
      - h3=":443"; ma=86400
      content-security-policy:
      - default-src 'none'
      referrer-policy:
      - strict-origin-when-cross-origin
      x-content-type-options:
      - nosniff
      x-dns-prefetch-control:
      - 'off'
      x-download-options:
      - noopen
      x-frame-options:
      - SAMEORIGIN
      x-notion-request-id:
      - fef8acb8-7ee2-4380-8a08-aa9f9364c2b9
      x-permitted-cross-domain-policies:
      - none
      x-xss-protection:
      - '0'
    http_version: HTTP/1.1
    status_code: 200
- request:
    body: '{"properties":{"Number":null}}'
    headers:
      accept:
      - '*/*'
      accept-encoding:
      - gzip, deflate
      authorization:
      - secret...
      connection:
      - keep-alive
      content-length:
      - '30'
      content-type:
      - application/json
      cookie:
      - secret...
      host:
      - api.notion.com
      notion-version:
      - '2022-06-28'
      user-agent:
      - secret...
    method: PATCH
    uri: https://api.notion.com/v1/databases/25e974f3-b388-8106-8f81-fc2cfc62e0c4
  response:
    content: '{"object":"database","id":"25e974f3-b388-8106-8f81-fc2cfc62e0c4","cover":null,"icon":null,"created_time":"2025-08-29T13:33:00.000Z","created_by":{"object":"user","id":"645e79dd-3e43-40de-9d51-39357c1c427f"},"last_edited_by":{"object":"user","id":"645e79dd-3e43-40de-9d51-39357c1c427f"},"last_edited_time":"2025-08-29T13:33:00.000Z","title":[{"type":"text","text":{"content":"Add/Del/Update
      Prop-Test","link":null},"annotations":{"bold":false,"italic":false,"strikethrough":false,"underline":false,"code":false,"color":"default"},"plain_text":"Add/Del/Update
      Prop-Test","href":null}],"description":[{"type":"text","text":{"content":"Schema
      for testing adding, deleting and updating properties","link":null},"annotations":{"bold":false,"italic":false,"strikethrough":false,"underline":false,"code":false,"color":"default"},"plain_text":"Schema
      for testing adding, deleting and updating properties","href":null}],"is_inline":false,"properties":{"Relation":{"id":"SshT","name":"Relation","description":null,"type":"relation","relation":{"database_id":"25e974f3-b388-81e6-977e-de627b75b036","data_source_id":"25e974f3-b388-8192-a63b-000bb8866268","type":"dual_property","dual_property":{"synced_property_name":"Back
      Relation","synced_property_id":"JFVu"}}},"Date":{"id":"TgE%3C","name":"Date","description":null,"type":"date","date":{}},"Category":{"id":"bb%5E%3E","name":"Category","description":null,"type":"select","select":{"options":[{"id":"6e0fa383-a14d-4b3f-b7dd-d2df86148623","name":"Cat1","color":"default","description":null},{"id":"92633ae9-4430-43ed-8a38-d97d16958607","name":"Cat2","color":"red","description":null}]}},"Name":{"id":"title","name":"Name","description":null,"type":"title","title":{}}},"parent":{"type":"page_id","page_id":"5f505199-b292-4713-920b-61d813bf72a3"},"url":"https://www.notion.so/25e974f3b38881068f81fc2cfc62e0c4","public_url":null,"archived":false,"in_trash":false,"request_id":"df0fe3c1-154e-421a-bd15-aafd1efdeaaa"}'
    headers:
      CF-Cache-Status:
      - DYNAMIC
      CF-Ray:
      - 976c6c013cf70ecf-FRA
      Connection:
      - keep-alive
      Content-Encoding:
      - gzip
      Content-Type:
      - application/json; charset=utf-8
      Server:
      - cloudflare
      Strict-Transport-Security:
      - max-age=31536000; includeSubDomains; preload
      Transfer-Encoding:
      - chunked
      Vary:
      - Accept-Encoding
      alt-svc:
      - h3=":443"; ma=86400
      content-security-policy:
      - default-src 'none'
      referrer-policy:
      - strict-origin-when-cross-origin
      x-content-type-options:
      - nosniff
      x-dns-prefetch-control:
      - 'off'
      x-download-options:
      - noopen
      x-frame-options:
      - SAMEORIGIN
      x-notion-request-id:
      - df0fe3c1-154e-421a-bd15-aafd1efdeaaa
      x-permitted-cross-domain-policies:
      - none
      x-xss-protection:
      - '0'
    http_version: HTTP/1.1
    status_code: 200
- request:
    body: '{"properties":{"Number":{"type":"formula","formula":{"expression":"prop(\"Name\")
      + \"!\""}}}}'
    headers:
      accept:
      - '*/*'
      accept-encoding:
      - gzip, deflate
      authorization:
      - secret...
      connection:
      - keep-alive
      content-length:
      - '94'
      content-type:
      - application/json
      cookie:
      - secret...
      host:
      - api.notion.com
      notion-version:
      - '2022-06-28'
      user-agent:
      - secret...
    method: PATCH
    uri: https://api.notion.com/v1/databases/25e974f3-b388-8106-8f81-fc2cfc62e0c4
  response:
    content: '{"object":"database","id":"25e974f3-b388-8106-8f81-fc2cfc62e0c4","cover":null,"icon":null,"created_time":"2025-08-29T13:33:00.000Z","created_by":{"object":"user","id":"645e79dd-3e43-40de-9d51-39357c1c427f"},"last_edited_by":{"object":"user","id":"645e79dd-3e43-40de-9d51-39357c1c427f"},"last_edited_time":"2025-08-29T13:33:00.000Z","title":[{"type":"text","text":{"content":"Add/Del/Update
      Prop-Test","link":null},"annotations":{"bold":false,"italic":false,"strikethrough":false,"underline":false,"code":false,"color":"default"},"plain_text":"Add/Del/Update
      Prop-Test","href":null}],"description":[{"type":"text","text":{"content":"Schema
      for testing adding, deleting and updating properties","link":null},"annotations":{"bold":false,"italic":false,"strikethrough":false,"underline":false,"code":false,"color":"default"},"plain_text":"Schema
      for testing adding, deleting and updating properties","href":null}],"is_inline":false,"properties":{"Number":{"id":"MtF_","name":"Number","description":null,"type":"formula","formula":{"expression":"{{notion:block_property:title:00000000-0000-0000-0000-000000000000:5a65efbd-bfb2-4ebe-bb5d-ac95c98fb252}}
      + \"!\""}},"Relation":{"id":"SshT","name":"Relation","description":null,"type":"relation","relation":{"database_id":"25e974f3-b388-81e6-977e-de627b75b036","data_source_id":"25e974f3-b388-8192-a63b-000bb8866268","type":"dual_property","dual_property":{"synced_property_name":"Back
      Relation","synced_property_id":"JFVu"}}},"Date":{"id":"TgE%3C","name":"Date","description":null,"type":"date","date":{}},"Category":{"id":"bb%5E%3E","name":"Category","description":null,"type":"select","select":{"options":[{"id":"6e0fa383-a14d-4b3f-b7dd-d2df86148623","name":"Cat1","color":"default","description":null},{"id":"92633ae9-4430-43ed-8a38-d97d16958607","name":"Cat2","color":"red","description":null}]}},"Name":{"id":"title","name":"Name","description":null,"type":"title","title":{}}},"parent":{"type":"page_id","page_id":"5f505199-b292-4713-920b-61d813bf72a3"},"url":"https://www.notion.so/25e974f3b38881068f81fc2cfc62e0c4","public_url":null,"archived":false,"in_trash":false,"request_id":"cb14380f-3c77-4fc4-b116-26661aeccd50"}'
    headers:
      CF-Cache-Status:
      - DYNAMIC
      CF-Ray:
      - 976c6c0b98c50ecf-FRA
      Connection:
      - keep-alive
      Content-Encoding:
      - gzip
      Content-Type:
      - application/json; charset=utf-8
      Server:
      - cloudflare
      Strict-Transport-Security:
      - max-age=31536000; includeSubDomains; preload
      Transfer-Encoding:
      - chunked
      Vary:
      - Accept-Encoding
      alt-svc:
      - h3=":443"; ma=86400
      content-security-policy:
      - default-src 'none'
      referrer-policy:
      - strict-origin-when-cross-origin
      x-content-type-options:
      - nosniff
      x-dns-prefetch-control:
      - 'off'
      x-download-options:
      - noopen
      x-frame-options:
      - SAMEORIGIN
      x-notion-request-id:
      - cb14380f-3c77-4fc4-b116-26661aeccd50
      x-permitted-cross-domain-policies:
      - none
      x-xss-protection:
      - '0'
    http_version: HTTP/1.1
    status_code: 200
- request:
    body: ''
    headers:
      accept:
      - '*/*'
      accept-encoding:
      - gzip, deflate
      authorization:
      - secret...
      connection:
      - keep-alive
      cookie:
      - secret...
      host:
      - api.notion.com
      notion-version:
      - '2022-06-28'
      user-agent:
      - secret...
    method: GET
    uri: https://api.notion.com/v1/databases/25e974f3-b388-8106-8f81-fc2cfc62e0c4
  response:
    content: '{"object":"database","id":"25e974f3-b388-8106-8f81-fc2cfc62e0c4","cover":null,"icon":null,"created_time":"2025-08-29T13:33:00.000Z","created_by":{"object":"user","id":"645e79dd-3e43-40de-9d51-39357c1c427f"},"last_edited_by":{"object":"user","id":"645e79dd-3e43-40de-9d51-39357c1c427f"},"last_edited_time":"2025-08-29T13:33:00.000Z","title":[{"type":"text","text":{"content":"Add/Del/Update
      Prop-Test","link":null},"annotations":{"bold":false,"italic":false,"strikethrough":false,"underline":false,"code":false,"color":"default"},"plain_text":"Add/Del/Update
      Prop-Test","href":null}],"description":[{"type":"text","text":{"content":"Schema
      for testing adding, deleting and updating properties","link":null},"annotations":{"bold":false,"italic":false,"strikethrough":false,"underline":false,"code":false,"color":"default"},"plain_text":"Schema
      for testing adding, deleting and updating properties","href":null}],"is_inline":false,"properties":{"Number":{"id":"MtF_","name":"Number","description":null,"type":"formula","formula":{"expression":"{{notion:block_property:title:00000000-0000-0000-0000-000000000000:5a65efbd-bfb2-4ebe-bb5d-ac95c98fb252}}
      + \"!\""}},"Relation":{"id":"SshT","name":"Relation","description":null,"type":"relation","relation":{"database_id":"25e974f3-b388-81e6-977e-de627b75b036","data_source_id":"25e974f3-b388-8192-a63b-000bb8866268","type":"dual_property","dual_property":{"synced_property_name":"Back
      Relation","synced_property_id":"JFVu"}}},"Date":{"id":"TgE%3C","name":"Date","description":null,"type":"date","date":{}},"Category":{"id":"bb%5E%3E","name":"Category","description":null,"type":"select","select":{"options":[{"id":"6e0fa383-a14d-4b3f-b7dd-d2df86148623","name":"Cat1","color":"default","description":null},{"id":"92633ae9-4430-43ed-8a38-d97d16958607","name":"Cat2","color":"red","description":null}]}},"Name":{"id":"title","name":"Name","description":null,"type":"title","title":{}}},"parent":{"type":"page_id","page_id":"5f505199-b292-4713-920b-61d813bf72a3"},"url":"https://www.notion.so/25e974f3b38881068f81fc2cfc62e0c4","public_url":null,"archived":false,"in_trash":false,"request_id":"0e8deed8-9822-4ac9-82fd-96e10c867c11"}'
    headers:
      CF-Cache-Status:
      - DYNAMIC
      CF-Ray:
      - 976c6c0efefe0ecf-FRA
      Connection:
      - keep-alive
      Content-Encoding:
      - gzip
      Content-Type:
      - application/json; charset=utf-8
      Server:
      - cloudflare
      Strict-Transport-Security:
      - max-age=31536000; includeSubDomains; preload
      Transfer-Encoding:
      - chunked
      Vary:
      - Accept-Encoding
      alt-svc:
      - h3=":443"; ma=86400
      content-security-policy:
      - default-src 'none'
      referrer-policy:
      - strict-origin-when-cross-origin
      x-content-type-options:
      - nosniff
      x-dns-prefetch-control:
      - 'off'
      x-download-options:
      - noopen
      x-frame-options:
      - SAMEORIGIN
      x-notion-request-id:
      - 0e8deed8-9822-4ac9-82fd-96e10c867c11
      x-permitted-cross-domain-policies:
      - none
      x-xss-protection:
      - '0'
    http_version: HTTP/1.1
    status_code: 200
- request:
    body: '{"properties":{"Number":null}}'
    headers:
      accept:
      - '*/*'
      accept-encoding:
      - gzip, deflate
      authorization:
      - secret...
      connection:
      - keep-alive
      content-length:
      - '30'
      content-type:
      - application/json
      cookie:
      - secret...
      host:
      - api.notion.com
      notion-version:
      - '2022-06-28'
      user-agent:
      - secret...
    method: PATCH
    uri: https://api.notion.com/v1/databases/25e974f3-b388-8106-8f81-fc2cfc62e0c4
  response:
    content: '{"object":"database","id":"25e974f3-b388-8106-8f81-fc2cfc62e0c4","cover":null,"icon":null,"created_time":"2025-08-29T13:33:00.000Z","created_by":{"object":"user","id":"645e79dd-3e43-40de-9d51-39357c1c427f"},"last_edited_by":{"object":"user","id":"645e79dd-3e43-40de-9d51-39357c1c427f"},"last_edited_time":"2025-08-29T13:33:00.000Z","title":[{"type":"text","text":{"content":"Add/Del/Update
      Prop-Test","link":null},"annotations":{"bold":false,"italic":false,"strikethrough":false,"underline":false,"code":false,"color":"default"},"plain_text":"Add/Del/Update
      Prop-Test","href":null}],"description":[{"type":"text","text":{"content":"Schema
      for testing adding, deleting and updating properties","link":null},"annotations":{"bold":false,"italic":false,"strikethrough":false,"underline":false,"code":false,"color":"default"},"plain_text":"Schema
      for testing adding, deleting and updating properties","href":null}],"is_inline":false,"properties":{"Relation":{"id":"SshT","name":"Relation","description":null,"type":"relation","relation":{"database_id":"25e974f3-b388-81e6-977e-de627b75b036","data_source_id":"25e974f3-b388-8192-a63b-000bb8866268","type":"dual_property","dual_property":{"synced_property_name":"Back
      Relation","synced_property_id":"JFVu"}}},"Date":{"id":"TgE%3C","name":"Date","description":null,"type":"date","date":{}},"Category":{"id":"bb%5E%3E","name":"Category","description":null,"type":"select","select":{"options":[{"id":"6e0fa383-a14d-4b3f-b7dd-d2df86148623","name":"Cat1","color":"default","description":null},{"id":"92633ae9-4430-43ed-8a38-d97d16958607","name":"Cat2","color":"red","description":null}]}},"Name":{"id":"title","name":"Name","description":null,"type":"title","title":{}}},"parent":{"type":"page_id","page_id":"5f505199-b292-4713-920b-61d813bf72a3"},"url":"https://www.notion.so/25e974f3b38881068f81fc2cfc62e0c4","public_url":null,"archived":false,"in_trash":false,"request_id":"3af301d9-df81-4b4a-8e8f-64ae1ea674af"}'
    headers:
      CF-Cache-Status:
      - DYNAMIC
      CF-Ray:
      - 976c6c10aa5e0ecf-FRA
      Connection:
      - keep-alive
      Content-Encoding:
      - gzip
      Content-Type:
      - application/json; charset=utf-8
      Server:
      - cloudflare
      Strict-Transport-Security:
      - max-age=31536000; includeSubDomains; preload
      Transfer-Encoding:
      - chunked
      Vary:
      - Accept-Encoding
      alt-svc:
      - h3=":443"; ma=86400
      content-security-policy:
      - default-src 'none'
      referrer-policy:
      - strict-origin-when-cross-origin
      x-content-type-options:
      - nosniff
      x-dns-prefetch-control:
      - 'off'
      x-download-options:
      - noopen
      x-frame-options:
      - SAMEORIGIN
      x-notion-request-id:
      - 3af301d9-df81-4b4a-8e8f-64ae1ea674af
      x-permitted-cross-domain-policies:
      - none
      x-xss-protection:
      - '0'
    http_version: HTTP/1.1
    status_code: 200
- request:
    body: '{"properties":{"Number":{"type":"number","number":{"format":"percent"}}}}'
    headers:
      accept:
      - '*/*'
      accept-encoding:
      - gzip, deflate
      authorization:
      - secret...
      connection:
      - keep-alive
      content-length:
      - '73'
      content-type:
      - application/json
      cookie:
      - secret...
      host:
      - api.notion.com
      notion-version:
      - '2022-06-28'
      user-agent:
      - secret...
    method: PATCH
    uri: https://api.notion.com/v1/databases/25e974f3-b388-8106-8f81-fc2cfc62e0c4
  response:
    content: '{"object":"database","id":"25e974f3-b388-8106-8f81-fc2cfc62e0c4","cover":null,"icon":null,"created_time":"2025-08-29T13:33:00.000Z","created_by":{"object":"user","id":"645e79dd-3e43-40de-9d51-39357c1c427f"},"last_edited_by":{"object":"user","id":"645e79dd-3e43-40de-9d51-39357c1c427f"},"last_edited_time":"2025-08-29T13:33:00.000Z","title":[{"type":"text","text":{"content":"Add/Del/Update
      Prop-Test","link":null},"annotations":{"bold":false,"italic":false,"strikethrough":false,"underline":false,"code":false,"color":"default"},"plain_text":"Add/Del/Update
      Prop-Test","href":null}],"description":[{"type":"text","text":{"content":"Schema
      for testing adding, deleting and updating properties","link":null},"annotations":{"bold":false,"italic":false,"strikethrough":false,"underline":false,"code":false,"color":"default"},"plain_text":"Schema
      for testing adding, deleting and updating properties","href":null}],"is_inline":false,"properties":{"Number":{"id":"GGSj","name":"Number","description":null,"type":"number","number":{"format":"percent"}},"Relation":{"id":"SshT","name":"Relation","description":null,"type":"relation","relation":{"database_id":"25e974f3-b388-81e6-977e-de627b75b036","data_source_id":"25e974f3-b388-8192-a63b-000bb8866268","type":"dual_property","dual_property":{"synced_property_name":"Back
      Relation","synced_property_id":"JFVu"}}},"Date":{"id":"TgE%3C","name":"Date","description":null,"type":"date","date":{}},"Category":{"id":"bb%5E%3E","name":"Category","description":null,"type":"select","select":{"options":[{"id":"6e0fa383-a14d-4b3f-b7dd-d2df86148623","name":"Cat1","color":"default","description":null},{"id":"92633ae9-4430-43ed-8a38-d97d16958607","name":"Cat2","color":"red","description":null}]}},"Name":{"id":"title","name":"Name","description":null,"type":"title","title":{}}},"parent":{"type":"page_id","page_id":"5f505199-b292-4713-920b-61d813bf72a3"},"url":"https://www.notion.so/25e974f3b38881068f81fc2cfc62e0c4","public_url":null,"archived":false,"in_trash":false,"request_id":"e415595c-8008-4430-a83e-32ac541eadf8"}'
    headers:
      CF-Cache-Status:
      - DYNAMIC
      CF-Ray:
      - 976c6c1489d40ecf-FRA
      Connection:
      - keep-alive
      Content-Encoding:
      - gzip
      Content-Type:
      - application/json; charset=utf-8
      Server:
      - cloudflare
      Strict-Transport-Security:
      - max-age=31536000; includeSubDomains; preload
      Transfer-Encoding:
      - chunked
      Vary:
      - Accept-Encoding
      alt-svc:
      - h3=":443"; ma=86400
      content-security-policy:
      - default-src 'none'
      referrer-policy:
      - strict-origin-when-cross-origin
      x-content-type-options:
      - nosniff
      x-dns-prefetch-control:
      - 'off'
      x-download-options:
      - noopen
      x-frame-options:
      - SAMEORIGIN
      x-notion-request-id:
      - e415595c-8008-4430-a83e-32ac541eadf8
      x-permitted-cross-domain-policies:
      - none
      x-xss-protection:
      - '0'
    http_version: HTTP/1.1
    status_code: 200
- request:
    body: ''
    headers:
      accept:
      - '*/*'
      accept-encoding:
      - gzip, deflate
      authorization:
      - secret...
      connection:
      - keep-alive
      cookie:
      - secret...
      host:
      - api.notion.com
      notion-version:
      - '2022-06-28'
      user-agent:
      - secret...
    method: GET
    uri: https://api.notion.com/v1/databases/25e974f3-b388-8106-8f81-fc2cfc62e0c4
  response:
    content: '{"object":"database","id":"25e974f3-b388-8106-8f81-fc2cfc62e0c4","cover":null,"icon":null,"created_time":"2025-08-29T13:33:00.000Z","created_by":{"object":"user","id":"645e79dd-3e43-40de-9d51-39357c1c427f"},"last_edited_by":{"object":"user","id":"645e79dd-3e43-40de-9d51-39357c1c427f"},"last_edited_time":"2025-08-29T13:33:00.000Z","title":[{"type":"text","text":{"content":"Add/Del/Update
      Prop-Test","link":null},"annotations":{"bold":false,"italic":false,"strikethrough":false,"underline":false,"code":false,"color":"default"},"plain_text":"Add/Del/Update
      Prop-Test","href":null}],"description":[{"type":"text","text":{"content":"Schema
      for testing adding, deleting and updating properties","link":null},"annotations":{"bold":false,"italic":false,"strikethrough":false,"underline":false,"code":false,"color":"default"},"plain_text":"Schema
      for testing adding, deleting and updating properties","href":null}],"is_inline":false,"properties":{"Number":{"id":"GGSj","name":"Number","description":null,"type":"number","number":{"format":"percent"}},"Relation":{"id":"SshT","name":"Relation","description":null,"type":"relation","relation":{"database_id":"25e974f3-b388-81e6-977e-de627b75b036","data_source_id":"25e974f3-b388-8192-a63b-000bb8866268","type":"dual_property","dual_property":{"synced_property_name":"Back
      Relation","synced_property_id":"JFVu"}}},"Date":{"id":"TgE%3C","name":"Date","description":null,"type":"date","date":{}},"Category":{"id":"bb%5E%3E","name":"Category","description":null,"type":"select","select":{"options":[{"id":"6e0fa383-a14d-4b3f-b7dd-d2df86148623","name":"Cat1","color":"default","description":null},{"id":"92633ae9-4430-43ed-8a38-d97d16958607","name":"Cat2","color":"red","description":null}]}},"Name":{"id":"title","name":"Name","description":null,"type":"title","title":{}}},"parent":{"type":"page_id","page_id":"5f505199-b292-4713-920b-61d813bf72a3"},"url":"https://www.notion.so/25e974f3b38881068f81fc2cfc62e0c4","public_url":null,"archived":false,"in_trash":false,"request_id":"d1c30538-bcda-44b3-adb5-a273fc8196a9"}'
    headers:
      CF-Cache-Status:
      - DYNAMIC
      CF-Ray:
      - 976c6c1849ed0ecf-FRA
      Connection:
      - keep-alive
      Content-Encoding:
      - gzip
      Content-Type:
      - application/json; charset=utf-8
      Server:
      - cloudflare
      Strict-Transport-Security:
      - max-age=31536000; includeSubDomains; preload
      Transfer-Encoding:
      - chunked
      Vary:
      - Accept-Encoding
      alt-svc:
      - h3=":443"; ma=86400
      content-security-policy:
      - default-src 'none'
      referrer-policy:
      - strict-origin-when-cross-origin
      x-content-type-options:
      - nosniff
      x-dns-prefetch-control:
      - 'off'
      x-download-options:
      - noopen
      x-frame-options:
      - SAMEORIGIN
      x-notion-request-id:
      - d1c30538-bcda-44b3-adb5-a273fc8196a9
      x-permitted-cross-domain-policies:
      - none
      x-xss-protection:
      - '0'
    http_version: HTTP/1.1
    status_code: 200
version: 1
