interactions:
- request:
    body: '{"parent": {"type": "page_id", "page_id": "5f505199-b292-4713-920b-61d813bf72a3"},
      "title": [{"type": "text", "plain_text": "Schema A", "annotations": {"bold":
      false, "italic": false, "strikethrough": false, "underline": false, "code":
      false}, "text": {"content": "Schema A"}}], "properties": {"Name": {"type": "title",
      "title": {}}}, "is_inline": false}'
    headers:
      accept:
      - '*/*'
      accept-encoding:
      - gzip, deflate
      authorization:
      - secret...
      connection:
      - keep-alive
      content-length:
      - '323'
      content-type:
      - application/json
      cookie:
      - secret...
      host:
      - api.notion.com
      notion-version:
      - '2022-06-28'
      user-agent:
      - secret...
    method: POST
    uri: https://api.notion.com/v1/databases
  response:
    content: '{"object":"database","id":"277974f3-b388-81de-99b0-f5c645558867","cover":null,"icon":null,"created_time":"2025-09-23T09:06:00.000Z","created_by":{"object":"user","id":"645e79dd-3e43-40de-9d51-39357c1c427f"},"last_edited_by":{"object":"user","id":"645e79dd-3e43-40de-9d51-39357c1c427f"},"last_edited_time":"2025-09-23T09:06:00.000Z","title":[{"type":"text","text":{"content":"Schema
      A","link":null},"annotations":{"bold":false,"italic":false,"strikethrough":false,"underline":false,"code":false,"color":"default"},"plain_text":"Schema
      A","href":null}],"description":[],"is_inline":false,"properties":{"Name":{"id":"title","name":"Name","description":null,"type":"title","title":{}}},"parent":{"type":"page_id","page_id":"5f505199-b292-4713-920b-61d813bf72a3"},"url":"https://www.notion.so/277974f3b38881de99b0f5c645558867","public_url":null,"archived":false,"in_trash":false,"request_id":"e0c36860-ee08-4cad-b793-bcc66f40e24b"}'
    headers:
      CF-Cache-Status:
      - DYNAMIC
      CF-Ray:
      - 9838e39fd9498fd7-FRA
      Connection:
      - keep-alive
      Content-Encoding:
      - gzip
      Content-Type:
      - application/json; charset=utf-8
      Server:
      - cloudflare
      Set-Cookie:
      - __cf_bm=ck75tUjDFFT4x9iWI70cCCNpn4OrUux8DI1E_M3LDbg-1758618420-1.0.1.1-1nSXXcx31my7NZgVD2tuRNiX89Jo_r1z66tmpAfU71X.GGWhYA.ynz9eA7Tqiv3qplMNb.dYKUlEErFDyyNaC7rsXKTgq__WonpD9GeCX_o;
        path=/; expires=Tue, 23-Sep-25 09:37:00 GMT; domain=.notion.com; HttpOnly;
        Secure; SameSite=None
      Strict-Transport-Security:
      - max-age=31536000; includeSubDomains; preload
      Transfer-Encoding:
      - chunked
      Vary:
      - Accept-Encoding
      alt-svc:
      - h3=":443"; ma=86400
      content-security-policy:
      - default-src 'none'
      referrer-policy:
      - strict-origin-when-cross-origin
      x-content-type-options:
      - nosniff
      x-dns-prefetch-control:
      - 'off'
      x-download-options:
      - noopen
      x-frame-options:
      - SAMEORIGIN
      x-notion-request-id:
      - e0c36860-ee08-4cad-b793-bcc66f40e24b
      x-permitted-cross-domain-policies:
      - none
      x-xss-protection:
      - '0'
    http_version: HTTP/1.1
    status_code: 200
- request:
    body: '{"description":[{"type":"text","plain_text":"Only used to create relations
      in Schema B","annotations":{"bold":false,"italic":false,"strikethrough":false,"underline":false,"code":false},"text":{"content":"Only
      used to create relations in Schema B"}}]}'
    headers:
      accept:
      - '*/*'
      accept-encoding:
      - gzip, deflate
      authorization:
      - secret...
      connection:
      - keep-alive
      content-length:
      - '250'
      content-type:
      - application/json
      cookie:
      - secret...
      host:
      - api.notion.com
      notion-version:
      - '2022-06-28'
      user-agent:
      - secret...
    method: PATCH
    uri: https://api.notion.com/v1/databases/277974f3-b388-81de-99b0-f5c645558867
  response:
    content: '{"object":"database","id":"277974f3-b388-81de-99b0-f5c645558867","cover":null,"icon":null,"created_time":"2025-09-23T09:06:00.000Z","created_by":{"object":"user","id":"645e79dd-3e43-40de-9d51-39357c1c427f"},"last_edited_by":{"object":"user","id":"645e79dd-3e43-40de-9d51-39357c1c427f"},"last_edited_time":"2025-09-23T09:07:00.000Z","title":[{"type":"text","text":{"content":"Schema
      A","link":null},"annotations":{"bold":false,"italic":false,"strikethrough":false,"underline":false,"code":false,"color":"default"},"plain_text":"Schema
      A","href":null}],"description":[{"type":"text","text":{"content":"Only used
      to create relations in Schema B","link":null},"annotations":{"bold":false,"italic":false,"strikethrough":false,"underline":false,"code":false,"color":"default"},"plain_text":"Only
      used to create relations in Schema B","href":null}],"is_inline":false,"properties":{"Name":{"id":"title","name":"Name","description":null,"type":"title","title":{}}},"parent":{"type":"page_id","page_id":"5f505199-b292-4713-920b-61d813bf72a3"},"url":"https://www.notion.so/277974f3b38881de99b0f5c645558867","public_url":null,"archived":false,"in_trash":false,"request_id":"d654bc55-9427-4902-aea8-701181d28f4a"}'
    headers:
      CF-Cache-Status:
      - DYNAMIC
      CF-Ray:
      - 9838e3a83db58fd7-FRA
      Connection:
      - keep-alive
      Content-Encoding:
      - gzip
      Content-Type:
      - application/json; charset=utf-8
      Server:
      - cloudflare
      Strict-Transport-Security:
      - max-age=31536000; includeSubDomains; preload
      Transfer-Encoding:
      - chunked
      Vary:
      - Accept-Encoding
      alt-svc:
      - h3=":443"; ma=86400
      content-security-policy:
      - default-src 'none'
      referrer-policy:
      - strict-origin-when-cross-origin
      x-content-type-options:
      - nosniff
      x-dns-prefetch-control:
      - 'off'
      x-download-options:
      - noopen
      x-frame-options:
      - SAMEORIGIN
      x-notion-request-id:
      - d654bc55-9427-4902-aea8-701181d28f4a
      x-permitted-cross-domain-policies:
      - none
      x-xss-protection:
      - '0'
    http_version: HTTP/1.1
    status_code: 200
- request:
    body: '{"parent": {"type": "page_id", "page_id": "5f505199-b292-4713-920b-61d813bf72a3"},
      "title": [{"type": "text", "plain_text": "Schema B", "annotations": {"bold":
      false, "italic": false, "strikethrough": false, "underline": false, "code":
      false}, "text": {"content": "Schema B"}}], "properties": {"Checkbox": {"type":
      "checkbox", "checkbox": {}}, "Created by": {"type": "created_by", "created_by":
      {}}, "Created time": {"type": "created_time", "created_time": {}}, "Date": {"type":
      "date", "date": {}}, "Email": {"type": "email", "email": {}}, "Files": {"type":
      "files", "files": {}}, "Formula": {"type": "formula", "formula": {"expression":
      "prop(\"Number\") * 2"}}, "Last edited by": {"type": "last_edited_by", "last_edited_by":
      {}}, "Last edited time": {"type": "last_edited_time", "last_edited_time": {}},
      "Multi-select": {"type": "multi_select", "multi_select": {"options": [{"name":
      "Option1"}, {"name": "Option2", "color": "red"}]}}, "Number": {"type": "number",
      "number": {"format": "dollar"}}, "People": {"type": "people", "people": {}},
      "Phone number": {"type": "phone_number", "phone_number": {}}, "Relation": {"type":
      "relation", "relation": {"type": "single_property", "database_id": "277974f3-b388-81de-99b0-f5c645558867",
      "single_property": {}}}, "Relation two-way": {"type": "relation", "relation":
      {"type": "dual_property", "database_id": "277974f3-b388-81de-99b0-f5c645558867",
      "dual_property": {}}}, "Rollup": {"type": "rollup", "rollup": {"function": "count",
      "relation_property_name": "Relation", "rollup_property_name": "Name"}}, "Select":
      {"type": "select", "select": {"options": [{"name": "Option1"}, {"name": "Option2",
      "color": "red"}]}}, "Text": {"type": "rich_text", "rich_text": {}}, "Title":
      {"type": "title", "title": {}}, "URL": {"type": "url", "url": {}}}, "is_inline":
      false}'
    headers:
      accept:
      - '*/*'
      accept-encoding:
      - gzip, deflate
      authorization:
      - secret...
      connection:
      - keep-alive
      content-length:
      - '1651'
      content-type:
      - application/json
      cookie:
      - secret...
      host:
      - api.notion.com
      notion-version:
      - '2022-06-28'
      user-agent:
      - secret...
    method: POST
    uri: https://api.notion.com/v1/databases
  response:
    content: '{"object":"database","id":"277974f3-b388-817e-bc7f-d7a614cc1faa","cover":null,"icon":null,"created_time":"2025-09-23T09:07:00.000Z","created_by":{"object":"user","id":"645e79dd-3e43-40de-9d51-39357c1c427f"},"last_edited_by":{"object":"user","id":"645e79dd-3e43-40de-9d51-39357c1c427f"},"last_edited_time":"2025-09-23T09:07:00.000Z","title":[{"type":"text","text":{"content":"Schema
      B","link":null},"annotations":{"bold":false,"italic":false,"strikethrough":false,"underline":false,"code":false,"color":"default"},"plain_text":"Schema
      B","href":null}],"description":[],"is_inline":false,"properties":{"Last edited
      by":{"id":"%3D%5E%3A%7C","name":"Last edited by","description":null,"type":"last_edited_by","last_edited_by":{}},"Rollup":{"id":"CXA%3E","name":"Rollup","description":null,"type":"rollup","rollup":{"rollup_property_name":"Name","relation_property_name":"Relation","rollup_property_id":"title","relation_property_id":"\\O_O","function":"count"}},"Text":{"id":"GWU_","name":"Text","description":null,"type":"rich_text","rich_text":{}},"Phone
      number":{"id":"LDXY","name":"Phone number","description":null,"type":"phone_number","phone_number":{}},"Formula":{"id":"UPZK","name":"Formula","description":null,"type":"formula","formula":{"expression":"{{notion:block_property:tou%3E:00000000-0000-0000-0000-000000000000:5a65efbd-bfb2-4ebe-bb5d-ac95c98fb252}}
      * 2"}},"Created time":{"id":"WRNX","name":"Created time","description":null,"type":"created_time","created_time":{}},"Email":{"id":"WS%40A","name":"Email","description":null,"type":"email","email":{}},"Relation":{"id":"%5CO_O","name":"Relation","description":null,"type":"relation","relation":{"database_id":"277974f3-b388-81de-99b0-f5c645558867","data_source_id":"277974f3-b388-814a-93ec-000b2a48f7aa","type":"single_property","single_property":{}}},"Date":{"id":"%60%3EEt","name":"Date","description":null,"type":"date","date":{}},"Files":{"id":"fFI%40","name":"Files","description":null,"type":"files","files":{}},"Created
      by":{"id":"f~tS","name":"Created by","description":null,"type":"created_by","created_by":{}},"Multi-select":{"id":"gGnJ","name":"Multi-select","description":null,"type":"multi_select","multi_select":{"options":[{"id":"89b8f0f2-be2a-46a6-a538-2812d26297bf","name":"Option1","color":"default","description":null},{"id":"ef719513-a764-4b96-af15-9fde4c5737c5","name":"Option2","color":"red","description":null}]}},"Select":{"id":"gOrL","name":"Select","description":null,"type":"select","select":{"options":[{"id":"b92a47b7-2e64-4151-b5aa-f911d09a7ee4","name":"Option1","color":"default","description":null},{"id":"1c882023-a4c8-4fb0-aa6d-5dc80a79787d","name":"Option2","color":"red","description":null}]}},"Relation
      two-way":{"id":"hcJn","name":"Relation two-way","description":null,"type":"relation","relation":{"database_id":"277974f3-b388-81de-99b0-f5c645558867","data_source_id":"277974f3-b388-814a-93ec-000b2a48f7aa","type":"dual_property","dual_property":{"synced_property_name":"Related
      to Schema B (Relation two-way)","synced_property_id":"cLin"}}},"Last edited
      time":{"id":"jNgV","name":"Last edited time","description":null,"type":"last_edited_time","last_edited_time":{}},"People":{"id":"jj%3C%3A","name":"People","description":null,"type":"people","people":{}},"Number":{"id":"tou%3E","name":"Number","description":null,"type":"number","number":{"format":"dollar"}},"URL":{"id":"vl%5CC","name":"URL","description":null,"type":"url","url":{}},"Checkbox":{"id":"w%7CiA","name":"Checkbox","description":null,"type":"checkbox","checkbox":{}},"Title":{"id":"title","name":"Title","description":null,"type":"title","title":{}}},"parent":{"type":"page_id","page_id":"5f505199-b292-4713-920b-61d813bf72a3"},"url":"https://www.notion.so/277974f3b388817ebc7fd7a614cc1faa","public_url":null,"archived":false,"in_trash":false,"request_id":"31d40fd9-f6de-4926-aebd-a72845aab757"}'
    headers:
      CF-Cache-Status:
      - DYNAMIC
      CF-Ray:
      - 9838e3ad48058fd7-FRA
      Connection:
      - keep-alive
      Content-Encoding:
      - gzip
      Content-Type:
      - application/json; charset=utf-8
      Server:
      - cloudflare
      Strict-Transport-Security:
      - max-age=31536000; includeSubDomains; preload
      Transfer-Encoding:
      - chunked
      Vary:
      - Accept-Encoding
      alt-svc:
      - h3=":443"; ma=86400
      content-security-policy:
      - default-src 'none'
      referrer-policy:
      - strict-origin-when-cross-origin
      x-content-type-options:
      - nosniff
      x-dns-prefetch-control:
      - 'off'
      x-download-options:
      - noopen
      x-frame-options:
      - SAMEORIGIN
      x-notion-request-id:
      - 31d40fd9-f6de-4926-aebd-a72845aab757
      x-permitted-cross-domain-policies:
      - none
      x-xss-protection:
      - '0'
    http_version: HTTP/1.1
    status_code: 200
- request:
    body: '{"description":[{"type":"text","plain_text":"Actual interesting schema/db","annotations":{"bold":false,"italic":false,"strikethrough":false,"underline":false,"code":false},"text":{"content":"Actual
      interesting schema/db"}}]}'
    headers:
      accept:
      - '*/*'
      accept-encoding:
      - gzip, deflate
      authorization:
      - secret...
      connection:
      - keep-alive
      content-length:
      - '224'
      content-type:
      - application/json
      cookie:
      - secret...
      host:
      - api.notion.com
      notion-version:
      - '2022-06-28'
      user-agent:
      - secret...
    method: PATCH
    uri: https://api.notion.com/v1/databases/277974f3-b388-817e-bc7f-d7a614cc1faa
  response:
    content: '{"object":"database","id":"277974f3-b388-817e-bc7f-d7a614cc1faa","cover":null,"icon":null,"created_time":"2025-09-23T09:07:00.000Z","created_by":{"object":"user","id":"645e79dd-3e43-40de-9d51-39357c1c427f"},"last_edited_by":{"object":"user","id":"645e79dd-3e43-40de-9d51-39357c1c427f"},"last_edited_time":"2025-09-23T09:07:00.000Z","title":[{"type":"text","text":{"content":"Schema
      B","link":null},"annotations":{"bold":false,"italic":false,"strikethrough":false,"underline":false,"code":false,"color":"default"},"plain_text":"Schema
      B","href":null}],"description":[{"type":"text","text":{"content":"Actual interesting
      schema/db","link":null},"annotations":{"bold":false,"italic":false,"strikethrough":false,"underline":false,"code":false,"color":"default"},"plain_text":"Actual
      interesting schema/db","href":null}],"is_inline":false,"properties":{"Last edited
      by":{"id":"%3D%5E%3A%7C","name":"Last edited by","description":null,"type":"last_edited_by","last_edited_by":{}},"Rollup":{"id":"CXA%3E","name":"Rollup","description":null,"type":"rollup","rollup":{"rollup_property_name":"Name","relation_property_name":"Relation","rollup_property_id":"title","relation_property_id":"\\O_O","function":"count"}},"Text":{"id":"GWU_","name":"Text","description":null,"type":"rich_text","rich_text":{}},"Phone
      number":{"id":"LDXY","name":"Phone number","description":null,"type":"phone_number","phone_number":{}},"Formula":{"id":"UPZK","name":"Formula","description":null,"type":"formula","formula":{"expression":"{{notion:block_property:tou%3E:00000000-0000-0000-0000-000000000000:5a65efbd-bfb2-4ebe-bb5d-ac95c98fb252}}
      * 2"}},"Created time":{"id":"WRNX","name":"Created time","description":null,"type":"created_time","created_time":{}},"Email":{"id":"WS%40A","name":"Email","description":null,"type":"email","email":{}},"Relation":{"id":"%5CO_O","name":"Relation","description":null,"type":"relation","relation":{"database_id":"277974f3-b388-81de-99b0-f5c645558867","data_source_id":"277974f3-b388-814a-93ec-000b2a48f7aa","type":"single_property","single_property":{}}},"Date":{"id":"%60%3EEt","name":"Date","description":null,"type":"date","date":{}},"Files":{"id":"fFI%40","name":"Files","description":null,"type":"files","files":{}},"Created
      by":{"id":"f~tS","name":"Created by","description":null,"type":"created_by","created_by":{}},"Multi-select":{"id":"gGnJ","name":"Multi-select","description":null,"type":"multi_select","multi_select":{"options":[{"id":"89b8f0f2-be2a-46a6-a538-2812d26297bf","name":"Option1","color":"default","description":null},{"id":"ef719513-a764-4b96-af15-9fde4c5737c5","name":"Option2","color":"red","description":null}]}},"Select":{"id":"gOrL","name":"Select","description":null,"type":"select","select":{"options":[{"id":"b92a47b7-2e64-4151-b5aa-f911d09a7ee4","name":"Option1","color":"default","description":null},{"id":"1c882023-a4c8-4fb0-aa6d-5dc80a79787d","name":"Option2","color":"red","description":null}]}},"Relation
      two-way":{"id":"hcJn","name":"Relation two-way","description":null,"type":"relation","relation":{"database_id":"277974f3-b388-81de-99b0-f5c645558867","data_source_id":"277974f3-b388-814a-93ec-000b2a48f7aa","type":"dual_property","dual_property":{"synced_property_name":"Related
      to Schema B (Relation two-way)","synced_property_id":"cLin"}}},"Last edited
      time":{"id":"jNgV","name":"Last edited time","description":null,"type":"last_edited_time","last_edited_time":{}},"People":{"id":"jj%3C%3A","name":"People","description":null,"type":"people","people":{}},"Number":{"id":"tou%3E","name":"Number","description":null,"type":"number","number":{"format":"dollar"}},"URL":{"id":"vl%5CC","name":"URL","description":null,"type":"url","url":{}},"Checkbox":{"id":"w%7CiA","name":"Checkbox","description":null,"type":"checkbox","checkbox":{}},"Title":{"id":"title","name":"Title","description":null,"type":"title","title":{}}},"parent":{"type":"page_id","page_id":"5f505199-b292-4713-920b-61d813bf72a3"},"url":"https://www.notion.so/277974f3b388817ebc7fd7a614cc1faa","public_url":null,"archived":false,"in_trash":false,"request_id":"205c4f48-49fe-41c5-9c39-4709093d19b9"}'
    headers:
      CF-Cache-Status:
      - DYNAMIC
      CF-Ray:
      - 9838e3b60c0a8fd7-FRA
      Connection:
      - keep-alive
      Content-Encoding:
      - gzip
      Content-Type:
      - application/json; charset=utf-8
      Server:
      - cloudflare
      Strict-Transport-Security:
      - max-age=31536000; includeSubDomains; preload
      Transfer-Encoding:
      - chunked
      Vary:
      - Accept-Encoding
      alt-svc:
      - h3=":443"; ma=86400
      content-security-policy:
      - default-src 'none'
      referrer-policy:
      - strict-origin-when-cross-origin
      x-content-type-options:
      - nosniff
      x-dns-prefetch-control:
      - 'off'
      x-download-options:
      - noopen
      x-frame-options:
      - SAMEORIGIN
      x-notion-request-id:
      - 205c4f48-49fe-41c5-9c39-4709093d19b9
      x-permitted-cross-domain-policies:
      - none
      x-xss-protection:
      - '0'
    http_version: HTTP/1.1
    status_code: 200
- request:
    body: '{"properties":{"cLin":{"name":"Relation"}}}'
    headers:
      accept:
      - '*/*'
      accept-encoding:
      - gzip, deflate
      authorization:
      - secret...
      connection:
      - keep-alive
      content-length:
      - '43'
      content-type:
      - application/json
      cookie:
      - secret...
      host:
      - api.notion.com
      notion-version:
      - '2022-06-28'
      user-agent:
      - secret...
    method: PATCH
    uri: https://api.notion.com/v1/databases/277974f3-b388-81de-99b0-f5c645558867
  response:
    content: '{"object":"database","id":"277974f3-b388-81de-99b0-f5c645558867","cover":null,"icon":null,"created_time":"2025-09-23T09:06:00.000Z","created_by":{"object":"user","id":"645e79dd-3e43-40de-9d51-39357c1c427f"},"last_edited_by":{"object":"user","id":"645e79dd-3e43-40de-9d51-39357c1c427f"},"last_edited_time":"2025-09-23T09:07:00.000Z","title":[{"type":"text","text":{"content":"Schema
      A","link":null},"annotations":{"bold":false,"italic":false,"strikethrough":false,"underline":false,"code":false,"color":"default"},"plain_text":"Schema
      A","href":null}],"description":[{"type":"text","text":{"content":"Only used
      to create relations in Schema B","link":null},"annotations":{"bold":false,"italic":false,"strikethrough":false,"underline":false,"code":false,"color":"default"},"plain_text":"Only
      used to create relations in Schema B","href":null}],"is_inline":false,"properties":{"Relation":{"id":"cLin","name":"Relation","description":null,"type":"relation","relation":{"database_id":"277974f3-b388-817e-bc7f-d7a614cc1faa","data_source_id":"277974f3-b388-8181-9842-000b4022af3c","type":"dual_property","dual_property":{"synced_property_name":"Relation
      two-way","synced_property_id":"hcJn"}}},"Name":{"id":"title","name":"Name","description":null,"type":"title","title":{}}},"parent":{"type":"page_id","page_id":"5f505199-b292-4713-920b-61d813bf72a3"},"url":"https://www.notion.so/277974f3b38881de99b0f5c645558867","public_url":null,"archived":false,"in_trash":false,"request_id":"358b28dc-4806-44ee-b3a3-792dfb19ad9f"}'
    headers:
      CF-Cache-Status:
      - DYNAMIC
      CF-Ray:
      - 9838e3ba8e3c8fd7-FRA
      Connection:
      - keep-alive
      Content-Encoding:
      - gzip
      Content-Type:
      - application/json; charset=utf-8
      Server:
      - cloudflare
      Strict-Transport-Security:
      - max-age=31536000; includeSubDomains; preload
      Transfer-Encoding:
      - chunked
      Vary:
      - Accept-Encoding
      alt-svc:
      - h3=":443"; ma=86400
      content-security-policy:
      - default-src 'none'
      referrer-policy:
      - strict-origin-when-cross-origin
      x-content-type-options:
      - nosniff
      x-dns-prefetch-control:
      - 'off'
      x-download-options:
      - noopen
      x-frame-options:
      - SAMEORIGIN
      x-notion-request-id:
      - 358b28dc-4806-44ee-b3a3-792dfb19ad9f
      x-permitted-cross-domain-policies:
      - none
      x-xss-protection:
      - '0'
    http_version: HTTP/1.1
    status_code: 200
- request:
    body: '{"properties":{}}'
    headers:
      accept:
      - '*/*'
      accept-encoding:
      - gzip, deflate
      authorization:
      - secret...
      connection:
      - keep-alive
      content-length:
      - '17'
      content-type:
      - application/json
      cookie:
      - secret...
      host:
      - api.notion.com
      notion-version:
      - '2022-06-28'
      user-agent:
      - secret...
    method: PATCH
    uri: https://api.notion.com/v1/databases/277974f3-b388-817e-bc7f-d7a614cc1faa
  response:
    content: '{"object":"database","id":"277974f3-b388-817e-bc7f-d7a614cc1faa","cover":null,"icon":null,"created_time":"2025-09-23T09:07:00.000Z","created_by":{"object":"user","id":"645e79dd-3e43-40de-9d51-39357c1c427f"},"last_edited_by":{"object":"user","id":"645e79dd-3e43-40de-9d51-39357c1c427f"},"last_edited_time":"2025-09-23T09:07:00.000Z","title":[{"type":"text","text":{"content":"Schema
      B","link":null},"annotations":{"bold":false,"italic":false,"strikethrough":false,"underline":false,"code":false,"color":"default"},"plain_text":"Schema
      B","href":null}],"description":[{"type":"text","text":{"content":"Actual interesting
      schema/db","link":null},"annotations":{"bold":false,"italic":false,"strikethrough":false,"underline":false,"code":false,"color":"default"},"plain_text":"Actual
      interesting schema/db","href":null}],"is_inline":false,"properties":{"Last edited
      by":{"id":"%3D%5E%3A%7C","name":"Last edited by","description":null,"type":"last_edited_by","last_edited_by":{}},"Rollup":{"id":"CXA%3E","name":"Rollup","description":null,"type":"rollup","rollup":{"rollup_property_name":"Name","relation_property_name":"Relation","rollup_property_id":"title","relation_property_id":"\\O_O","function":"count"}},"Text":{"id":"GWU_","name":"Text","description":null,"type":"rich_text","rich_text":{}},"Phone
      number":{"id":"LDXY","name":"Phone number","description":null,"type":"phone_number","phone_number":{}},"Formula":{"id":"UPZK","name":"Formula","description":null,"type":"formula","formula":{"expression":"{{notion:block_property:tou%3E:00000000-0000-0000-0000-000000000000:5a65efbd-bfb2-4ebe-bb5d-ac95c98fb252}}
      * 2"}},"Created time":{"id":"WRNX","name":"Created time","description":null,"type":"created_time","created_time":{}},"Email":{"id":"WS%40A","name":"Email","description":null,"type":"email","email":{}},"Relation":{"id":"%5CO_O","name":"Relation","description":null,"type":"relation","relation":{"database_id":"277974f3-b388-81de-99b0-f5c645558867","data_source_id":"277974f3-b388-814a-93ec-000b2a48f7aa","type":"single_property","single_property":{}}},"Date":{"id":"%60%3EEt","name":"Date","description":null,"type":"date","date":{}},"Files":{"id":"fFI%40","name":"Files","description":null,"type":"files","files":{}},"Created
      by":{"id":"f~tS","name":"Created by","description":null,"type":"created_by","created_by":{}},"Multi-select":{"id":"gGnJ","name":"Multi-select","description":null,"type":"multi_select","multi_select":{"options":[{"id":"89b8f0f2-be2a-46a6-a538-2812d26297bf","name":"Option1","color":"default","description":null},{"id":"ef719513-a764-4b96-af15-9fde4c5737c5","name":"Option2","color":"red","description":null}]}},"Select":{"id":"gOrL","name":"Select","description":null,"type":"select","select":{"options":[{"id":"b92a47b7-2e64-4151-b5aa-f911d09a7ee4","name":"Option1","color":"default","description":null},{"id":"1c882023-a4c8-4fb0-aa6d-5dc80a79787d","name":"Option2","color":"red","description":null}]}},"Relation
      two-way":{"id":"hcJn","name":"Relation two-way","description":null,"type":"relation","relation":{"database_id":"277974f3-b388-81de-99b0-f5c645558867","data_source_id":"277974f3-b388-814a-93ec-000b2a48f7aa","type":"dual_property","dual_property":{"synced_property_name":"Relation","synced_property_id":"cLin"}}},"Last
      edited time":{"id":"jNgV","name":"Last edited time","description":null,"type":"last_edited_time","last_edited_time":{}},"People":{"id":"jj%3C%3A","name":"People","description":null,"type":"people","people":{}},"Number":{"id":"tou%3E","name":"Number","description":null,"type":"number","number":{"format":"dollar"}},"URL":{"id":"vl%5CC","name":"URL","description":null,"type":"url","url":{}},"Checkbox":{"id":"w%7CiA","name":"Checkbox","description":null,"type":"checkbox","checkbox":{}},"Title":{"id":"title","name":"Title","description":null,"type":"title","title":{}}},"parent":{"type":"page_id","page_id":"5f505199-b292-4713-920b-61d813bf72a3"},"url":"https://www.notion.so/277974f3b388817ebc7fd7a614cc1faa","public_url":null,"archived":false,"in_trash":false,"request_id":"26f783ec-b30b-4819-ba4e-3719c245b0d5"}'
    headers:
      CF-Cache-Status:
      - DYNAMIC
      CF-Ray:
      - 9838e3bdbfaf8fd7-FRA
      Connection:
      - keep-alive
      Content-Encoding:
      - gzip
      Content-Type:
      - application/json; charset=utf-8
      Server:
      - cloudflare
      Strict-Transport-Security:
      - max-age=31536000; includeSubDomains; preload
      Transfer-Encoding:
      - chunked
      Vary:
      - Accept-Encoding
      alt-svc:
      - h3=":443"; ma=86400
      content-security-policy:
      - default-src 'none'
      referrer-policy:
      - strict-origin-when-cross-origin
      x-content-type-options:
      - nosniff
      x-dns-prefetch-control:
      - 'off'
      x-download-options:
      - noopen
      x-frame-options:
      - SAMEORIGIN
      x-notion-request-id:
      - 26f783ec-b30b-4819-ba4e-3719c245b0d5
      x-permitted-cross-domain-policies:
      - none
      x-xss-protection:
      - '0'
    http_version: HTTP/1.1
    status_code: 200
- request:
    body: ''
    headers:
      accept:
      - '*/*'
      accept-encoding:
      - gzip, deflate
      authorization:
      - secret...
      connection:
      - keep-alive
      cookie:
      - secret...
      host:
      - api.notion.com
      notion-version:
      - '2022-06-28'
      user-agent:
      - secret...
    method: GET
    uri: https://api.notion.com/v1/users?page_size=100
  response:
    content: '{"object":"list","results":[{"object":"user","id":"b10cb6df-12ef-44d3-88ad-250168f66322","name":"Florian
      Wilhelm","avatar_url":"https://lh3.googleusercontent.com/a-/AAuE7mBBGq22qnRbLoOSo5zScC4miXci-xi4vELc30G9Aw=s100","type":"person","person":{"email":"florian.wilhelm@gmail.com"}},{"object":"user","id":"645e79dd-3e43-40de-9d51-39357c1c427f","name":"Github
      Unittests","avatar_url":"https://s3-us-west-2.amazonaws.com/public.notion-static.com/975357ac-773b-4ccb-95f5-e3a2a6cef61f/GitHub-Mark-120px-plus.png","type":"bot","bot":{"owner":{"type":"workspace","workspace":true},"workspace_name":"GitHub
      Unittests","workspace_limits":{"max_file_upload_size_in_bytes":5368709120}}}],"next_cursor":null,"has_more":false,"type":"user","user":{},"request_id":"77087c1e-68b8-45a2-91c2-cb37e8ad21cc"}'
    headers:
      CF-Cache-Status:
      - DYNAMIC
      CF-Ray:
      - 9838e3c0893f8fd7-FRA
      Connection:
      - keep-alive
      Content-Encoding:
      - gzip
      Content-Type:
      - application/json; charset=utf-8
      Server:
      - cloudflare
      Strict-Transport-Security:
      - max-age=31536000; includeSubDomains; preload
      Transfer-Encoding:
      - chunked
      Vary:
      - Accept-Encoding
      alt-svc:
      - h3=":443"; ma=86400
      content-security-policy:
      - default-src 'none'
      referrer-policy:
      - strict-origin-when-cross-origin
      x-content-type-options:
      - nosniff
      x-dns-prefetch-control:
      - 'off'
      x-download-options:
      - noopen
      x-frame-options:
      - SAMEORIGIN
      x-notion-request-id:
      - 77087c1e-68b8-45a2-91c2-cb37e8ad21cc
      x-permitted-cross-domain-policies:
      - none
      x-xss-protection:
      - '0'
    http_version: HTTP/1.1
    status_code: 200
- request:
    body: ''
    headers:
      accept:
      - '*/*'
      accept-encoding:
      - gzip, deflate
      authorization:
      - secret...
      connection:
      - keep-alive
      cookie:
      - secret...
      host:
      - api.notion.com
      notion-version:
      - '2022-06-28'
      user-agent:
      - secret...
    method: GET
    uri: https://api.notion.com/v1/users/me
  response:
    content: '{"object":"user","id":"645e79dd-3e43-40de-9d51-39357c1c427f","name":"Github
      Unittests","avatar_url":"https://s3-us-west-2.amazonaws.com/public.notion-static.com/975357ac-773b-4ccb-95f5-e3a2a6cef61f/GitHub-Mark-120px-plus.png","type":"bot","bot":{"owner":{"type":"workspace","workspace":true},"workspace_name":"GitHub
      Unittests","workspace_limits":{"max_file_upload_size_in_bytes":5368709120}},"request_id":"40af3be9-9ad8-4ebf-9dd9-e0b4190777fd"}'
    headers:
      CF-Cache-Status:
      - DYNAMIC
      CF-Ray:
      - 9838e3c40b9e8fd7-FRA
      Connection:
      - keep-alive
      Content-Encoding:
      - gzip
      Content-Type:
      - application/json; charset=utf-8
      Server:
      - cloudflare
      Strict-Transport-Security:
      - max-age=31536000; includeSubDomains; preload
      Transfer-Encoding:
      - chunked
      Vary:
      - Accept-Encoding
      alt-svc:
      - h3=":443"; ma=86400
      content-security-policy:
      - default-src 'none'
      referrer-policy:
      - strict-origin-when-cross-origin
      x-content-type-options:
      - nosniff
      x-dns-prefetch-control:
      - 'off'
      x-download-options:
      - noopen
      x-frame-options:
      - SAMEORIGIN
      x-notion-request-id:
      - 40af3be9-9ad8-4ebf-9dd9-e0b4190777fd
      x-permitted-cross-domain-policies:
      - none
      x-xss-protection:
      - '0'
    http_version: HTTP/1.1
    status_code: 200
- request:
    body: '{"parent": {"type": "database_id", "database_id": "277974f3-b388-81de-99b0-f5c645558867"},
      "properties": {"Name": {"type": "title", "title": [{"type": "text", "plain_text":
      "Item 1", "annotations": {"bold": false, "italic": false, "strikethrough": false,
      "underline": false, "code": false}, "text": {"content": "Item 1"}}]}}}'
    headers:
      accept:
      - '*/*'
      accept-encoding:
      - gzip, deflate
      authorization:
      - secret...
      connection:
      - keep-alive
      content-length:
      - '298'
      content-type:
      - application/json
      cookie:
      - secret...
      host:
      - api.notion.com
      notion-version:
      - '2022-06-28'
      user-agent:
      - secret...
    method: POST
    uri: https://api.notion.com/v1/pages
  response:
    content: '{"object":"page","id":"277974f3-b388-8154-a83d-d9c16b680f80","created_time":"2025-09-23T09:07:00.000Z","last_edited_time":"2025-09-23T09:07:00.000Z","created_by":{"object":"user","id":"645e79dd-3e43-40de-9d51-39357c1c427f"},"last_edited_by":{"object":"user","id":"645e79dd-3e43-40de-9d51-39357c1c427f"},"cover":null,"icon":null,"parent":{"type":"database_id","database_id":"277974f3-b388-81de-99b0-f5c645558867"},"archived":false,"in_trash":false,"is_locked":false,"properties":{"Relation":{"id":"cLin","type":"relation","relation":[],"has_more":false},"Name":{"id":"title","type":"title","title":[{"type":"text","text":{"content":"Item
      1","link":null},"annotations":{"bold":false,"italic":false,"strikethrough":false,"underline":false,"code":false,"color":"default"},"plain_text":"Item
      1","href":null}]}},"url":"https://www.notion.so/Item-1-277974f3b3888154a83dd9c16b680f80","public_url":null,"request_id":"1759c022-fec0-40db-b9cf-b29d8e0770bd"}'
    headers:
      CF-Cache-Status:
      - DYNAMIC
      CF-Ray:
      - 9838e3c75d488fd7-FRA
      Connection:
      - keep-alive
      Content-Encoding:
      - gzip
      Content-Type:
      - application/json; charset=utf-8
      Server:
      - cloudflare
      Strict-Transport-Security:
      - max-age=31536000; includeSubDomains; preload
      Transfer-Encoding:
      - chunked
      Vary:
      - Accept-Encoding
      alt-svc:
      - h3=":443"; ma=86400
      content-security-policy:
      - default-src 'none'
      referrer-policy:
      - strict-origin-when-cross-origin
      x-content-type-options:
      - nosniff
      x-dns-prefetch-control:
      - 'off'
      x-download-options:
      - noopen
      x-frame-options:
      - SAMEORIGIN
      x-notion-request-id:
      - 1759c022-fec0-40db-b9cf-b29d8e0770bd
      x-permitted-cross-domain-policies:
      - none
      x-xss-protection:
      - '0'
    http_version: HTTP/1.1
    status_code: 200
- request:
    body: '{"parent": {"type": "database_id", "database_id": "277974f3-b388-81de-99b0-f5c645558867"},
      "properties": {"Name": {"type": "title", "title": [{"type": "text", "plain_text":
      "Item 2", "annotations": {"bold": false, "italic": false, "strikethrough": false,
      "underline": false, "code": false}, "text": {"content": "Item 2"}}]}}}'
    headers:
      accept:
      - '*/*'
      accept-encoding:
      - gzip, deflate
      authorization:
      - secret...
      connection:
      - keep-alive
      content-length:
      - '298'
      content-type:
      - application/json
      cookie:
      - secret...
      host:
      - api.notion.com
      notion-version:
      - '2022-06-28'
      user-agent:
      - secret...
    method: POST
    uri: https://api.notion.com/v1/pages
  response:
    content: '{"object":"page","id":"277974f3-b388-81db-be08-ca9de9df5f3e","created_time":"2025-09-23T09:07:00.000Z","last_edited_time":"2025-09-23T09:07:00.000Z","created_by":{"object":"user","id":"645e79dd-3e43-40de-9d51-39357c1c427f"},"last_edited_by":{"object":"user","id":"645e79dd-3e43-40de-9d51-39357c1c427f"},"cover":null,"icon":null,"parent":{"type":"database_id","database_id":"277974f3-b388-81de-99b0-f5c645558867"},"archived":false,"in_trash":false,"is_locked":false,"properties":{"Relation":{"id":"cLin","type":"relation","relation":[],"has_more":false},"Name":{"id":"title","type":"title","title":[{"type":"text","text":{"content":"Item
      2","link":null},"annotations":{"bold":false,"italic":false,"strikethrough":false,"underline":false,"code":false,"color":"default"},"plain_text":"Item
      2","href":null}]}},"url":"https://www.notion.so/Item-2-277974f3b38881dbbe08ca9de9df5f3e","public_url":null,"request_id":"8b376187-47d0-445e-bbcc-67732fdf1721"}'
    headers:
      CF-Cache-Status:
      - DYNAMIC
      CF-Ray:
      - 9838e3ca8f3f8fd7-FRA
      Connection:
      - keep-alive
      Content-Encoding:
      - gzip
      Content-Type:
      - application/json; charset=utf-8
      Server:
      - cloudflare
      Strict-Transport-Security:
      - max-age=31536000; includeSubDomains; preload
      Transfer-Encoding:
      - chunked
      Vary:
      - Accept-Encoding
      alt-svc:
      - h3=":443"; ma=86400
      content-security-policy:
      - default-src 'none'
      referrer-policy:
      - strict-origin-when-cross-origin
      x-content-type-options:
      - nosniff
      x-dns-prefetch-control:
      - 'off'
      x-download-options:
      - noopen
      x-frame-options:
      - SAMEORIGIN
      x-notion-request-id:
      - 8b376187-47d0-445e-bbcc-67732fdf1721
      x-permitted-cross-domain-policies:
      - none
      x-xss-protection:
      - '0'
    http_version: HTTP/1.1
    status_code: 200
- request:
    body: '{"parent": {"type": "database_id", "database_id": "277974f3-b388-817e-bc7f-d7a614cc1faa"},
      "properties": {}}'
    headers:
      accept:
      - '*/*'
      accept-encoding:
      - gzip, deflate
      authorization:
      - secret...
      connection:
      - keep-alive
      content-length:
      - '102'
      content-type:
      - application/json
      cookie:
      - secret...
      host:
      - api.notion.com
      notion-version:
      - '2022-06-28'
      user-agent:
      - secret...
    method: POST
    uri: https://api.notion.com/v1/pages
  response:
    content: '{"object":"page","id":"277974f3-b388-818b-9ea4-ca0da5cf59e6","created_time":"2025-09-23T09:07:00.000Z","last_edited_time":"2025-09-23T09:07:00.000Z","created_by":{"object":"user","id":"645e79dd-3e43-40de-9d51-39357c1c427f"},"last_edited_by":{"object":"user","id":"645e79dd-3e43-40de-9d51-39357c1c427f"},"cover":null,"icon":null,"parent":{"type":"database_id","database_id":"277974f3-b388-817e-bc7f-d7a614cc1faa"},"archived":false,"in_trash":false,"is_locked":false,"properties":{"Last
      edited by":{"id":"%3D%5E%3A%7C","type":"last_edited_by","last_edited_by":{"object":"user","id":"645e79dd-3e43-40de-9d51-39357c1c427f","name":"Github
      Unittests","avatar_url":"https://s3-us-west-2.amazonaws.com/public.notion-static.com/975357ac-773b-4ccb-95f5-e3a2a6cef61f/GitHub-Mark-120px-plus.png","type":"bot","bot":{}}},"Rollup":{"id":"CXA%3E","type":"rollup","rollup":{"type":"number","number":null,"function":"count"}},"Text":{"id":"GWU_","type":"rich_text","rich_text":[]},"Phone
      number":{"id":"LDXY","type":"phone_number","phone_number":null},"Formula":{"id":"UPZK","type":"formula","formula":{"type":"number","number":0}},"Created
      time":{"id":"WRNX","type":"created_time","created_time":"2025-09-23T09:07:00.000Z"},"Email":{"id":"WS%40A","type":"email","email":null},"Relation":{"id":"%5CO_O","type":"relation","relation":[],"has_more":false},"Date":{"id":"%60%3EEt","type":"date","date":null},"Files":{"id":"fFI%40","type":"files","files":[]},"Created
      by":{"id":"f~tS","type":"created_by","created_by":{"object":"user","id":"645e79dd-3e43-40de-9d51-39357c1c427f","name":"Github
      Unittests","avatar_url":"https://s3-us-west-2.amazonaws.com/public.notion-static.com/975357ac-773b-4ccb-95f5-e3a2a6cef61f/GitHub-Mark-120px-plus.png","type":"bot","bot":{}}},"Multi-select":{"id":"gGnJ","type":"multi_select","multi_select":[]},"Select":{"id":"gOrL","type":"select","select":null},"Relation
      two-way":{"id":"hcJn","type":"relation","relation":[],"has_more":false},"Last
      edited time":{"id":"jNgV","type":"last_edited_time","last_edited_time":"2025-09-23T09:07:00.000Z"},"People":{"id":"jj%3C%3A","type":"people","people":[]},"Number":{"id":"tou%3E","type":"number","number":null},"URL":{"id":"vl%5CC","type":"url","url":null},"Checkbox":{"id":"w%7CiA","type":"checkbox","checkbox":false},"Title":{"id":"title","type":"title","title":[]}},"url":"https://www.notion.so/277974f3b388818b9ea4ca0da5cf59e6","public_url":null,"request_id":"c18bdf02-724d-45dc-955d-43939b986665"}'
    headers:
      CF-Cache-Status:
      - DYNAMIC
      CF-Ray:
      - 9838e3cdc8d78fd7-FRA
      Connection:
      - keep-alive
      Content-Encoding:
      - gzip
      Content-Type:
      - application/json; charset=utf-8
      Server:
      - cloudflare
      Strict-Transport-Security:
      - max-age=31536000; includeSubDomains; preload
      Transfer-Encoding:
      - chunked
      Vary:
      - Accept-Encoding
      alt-svc:
      - h3=":443"; ma=86400
      content-security-policy:
      - default-src 'none'
      referrer-policy:
      - strict-origin-when-cross-origin
      x-content-type-options:
      - nosniff
      x-dns-prefetch-control:
      - 'off'
      x-download-options:
      - noopen
      x-frame-options:
      - SAMEORIGIN
      x-notion-request-id:
      - c18bdf02-724d-45dc-955d-43939b986665
      x-permitted-cross-domain-policies:
      - none
      x-xss-protection:
      - '0'
    http_version: HTTP/1.1
    status_code: 200
- request:
    body: '{"parent": {"type": "database_id", "database_id": "277974f3-b388-817e-bc7f-d7a614cc1faa"},
      "properties": {"Checkbox": {"type": "checkbox", "checkbox": true}, "Date": {"type":
      "date", "date": {"start": "2021-01-01"}}, "Email": {"type": "email", "email":
      "email@provider.com"}, "Files": {"type": "files", "files": [{"type": "external",
      "name": "My File", "external": {"url": "https://www.google.de/robots.txt"}}]},
      "Multi-select": {"type": "multi_select", "multi_select": [{"name": "Option1"}]},
      "Number": {"type": "number", "number": 42}, "People": {"people": [{"id": "b10cb6df-12ef-44d3-88ad-250168f66322",
      "object": "user"}], "type": "people"}, "Phone number": {"type": "phone_number",
      "phone_number": "+1 234 567 890"}, "Relation": {"type": "relation", "relation":
      [{"id": "277974f3-b388-8154-a83d-d9c16b680f80"}, {"id": "277974f3-b388-81db-be08-ca9de9df5f3e"}],
      "has_more": false}, "Relation two-way": {"type": "relation", "relation": [{"id":
      "277974f3-b388-8154-a83d-d9c16b680f80"}, {"id": "277974f3-b388-81db-be08-ca9de9df5f3e"}],
      "has_more": false}, "Select": {"type": "select", "select": {"name": "Option1"}},
      "Text": {"type": "rich_text", "rich_text": [{"type": "text", "plain_text": "Text",
      "annotations": {"bold": false, "italic": false, "strikethrough": false, "underline":
      false, "code": false}, "text": {"content": "Text"}}]}, "Title": {"type": "title",
      "title": [{"type": "text", "plain_text": "Title", "annotations": {"bold": false,
      "italic": false, "strikethrough": false, "underline": false, "code": false},
      "text": {"content": "Title"}}]}, "URL": {"type": "url", "url": "https://ultimate-notion.com/"}}}'
    headers:
      accept:
      - '*/*'
      accept-encoding:
      - gzip, deflate
      authorization:
      - secret...
      connection:
      - keep-alive
      content-length:
      - '1490'
      content-type:
      - application/json
      cookie:
      - secret...
      host:
      - api.notion.com
      notion-version:
      - '2022-06-28'
      user-agent:
      - secret...
    method: POST
    uri: https://api.notion.com/v1/pages
  response:
    content: '{"object":"page","id":"277974f3-b388-814b-ab9a-f00bcada5cae","created_time":"2025-09-23T09:07:00.000Z","last_edited_time":"2025-09-23T09:07:00.000Z","created_by":{"object":"user","id":"645e79dd-3e43-40de-9d51-39357c1c427f"},"last_edited_by":{"object":"user","id":"645e79dd-3e43-40de-9d51-39357c1c427f"},"cover":null,"icon":null,"parent":{"type":"database_id","database_id":"277974f3-b388-817e-bc7f-d7a614cc1faa"},"archived":false,"in_trash":false,"is_locked":false,"properties":{"Last
      edited by":{"id":"%3D%5E%3A%7C","type":"last_edited_by","last_edited_by":{"object":"user","id":"645e79dd-3e43-40de-9d51-39357c1c427f","name":"Github
      Unittests","avatar_url":"https://s3-us-west-2.amazonaws.com/public.notion-static.com/975357ac-773b-4ccb-95f5-e3a2a6cef61f/GitHub-Mark-120px-plus.png","type":"bot","bot":{}}},"Rollup":{"id":"CXA%3E","type":"rollup","rollup":{"type":"number","number":2,"function":"count"}},"Text":{"id":"GWU_","type":"rich_text","rich_text":[{"type":"text","text":{"content":"Text","link":null},"annotations":{"bold":false,"italic":false,"strikethrough":false,"underline":false,"code":false,"color":"default"},"plain_text":"Text","href":null}]},"Phone
      number":{"id":"LDXY","type":"phone_number","phone_number":"+1 234 567 890"},"Formula":{"id":"UPZK","type":"formula","formula":{"type":"number","number":84}},"Created
      time":{"id":"WRNX","type":"created_time","created_time":"2025-09-23T09:07:00.000Z"},"Email":{"id":"WS%40A","type":"email","email":"email@provider.com"},"Relation":{"id":"%5CO_O","type":"relation","relation":[{"id":"277974f3-b388-8154-a83d-d9c16b680f80"},{"id":"277974f3-b388-81db-be08-ca9de9df5f3e"}],"has_more":false},"Date":{"id":"%60%3EEt","type":"date","date":{"start":"2021-01-01","end":null,"time_zone":null}},"Files":{"id":"fFI%40","type":"files","files":[{"name":"My
      File","type":"external","external":{"url":"https://www.google.de/robots.txt"}}]},"Created
      by":{"id":"f~tS","type":"created_by","created_by":{"object":"user","id":"645e79dd-3e43-40de-9d51-39357c1c427f","name":"Github
      Unittests","avatar_url":"https://s3-us-west-2.amazonaws.com/public.notion-static.com/975357ac-773b-4ccb-95f5-e3a2a6cef61f/GitHub-Mark-120px-plus.png","type":"bot","bot":{}}},"Multi-select":{"id":"gGnJ","type":"multi_select","multi_select":[{"id":"89b8f0f2-be2a-46a6-a538-2812d26297bf","name":"Option1","color":"default"}]},"Select":{"id":"gOrL","type":"select","select":{"id":"b92a47b7-2e64-4151-b5aa-f911d09a7ee4","name":"Option1","color":"default"}},"Relation
      two-way":{"id":"hcJn","type":"relation","relation":[{"id":"277974f3-b388-8154-a83d-d9c16b680f80"},{"id":"277974f3-b388-81db-be08-ca9de9df5f3e"}],"has_more":false},"Last
      edited time":{"id":"jNgV","type":"last_edited_time","last_edited_time":"2025-09-23T09:07:00.000Z"},"People":{"id":"jj%3C%3A","type":"people","people":[{"object":"user","id":"b10cb6df-12ef-44d3-88ad-250168f66322","name":"Florian
      Wilhelm","avatar_url":"https://lh3.googleusercontent.com/a-/AAuE7mBBGq22qnRbLoOSo5zScC4miXci-xi4vELc30G9Aw=s100","type":"person","person":{"email":"florian.wilhelm@gmail.com"}}]},"Number":{"id":"tou%3E","type":"number","number":42},"URL":{"id":"vl%5CC","type":"url","url":"https://ultimate-notion.com/"},"Checkbox":{"id":"w%7CiA","type":"checkbox","checkbox":true},"Title":{"id":"title","type":"title","title":[{"type":"text","text":{"content":"Title","link":null},"annotations":{"bold":false,"italic":false,"strikethrough":false,"underline":false,"code":false,"color":"default"},"plain_text":"Title","href":null}]}},"url":"https://www.notion.so/Title-277974f3b388814bab9af00bcada5cae","public_url":null,"request_id":"96bf3295-dbd6-42d0-96cc-444d07c67b53"}'
    headers:
      CF-Cache-Status:
      - DYNAMIC
      CF-Ray:
      - 9838e3d21abe8fd7-FRA
      Connection:
      - keep-alive
      Content-Encoding:
      - gzip
      Content-Type:
      - application/json; charset=utf-8
      Server:
      - cloudflare
      Strict-Transport-Security:
      - max-age=31536000; includeSubDomains; preload
      Transfer-Encoding:
      - chunked
      Vary:
      - Accept-Encoding
      alt-svc:
      - h3=":443"; ma=86400
      content-security-policy:
      - default-src 'none'
      referrer-policy:
      - strict-origin-when-cross-origin
      x-content-type-options:
      - nosniff
      x-dns-prefetch-control:
      - 'off'
      x-download-options:
      - noopen
      x-frame-options:
      - SAMEORIGIN
      x-notion-request-id:
      - 96bf3295-dbd6-42d0-96cc-444d07c67b53
      x-permitted-cross-domain-policies:
      - none
      x-xss-protection:
      - '0'
    http_version: HTTP/1.1
    status_code: 200
- request:
    body: '{"parent": {"type": "database_id", "database_id": "277974f3-b388-817e-bc7f-d7a614cc1faa"},
      "properties": {"Checkbox": {"type": "checkbox", "checkbox": true}, "Date": {"type":
      "date", "date": {"start": "2021-01-01"}}, "Email": {"type": "email", "email":
      "email@provider.com"}, "Files": {"type": "files", "files": [{"type": "external",
      "name": "My File", "external": {"url": "https://www.google.de/robots.txt"}}]},
      "Multi-select": {"type": "multi_select", "multi_select": [{"name": "Option1"}]},
      "Number": {"type": "number", "number": 42}, "People": {"people": [{"id": "b10cb6df-12ef-44d3-88ad-250168f66322",
      "object": "user"}], "type": "people"}, "Phone number": {"type": "phone_number",
      "phone_number": "+1 234 567 890"}, "Relation": {"type": "relation", "relation":
      [{"id": "277974f3-b388-8154-a83d-d9c16b680f80"}, {"id": "277974f3-b388-81db-be08-ca9de9df5f3e"}],
      "has_more": false}, "Relation two-way": {"type": "relation", "relation": [{"id":
      "277974f3-b388-8154-a83d-d9c16b680f80"}, {"id": "277974f3-b388-81db-be08-ca9de9df5f3e"}],
      "has_more": false}, "Select": {"type": "select", "select": {"name": "Option1"}},
      "Text": {"type": "rich_text", "rich_text": [{"type": "text", "plain_text": "Text",
      "annotations": {"bold": false, "italic": false, "strikethrough": false, "underline":
      false, "code": false}, "text": {"content": "Text"}}]}, "Title": {"type": "title",
      "title": [{"type": "text", "plain_text": "Title", "annotations": {"bold": false,
      "italic": false, "strikethrough": false, "underline": false, "code": false},
      "text": {"content": "Title"}}]}, "URL": {"type": "url", "url": "https://ultimate-notion.com/"}}}'
    headers:
      accept:
      - '*/*'
      accept-encoding:
      - gzip, deflate
      authorization:
      - secret...
      connection:
      - keep-alive
      content-length:
      - '1490'
      content-type:
      - application/json
      cookie:
      - secret...
      host:
      - api.notion.com
      notion-version:
      - '2022-06-28'
      user-agent:
      - secret...
    method: POST
    uri: https://api.notion.com/v1/pages
  response:
    content: '{"object":"page","id":"277974f3-b388-8153-91b5-cb2531cbb074","created_time":"2025-09-23T09:07:00.000Z","last_edited_time":"2025-09-23T09:07:00.000Z","created_by":{"object":"user","id":"645e79dd-3e43-40de-9d51-39357c1c427f"},"last_edited_by":{"object":"user","id":"645e79dd-3e43-40de-9d51-39357c1c427f"},"cover":null,"icon":null,"parent":{"type":"database_id","database_id":"277974f3-b388-817e-bc7f-d7a614cc1faa"},"archived":false,"in_trash":false,"is_locked":false,"properties":{"Last
      edited by":{"id":"%3D%5E%3A%7C","type":"last_edited_by","last_edited_by":{"object":"user","id":"645e79dd-3e43-40de-9d51-39357c1c427f","name":"Github
      Unittests","avatar_url":"https://s3-us-west-2.amazonaws.com/public.notion-static.com/975357ac-773b-4ccb-95f5-e3a2a6cef61f/GitHub-Mark-120px-plus.png","type":"bot","bot":{}}},"Rollup":{"id":"CXA%3E","type":"rollup","rollup":{"type":"number","number":2,"function":"count"}},"Text":{"id":"GWU_","type":"rich_text","rich_text":[{"type":"text","text":{"content":"Text","link":null},"annotations":{"bold":false,"italic":false,"strikethrough":false,"underline":false,"code":false,"color":"default"},"plain_text":"Text","href":null}]},"Phone
      number":{"id":"LDXY","type":"phone_number","phone_number":"+1 234 567 890"},"Formula":{"id":"UPZK","type":"formula","formula":{"type":"number","number":84}},"Created
      time":{"id":"WRNX","type":"created_time","created_time":"2025-09-23T09:07:00.000Z"},"Email":{"id":"WS%40A","type":"email","email":"email@provider.com"},"Relation":{"id":"%5CO_O","type":"relation","relation":[{"id":"277974f3-b388-8154-a83d-d9c16b680f80"},{"id":"277974f3-b388-81db-be08-ca9de9df5f3e"}],"has_more":false},"Date":{"id":"%60%3EEt","type":"date","date":{"start":"2021-01-01","end":null,"time_zone":null}},"Files":{"id":"fFI%40","type":"files","files":[{"name":"My
      File","type":"external","external":{"url":"https://www.google.de/robots.txt"}}]},"Created
      by":{"id":"f~tS","type":"created_by","created_by":{"object":"user","id":"645e79dd-3e43-40de-9d51-39357c1c427f","name":"Github
      Unittests","avatar_url":"https://s3-us-west-2.amazonaws.com/public.notion-static.com/975357ac-773b-4ccb-95f5-e3a2a6cef61f/GitHub-Mark-120px-plus.png","type":"bot","bot":{}}},"Multi-select":{"id":"gGnJ","type":"multi_select","multi_select":[{"id":"89b8f0f2-be2a-46a6-a538-2812d26297bf","name":"Option1","color":"default"}]},"Select":{"id":"gOrL","type":"select","select":{"id":"b92a47b7-2e64-4151-b5aa-f911d09a7ee4","name":"Option1","color":"default"}},"Relation
      two-way":{"id":"hcJn","type":"relation","relation":[{"id":"277974f3-b388-8154-a83d-d9c16b680f80"},{"id":"277974f3-b388-81db-be08-ca9de9df5f3e"}],"has_more":false},"Last
      edited time":{"id":"jNgV","type":"last_edited_time","last_edited_time":"2025-09-23T09:07:00.000Z"},"People":{"id":"jj%3C%3A","type":"people","people":[{"object":"user","id":"b10cb6df-12ef-44d3-88ad-250168f66322","name":"Florian
      Wilhelm","avatar_url":"https://lh3.googleusercontent.com/a-/AAuE7mBBGq22qnRbLoOSo5zScC4miXci-xi4vELc30G9Aw=s100","type":"person","person":{"email":"florian.wilhelm@gmail.com"}}]},"Number":{"id":"tou%3E","type":"number","number":42},"URL":{"id":"vl%5CC","type":"url","url":"https://ultimate-notion.com/"},"Checkbox":{"id":"w%7CiA","type":"checkbox","checkbox":true},"Title":{"id":"title","type":"title","title":[{"type":"text","text":{"content":"Title","link":null},"annotations":{"bold":false,"italic":false,"strikethrough":false,"underline":false,"code":false,"color":"default"},"plain_text":"Title","href":null}]}},"url":"https://www.notion.so/Title-277974f3b388815391b5cb2531cbb074","public_url":null,"request_id":"f2f33913-937f-4f39-84e8-4f3d5bc7b880"}'
    headers:
      CF-Cache-Status:
      - DYNAMIC
      CF-Ray:
      - 9838e3d90df58fd7-FRA
      Connection:
      - keep-alive
      Content-Encoding:
      - gzip
      Content-Type:
      - application/json; charset=utf-8
      Server:
      - cloudflare
      Strict-Transport-Security:
      - max-age=31536000; includeSubDomains; preload
      Transfer-Encoding:
      - chunked
      Vary:
      - Accept-Encoding
      alt-svc:
      - h3=":443"; ma=86400
      content-security-policy:
      - default-src 'none'
      referrer-policy:
      - strict-origin-when-cross-origin
      x-content-type-options:
      - nosniff
      x-dns-prefetch-control:
      - 'off'
      x-download-options:
      - noopen
      x-frame-options:
      - SAMEORIGIN
      x-notion-request-id:
      - f2f33913-937f-4f39-84e8-4f3d5bc7b880
      x-permitted-cross-domain-policies:
      - none
      x-xss-protection:
      - '0'
    http_version: HTTP/1.1
    status_code: 200
- request:
    body: ''
    headers:
      accept:
      - '*/*'
      accept-encoding:
      - gzip, deflate
      authorization:
      - secret...
      connection:
      - keep-alive
      cookie:
      - secret...
      host:
      - api.notion.com
      notion-version:
      - '2022-06-28'
      user-agent:
      - secret...
    method: DELETE
    uri: https://api.notion.com/v1/blocks/277974f3-b388-81de-99b0-f5c645558867
  response:
    content: '{"object":"block","id":"277974f3-b388-81de-99b0-f5c645558867","parent":{"type":"page_id","page_id":"5f505199-b292-4713-920b-61d813bf72a3"},"created_time":"2025-09-23T09:06:00.000Z","last_edited_time":"2025-09-23T09:07:00.000Z","created_by":{"object":"user","id":"645e79dd-3e43-40de-9d51-39357c1c427f"},"last_edited_by":{"object":"user","id":"645e79dd-3e43-40de-9d51-39357c1c427f"},"has_children":false,"archived":true,"in_trash":true,"type":"child_database","child_database":{"title":"Schema
      A"},"request_id":"9308b061-6d76-4179-9577-f48c6a65577d"}'
    headers:
      CF-Cache-Status:
      - DYNAMIC
      CF-Ray:
      - 9838e3dbdf438fd7-FRA
      Connection:
      - keep-alive
      Content-Encoding:
      - gzip
      Content-Type:
      - application/json; charset=utf-8
      Server:
      - cloudflare
      Strict-Transport-Security:
      - max-age=31536000; includeSubDomains; preload
      Transfer-Encoding:
      - chunked
      Vary:
      - Accept-Encoding
      alt-svc:
      - h3=":443"; ma=86400
      content-security-policy:
      - default-src 'none'
      referrer-policy:
      - strict-origin-when-cross-origin
      x-content-type-options:
      - nosniff
      x-dns-prefetch-control:
      - 'off'
      x-download-options:
      - noopen
      x-frame-options:
      - SAMEORIGIN
      x-notion-request-id:
      - 9308b061-6d76-4179-9577-f48c6a65577d
      x-permitted-cross-domain-policies:
      - none
      x-xss-protection:
      - '0'
    http_version: HTTP/1.1
    status_code: 200
- request:
    body: ''
    headers:
      accept:
      - '*/*'
      accept-encoding:
      - gzip, deflate
      authorization:
      - secret...
      connection:
      - keep-alive
      cookie:
      - secret...
      host:
      - api.notion.com
      notion-version:
      - '2022-06-28'
      user-agent:
      - secret...
    method: GET
    uri: https://api.notion.com/v1/pages/5f505199-b292-4713-920b-61d813bf72a3
  response:
    content: '{"object":"page","id":"5f505199-b292-4713-920b-61d813bf72a3","created_time":"2022-08-22T15:47:00.000Z","last_edited_time":"2025-09-23T09:07:00.000Z","created_by":{"object":"user","id":"b10cb6df-12ef-44d3-88ad-250168f66322"},"last_edited_by":{"object":"user","id":"645e79dd-3e43-40de-9d51-39357c1c427f"},"cover":null,"icon":null,"parent":{"type":"workspace","workspace":true},"archived":false,"in_trash":false,"is_locked":false,"properties":{"title":{"id":"title","type":"title","title":[{"type":"text","text":{"content":"Tests","link":null},"annotations":{"bold":false,"italic":false,"strikethrough":false,"underline":false,"code":false,"color":"default"},"plain_text":"Tests","href":null}]}},"url":"https://www.notion.so/Tests-5f505199b2924713920b61d813bf72a3","public_url":null,"request_id":"7ae3d08c-433c-48d5-bdab-dca1ca5b8fd8"}'
    headers:
      CF-Cache-Status:
      - DYNAMIC
      CF-Ray:
      - 9838e3df18c48fd7-FRA
      Connection:
      - keep-alive
      Content-Encoding:
      - gzip
      Content-Type:
      - application/json; charset=utf-8
      Server:
      - cloudflare
      Strict-Transport-Security:
      - max-age=31536000; includeSubDomains; preload
      Transfer-Encoding:
      - chunked
      Vary:
      - Accept-Encoding
      alt-svc:
      - h3=":443"; ma=86400
      content-security-policy:
      - default-src 'none'
      referrer-policy:
      - strict-origin-when-cross-origin
      x-content-type-options:
      - nosniff
      x-dns-prefetch-control:
      - 'off'
      x-download-options:
      - noopen
      x-frame-options:
      - SAMEORIGIN
      x-notion-request-id:
      - 7ae3d08c-433c-48d5-bdab-dca1ca5b8fd8
      x-permitted-cross-domain-policies:
      - none
      x-xss-protection:
      - '0'
    http_version: HTTP/1.1
    status_code: 200
- request:
    body: ''
    headers:
      accept:
      - '*/*'
      accept-encoding:
      - gzip, deflate
      authorization:
      - secret...
      connection:
      - keep-alive
      cookie:
      - secret...
      host:
      - api.notion.com
      notion-version:
      - '2022-06-28'
      user-agent:
      - secret...
    method: DELETE
    uri: https://api.notion.com/v1/blocks/277974f3-b388-817e-bc7f-d7a614cc1faa
  response:
    content: '{"object":"block","id":"277974f3-b388-817e-bc7f-d7a614cc1faa","parent":{"type":"page_id","page_id":"5f505199-b292-4713-920b-61d813bf72a3"},"created_time":"2025-09-23T09:07:00.000Z","last_edited_time":"2025-09-23T09:07:00.000Z","created_by":{"object":"user","id":"645e79dd-3e43-40de-9d51-39357c1c427f"},"last_edited_by":{"object":"user","id":"645e79dd-3e43-40de-9d51-39357c1c427f"},"has_children":false,"archived":true,"in_trash":true,"type":"child_database","child_database":{"title":"Schema
      B"},"request_id":"40faed80-cdea-447f-ae9d-2f5d188f19f3"}'
    headers:
      CF-Cache-Status:
      - DYNAMIC
      CF-Ray:
      - 9838e3e0c9818fd7-FRA
      Connection:
      - keep-alive
      Content-Encoding:
      - gzip
      Content-Type:
      - application/json; charset=utf-8
      Server:
      - cloudflare
      Strict-Transport-Security:
      - max-age=31536000; includeSubDomains; preload
      Transfer-Encoding:
      - chunked
      Vary:
      - Accept-Encoding
      alt-svc:
      - h3=":443"; ma=86400
      content-security-policy:
      - default-src 'none'
      referrer-policy:
      - strict-origin-when-cross-origin
      x-content-type-options:
      - nosniff
      x-dns-prefetch-control:
      - 'off'
      x-download-options:
      - noopen
      x-frame-options:
      - SAMEORIGIN
      x-notion-request-id:
      - 40faed80-cdea-447f-ae9d-2f5d188f19f3
      x-permitted-cross-domain-policies:
      - none
      x-xss-protection:
      - '0'
    http_version: HTTP/1.1
    status_code: 200
version: 1
