interactions:
- request:
    body: '{"parent": {"type": "page_id", "page_id": "5f505199-b292-4713-920b-61d813bf72a3"},
      "title": [{"type": "text", "plain_text": "Add/Del/Update Prop-Test", "annotations":
      {"bold": false, "italic": false, "strikethrough": false, "underline": false,
      "code": false}, "text": {"content": "Add/Del/Update Prop-Test"}}], "properties":
      {"Name": {"type": "title", "title": {}}, "Category": {"type": "select", "select":
      {"options": [{"name": "Cat1", "color": "default"}, {"name": "Cat2", "color":
      "red"}]}}, "Tags": {"type": "multi_select", "multi_select": {"options": [{"name":
      "Cat1", "color": "default"}, {"name": "Cat2", "color": "red"}]}}, "Formula":
      {"type": "formula", "formula": {"expression": "prop(\"Name\")"}}}, "is_inline":
      false}'
    headers:
      accept:
      - '*/*'
      accept-encoding:
      - gzip, deflate
      authorization:
      - secret...
      connection:
      - keep-alive
      content-length:
      - '666'
      content-type:
      - application/json
      cookie:
      - secret...
      host:
      - api.notion.com
      notion-version:
      - '2022-06-28'
      user-agent:
      - secret...
    method: POST
    uri: https://api.notion.com/v1/databases
  response:
    content: '{"object":"database","id":"263974f3-b388-810c-b692-dc44adffc6b2","cover":null,"icon":null,"created_time":"2025-09-03T14:02:00.000Z","created_by":{"object":"user","id":"645e79dd-3e43-40de-9d51-39357c1c427f"},"last_edited_by":{"object":"user","id":"645e79dd-3e43-40de-9d51-39357c1c427f"},"last_edited_time":"2025-09-03T14:02:00.000Z","title":[{"type":"text","text":{"content":"Add/Del/Update
      Prop-Test","link":null},"annotations":{"bold":false,"italic":false,"strikethrough":false,"underline":false,"code":false,"color":"default"},"plain_text":"Add/Del/Update
      Prop-Test","href":null}],"description":[],"is_inline":false,"properties":{"Category":{"id":"Ir%7CD","name":"Category","description":null,"type":"select","select":{"options":[{"id":"c84ab04d-6d52-44cf-b687-1a9813841f71","name":"Cat1","color":"default","description":null},{"id":"a1818bda-2586-47b1-8419-615f58c89a76","name":"Cat2","color":"red","description":null}]}},"Tags":{"id":"v%7Dd%5D","name":"Tags","description":null,"type":"multi_select","multi_select":{"options":[{"id":"4481d43e-c809-481d-a846-14e33183bd19","name":"Cat1","color":"default","description":null},{"id":"d6a8ccf7-f3ae-43f6-a247-d142c5b8e99c","name":"Cat2","color":"red","description":null}]}},"Formula":{"id":"%7CfEd","name":"Formula","description":null,"type":"formula","formula":{"expression":"{{notion:block_property:title:00000000-0000-0000-0000-000000000000:5a65efbd-bfb2-4ebe-bb5d-ac95c98fb252}}"}},"Name":{"id":"title","name":"Name","description":null,"type":"title","title":{}}},"parent":{"type":"page_id","page_id":"5f505199-b292-4713-920b-61d813bf72a3"},"url":"https://www.notion.so/263974f3b388810cb692dc44adffc6b2","public_url":null,"archived":false,"in_trash":false,"request_id":"db677db3-63c7-4a5b-8c68-31149c25dd67"}'
    headers:
      CF-Cache-Status:
      - DYNAMIC
      CF-Ray:
      - 9795c92f181cce9d-FRA
      Connection:
      - keep-alive
      Content-Encoding:
      - gzip
      Content-Type:
      - application/json; charset=utf-8
      Server:
      - cloudflare
      Strict-Transport-Security:
      - max-age=31536000; includeSubDomains; preload
      Transfer-Encoding:
      - chunked
      Vary:
      - Accept-Encoding
      alt-svc:
      - h3=":443"; ma=86400
      content-security-policy:
      - default-src 'none'
      referrer-policy:
      - strict-origin-when-cross-origin
      x-content-type-options:
      - nosniff
      x-dns-prefetch-control:
      - 'off'
      x-download-options:
      - noopen
      x-frame-options:
      - SAMEORIGIN
      x-notion-request-id:
      - db677db3-63c7-4a5b-8c68-31149c25dd67
      x-permitted-cross-domain-policies:
      - none
      x-xss-protection:
      - '0'
    http_version: HTTP/1.1
    status_code: 200
- request:
    body: '{"description":[{"type":"text","plain_text":"Schema for testing adding,
      deleting and updating properties","annotations":{"bold":false,"italic":false,"strikethrough":false,"underline":false,"code":false},"text":{"content":"Schema
      for testing adding, deleting and updating properties"}}]}'
    headers:
      accept:
      - '*/*'
      accept-encoding:
      - gzip, deflate
      authorization:
      - secret...
      connection:
      - keep-alive
      content-length:
      - '286'
      content-type:
      - application/json
      cookie:
      - secret...
      host:
      - api.notion.com
      notion-version:
      - '2022-06-28'
      user-agent:
      - secret...
    method: PATCH
    uri: https://api.notion.com/v1/databases/263974f3-b388-810c-b692-dc44adffc6b2
  response:
    content: '{"object":"database","id":"263974f3-b388-810c-b692-dc44adffc6b2","cover":null,"icon":null,"created_time":"2025-09-03T14:02:00.000Z","created_by":{"object":"user","id":"645e79dd-3e43-40de-9d51-39357c1c427f"},"last_edited_by":{"object":"user","id":"645e79dd-3e43-40de-9d51-39357c1c427f"},"last_edited_time":"2025-09-03T14:02:00.000Z","title":[{"type":"text","text":{"content":"Add/Del/Update
      Prop-Test","link":null},"annotations":{"bold":false,"italic":false,"strikethrough":false,"underline":false,"code":false,"color":"default"},"plain_text":"Add/Del/Update
      Prop-Test","href":null}],"description":[{"type":"text","text":{"content":"Schema
      for testing adding, deleting and updating properties","link":null},"annotations":{"bold":false,"italic":false,"strikethrough":false,"underline":false,"code":false,"color":"default"},"plain_text":"Schema
      for testing adding, deleting and updating properties","href":null}],"is_inline":false,"properties":{"Category":{"id":"Ir%7CD","name":"Category","description":null,"type":"select","select":{"options":[{"id":"c84ab04d-6d52-44cf-b687-1a9813841f71","name":"Cat1","color":"default","description":null},{"id":"a1818bda-2586-47b1-8419-615f58c89a76","name":"Cat2","color":"red","description":null}]}},"Tags":{"id":"v%7Dd%5D","name":"Tags","description":null,"type":"multi_select","multi_select":{"options":[{"id":"4481d43e-c809-481d-a846-14e33183bd19","name":"Cat1","color":"default","description":null},{"id":"d6a8ccf7-f3ae-43f6-a247-d142c5b8e99c","name":"Cat2","color":"red","description":null}]}},"Formula":{"id":"%7CfEd","name":"Formula","description":null,"type":"formula","formula":{"expression":"{{notion:block_property:title:00000000-0000-0000-0000-000000000000:5a65efbd-bfb2-4ebe-bb5d-ac95c98fb252}}"}},"Name":{"id":"title","name":"Name","description":null,"type":"title","title":{}}},"parent":{"type":"page_id","page_id":"5f505199-b292-4713-920b-61d813bf72a3"},"url":"https://www.notion.so/263974f3b388810cb692dc44adffc6b2","public_url":null,"archived":false,"in_trash":false,"request_id":"ca0245e9-2bb3-44bc-9771-25a83f895e3b"}'
    headers:
      CF-Cache-Status:
      - DYNAMIC
      CF-Ray:
      - 9795c9344a3cce9d-FRA
      Connection:
      - keep-alive
      Content-Encoding:
      - gzip
      Content-Type:
      - application/json; charset=utf-8
      Server:
      - cloudflare
      Strict-Transport-Security:
      - max-age=31536000; includeSubDomains; preload
      Transfer-Encoding:
      - chunked
      Vary:
      - Accept-Encoding
      alt-svc:
      - h3=":443"; ma=86400
      content-security-policy:
      - default-src 'none'
      referrer-policy:
      - strict-origin-when-cross-origin
      x-content-type-options:
      - nosniff
      x-dns-prefetch-control:
      - 'off'
      x-download-options:
      - noopen
      x-frame-options:
      - SAMEORIGIN
      x-notion-request-id:
      - ca0245e9-2bb3-44bc-9771-25a83f895e3b
      x-permitted-cross-domain-policies:
      - none
      x-xss-protection:
      - '0'
    http_version: HTTP/1.1
    status_code: 200
- request:
    body: '{"properties":{"Formula":null}}'
    headers:
      accept:
      - '*/*'
      accept-encoding:
      - gzip, deflate
      authorization:
      - secret...
      connection:
      - keep-alive
      content-length:
      - '31'
      content-type:
      - application/json
      cookie:
      - secret...
      host:
      - api.notion.com
      notion-version:
      - '2022-06-28'
      user-agent:
      - secret...
    method: PATCH
    uri: https://api.notion.com/v1/databases/263974f3-b388-810c-b692-dc44adffc6b2
  response:
    content: '{"object":"database","id":"263974f3-b388-810c-b692-dc44adffc6b2","cover":null,"icon":null,"created_time":"2025-09-03T14:02:00.000Z","created_by":{"object":"user","id":"645e79dd-3e43-40de-9d51-39357c1c427f"},"last_edited_by":{"object":"user","id":"645e79dd-3e43-40de-9d51-39357c1c427f"},"last_edited_time":"2025-09-03T14:02:00.000Z","title":[{"type":"text","text":{"content":"Add/Del/Update
      Prop-Test","link":null},"annotations":{"bold":false,"italic":false,"strikethrough":false,"underline":false,"code":false,"color":"default"},"plain_text":"Add/Del/Update
      Prop-Test","href":null}],"description":[{"type":"text","text":{"content":"Schema
      for testing adding, deleting and updating properties","link":null},"annotations":{"bold":false,"italic":false,"strikethrough":false,"underline":false,"code":false,"color":"default"},"plain_text":"Schema
      for testing adding, deleting and updating properties","href":null}],"is_inline":false,"properties":{"Category":{"id":"Ir%7CD","name":"Category","description":null,"type":"select","select":{"options":[{"id":"c84ab04d-6d52-44cf-b687-1a9813841f71","name":"Cat1","color":"default","description":null},{"id":"a1818bda-2586-47b1-8419-615f58c89a76","name":"Cat2","color":"red","description":null}]}},"Tags":{"id":"v%7Dd%5D","name":"Tags","description":null,"type":"multi_select","multi_select":{"options":[{"id":"4481d43e-c809-481d-a846-14e33183bd19","name":"Cat1","color":"default","description":null},{"id":"d6a8ccf7-f3ae-43f6-a247-d142c5b8e99c","name":"Cat2","color":"red","description":null}]}},"Name":{"id":"title","name":"Name","description":null,"type":"title","title":{}}},"parent":{"type":"page_id","page_id":"5f505199-b292-4713-920b-61d813bf72a3"},"url":"https://www.notion.so/263974f3b388810cb692dc44adffc6b2","public_url":null,"archived":false,"in_trash":false,"request_id":"70f7547c-82ad-40c9-9851-e6b4d934425d"}'
    headers:
      CF-Cache-Status:
      - DYNAMIC
      CF-Ray:
      - 9795c94e4f82ce9d-FRA
      Connection:
      - keep-alive
      Content-Encoding:
      - gzip
      Content-Type:
      - application/json; charset=utf-8
      Server:
      - cloudflare
      Strict-Transport-Security:
      - max-age=31536000; includeSubDomains; preload
      Transfer-Encoding:
      - chunked
      Vary:
      - Accept-Encoding
      alt-svc:
      - h3=":443"; ma=86400
      content-security-policy:
      - default-src 'none'
      referrer-policy:
      - strict-origin-when-cross-origin
      x-content-type-options:
      - nosniff
      x-dns-prefetch-control:
      - 'off'
      x-download-options:
      - noopen
      x-frame-options:
      - SAMEORIGIN
      x-notion-request-id:
      - 70f7547c-82ad-40c9-9851-e6b4d934425d
      x-permitted-cross-domain-policies:
      - none
      x-xss-protection:
      - '0'
    http_version: HTTP/1.1
    status_code: 200
- request:
    body: ''
    headers:
      accept:
      - '*/*'
      accept-encoding:
      - gzip, deflate
      authorization:
      - secret...
      connection:
      - keep-alive
      cookie:
      - secret...
      host:
      - api.notion.com
      notion-version:
      - '2022-06-28'
      user-agent:
      - secret...
    method: GET
    uri: https://api.notion.com/v1/databases/263974f3-b388-810c-b692-dc44adffc6b2
  response:
    content: '{"object":"database","id":"263974f3-b388-810c-b692-dc44adffc6b2","cover":null,"icon":null,"created_time":"2025-09-03T14:02:00.000Z","created_by":{"object":"user","id":"645e79dd-3e43-40de-9d51-39357c1c427f"},"last_edited_by":{"object":"user","id":"645e79dd-3e43-40de-9d51-39357c1c427f"},"last_edited_time":"2025-09-03T14:02:00.000Z","title":[{"type":"text","text":{"content":"Add/Del/Update
      Prop-Test","link":null},"annotations":{"bold":false,"italic":false,"strikethrough":false,"underline":false,"code":false,"color":"default"},"plain_text":"Add/Del/Update
      Prop-Test","href":null}],"description":[{"type":"text","text":{"content":"Schema
      for testing adding, deleting and updating properties","link":null},"annotations":{"bold":false,"italic":false,"strikethrough":false,"underline":false,"code":false,"color":"default"},"plain_text":"Schema
      for testing adding, deleting and updating properties","href":null}],"is_inline":false,"properties":{"Category":{"id":"Ir%7CD","name":"Category","description":null,"type":"select","select":{"options":[{"id":"c84ab04d-6d52-44cf-b687-1a9813841f71","name":"Cat1","color":"default","description":null},{"id":"a1818bda-2586-47b1-8419-615f58c89a76","name":"Cat2","color":"red","description":null}]}},"Tags":{"id":"v%7Dd%5D","name":"Tags","description":null,"type":"multi_select","multi_select":{"options":[{"id":"4481d43e-c809-481d-a846-14e33183bd19","name":"Cat1","color":"default","description":null},{"id":"d6a8ccf7-f3ae-43f6-a247-d142c5b8e99c","name":"Cat2","color":"red","description":null}]}},"Name":{"id":"title","name":"Name","description":null,"type":"title","title":{}}},"parent":{"type":"page_id","page_id":"5f505199-b292-4713-920b-61d813bf72a3"},"url":"https://www.notion.so/263974f3b388810cb692dc44adffc6b2","public_url":null,"archived":false,"in_trash":false,"request_id":"b513545e-3fd5-490d-8137-a747b90b2aa2"}'
    headers:
      CF-Cache-Status:
      - DYNAMIC
      CF-Ray:
      - 9795c9540b56ce9d-FRA
      Connection:
      - keep-alive
      Content-Encoding:
      - gzip
      Content-Type:
      - application/json; charset=utf-8
      Server:
      - cloudflare
      Strict-Transport-Security:
      - max-age=31536000; includeSubDomains; preload
      Transfer-Encoding:
      - chunked
      Vary:
      - Accept-Encoding
      alt-svc:
      - h3=":443"; ma=86400
      content-security-policy:
      - default-src 'none'
      referrer-policy:
      - strict-origin-when-cross-origin
      x-content-type-options:
      - nosniff
      x-dns-prefetch-control:
      - 'off'
      x-download-options:
      - noopen
      x-frame-options:
      - SAMEORIGIN
      x-notion-request-id:
      - b513545e-3fd5-490d-8137-a747b90b2aa2
      x-permitted-cross-domain-policies:
      - none
      x-xss-protection:
      - '0'
    http_version: HTTP/1.1
    status_code: 200
- request:
    body: '{"properties":{"Tags":null}}'
    headers:
      accept:
      - '*/*'
      accept-encoding:
      - gzip, deflate
      authorization:
      - secret...
      connection:
      - keep-alive
      content-length:
      - '28'
      content-type:
      - application/json
      cookie:
      - secret...
      host:
      - api.notion.com
      notion-version:
      - '2022-06-28'
      user-agent:
      - secret...
    method: PATCH
    uri: https://api.notion.com/v1/databases/263974f3-b388-810c-b692-dc44adffc6b2
  response:
    content: '{"object":"database","id":"263974f3-b388-810c-b692-dc44adffc6b2","cover":null,"icon":null,"created_time":"2025-09-03T14:02:00.000Z","created_by":{"object":"user","id":"645e79dd-3e43-40de-9d51-39357c1c427f"},"last_edited_by":{"object":"user","id":"645e79dd-3e43-40de-9d51-39357c1c427f"},"last_edited_time":"2025-09-03T14:02:00.000Z","title":[{"type":"text","text":{"content":"Add/Del/Update
      Prop-Test","link":null},"annotations":{"bold":false,"italic":false,"strikethrough":false,"underline":false,"code":false,"color":"default"},"plain_text":"Add/Del/Update
      Prop-Test","href":null}],"description":[{"type":"text","text":{"content":"Schema
      for testing adding, deleting and updating properties","link":null},"annotations":{"bold":false,"italic":false,"strikethrough":false,"underline":false,"code":false,"color":"default"},"plain_text":"Schema
      for testing adding, deleting and updating properties","href":null}],"is_inline":false,"properties":{"Category":{"id":"Ir%7CD","name":"Category","description":null,"type":"select","select":{"options":[{"id":"c84ab04d-6d52-44cf-b687-1a9813841f71","name":"Cat1","color":"default","description":null},{"id":"a1818bda-2586-47b1-8419-615f58c89a76","name":"Cat2","color":"red","description":null}]}},"Name":{"id":"title","name":"Name","description":null,"type":"title","title":{}}},"parent":{"type":"page_id","page_id":"5f505199-b292-4713-920b-61d813bf72a3"},"url":"https://www.notion.so/263974f3b388810cb692dc44adffc6b2","public_url":null,"archived":false,"in_trash":false,"request_id":"b4751c23-a347-401b-9573-3a1ea352b497"}'
    headers:
      CF-Cache-Status:
      - DYNAMIC
      CF-Ray:
      - 9795c955ff15ce9d-FRA
      Connection:
      - keep-alive
      Content-Encoding:
      - gzip
      Content-Type:
      - application/json; charset=utf-8
      Server:
      - cloudflare
      Strict-Transport-Security:
      - max-age=31536000; includeSubDomains; preload
      Transfer-Encoding:
      - chunked
      Vary:
      - Accept-Encoding
      alt-svc:
      - h3=":443"; ma=86400
      content-security-policy:
      - default-src 'none'
      referrer-policy:
      - strict-origin-when-cross-origin
      x-content-type-options:
      - nosniff
      x-dns-prefetch-control:
      - 'off'
      x-download-options:
      - noopen
      x-frame-options:
      - SAMEORIGIN
      x-notion-request-id:
      - b4751c23-a347-401b-9573-3a1ea352b497
      x-permitted-cross-domain-policies:
      - none
      x-xss-protection:
      - '0'
    http_version: HTTP/1.1
    status_code: 200
- request:
    body: ''
    headers:
      accept:
      - '*/*'
      accept-encoding:
      - gzip, deflate
      authorization:
      - secret...
      connection:
      - keep-alive
      cookie:
      - secret...
      host:
      - api.notion.com
      notion-version:
      - '2022-06-28'
      user-agent:
      - secret...
    method: GET
    uri: https://api.notion.com/v1/databases/263974f3-b388-810c-b692-dc44adffc6b2
  response:
    content: '{"object":"database","id":"263974f3-b388-810c-b692-dc44adffc6b2","cover":null,"icon":null,"created_time":"2025-09-03T14:02:00.000Z","created_by":{"object":"user","id":"645e79dd-3e43-40de-9d51-39357c1c427f"},"last_edited_by":{"object":"user","id":"645e79dd-3e43-40de-9d51-39357c1c427f"},"last_edited_time":"2025-09-03T14:02:00.000Z","title":[{"type":"text","text":{"content":"Add/Del/Update
      Prop-Test","link":null},"annotations":{"bold":false,"italic":false,"strikethrough":false,"underline":false,"code":false,"color":"default"},"plain_text":"Add/Del/Update
      Prop-Test","href":null}],"description":[{"type":"text","text":{"content":"Schema
      for testing adding, deleting and updating properties","link":null},"annotations":{"bold":false,"italic":false,"strikethrough":false,"underline":false,"code":false,"color":"default"},"plain_text":"Schema
      for testing adding, deleting and updating properties","href":null}],"is_inline":false,"properties":{"Category":{"id":"Ir%7CD","name":"Category","description":null,"type":"select","select":{"options":[{"id":"c84ab04d-6d52-44cf-b687-1a9813841f71","name":"Cat1","color":"default","description":null},{"id":"a1818bda-2586-47b1-8419-615f58c89a76","name":"Cat2","color":"red","description":null}]}},"Name":{"id":"title","name":"Name","description":null,"type":"title","title":{}}},"parent":{"type":"page_id","page_id":"5f505199-b292-4713-920b-61d813bf72a3"},"url":"https://www.notion.so/263974f3b388810cb692dc44adffc6b2","public_url":null,"archived":false,"in_trash":false,"request_id":"448f844d-dbf5-4830-be14-4a0674df32d3"}'
    headers:
      CF-Cache-Status:
      - DYNAMIC
      CF-Ray:
      - 9795c95a6fe4ce9d-FRA
      Connection:
      - keep-alive
      Content-Encoding:
      - gzip
      Content-Type:
      - application/json; charset=utf-8
      Server:
      - cloudflare
      Strict-Transport-Security:
      - max-age=31536000; includeSubDomains; preload
      Transfer-Encoding:
      - chunked
      Vary:
      - Accept-Encoding
      alt-svc:
      - h3=":443"; ma=86400
      content-security-policy:
      - default-src 'none'
      referrer-policy:
      - strict-origin-when-cross-origin
      x-content-type-options:
      - nosniff
      x-dns-prefetch-control:
      - 'off'
      x-download-options:
      - noopen
      x-frame-options:
      - SAMEORIGIN
      x-notion-request-id:
      - 448f844d-dbf5-4830-be14-4a0674df32d3
      x-permitted-cross-domain-policies:
      - none
      x-xss-protection:
      - '0'
    http_version: HTTP/1.1
    status_code: 200
- request:
    body: '{"properties":{"Number":{"type":"number","number":{"format":"dollar"}}}}'
    headers:
      accept:
      - '*/*'
      accept-encoding:
      - gzip, deflate
      authorization:
      - secret...
      connection:
      - keep-alive
      content-length:
      - '72'
      content-type:
      - application/json
      cookie:
      - secret...
      host:
      - api.notion.com
      notion-version:
      - '2022-06-28'
      user-agent:
      - secret...
    method: PATCH
    uri: https://api.notion.com/v1/databases/263974f3-b388-810c-b692-dc44adffc6b2
  response:
    content: '{"object":"database","id":"263974f3-b388-810c-b692-dc44adffc6b2","cover":null,"icon":null,"created_time":"2025-09-03T14:02:00.000Z","created_by":{"object":"user","id":"645e79dd-3e43-40de-9d51-39357c1c427f"},"last_edited_by":{"object":"user","id":"645e79dd-3e43-40de-9d51-39357c1c427f"},"last_edited_time":"2025-09-03T14:02:00.000Z","title":[{"type":"text","text":{"content":"Add/Del/Update
      Prop-Test","link":null},"annotations":{"bold":false,"italic":false,"strikethrough":false,"underline":false,"code":false,"color":"default"},"plain_text":"Add/Del/Update
      Prop-Test","href":null}],"description":[{"type":"text","text":{"content":"Schema
      for testing adding, deleting and updating properties","link":null},"annotations":{"bold":false,"italic":false,"strikethrough":false,"underline":false,"code":false,"color":"default"},"plain_text":"Schema
      for testing adding, deleting and updating properties","href":null}],"is_inline":false,"properties":{"Category":{"id":"Ir%7CD","name":"Category","description":null,"type":"select","select":{"options":[{"id":"c84ab04d-6d52-44cf-b687-1a9813841f71","name":"Cat1","color":"default","description":null},{"id":"a1818bda-2586-47b1-8419-615f58c89a76","name":"Cat2","color":"red","description":null}]}},"Number":{"id":"KPOl","name":"Number","description":null,"type":"number","number":{"format":"dollar"}},"Name":{"id":"title","name":"Name","description":null,"type":"title","title":{}}},"parent":{"type":"page_id","page_id":"5f505199-b292-4713-920b-61d813bf72a3"},"url":"https://www.notion.so/263974f3b388810cb692dc44adffc6b2","public_url":null,"archived":false,"in_trash":false,"request_id":"adf5e66e-7e3e-4b08-9a25-014f80e28b7d"}'
    headers:
      CF-Cache-Status:
      - DYNAMIC
      CF-Ray:
      - 9795c95c4b53ce9d-FRA
      Connection:
      - keep-alive
      Content-Encoding:
      - gzip
      Content-Type:
      - application/json; charset=utf-8
      Server:
      - cloudflare
      Strict-Transport-Security:
      - max-age=31536000; includeSubDomains; preload
      Transfer-Encoding:
      - chunked
      Vary:
      - Accept-Encoding
      alt-svc:
      - h3=":443"; ma=86400
      content-security-policy:
      - default-src 'none'
      referrer-policy:
      - strict-origin-when-cross-origin
      x-content-type-options:
      - nosniff
      x-dns-prefetch-control:
      - 'off'
      x-download-options:
      - noopen
      x-frame-options:
      - SAMEORIGIN
      x-notion-request-id:
      - adf5e66e-7e3e-4b08-9a25-014f80e28b7d
      x-permitted-cross-domain-policies:
      - none
      x-xss-protection:
      - '0'
    http_version: HTTP/1.1
    status_code: 200
- request:
    body: ''
    headers:
      accept:
      - '*/*'
      accept-encoding:
      - gzip, deflate
      authorization:
      - secret...
      connection:
      - keep-alive
      cookie:
      - secret...
      host:
      - api.notion.com
      notion-version:
      - '2022-06-28'
      user-agent:
      - secret...
    method: GET
    uri: https://api.notion.com/v1/databases/263974f3-b388-810c-b692-dc44adffc6b2
  response:
    content: '{"object":"database","id":"263974f3-b388-810c-b692-dc44adffc6b2","cover":null,"icon":null,"created_time":"2025-09-03T14:02:00.000Z","created_by":{"object":"user","id":"645e79dd-3e43-40de-9d51-39357c1c427f"},"last_edited_by":{"object":"user","id":"645e79dd-3e43-40de-9d51-39357c1c427f"},"last_edited_time":"2025-09-03T14:02:00.000Z","title":[{"type":"text","text":{"content":"Add/Del/Update
      Prop-Test","link":null},"annotations":{"bold":false,"italic":false,"strikethrough":false,"underline":false,"code":false,"color":"default"},"plain_text":"Add/Del/Update
      Prop-Test","href":null}],"description":[{"type":"text","text":{"content":"Schema
      for testing adding, deleting and updating properties","link":null},"annotations":{"bold":false,"italic":false,"strikethrough":false,"underline":false,"code":false,"color":"default"},"plain_text":"Schema
      for testing adding, deleting and updating properties","href":null}],"is_inline":false,"properties":{"Category":{"id":"Ir%7CD","name":"Category","description":null,"type":"select","select":{"options":[{"id":"c84ab04d-6d52-44cf-b687-1a9813841f71","name":"Cat1","color":"default","description":null},{"id":"a1818bda-2586-47b1-8419-615f58c89a76","name":"Cat2","color":"red","description":null}]}},"Number":{"id":"KPOl","name":"Number","description":null,"type":"number","number":{"format":"dollar"}},"Name":{"id":"title","name":"Name","description":null,"type":"title","title":{}}},"parent":{"type":"page_id","page_id":"5f505199-b292-4713-920b-61d813bf72a3"},"url":"https://www.notion.so/263974f3b388810cb692dc44adffc6b2","public_url":null,"archived":false,"in_trash":false,"request_id":"3f03200d-af1d-41bf-af2c-9f83ddfe78de"}'
    headers:
      CF-Cache-Status:
      - DYNAMIC
      CF-Ray:
      - 9795c960dc54ce9d-FRA
      Connection:
      - keep-alive
      Content-Encoding:
      - gzip
      Content-Type:
      - application/json; charset=utf-8
      Server:
      - cloudflare
      Strict-Transport-Security:
      - max-age=31536000; includeSubDomains; preload
      Transfer-Encoding:
      - chunked
      Vary:
      - Accept-Encoding
      alt-svc:
      - h3=":443"; ma=86400
      content-security-policy:
      - default-src 'none'
      referrer-policy:
      - strict-origin-when-cross-origin
      x-content-type-options:
      - nosniff
      x-dns-prefetch-control:
      - 'off'
      x-download-options:
      - noopen
      x-frame-options:
      - SAMEORIGIN
      x-notion-request-id:
      - 3f03200d-af1d-41bf-af2c-9f83ddfe78de
      x-permitted-cross-domain-policies:
      - none
      x-xss-protection:
      - '0'
    http_version: HTTP/1.1
    status_code: 200
- request:
    body: '{"properties":{"Date":{"type":"date","date":{}}}}'
    headers:
      accept:
      - '*/*'
      accept-encoding:
      - gzip, deflate
      authorization:
      - secret...
      connection:
      - keep-alive
      content-length:
      - '49'
      content-type:
      - application/json
      cookie:
      - secret...
      host:
      - api.notion.com
      notion-version:
      - '2022-06-28'
      user-agent:
      - secret...
    method: PATCH
    uri: https://api.notion.com/v1/databases/263974f3-b388-810c-b692-dc44adffc6b2
  response:
    content: '{"object":"database","id":"263974f3-b388-810c-b692-dc44adffc6b2","cover":null,"icon":null,"created_time":"2025-09-03T14:02:00.000Z","created_by":{"object":"user","id":"645e79dd-3e43-40de-9d51-39357c1c427f"},"last_edited_by":{"object":"user","id":"645e79dd-3e43-40de-9d51-39357c1c427f"},"last_edited_time":"2025-09-03T14:02:00.000Z","title":[{"type":"text","text":{"content":"Add/Del/Update
      Prop-Test","link":null},"annotations":{"bold":false,"italic":false,"strikethrough":false,"underline":false,"code":false,"color":"default"},"plain_text":"Add/Del/Update
      Prop-Test","href":null}],"description":[{"type":"text","text":{"content":"Schema
      for testing adding, deleting and updating properties","link":null},"annotations":{"bold":false,"italic":false,"strikethrough":false,"underline":false,"code":false,"color":"default"},"plain_text":"Schema
      for testing adding, deleting and updating properties","href":null}],"is_inline":false,"properties":{"Date":{"id":"Fsrt","name":"Date","description":null,"type":"date","date":{}},"Category":{"id":"Ir%7CD","name":"Category","description":null,"type":"select","select":{"options":[{"id":"c84ab04d-6d52-44cf-b687-1a9813841f71","name":"Cat1","color":"default","description":null},{"id":"a1818bda-2586-47b1-8419-615f58c89a76","name":"Cat2","color":"red","description":null}]}},"Number":{"id":"KPOl","name":"Number","description":null,"type":"number","number":{"format":"dollar"}},"Name":{"id":"title","name":"Name","description":null,"type":"title","title":{}}},"parent":{"type":"page_id","page_id":"5f505199-b292-4713-920b-61d813bf72a3"},"url":"https://www.notion.so/263974f3b388810cb692dc44adffc6b2","public_url":null,"archived":false,"in_trash":false,"request_id":"3599169e-1688-4f22-acc5-a04cf078f065"}'
    headers:
      CF-Cache-Status:
      - DYNAMIC
      CF-Ray:
      - 9795c962ea33ce9d-FRA
      Connection:
      - keep-alive
      Content-Encoding:
      - gzip
      Content-Type:
      - application/json; charset=utf-8
      Server:
      - cloudflare
      Strict-Transport-Security:
      - max-age=31536000; includeSubDomains; preload
      Transfer-Encoding:
      - chunked
      Vary:
      - Accept-Encoding
      alt-svc:
      - h3=":443"; ma=86400
      content-security-policy:
      - default-src 'none'
      referrer-policy:
      - strict-origin-when-cross-origin
      x-content-type-options:
      - nosniff
      x-dns-prefetch-control:
      - 'off'
      x-download-options:
      - noopen
      x-frame-options:
      - SAMEORIGIN
      x-notion-request-id:
      - 3599169e-1688-4f22-acc5-a04cf078f065
      x-permitted-cross-domain-policies:
      - none
      x-xss-protection:
      - '0'
    http_version: HTTP/1.1
    status_code: 200
- request:
    body: ''
    headers:
      accept:
      - '*/*'
      accept-encoding:
      - gzip, deflate
      authorization:
      - secret...
      connection:
      - keep-alive
      cookie:
      - secret...
      host:
      - api.notion.com
      notion-version:
      - '2022-06-28'
      user-agent:
      - secret...
    method: GET
    uri: https://api.notion.com/v1/databases/263974f3-b388-810c-b692-dc44adffc6b2
  response:
    content: '{"object":"database","id":"263974f3-b388-810c-b692-dc44adffc6b2","cover":null,"icon":null,"created_time":"2025-09-03T14:02:00.000Z","created_by":{"object":"user","id":"645e79dd-3e43-40de-9d51-39357c1c427f"},"last_edited_by":{"object":"user","id":"645e79dd-3e43-40de-9d51-39357c1c427f"},"last_edited_time":"2025-09-03T14:02:00.000Z","title":[{"type":"text","text":{"content":"Add/Del/Update
      Prop-Test","link":null},"annotations":{"bold":false,"italic":false,"strikethrough":false,"underline":false,"code":false,"color":"default"},"plain_text":"Add/Del/Update
      Prop-Test","href":null}],"description":[{"type":"text","text":{"content":"Schema
      for testing adding, deleting and updating properties","link":null},"annotations":{"bold":false,"italic":false,"strikethrough":false,"underline":false,"code":false,"color":"default"},"plain_text":"Schema
      for testing adding, deleting and updating properties","href":null}],"is_inline":false,"properties":{"Date":{"id":"Fsrt","name":"Date","description":null,"type":"date","date":{}},"Category":{"id":"Ir%7CD","name":"Category","description":null,"type":"select","select":{"options":[{"id":"c84ab04d-6d52-44cf-b687-1a9813841f71","name":"Cat1","color":"default","description":null},{"id":"a1818bda-2586-47b1-8419-615f58c89a76","name":"Cat2","color":"red","description":null}]}},"Number":{"id":"KPOl","name":"Number","description":null,"type":"number","number":{"format":"dollar"}},"Name":{"id":"title","name":"Name","description":null,"type":"title","title":{}}},"parent":{"type":"page_id","page_id":"5f505199-b292-4713-920b-61d813bf72a3"},"url":"https://www.notion.so/263974f3b388810cb692dc44adffc6b2","public_url":null,"archived":false,"in_trash":false,"request_id":"eabcd32f-1836-4006-b2f4-7c97126bfb00"}'
    headers:
      CF-Cache-Status:
      - DYNAMIC
      CF-Ray:
      - 9795c9656f5ece9d-FRA
      Connection:
      - keep-alive
      Content-Encoding:
      - gzip
      Content-Type:
      - application/json; charset=utf-8
      Server:
      - cloudflare
      Strict-Transport-Security:
      - max-age=31536000; includeSubDomains; preload
      Transfer-Encoding:
      - chunked
      Vary:
      - Accept-Encoding
      alt-svc:
      - h3=":443"; ma=86400
      content-security-policy:
      - default-src 'none'
      referrer-policy:
      - strict-origin-when-cross-origin
      x-content-type-options:
      - nosniff
      x-dns-prefetch-control:
      - 'off'
      x-download-options:
      - noopen
      x-frame-options:
      - SAMEORIGIN
      x-notion-request-id:
      - eabcd32f-1836-4006-b2f4-7c97126bfb00
      x-permitted-cross-domain-policies:
      - none
      x-xss-protection:
      - '0'
    http_version: HTTP/1.1
    status_code: 200
- request:
    body: '{"parent": {"type": "page_id", "page_id": "5f505199-b292-4713-920b-61d813bf72a3"},
      "title": [{"type": "text", "plain_text": "Add/Del/Update Prop-Test", "annotations":
      {"bold": false, "italic": false, "strikethrough": false, "underline": false,
      "code": false}, "text": {"content": "Add/Del/Update Prop-Test"}}], "properties":
      {"Name": {"type": "title", "title": {}}}, "is_inline": false}'
    headers:
      accept:
      - '*/*'
      accept-encoding:
      - gzip, deflate
      authorization:
      - secret...
      connection:
      - keep-alive
      content-length:
      - '355'
      content-type:
      - application/json
      cookie:
      - secret...
      host:
      - api.notion.com
      notion-version:
      - '2022-06-28'
      user-agent:
      - secret...
    method: POST
    uri: https://api.notion.com/v1/databases
  response:
    content: '{"object":"database","id":"263974f3-b388-81d6-8781-d39b927ca55e","cover":null,"icon":null,"created_time":"2025-09-03T14:02:00.000Z","created_by":{"object":"user","id":"645e79dd-3e43-40de-9d51-39357c1c427f"},"last_edited_by":{"object":"user","id":"645e79dd-3e43-40de-9d51-39357c1c427f"},"last_edited_time":"2025-09-03T14:02:00.000Z","title":[{"type":"text","text":{"content":"Add/Del/Update
      Prop-Test","link":null},"annotations":{"bold":false,"italic":false,"strikethrough":false,"underline":false,"code":false,"color":"default"},"plain_text":"Add/Del/Update
      Prop-Test","href":null}],"description":[],"is_inline":false,"properties":{"Name":{"id":"title","name":"Name","description":null,"type":"title","title":{}}},"parent":{"type":"page_id","page_id":"5f505199-b292-4713-920b-61d813bf72a3"},"url":"https://www.notion.so/263974f3b38881d68781d39b927ca55e","public_url":null,"archived":false,"in_trash":false,"request_id":"e000729e-29da-46e5-9486-6807af46b9bf"}'
    headers:
      CF-Cache-Status:
      - DYNAMIC
      CF-Ray:
      - 9795c9673c07ce9d-FRA
      Connection:
      - keep-alive
      Content-Encoding:
      - gzip
      Content-Type:
      - application/json; charset=utf-8
      Server:
      - cloudflare
      Strict-Transport-Security:
      - max-age=31536000; includeSubDomains; preload
      Transfer-Encoding:
      - chunked
      Vary:
      - Accept-Encoding
      alt-svc:
      - h3=":443"; ma=86400
      content-security-policy:
      - default-src 'none'
      referrer-policy:
      - strict-origin-when-cross-origin
      x-content-type-options:
      - nosniff
      x-dns-prefetch-control:
      - 'off'
      x-download-options:
      - noopen
      x-frame-options:
      - SAMEORIGIN
      x-notion-request-id:
      - e000729e-29da-46e5-9486-6807af46b9bf
      x-permitted-cross-domain-policies:
      - none
      x-xss-protection:
      - '0'
    http_version: HTTP/1.1
    status_code: 200
- request:
    body: '{"description":[{"type":"text","plain_text":"Target schema as self-reference
      relations lead to a Notion Internal Server Error 500","annotations":{"bold":false,"italic":false,"strikethrough":false,"underline":false,"code":false},"text":{"content":"Target
      schema as self-reference relations lead to a Notion Internal Server Error 500"}}]}'
    headers:
      accept:
      - '*/*'
      accept-encoding:
      - gzip, deflate
      authorization:
      - secret...
      connection:
      - keep-alive
      content-length:
      - '336'
      content-type:
      - application/json
      cookie:
      - secret...
      host:
      - api.notion.com
      notion-version:
      - '2022-06-28'
      user-agent:
      - secret...
    method: PATCH
    uri: https://api.notion.com/v1/databases/263974f3-b388-81d6-8781-d39b927ca55e
  response:
    content: '{"object":"database","id":"263974f3-b388-81d6-8781-d39b927ca55e","cover":null,"icon":null,"created_time":"2025-09-03T14:02:00.000Z","created_by":{"object":"user","id":"645e79dd-3e43-40de-9d51-39357c1c427f"},"last_edited_by":{"object":"user","id":"645e79dd-3e43-40de-9d51-39357c1c427f"},"last_edited_time":"2025-09-03T14:02:00.000Z","title":[{"type":"text","text":{"content":"Add/Del/Update
      Prop-Test","link":null},"annotations":{"bold":false,"italic":false,"strikethrough":false,"underline":false,"code":false,"color":"default"},"plain_text":"Add/Del/Update
      Prop-Test","href":null}],"description":[{"type":"text","text":{"content":"Target
      schema as self-reference relations lead to a Notion Internal Server Error 500","link":null},"annotations":{"bold":false,"italic":false,"strikethrough":false,"underline":false,"code":false,"color":"default"},"plain_text":"Target
      schema as self-reference relations lead to a Notion Internal Server Error 500","href":null}],"is_inline":false,"properties":{"Name":{"id":"title","name":"Name","description":null,"type":"title","title":{}}},"parent":{"type":"page_id","page_id":"5f505199-b292-4713-920b-61d813bf72a3"},"url":"https://www.notion.so/263974f3b38881d68781d39b927ca55e","public_url":null,"archived":false,"in_trash":false,"request_id":"9e93dd02-7516-4f5c-a5dd-985b2e0aae39"}'
    headers:
      CF-Cache-Status:
      - DYNAMIC
      CF-Ray:
      - 9795c97cf9b8ce9d-FRA
      Connection:
      - keep-alive
      Content-Encoding:
      - gzip
      Content-Type:
      - application/json; charset=utf-8
      Server:
      - cloudflare
      Strict-Transport-Security:
      - max-age=31536000; includeSubDomains; preload
      Transfer-Encoding:
      - chunked
      Vary:
      - Accept-Encoding
      alt-svc:
      - h3=":443"; ma=86400
      content-security-policy:
      - default-src 'none'
      referrer-policy:
      - strict-origin-when-cross-origin
      x-content-type-options:
      - nosniff
      x-dns-prefetch-control:
      - 'off'
      x-download-options:
      - noopen
      x-frame-options:
      - SAMEORIGIN
      x-notion-request-id:
      - 9e93dd02-7516-4f5c-a5dd-985b2e0aae39
      x-permitted-cross-domain-policies:
      - none
      x-xss-protection:
      - '0'
    http_version: HTTP/1.1
    status_code: 200
- request:
    body: '{"properties":{"Relation":{"type":"relation","relation":{"type":"dual_property","database_id":"263974f3-b388-81d6-8781-d39b927ca55e","dual_property":{}}}}}'
    headers:
      accept:
      - '*/*'
      accept-encoding:
      - gzip, deflate
      authorization:
      - secret...
      connection:
      - keep-alive
      content-length:
      - '155'
      content-type:
      - application/json
      cookie:
      - secret...
      host:
      - api.notion.com
      notion-version:
      - '2022-06-28'
      user-agent:
      - secret...
    method: PATCH
    uri: https://api.notion.com/v1/databases/263974f3-b388-810c-b692-dc44adffc6b2
  response:
    content: '{"object":"database","id":"263974f3-b388-810c-b692-dc44adffc6b2","cover":null,"icon":null,"created_time":"2025-09-03T14:02:00.000Z","created_by":{"object":"user","id":"645e79dd-3e43-40de-9d51-39357c1c427f"},"last_edited_by":{"object":"user","id":"645e79dd-3e43-40de-9d51-39357c1c427f"},"last_edited_time":"2025-09-03T14:02:00.000Z","title":[{"type":"text","text":{"content":"Add/Del/Update
      Prop-Test","link":null},"annotations":{"bold":false,"italic":false,"strikethrough":false,"underline":false,"code":false,"color":"default"},"plain_text":"Add/Del/Update
      Prop-Test","href":null}],"description":[{"type":"text","text":{"content":"Schema
      for testing adding, deleting and updating properties","link":null},"annotations":{"bold":false,"italic":false,"strikethrough":false,"underline":false,"code":false,"color":"default"},"plain_text":"Schema
      for testing adding, deleting and updating properties","href":null}],"is_inline":false,"properties":{"Relation":{"id":"CZBC","name":"Relation","description":null,"type":"relation","relation":{"database_id":"263974f3-b388-81d6-8781-d39b927ca55e","data_source_id":"263974f3-b388-81b7-844b-000b2b55dbb8","type":"dual_property","dual_property":{"synced_property_name":"Related
      to Add/Del/Update Prop-Test (Relation)","synced_property_id":"U%40OM"}}},"Date":{"id":"Fsrt","name":"Date","description":null,"type":"date","date":{}},"Category":{"id":"Ir%7CD","name":"Category","description":null,"type":"select","select":{"options":[{"id":"c84ab04d-6d52-44cf-b687-1a9813841f71","name":"Cat1","color":"default","description":null},{"id":"a1818bda-2586-47b1-8419-615f58c89a76","name":"Cat2","color":"red","description":null}]}},"Number":{"id":"KPOl","name":"Number","description":null,"type":"number","number":{"format":"dollar"}},"Name":{"id":"title","name":"Name","description":null,"type":"title","title":{}}},"parent":{"type":"page_id","page_id":"5f505199-b292-4713-920b-61d813bf72a3"},"url":"https://www.notion.so/263974f3b388810cb692dc44adffc6b2","public_url":null,"archived":false,"in_trash":false,"request_id":"6738f993-113b-43e8-b9ac-d92d41172c81"}'
    headers:
      CF-Cache-Status:
      - DYNAMIC
      CF-Ray:
      - 9795c98c79cdce9d-FRA
      Connection:
      - keep-alive
      Content-Encoding:
      - gzip
      Content-Type:
      - application/json; charset=utf-8
      Server:
      - cloudflare
      Strict-Transport-Security:
      - max-age=31536000; includeSubDomains; preload
      Transfer-Encoding:
      - chunked
      Vary:
      - Accept-Encoding
      alt-svc:
      - h3=":443"; ma=86400
      content-security-policy:
      - default-src 'none'
      referrer-policy:
      - strict-origin-when-cross-origin
      x-content-type-options:
      - nosniff
      x-dns-prefetch-control:
      - 'off'
      x-download-options:
      - noopen
      x-frame-options:
      - SAMEORIGIN
      x-notion-request-id:
      - 6738f993-113b-43e8-b9ac-d92d41172c81
      x-permitted-cross-domain-policies:
      - none
      x-xss-protection:
      - '0'
    http_version: HTTP/1.1
    status_code: 200
- request:
    body: ''
    headers:
      accept:
      - '*/*'
      accept-encoding:
      - gzip, deflate
      authorization:
      - secret...
      connection:
      - keep-alive
      cookie:
      - secret...
      host:
      - api.notion.com
      notion-version:
      - '2022-06-28'
      user-agent:
      - secret...
    method: GET
    uri: https://api.notion.com/v1/databases/263974f3-b388-81d6-8781-d39b927ca55e
  response:
    content: '{"object":"database","id":"263974f3-b388-81d6-8781-d39b927ca55e","cover":null,"icon":null,"created_time":"2025-09-03T14:02:00.000Z","created_by":{"object":"user","id":"645e79dd-3e43-40de-9d51-39357c1c427f"},"last_edited_by":{"object":"user","id":"645e79dd-3e43-40de-9d51-39357c1c427f"},"last_edited_time":"2025-09-03T14:02:00.000Z","title":[{"type":"text","text":{"content":"Add/Del/Update
      Prop-Test","link":null},"annotations":{"bold":false,"italic":false,"strikethrough":false,"underline":false,"code":false,"color":"default"},"plain_text":"Add/Del/Update
      Prop-Test","href":null}],"description":[{"type":"text","text":{"content":"Target
      schema as self-reference relations lead to a Notion Internal Server Error 500","link":null},"annotations":{"bold":false,"italic":false,"strikethrough":false,"underline":false,"code":false,"color":"default"},"plain_text":"Target
      schema as self-reference relations lead to a Notion Internal Server Error 500","href":null}],"is_inline":false,"properties":{"Related
      to Add/Del/Update Prop-Test (Relation)":{"id":"U%40OM","name":"Related to Add/Del/Update
      Prop-Test (Relation)","description":null,"type":"relation","relation":{"database_id":"263974f3-b388-810c-b692-dc44adffc6b2","data_source_id":"263974f3-b388-81a6-910f-000bfe8755eb","type":"dual_property","dual_property":{"synced_property_name":"Relation","synced_property_id":"CZBC"}}},"Name":{"id":"title","name":"Name","description":null,"type":"title","title":{}}},"parent":{"type":"page_id","page_id":"5f505199-b292-4713-920b-61d813bf72a3"},"url":"https://www.notion.so/263974f3b38881d68781d39b927ca55e","public_url":null,"archived":false,"in_trash":false,"request_id":"09503707-e949-4e60-9a04-b12fbf4688e7"}'
    headers:
      CF-Cache-Status:
      - DYNAMIC
      CF-Ray:
      - 9795c9b4dc28ce9d-FRA
      Connection:
      - keep-alive
      Content-Encoding:
      - gzip
      Content-Type:
      - application/json; charset=utf-8
      Server:
      - cloudflare
      Strict-Transport-Security:
      - max-age=31536000; includeSubDomains; preload
      Transfer-Encoding:
      - chunked
      Vary:
      - Accept-Encoding
      alt-svc:
      - h3=":443"; ma=86400
      content-security-policy:
      - default-src 'none'
      referrer-policy:
      - strict-origin-when-cross-origin
      x-content-type-options:
      - nosniff
      x-dns-prefetch-control:
      - 'off'
      x-download-options:
      - noopen
      x-frame-options:
      - SAMEORIGIN
      x-notion-request-id:
      - 09503707-e949-4e60-9a04-b12fbf4688e7
      x-permitted-cross-domain-policies:
      - none
      x-xss-protection:
      - '0'
    http_version: HTTP/1.1
    status_code: 200
- request:
    body: '{"properties":{"Related to Add/Del/Update Prop-Test (Relation)":{"name":"Back
      Relation"}}}'
    headers:
      accept:
      - '*/*'
      accept-encoding:
      - gzip, deflate
      authorization:
      - secret...
      connection:
      - keep-alive
      content-length:
      - '90'
      content-type:
      - application/json
      cookie:
      - secret...
      host:
      - api.notion.com
      notion-version:
      - '2022-06-28'
      user-agent:
      - secret...
    method: PATCH
    uri: https://api.notion.com/v1/databases/263974f3-b388-81d6-8781-d39b927ca55e
  response:
    content: '{"object":"database","id":"263974f3-b388-81d6-8781-d39b927ca55e","cover":null,"icon":null,"created_time":"2025-09-03T14:02:00.000Z","created_by":{"object":"user","id":"645e79dd-3e43-40de-9d51-39357c1c427f"},"last_edited_by":{"object":"user","id":"645e79dd-3e43-40de-9d51-39357c1c427f"},"last_edited_time":"2025-09-03T14:03:00.000Z","title":[{"type":"text","text":{"content":"Add/Del/Update
      Prop-Test","link":null},"annotations":{"bold":false,"italic":false,"strikethrough":false,"underline":false,"code":false,"color":"default"},"plain_text":"Add/Del/Update
      Prop-Test","href":null}],"description":[{"type":"text","text":{"content":"Target
      schema as self-reference relations lead to a Notion Internal Server Error 500","link":null},"annotations":{"bold":false,"italic":false,"strikethrough":false,"underline":false,"code":false,"color":"default"},"plain_text":"Target
      schema as self-reference relations lead to a Notion Internal Server Error 500","href":null}],"is_inline":false,"properties":{"Back
      Relation":{"id":"U%40OM","name":"Back Relation","description":null,"type":"relation","relation":{"database_id":"263974f3-b388-810c-b692-dc44adffc6b2","data_source_id":"263974f3-b388-81a6-910f-000bfe8755eb","type":"dual_property","dual_property":{"synced_property_name":"Relation","synced_property_id":"CZBC"}}},"Name":{"id":"title","name":"Name","description":null,"type":"title","title":{}}},"parent":{"type":"page_id","page_id":"5f505199-b292-4713-920b-61d813bf72a3"},"url":"https://www.notion.so/263974f3b38881d68781d39b927ca55e","public_url":null,"archived":false,"in_trash":false,"request_id":"1401d7e1-6d48-4797-b1a7-a142478d08d3"}'
    headers:
      CF-Cache-Status:
      - DYNAMIC
      CF-Ray:
      - 9795c9dfbac5ce9d-FRA
      Connection:
      - keep-alive
      Content-Encoding:
      - gzip
      Content-Type:
      - application/json; charset=utf-8
      Server:
      - cloudflare
      Strict-Transport-Security:
      - max-age=31536000; includeSubDomains; preload
      Transfer-Encoding:
      - chunked
      Vary:
      - Accept-Encoding
      alt-svc:
      - h3=":443"; ma=86400
      content-security-policy:
      - default-src 'none'
      referrer-policy:
      - strict-origin-when-cross-origin
      x-content-type-options:
      - nosniff
      x-dns-prefetch-control:
      - 'off'
      x-download-options:
      - noopen
      x-frame-options:
      - SAMEORIGIN
      x-notion-request-id:
      - 1401d7e1-6d48-4797-b1a7-a142478d08d3
      x-permitted-cross-domain-policies:
      - none
      x-xss-protection:
      - '0'
    http_version: HTTP/1.1
    status_code: 200
- request:
    body: ''
    headers:
      accept:
      - '*/*'
      accept-encoding:
      - gzip, deflate
      authorization:
      - secret...
      connection:
      - keep-alive
      cookie:
      - secret...
      host:
      - api.notion.com
      notion-version:
      - '2022-06-28'
      user-agent:
      - secret...
    method: GET
    uri: https://api.notion.com/v1/databases/263974f3-b388-810c-b692-dc44adffc6b2
  response:
    content: '{"object":"database","id":"263974f3-b388-810c-b692-dc44adffc6b2","cover":null,"icon":null,"created_time":"2025-09-03T14:02:00.000Z","created_by":{"object":"user","id":"645e79dd-3e43-40de-9d51-39357c1c427f"},"last_edited_by":{"object":"user","id":"645e79dd-3e43-40de-9d51-39357c1c427f"},"last_edited_time":"2025-09-03T14:02:00.000Z","title":[{"type":"text","text":{"content":"Add/Del/Update
      Prop-Test","link":null},"annotations":{"bold":false,"italic":false,"strikethrough":false,"underline":false,"code":false,"color":"default"},"plain_text":"Add/Del/Update
      Prop-Test","href":null}],"description":[{"type":"text","text":{"content":"Schema
      for testing adding, deleting and updating properties","link":null},"annotations":{"bold":false,"italic":false,"strikethrough":false,"underline":false,"code":false,"color":"default"},"plain_text":"Schema
      for testing adding, deleting and updating properties","href":null}],"is_inline":false,"properties":{"Relation":{"id":"CZBC","name":"Relation","description":null,"type":"relation","relation":{"database_id":"263974f3-b388-81d6-8781-d39b927ca55e","data_source_id":"263974f3-b388-81b7-844b-000b2b55dbb8","type":"dual_property","dual_property":{"synced_property_name":"Back
      Relation","synced_property_id":"U%40OM"}}},"Date":{"id":"Fsrt","name":"Date","description":null,"type":"date","date":{}},"Category":{"id":"Ir%7CD","name":"Category","description":null,"type":"select","select":{"options":[{"id":"c84ab04d-6d52-44cf-b687-1a9813841f71","name":"Cat1","color":"default","description":null},{"id":"a1818bda-2586-47b1-8419-615f58c89a76","name":"Cat2","color":"red","description":null}]}},"Number":{"id":"KPOl","name":"Number","description":null,"type":"number","number":{"format":"dollar"}},"Name":{"id":"title","name":"Name","description":null,"type":"title","title":{}}},"parent":{"type":"page_id","page_id":"5f505199-b292-4713-920b-61d813bf72a3"},"url":"https://www.notion.so/263974f3b388810cb692dc44adffc6b2","public_url":null,"archived":false,"in_trash":false,"request_id":"0b096057-57da-4a28-9a09-5f72f022c266"}'
    headers:
      CF-Cache-Status:
      - DYNAMIC
      CF-Ray:
      - 9795c9e319c9ce9d-FRA
      Connection:
      - keep-alive
      Content-Encoding:
      - gzip
      Content-Type:
      - application/json; charset=utf-8
      Server:
      - cloudflare
      Strict-Transport-Security:
      - max-age=31536000; includeSubDomains; preload
      Transfer-Encoding:
      - chunked
      Vary:
      - Accept-Encoding
      alt-svc:
      - h3=":443"; ma=86400
      content-security-policy:
      - default-src 'none'
      referrer-policy:
      - strict-origin-when-cross-origin
      x-content-type-options:
      - nosniff
      x-dns-prefetch-control:
      - 'off'
      x-download-options:
      - noopen
      x-frame-options:
      - SAMEORIGIN
      x-notion-request-id:
      - 0b096057-57da-4a28-9a09-5f72f022c266
      x-permitted-cross-domain-policies:
      - none
      x-xss-protection:
      - '0'
    http_version: HTTP/1.1
    status_code: 200
- request:
    body: '{"properties":{"Number":null}}'
    headers:
      accept:
      - '*/*'
      accept-encoding:
      - gzip, deflate
      authorization:
      - secret...
      connection:
      - keep-alive
      content-length:
      - '30'
      content-type:
      - application/json
      cookie:
      - secret...
      host:
      - api.notion.com
      notion-version:
      - '2022-06-28'
      user-agent:
      - secret...
    method: PATCH
    uri: https://api.notion.com/v1/databases/263974f3-b388-810c-b692-dc44adffc6b2
  response:
    content: '{"object":"database","id":"263974f3-b388-810c-b692-dc44adffc6b2","cover":null,"icon":null,"created_time":"2025-09-03T14:02:00.000Z","created_by":{"object":"user","id":"645e79dd-3e43-40de-9d51-39357c1c427f"},"last_edited_by":{"object":"user","id":"645e79dd-3e43-40de-9d51-39357c1c427f"},"last_edited_time":"2025-09-03T14:03:00.000Z","title":[{"type":"text","text":{"content":"Add/Del/Update
      Prop-Test","link":null},"annotations":{"bold":false,"italic":false,"strikethrough":false,"underline":false,"code":false,"color":"default"},"plain_text":"Add/Del/Update
      Prop-Test","href":null}],"description":[{"type":"text","text":{"content":"Schema
      for testing adding, deleting and updating properties","link":null},"annotations":{"bold":false,"italic":false,"strikethrough":false,"underline":false,"code":false,"color":"default"},"plain_text":"Schema
      for testing adding, deleting and updating properties","href":null}],"is_inline":false,"properties":{"Relation":{"id":"CZBC","name":"Relation","description":null,"type":"relation","relation":{"database_id":"263974f3-b388-81d6-8781-d39b927ca55e","data_source_id":"263974f3-b388-81b7-844b-000b2b55dbb8","type":"dual_property","dual_property":{"synced_property_name":"Back
      Relation","synced_property_id":"U%40OM"}}},"Date":{"id":"Fsrt","name":"Date","description":null,"type":"date","date":{}},"Category":{"id":"Ir%7CD","name":"Category","description":null,"type":"select","select":{"options":[{"id":"c84ab04d-6d52-44cf-b687-1a9813841f71","name":"Cat1","color":"default","description":null},{"id":"a1818bda-2586-47b1-8419-615f58c89a76","name":"Cat2","color":"red","description":null}]}},"Name":{"id":"title","name":"Name","description":null,"type":"title","title":{}}},"parent":{"type":"page_id","page_id":"5f505199-b292-4713-920b-61d813bf72a3"},"url":"https://www.notion.so/263974f3b388810cb692dc44adffc6b2","public_url":null,"archived":false,"in_trash":false,"request_id":"20b1365f-e9ef-4d80-8221-c5e73c1dd27e"}'
    headers:
      CF-Cache-Status:
      - DYNAMIC
      CF-Ray:
      - 9795c9e54ebcce9d-FRA
      Connection:
      - keep-alive
      Content-Encoding:
      - gzip
      Content-Type:
      - application/json; charset=utf-8
      Server:
      - cloudflare
      Strict-Transport-Security:
      - max-age=31536000; includeSubDomains; preload
      Transfer-Encoding:
      - chunked
      Vary:
      - Accept-Encoding
      alt-svc:
      - h3=":443"; ma=86400
      content-security-policy:
      - default-src 'none'
      referrer-policy:
      - strict-origin-when-cross-origin
      x-content-type-options:
      - nosniff
      x-dns-prefetch-control:
      - 'off'
      x-download-options:
      - noopen
      x-frame-options:
      - SAMEORIGIN
      x-notion-request-id:
      - 20b1365f-e9ef-4d80-8221-c5e73c1dd27e
      x-permitted-cross-domain-policies:
      - none
      x-xss-protection:
      - '0'
    http_version: HTTP/1.1
    status_code: 200
- request:
    body: '{"properties":{"Number":{"type":"formula","formula":{"expression":"prop(\"Name\")
      + \"!\""}}}}'
    headers:
      accept:
      - '*/*'
      accept-encoding:
      - gzip, deflate
      authorization:
      - secret...
      connection:
      - keep-alive
      content-length:
      - '94'
      content-type:
      - application/json
      cookie:
      - secret...
      host:
      - api.notion.com
      notion-version:
      - '2022-06-28'
      user-agent:
      - secret...
    method: PATCH
    uri: https://api.notion.com/v1/databases/263974f3-b388-810c-b692-dc44adffc6b2
  response:
    content: '{"object":"database","id":"263974f3-b388-810c-b692-dc44adffc6b2","cover":null,"icon":null,"created_time":"2025-09-03T14:02:00.000Z","created_by":{"object":"user","id":"645e79dd-3e43-40de-9d51-39357c1c427f"},"last_edited_by":{"object":"user","id":"645e79dd-3e43-40de-9d51-39357c1c427f"},"last_edited_time":"2025-09-03T14:03:00.000Z","title":[{"type":"text","text":{"content":"Add/Del/Update
      Prop-Test","link":null},"annotations":{"bold":false,"italic":false,"strikethrough":false,"underline":false,"code":false,"color":"default"},"plain_text":"Add/Del/Update
      Prop-Test","href":null}],"description":[{"type":"text","text":{"content":"Schema
      for testing adding, deleting and updating properties","link":null},"annotations":{"bold":false,"italic":false,"strikethrough":false,"underline":false,"code":false,"color":"default"},"plain_text":"Schema
      for testing adding, deleting and updating properties","href":null}],"is_inline":false,"properties":{"Relation":{"id":"CZBC","name":"Relation","description":null,"type":"relation","relation":{"database_id":"263974f3-b388-81d6-8781-d39b927ca55e","data_source_id":"263974f3-b388-81b7-844b-000b2b55dbb8","type":"dual_property","dual_property":{"synced_property_name":"Back
      Relation","synced_property_id":"U%40OM"}}},"Date":{"id":"Fsrt","name":"Date","description":null,"type":"date","date":{}},"Category":{"id":"Ir%7CD","name":"Category","description":null,"type":"select","select":{"options":[{"id":"c84ab04d-6d52-44cf-b687-1a9813841f71","name":"Cat1","color":"default","description":null},{"id":"a1818bda-2586-47b1-8419-615f58c89a76","name":"Cat2","color":"red","description":null}]}},"Number":{"id":"QAY%7D","name":"Number","description":null,"type":"formula","formula":{"expression":"{{notion:block_property:title:00000000-0000-0000-0000-000000000000:5a65efbd-bfb2-4ebe-bb5d-ac95c98fb252}}
      + \"!\""}},"Name":{"id":"title","name":"Name","description":null,"type":"title","title":{}}},"parent":{"type":"page_id","page_id":"5f505199-b292-4713-920b-61d813bf72a3"},"url":"https://www.notion.so/263974f3b388810cb692dc44adffc6b2","public_url":null,"archived":false,"in_trash":false,"request_id":"97f44859-df40-405e-809f-bf30bf9831a1"}'
    headers:
      CF-Cache-Status:
      - DYNAMIC
      CF-Ray:
      - 9795c9f87d2cce9d-FRA
      Connection:
      - keep-alive
      Content-Encoding:
      - gzip
      Content-Type:
      - application/json; charset=utf-8
      Server:
      - cloudflare
      Strict-Transport-Security:
      - max-age=31536000; includeSubDomains; preload
      Transfer-Encoding:
      - chunked
      Vary:
      - Accept-Encoding
      alt-svc:
      - h3=":443"; ma=86400
      content-security-policy:
      - default-src 'none'
      referrer-policy:
      - strict-origin-when-cross-origin
      x-content-type-options:
      - nosniff
      x-dns-prefetch-control:
      - 'off'
      x-download-options:
      - noopen
      x-frame-options:
      - SAMEORIGIN
      x-notion-request-id:
      - 97f44859-df40-405e-809f-bf30bf9831a1
      x-permitted-cross-domain-policies:
      - none
      x-xss-protection:
      - '0'
    http_version: HTTP/1.1
    status_code: 200
- request:
    body: ''
    headers:
      accept:
      - '*/*'
      accept-encoding:
      - gzip, deflate
      authorization:
      - secret...
      connection:
      - keep-alive
      cookie:
      - secret...
      host:
      - api.notion.com
      notion-version:
      - '2022-06-28'
      user-agent:
      - secret...
    method: GET
    uri: https://api.notion.com/v1/databases/263974f3-b388-810c-b692-dc44adffc6b2
  response:
    content: '{"object":"database","id":"263974f3-b388-810c-b692-dc44adffc6b2","cover":null,"icon":null,"created_time":"2025-09-03T14:02:00.000Z","created_by":{"object":"user","id":"645e79dd-3e43-40de-9d51-39357c1c427f"},"last_edited_by":{"object":"user","id":"645e79dd-3e43-40de-9d51-39357c1c427f"},"last_edited_time":"2025-09-03T14:03:00.000Z","title":[{"type":"text","text":{"content":"Add/Del/Update
      Prop-Test","link":null},"annotations":{"bold":false,"italic":false,"strikethrough":false,"underline":false,"code":false,"color":"default"},"plain_text":"Add/Del/Update
      Prop-Test","href":null}],"description":[{"type":"text","text":{"content":"Schema
      for testing adding, deleting and updating properties","link":null},"annotations":{"bold":false,"italic":false,"strikethrough":false,"underline":false,"code":false,"color":"default"},"plain_text":"Schema
      for testing adding, deleting and updating properties","href":null}],"is_inline":false,"properties":{"Relation":{"id":"CZBC","name":"Relation","description":null,"type":"relation","relation":{"database_id":"263974f3-b388-81d6-8781-d39b927ca55e","data_source_id":"263974f3-b388-81b7-844b-000b2b55dbb8","type":"dual_property","dual_property":{"synced_property_name":"Back
      Relation","synced_property_id":"U%40OM"}}},"Date":{"id":"Fsrt","name":"Date","description":null,"type":"date","date":{}},"Category":{"id":"Ir%7CD","name":"Category","description":null,"type":"select","select":{"options":[{"id":"c84ab04d-6d52-44cf-b687-1a9813841f71","name":"Cat1","color":"default","description":null},{"id":"a1818bda-2586-47b1-8419-615f58c89a76","name":"Cat2","color":"red","description":null}]}},"Number":{"id":"QAY%7D","name":"Number","description":null,"type":"formula","formula":{"expression":"{{notion:block_property:title:00000000-0000-0000-0000-000000000000:5a65efbd-bfb2-4ebe-bb5d-ac95c98fb252}}
      + \"!\""}},"Name":{"id":"title","name":"Name","description":null,"type":"title","title":{}}},"parent":{"type":"page_id","page_id":"5f505199-b292-4713-920b-61d813bf72a3"},"url":"https://www.notion.so/263974f3b388810cb692dc44adffc6b2","public_url":null,"archived":false,"in_trash":false,"request_id":"ddde955b-d02a-485a-8bce-a78638679024"}'
    headers:
      CF-Cache-Status:
      - DYNAMIC
      CF-Ray:
      - 9795c9fbbb45ce9d-FRA
      Connection:
      - keep-alive
      Content-Encoding:
      - gzip
      Content-Type:
      - application/json; charset=utf-8
      Server:
      - cloudflare
      Strict-Transport-Security:
      - max-age=31536000; includeSubDomains; preload
      Transfer-Encoding:
      - chunked
      Vary:
      - Accept-Encoding
      alt-svc:
      - h3=":443"; ma=86400
      content-security-policy:
      - default-src 'none'
      referrer-policy:
      - strict-origin-when-cross-origin
      x-content-type-options:
      - nosniff
      x-dns-prefetch-control:
      - 'off'
      x-download-options:
      - noopen
      x-frame-options:
      - SAMEORIGIN
      x-notion-request-id:
      - ddde955b-d02a-485a-8bce-a78638679024
      x-permitted-cross-domain-policies:
      - none
      x-xss-protection:
      - '0'
    http_version: HTTP/1.1
    status_code: 200
- request:
    body: '{"properties":{"Number":null}}'
    headers:
      accept:
      - '*/*'
      accept-encoding:
      - gzip, deflate
      authorization:
      - secret...
      connection:
      - keep-alive
      content-length:
      - '30'
      content-type:
      - application/json
      cookie:
      - secret...
      host:
      - api.notion.com
      notion-version:
      - '2022-06-28'
      user-agent:
      - secret...
    method: PATCH
    uri: https://api.notion.com/v1/databases/263974f3-b388-810c-b692-dc44adffc6b2
  response:
    content: '{"object":"database","id":"263974f3-b388-810c-b692-dc44adffc6b2","cover":null,"icon":null,"created_time":"2025-09-03T14:02:00.000Z","created_by":{"object":"user","id":"645e79dd-3e43-40de-9d51-39357c1c427f"},"last_edited_by":{"object":"user","id":"645e79dd-3e43-40de-9d51-39357c1c427f"},"last_edited_time":"2025-09-03T14:03:00.000Z","title":[{"type":"text","text":{"content":"Add/Del/Update
      Prop-Test","link":null},"annotations":{"bold":false,"italic":false,"strikethrough":false,"underline":false,"code":false,"color":"default"},"plain_text":"Add/Del/Update
      Prop-Test","href":null}],"description":[{"type":"text","text":{"content":"Schema
      for testing adding, deleting and updating properties","link":null},"annotations":{"bold":false,"italic":false,"strikethrough":false,"underline":false,"code":false,"color":"default"},"plain_text":"Schema
      for testing adding, deleting and updating properties","href":null}],"is_inline":false,"properties":{"Relation":{"id":"CZBC","name":"Relation","description":null,"type":"relation","relation":{"database_id":"263974f3-b388-81d6-8781-d39b927ca55e","data_source_id":"263974f3-b388-81b7-844b-000b2b55dbb8","type":"dual_property","dual_property":{"synced_property_name":"Back
      Relation","synced_property_id":"U%40OM"}}},"Date":{"id":"Fsrt","name":"Date","description":null,"type":"date","date":{}},"Category":{"id":"Ir%7CD","name":"Category","description":null,"type":"select","select":{"options":[{"id":"c84ab04d-6d52-44cf-b687-1a9813841f71","name":"Cat1","color":"default","description":null},{"id":"a1818bda-2586-47b1-8419-615f58c89a76","name":"Cat2","color":"red","description":null}]}},"Name":{"id":"title","name":"Name","description":null,"type":"title","title":{}}},"parent":{"type":"page_id","page_id":"5f505199-b292-4713-920b-61d813bf72a3"},"url":"https://www.notion.so/263974f3b388810cb692dc44adffc6b2","public_url":null,"archived":false,"in_trash":false,"request_id":"f9d1d0eb-2c40-487c-8e8c-ab5a8f867b48"}'
    headers:
      CF-Cache-Status:
      - DYNAMIC
      CF-Ray:
      - 9795c9fd9f63ce9d-FRA
      Connection:
      - keep-alive
      Content-Encoding:
      - gzip
      Content-Type:
      - application/json; charset=utf-8
      Server:
      - cloudflare
      Strict-Transport-Security:
      - max-age=31536000; includeSubDomains; preload
      Transfer-Encoding:
      - chunked
      Vary:
      - Accept-Encoding
      alt-svc:
      - h3=":443"; ma=86400
      content-security-policy:
      - default-src 'none'
      referrer-policy:
      - strict-origin-when-cross-origin
      x-content-type-options:
      - nosniff
      x-dns-prefetch-control:
      - 'off'
      x-download-options:
      - noopen
      x-frame-options:
      - SAMEORIGIN
      x-notion-request-id:
      - f9d1d0eb-2c40-487c-8e8c-ab5a8f867b48
      x-permitted-cross-domain-policies:
      - none
      x-xss-protection:
      - '0'
    http_version: HTTP/1.1
    status_code: 200
- request:
    body: '{"properties":{"Number":{"type":"number","number":{"format":"percent"}}}}'
    headers:
      accept:
      - '*/*'
      accept-encoding:
      - gzip, deflate
      authorization:
      - secret...
      connection:
      - keep-alive
      content-length:
      - '73'
      content-type:
      - application/json
      cookie:
      - secret...
      host:
      - api.notion.com
      notion-version:
      - '2022-06-28'
      user-agent:
      - secret...
    method: PATCH
    uri: https://api.notion.com/v1/databases/263974f3-b388-810c-b692-dc44adffc6b2
  response:
    content: '{"object":"database","id":"263974f3-b388-810c-b692-dc44adffc6b2","cover":null,"icon":null,"created_time":"2025-09-03T14:02:00.000Z","created_by":{"object":"user","id":"645e79dd-3e43-40de-9d51-39357c1c427f"},"last_edited_by":{"object":"user","id":"645e79dd-3e43-40de-9d51-39357c1c427f"},"last_edited_time":"2025-09-03T14:03:00.000Z","title":[{"type":"text","text":{"content":"Add/Del/Update
      Prop-Test","link":null},"annotations":{"bold":false,"italic":false,"strikethrough":false,"underline":false,"code":false,"color":"default"},"plain_text":"Add/Del/Update
      Prop-Test","href":null}],"description":[{"type":"text","text":{"content":"Schema
      for testing adding, deleting and updating properties","link":null},"annotations":{"bold":false,"italic":false,"strikethrough":false,"underline":false,"code":false,"color":"default"},"plain_text":"Schema
      for testing adding, deleting and updating properties","href":null}],"is_inline":false,"properties":{"Relation":{"id":"CZBC","name":"Relation","description":null,"type":"relation","relation":{"database_id":"263974f3-b388-81d6-8781-d39b927ca55e","data_source_id":"263974f3-b388-81b7-844b-000b2b55dbb8","type":"dual_property","dual_property":{"synced_property_name":"Back
      Relation","synced_property_id":"U%40OM"}}},"Date":{"id":"Fsrt","name":"Date","description":null,"type":"date","date":{}},"Category":{"id":"Ir%7CD","name":"Category","description":null,"type":"select","select":{"options":[{"id":"c84ab04d-6d52-44cf-b687-1a9813841f71","name":"Cat1","color":"default","description":null},{"id":"a1818bda-2586-47b1-8419-615f58c89a76","name":"Cat2","color":"red","description":null}]}},"Number":{"id":"p%5D%3EN","name":"Number","description":null,"type":"number","number":{"format":"percent"}},"Name":{"id":"title","name":"Name","description":null,"type":"title","title":{}}},"parent":{"type":"page_id","page_id":"5f505199-b292-4713-920b-61d813bf72a3"},"url":"https://www.notion.so/263974f3b388810cb692dc44adffc6b2","public_url":null,"archived":false,"in_trash":false,"request_id":"74cf4ddb-7863-4ade-90d3-0eeb192e1d6d"}'
    headers:
      CF-Cache-Status:
      - DYNAMIC
      CF-Ray:
      - 9795ca006c7cce9d-FRA
      Connection:
      - keep-alive
      Content-Encoding:
      - gzip
      Content-Type:
      - application/json; charset=utf-8
      Server:
      - cloudflare
      Strict-Transport-Security:
      - max-age=31536000; includeSubDomains; preload
      Transfer-Encoding:
      - chunked
      Vary:
      - Accept-Encoding
      alt-svc:
      - h3=":443"; ma=86400
      content-security-policy:
      - default-src 'none'
      referrer-policy:
      - strict-origin-when-cross-origin
      x-content-type-options:
      - nosniff
      x-dns-prefetch-control:
      - 'off'
      x-download-options:
      - noopen
      x-frame-options:
      - SAMEORIGIN
      x-notion-request-id:
      - 74cf4ddb-7863-4ade-90d3-0eeb192e1d6d
      x-permitted-cross-domain-policies:
      - none
      x-xss-protection:
      - '0'
    http_version: HTTP/1.1
    status_code: 200
- request:
    body: ''
    headers:
      accept:
      - '*/*'
      accept-encoding:
      - gzip, deflate
      authorization:
      - secret...
      connection:
      - keep-alive
      cookie:
      - secret...
      host:
      - api.notion.com
      notion-version:
      - '2022-06-28'
      user-agent:
      - secret...
    method: GET
    uri: https://api.notion.com/v1/databases/263974f3-b388-810c-b692-dc44adffc6b2
  response:
    content: '{"object":"database","id":"263974f3-b388-810c-b692-dc44adffc6b2","cover":null,"icon":null,"created_time":"2025-09-03T14:02:00.000Z","created_by":{"object":"user","id":"645e79dd-3e43-40de-9d51-39357c1c427f"},"last_edited_by":{"object":"user","id":"645e79dd-3e43-40de-9d51-39357c1c427f"},"last_edited_time":"2025-09-03T14:03:00.000Z","title":[{"type":"text","text":{"content":"Add/Del/Update
      Prop-Test","link":null},"annotations":{"bold":false,"italic":false,"strikethrough":false,"underline":false,"code":false,"color":"default"},"plain_text":"Add/Del/Update
      Prop-Test","href":null}],"description":[{"type":"text","text":{"content":"Schema
      for testing adding, deleting and updating properties","link":null},"annotations":{"bold":false,"italic":false,"strikethrough":false,"underline":false,"code":false,"color":"default"},"plain_text":"Schema
      for testing adding, deleting and updating properties","href":null}],"is_inline":false,"properties":{"Relation":{"id":"CZBC","name":"Relation","description":null,"type":"relation","relation":{"database_id":"263974f3-b388-81d6-8781-d39b927ca55e","data_source_id":"263974f3-b388-81b7-844b-000b2b55dbb8","type":"dual_property","dual_property":{"synced_property_name":"Back
      Relation","synced_property_id":"U%40OM"}}},"Date":{"id":"Fsrt","name":"Date","description":null,"type":"date","date":{}},"Category":{"id":"Ir%7CD","name":"Category","description":null,"type":"select","select":{"options":[{"id":"c84ab04d-6d52-44cf-b687-1a9813841f71","name":"Cat1","color":"default","description":null},{"id":"a1818bda-2586-47b1-8419-615f58c89a76","name":"Cat2","color":"red","description":null}]}},"Number":{"id":"p%5D%3EN","name":"Number","description":null,"type":"number","number":{"format":"percent"}},"Name":{"id":"title","name":"Name","description":null,"type":"title","title":{}}},"parent":{"type":"page_id","page_id":"5f505199-b292-4713-920b-61d813bf72a3"},"url":"https://www.notion.so/263974f3b388810cb692dc44adffc6b2","public_url":null,"archived":false,"in_trash":false,"request_id":"de68089e-1bf2-4d42-8494-3728f0b3bafb"}'
    headers:
      CF-Cache-Status:
      - DYNAMIC
      CF-Ray:
      - 9795ca1e3be6ce9d-FRA
      Connection:
      - keep-alive
      Content-Encoding:
      - gzip
      Content-Type:
      - application/json; charset=utf-8
      Server:
      - cloudflare
      Strict-Transport-Security:
      - max-age=31536000; includeSubDomains; preload
      Transfer-Encoding:
      - chunked
      Vary:
      - Accept-Encoding
      alt-svc:
      - h3=":443"; ma=86400
      content-security-policy:
      - default-src 'none'
      referrer-policy:
      - strict-origin-when-cross-origin
      x-content-type-options:
      - nosniff
      x-dns-prefetch-control:
      - 'off'
      x-download-options:
      - noopen
      x-frame-options:
      - SAMEORIGIN
      x-notion-request-id:
      - de68089e-1bf2-4d42-8494-3728f0b3bafb
      x-permitted-cross-domain-policies:
      - none
      x-xss-protection:
      - '0'
    http_version: HTTP/1.1
    status_code: 200
version: 1
