interactions:
- request:
    body: '{"parent": {"type": "page_id", "page_id": "5f505199-b292-4713-920b-61d813bf72a3"},
      "title": [{"type": "text", "plain_text": "Schema A", "annotations": {"bold":
      false, "italic": false, "strikethrough": false, "underline": false, "code":
      false}, "text": {"content": "Schema A"}}], "properties": {"Name": {"type": "title",
      "title": {}}}, "is_inline": false}'
    headers:
      accept:
      - '*/*'
      accept-encoding:
      - gzip, deflate
      authorization:
      - secret...
      connection:
      - keep-alive
      content-length:
      - '323'
      content-type:
      - application/json
      cookie:
      - secret...
      host:
      - api.notion.com
      notion-version:
      - '2022-06-28'
      user-agent:
      - secret...
    method: POST
    uri: https://api.notion.com/v1/databases
  response:
    content: '{"object":"database","id":"277974f3-b388-81ea-86ff-efb4d19f65c6","cover":null,"icon":null,"created_time":"2025-09-23T10:08:00.000Z","created_by":{"object":"user","id":"645e79dd-3e43-40de-9d51-39357c1c427f"},"last_edited_by":{"object":"user","id":"645e79dd-3e43-40de-9d51-39357c1c427f"},"last_edited_time":"2025-09-23T10:08:00.000Z","title":[{"type":"text","text":{"content":"Schema
      A","link":null},"annotations":{"bold":false,"italic":false,"strikethrough":false,"underline":false,"code":false,"color":"default"},"plain_text":"Schema
      A","href":null}],"description":[],"is_inline":false,"properties":{"Name":{"id":"title","name":"Name","description":null,"type":"title","title":{}}},"parent":{"type":"page_id","page_id":"5f505199-b292-4713-920b-61d813bf72a3"},"url":"https://www.notion.so/277974f3b38881ea86ffefb4d19f65c6","public_url":null,"archived":false,"in_trash":false,"request_id":"f491b201-31f1-435e-a6ee-8fbdc05d0743"}'
    headers:
      CF-Cache-Status:
      - DYNAMIC
      CF-Ray:
      - 98393e5e1c8a8f3a-FRA
      Connection:
      - keep-alive
      Content-Encoding:
      - gzip
      Content-Type:
      - application/json; charset=utf-8
      Server:
      - cloudflare
      Set-Cookie:
      - __cf_bm=4kJDhSGgmnVAzWIFVawRTV_mZ9GstcikfaJCq0jCwy8-1758622138-1.0.1.1-zALBjRm6VHKfLFbmkoMsc.JJ_J6iC3GzlJQ_nA66sK.E5WN1ZAqkKlOw7KdynQb0rYv9iCSHmVSEpGhWreGRBveILELIOHszCTqUjYVoh4M;
        path=/; expires=Tue, 23-Sep-25 10:38:58 GMT; domain=.notion.com; HttpOnly;
        Secure; SameSite=None
      Strict-Transport-Security:
      - max-age=31536000; includeSubDomains; preload
      Transfer-Encoding:
      - chunked
      Vary:
      - Accept-Encoding
      alt-svc:
      - h3=":443"; ma=86400
      content-security-policy:
      - default-src 'none'
      referrer-policy:
      - strict-origin-when-cross-origin
      x-content-type-options:
      - nosniff
      x-dns-prefetch-control:
      - 'off'
      x-download-options:
      - noopen
      x-frame-options:
      - SAMEORIGIN
      x-notion-request-id:
      - f491b201-31f1-435e-a6ee-8fbdc05d0743
      x-permitted-cross-domain-policies:
      - none
      x-xss-protection:
      - '0'
    http_version: HTTP/1.1
    status_code: 200
- request:
    body: '{"description":[{"type":"text","plain_text":"Only used to create relations
      in Schema B","annotations":{"bold":false,"italic":false,"strikethrough":false,"underline":false,"code":false},"text":{"content":"Only
      used to create relations in Schema B"}}]}'
    headers:
      accept:
      - '*/*'
      accept-encoding:
      - gzip, deflate
      authorization:
      - secret...
      connection:
      - keep-alive
      content-length:
      - '250'
      content-type:
      - application/json
      cookie:
      - secret...
      host:
      - api.notion.com
      notion-version:
      - '2022-06-28'
      user-agent:
      - secret...
    method: PATCH
    uri: https://api.notion.com/v1/databases/277974f3-b388-81ea-86ff-efb4d19f65c6
  response:
    content: '{"object":"database","id":"277974f3-b388-81ea-86ff-efb4d19f65c6","cover":null,"icon":null,"created_time":"2025-09-23T10:08:00.000Z","created_by":{"object":"user","id":"645e79dd-3e43-40de-9d51-39357c1c427f"},"last_edited_by":{"object":"user","id":"645e79dd-3e43-40de-9d51-39357c1c427f"},"last_edited_time":"2025-09-23T10:08:00.000Z","title":[{"type":"text","text":{"content":"Schema
      A","link":null},"annotations":{"bold":false,"italic":false,"strikethrough":false,"underline":false,"code":false,"color":"default"},"plain_text":"Schema
      A","href":null}],"description":[{"type":"text","text":{"content":"Only used
      to create relations in Schema B","link":null},"annotations":{"bold":false,"italic":false,"strikethrough":false,"underline":false,"code":false,"color":"default"},"plain_text":"Only
      used to create relations in Schema B","href":null}],"is_inline":false,"properties":{"Name":{"id":"title","name":"Name","description":null,"type":"title","title":{}}},"parent":{"type":"page_id","page_id":"5f505199-b292-4713-920b-61d813bf72a3"},"url":"https://www.notion.so/277974f3b38881ea86ffefb4d19f65c6","public_url":null,"archived":false,"in_trash":false,"request_id":"d9d44a63-21e7-4e5c-bca1-5e22e27a4f44"}'
    headers:
      CF-Cache-Status:
      - DYNAMIC
      CF-Ray:
      - 98393e6e9d0e8f3a-FRA
      Connection:
      - keep-alive
      Content-Encoding:
      - gzip
      Content-Type:
      - application/json; charset=utf-8
      Server:
      - cloudflare
      Strict-Transport-Security:
      - max-age=31536000; includeSubDomains; preload
      Transfer-Encoding:
      - chunked
      Vary:
      - Accept-Encoding
      alt-svc:
      - h3=":443"; ma=86400
      content-security-policy:
      - default-src 'none'
      referrer-policy:
      - strict-origin-when-cross-origin
      x-content-type-options:
      - nosniff
      x-dns-prefetch-control:
      - 'off'
      x-download-options:
      - noopen
      x-frame-options:
      - SAMEORIGIN
      x-notion-request-id:
      - d9d44a63-21e7-4e5c-bca1-5e22e27a4f44
      x-permitted-cross-domain-policies:
      - none
      x-xss-protection:
      - '0'
    http_version: HTTP/1.1
    status_code: 200
- request:
    body: '{"parent": {"type": "page_id", "page_id": "5f505199-b292-4713-920b-61d813bf72a3"},
      "title": [{"type": "text", "plain_text": "Schema B", "annotations": {"bold":
      false, "italic": false, "strikethrough": false, "underline": false, "code":
      false}, "text": {"content": "Schema B"}}], "properties": {"Checkbox": {"type":
      "checkbox", "checkbox": {}}, "Created by": {"type": "created_by", "created_by":
      {}}, "Created time": {"type": "created_time", "created_time": {}}, "Date": {"type":
      "date", "date": {}}, "Email": {"type": "email", "email": {}}, "Files": {"type":
      "files", "files": {}}, "Formula": {"type": "formula", "formula": {"expression":
      "prop(\"Number\") * 2"}}, "Last edited by": {"type": "last_edited_by", "last_edited_by":
      {}}, "Last edited time": {"type": "last_edited_time", "last_edited_time": {}},
      "Multi-select": {"type": "multi_select", "multi_select": {"options": [{"name":
      "Option1"}, {"name": "Option2", "color": "red"}]}}, "Number": {"type": "number",
      "number": {"format": "dollar"}}, "People": {"type": "people", "people": {}},
      "Phone number": {"type": "phone_number", "phone_number": {}}, "Relation": {"type":
      "relation", "relation": {"type": "single_property", "database_id": "277974f3-b388-81ea-86ff-efb4d19f65c6",
      "single_property": {}}}, "Relation two-way": {"type": "relation", "relation":
      {"type": "dual_property", "database_id": "277974f3-b388-81ea-86ff-efb4d19f65c6",
      "dual_property": {}}}, "Rollup": {"type": "rollup", "rollup": {"function": "count",
      "relation_property_name": "Relation", "rollup_property_name": "Name"}}, "Select":
      {"type": "select", "select": {"options": [{"name": "Option1"}, {"name": "Option2",
      "color": "red"}]}}, "Text": {"type": "rich_text", "rich_text": {}}, "Title":
      {"type": "title", "title": {}}, "URL": {"type": "url", "url": {}}}, "is_inline":
      false}'
    headers:
      accept:
      - '*/*'
      accept-encoding:
      - gzip, deflate
      authorization:
      - secret...
      connection:
      - keep-alive
      content-length:
      - '1651'
      content-type:
      - application/json
      cookie:
      - secret...
      host:
      - api.notion.com
      notion-version:
      - '2022-06-28'
      user-agent:
      - secret...
    method: POST
    uri: https://api.notion.com/v1/databases
  response:
    content: '{"object":"database","id":"277974f3-b388-810f-8ac3-d8e680147937","cover":null,"icon":null,"created_time":"2025-09-23T10:08:00.000Z","created_by":{"object":"user","id":"645e79dd-3e43-40de-9d51-39357c1c427f"},"last_edited_by":{"object":"user","id":"645e79dd-3e43-40de-9d51-39357c1c427f"},"last_edited_time":"2025-09-23T10:08:00.000Z","title":[{"type":"text","text":{"content":"Schema
      B","link":null},"annotations":{"bold":false,"italic":false,"strikethrough":false,"underline":false,"code":false,"color":"default"},"plain_text":"Schema
      B","href":null}],"description":[],"is_inline":false,"properties":{"Select":{"id":"AdP%7C","name":"Select","description":null,"type":"select","select":{"options":[{"id":"87decef5-f90d-4e83-9c86-ef6d45e67cbc","name":"Option1","color":"default","description":null},{"id":"0592286c-0254-4134-953a-eb236e44d3e1","name":"Option2","color":"red","description":null}]}},"Last
      edited by":{"id":"Cl%3BL","name":"Last edited by","description":null,"type":"last_edited_by","last_edited_by":{}},"Number":{"id":"EsB%3C","name":"Number","description":null,"type":"number","number":{"format":"dollar"}},"Multi-select":{"id":"FZrH","name":"Multi-select","description":null,"type":"multi_select","multi_select":{"options":[{"id":"5f357450-e7ed-470c-b869-d3ec5c2d3bcc","name":"Option1","color":"default","description":null},{"id":"af477faa-92e3-4c62-a24f-8a3484cbe72d","name":"Option2","color":"red","description":null}]}},"Files":{"id":"Fvtj","name":"Files","description":null,"type":"files","files":{}},"Last
      edited time":{"id":"GV%40%5C","name":"Last edited time","description":null,"type":"last_edited_time","last_edited_time":{}},"Email":{"id":"M%7DBn","name":"Email","description":null,"type":"email","email":{}},"People":{"id":"N_sw","name":"People","description":null,"type":"people","people":{}},"Created
      time":{"id":"Ok%7CM","name":"Created time","description":null,"type":"created_time","created_time":{}},"Date":{"id":"U%3F%5C%7B","name":"Date","description":null,"type":"date","date":{}},"Checkbox":{"id":"UXH%5C","name":"Checkbox","description":null,"type":"checkbox","checkbox":{}},"URL":{"id":"%5Dd%5BK","name":"URL","description":null,"type":"url","url":{}},"Relation
      two-way":{"id":"h%3Euj","name":"Relation two-way","description":null,"type":"relation","relation":{"database_id":"277974f3-b388-81ea-86ff-efb4d19f65c6","data_source_id":"277974f3-b388-818e-9ea3-000b2ff3bf5d","type":"dual_property","dual_property":{"synced_property_name":"Related
      to Schema B (Relation two-way)","synced_property_id":"%3B~GQ"}}},"Relation":{"id":"lNyt","name":"Relation","description":null,"type":"relation","relation":{"database_id":"277974f3-b388-81ea-86ff-efb4d19f65c6","data_source_id":"277974f3-b388-818e-9ea3-000b2ff3bf5d","type":"single_property","single_property":{}}},"Rollup":{"id":"mkrl","name":"Rollup","description":null,"type":"rollup","rollup":{"rollup_property_name":"Name","relation_property_name":"Relation","rollup_property_id":"title","relation_property_id":"lNyt","function":"count"}},"Phone
      number":{"id":"uOVD","name":"Phone number","description":null,"type":"phone_number","phone_number":{}},"Created
      by":{"id":"uQve","name":"Created by","description":null,"type":"created_by","created_by":{}},"Text":{"id":"z%5BEU","name":"Text","description":null,"type":"rich_text","rich_text":{}},"Formula":{"id":"%7BjW%40","name":"Formula","description":null,"type":"formula","formula":{"expression":"{{notion:block_property:EsB%3C:00000000-0000-0000-0000-000000000000:5a65efbd-bfb2-4ebe-bb5d-ac95c98fb252}}
      * 2"}},"Title":{"id":"title","name":"Title","description":null,"type":"title","title":{}}},"parent":{"type":"page_id","page_id":"5f505199-b292-4713-920b-61d813bf72a3"},"url":"https://www.notion.so/277974f3b388810f8ac3d8e680147937","public_url":null,"archived":false,"in_trash":false,"request_id":"14aed770-0c74-438d-b13a-724a4145f768"}'
    headers:
      CF-Cache-Status:
      - DYNAMIC
      CF-Ray:
      - 98393e728efb8f3a-FRA
      Connection:
      - keep-alive
      Content-Encoding:
      - gzip
      Content-Type:
      - application/json; charset=utf-8
      Server:
      - cloudflare
      Strict-Transport-Security:
      - max-age=31536000; includeSubDomains; preload
      Transfer-Encoding:
      - chunked
      Vary:
      - Accept-Encoding
      alt-svc:
      - h3=":443"; ma=86400
      content-security-policy:
      - default-src 'none'
      referrer-policy:
      - strict-origin-when-cross-origin
      x-content-type-options:
      - nosniff
      x-dns-prefetch-control:
      - 'off'
      x-download-options:
      - noopen
      x-frame-options:
      - SAMEORIGIN
      x-notion-request-id:
      - 14aed770-0c74-438d-b13a-724a4145f768
      x-permitted-cross-domain-policies:
      - none
      x-xss-protection:
      - '0'
    http_version: HTTP/1.1
    status_code: 200
- request:
    body: '{"description":[{"type":"text","plain_text":"Actual interesting schema/db","annotations":{"bold":false,"italic":false,"strikethrough":false,"underline":false,"code":false},"text":{"content":"Actual
      interesting schema/db"}}]}'
    headers:
      accept:
      - '*/*'
      accept-encoding:
      - gzip, deflate
      authorization:
      - secret...
      connection:
      - keep-alive
      content-length:
      - '224'
      content-type:
      - application/json
      cookie:
      - secret...
      host:
      - api.notion.com
      notion-version:
      - '2022-06-28'
      user-agent:
      - secret...
    method: PATCH
    uri: https://api.notion.com/v1/databases/277974f3-b388-810f-8ac3-d8e680147937
  response:
    content: '{"object":"database","id":"277974f3-b388-810f-8ac3-d8e680147937","cover":null,"icon":null,"created_time":"2025-09-23T10:08:00.000Z","created_by":{"object":"user","id":"645e79dd-3e43-40de-9d51-39357c1c427f"},"last_edited_by":{"object":"user","id":"645e79dd-3e43-40de-9d51-39357c1c427f"},"last_edited_time":"2025-09-23T10:09:00.000Z","title":[{"type":"text","text":{"content":"Schema
      B","link":null},"annotations":{"bold":false,"italic":false,"strikethrough":false,"underline":false,"code":false,"color":"default"},"plain_text":"Schema
      B","href":null}],"description":[{"type":"text","text":{"content":"Actual interesting
      schema/db","link":null},"annotations":{"bold":false,"italic":false,"strikethrough":false,"underline":false,"code":false,"color":"default"},"plain_text":"Actual
      interesting schema/db","href":null}],"is_inline":false,"properties":{"Select":{"id":"AdP%7C","name":"Select","description":null,"type":"select","select":{"options":[{"id":"87decef5-f90d-4e83-9c86-ef6d45e67cbc","name":"Option1","color":"default","description":null},{"id":"0592286c-0254-4134-953a-eb236e44d3e1","name":"Option2","color":"red","description":null}]}},"Last
      edited by":{"id":"Cl%3BL","name":"Last edited by","description":null,"type":"last_edited_by","last_edited_by":{}},"Number":{"id":"EsB%3C","name":"Number","description":null,"type":"number","number":{"format":"dollar"}},"Multi-select":{"id":"FZrH","name":"Multi-select","description":null,"type":"multi_select","multi_select":{"options":[{"id":"5f357450-e7ed-470c-b869-d3ec5c2d3bcc","name":"Option1","color":"default","description":null},{"id":"af477faa-92e3-4c62-a24f-8a3484cbe72d","name":"Option2","color":"red","description":null}]}},"Files":{"id":"Fvtj","name":"Files","description":null,"type":"files","files":{}},"Last
      edited time":{"id":"GV%40%5C","name":"Last edited time","description":null,"type":"last_edited_time","last_edited_time":{}},"Email":{"id":"M%7DBn","name":"Email","description":null,"type":"email","email":{}},"People":{"id":"N_sw","name":"People","description":null,"type":"people","people":{}},"Created
      time":{"id":"Ok%7CM","name":"Created time","description":null,"type":"created_time","created_time":{}},"Date":{"id":"U%3F%5C%7B","name":"Date","description":null,"type":"date","date":{}},"Checkbox":{"id":"UXH%5C","name":"Checkbox","description":null,"type":"checkbox","checkbox":{}},"URL":{"id":"%5Dd%5BK","name":"URL","description":null,"type":"url","url":{}},"Relation
      two-way":{"id":"h%3Euj","name":"Relation two-way","description":null,"type":"relation","relation":{"database_id":"277974f3-b388-81ea-86ff-efb4d19f65c6","data_source_id":"277974f3-b388-818e-9ea3-000b2ff3bf5d","type":"dual_property","dual_property":{"synced_property_name":"Related
      to Schema B (Relation two-way)","synced_property_id":"%3B~GQ"}}},"Relation":{"id":"lNyt","name":"Relation","description":null,"type":"relation","relation":{"database_id":"277974f3-b388-81ea-86ff-efb4d19f65c6","data_source_id":"277974f3-b388-818e-9ea3-000b2ff3bf5d","type":"single_property","single_property":{}}},"Rollup":{"id":"mkrl","name":"Rollup","description":null,"type":"rollup","rollup":{"rollup_property_name":"Name","relation_property_name":"Relation","rollup_property_id":"title","relation_property_id":"lNyt","function":"count"}},"Phone
      number":{"id":"uOVD","name":"Phone number","description":null,"type":"phone_number","phone_number":{}},"Created
      by":{"id":"uQve","name":"Created by","description":null,"type":"created_by","created_by":{}},"Text":{"id":"z%5BEU","name":"Text","description":null,"type":"rich_text","rich_text":{}},"Formula":{"id":"%7BjW%40","name":"Formula","description":null,"type":"formula","formula":{"expression":"{{notion:block_property:EsB%3C:00000000-0000-0000-0000-000000000000:5a65efbd-bfb2-4ebe-bb5d-ac95c98fb252}}
      * 2"}},"Title":{"id":"title","name":"Title","description":null,"type":"title","title":{}}},"parent":{"type":"page_id","page_id":"5f505199-b292-4713-920b-61d813bf72a3"},"url":"https://www.notion.so/277974f3b388810f8ac3d8e680147937","public_url":null,"archived":false,"in_trash":false,"request_id":"a7022c22-6fb1-4488-8a45-1a67f5d0a73f"}'
    headers:
      CF-Cache-Status:
      - DYNAMIC
      CF-Ray:
      - 98393e7b0c398f3a-FRA
      Connection:
      - keep-alive
      Content-Encoding:
      - gzip
      Content-Type:
      - application/json; charset=utf-8
      Server:
      - cloudflare
      Strict-Transport-Security:
      - max-age=31536000; includeSubDomains; preload
      Transfer-Encoding:
      - chunked
      Vary:
      - Accept-Encoding
      alt-svc:
      - h3=":443"; ma=86400
      content-security-policy:
      - default-src 'none'
      referrer-policy:
      - strict-origin-when-cross-origin
      x-content-type-options:
      - nosniff
      x-dns-prefetch-control:
      - 'off'
      x-download-options:
      - noopen
      x-frame-options:
      - SAMEORIGIN
      x-notion-request-id:
      - a7022c22-6fb1-4488-8a45-1a67f5d0a73f
      x-permitted-cross-domain-policies:
      - none
      x-xss-protection:
      - '0'
    http_version: HTTP/1.1
    status_code: 200
- request:
    body: '{"properties":{"%3B~GQ":{"name":"Relation"}}}'
    headers:
      accept:
      - '*/*'
      accept-encoding:
      - gzip, deflate
      authorization:
      - secret...
      connection:
      - keep-alive
      content-length:
      - '45'
      content-type:
      - application/json
      cookie:
      - secret...
      host:
      - api.notion.com
      notion-version:
      - '2022-06-28'
      user-agent:
      - secret...
    method: PATCH
    uri: https://api.notion.com/v1/databases/277974f3-b388-81ea-86ff-efb4d19f65c6
  response:
    content: '{"object":"database","id":"277974f3-b388-81ea-86ff-efb4d19f65c6","cover":null,"icon":null,"created_time":"2025-09-23T10:08:00.000Z","created_by":{"object":"user","id":"645e79dd-3e43-40de-9d51-39357c1c427f"},"last_edited_by":{"object":"user","id":"645e79dd-3e43-40de-9d51-39357c1c427f"},"last_edited_time":"2025-09-23T10:09:00.000Z","title":[{"type":"text","text":{"content":"Schema
      A","link":null},"annotations":{"bold":false,"italic":false,"strikethrough":false,"underline":false,"code":false,"color":"default"},"plain_text":"Schema
      A","href":null}],"description":[{"type":"text","text":{"content":"Only used
      to create relations in Schema B","link":null},"annotations":{"bold":false,"italic":false,"strikethrough":false,"underline":false,"code":false,"color":"default"},"plain_text":"Only
      used to create relations in Schema B","href":null}],"is_inline":false,"properties":{"Relation":{"id":"%3B~GQ","name":"Relation","description":null,"type":"relation","relation":{"database_id":"277974f3-b388-810f-8ac3-d8e680147937","data_source_id":"277974f3-b388-8133-914a-000b553a5036","type":"dual_property","dual_property":{"synced_property_name":"Relation
      two-way","synced_property_id":"h%3Euj"}}},"Name":{"id":"title","name":"Name","description":null,"type":"title","title":{}}},"parent":{"type":"page_id","page_id":"5f505199-b292-4713-920b-61d813bf72a3"},"url":"https://www.notion.so/277974f3b38881ea86ffefb4d19f65c6","public_url":null,"archived":false,"in_trash":false,"request_id":"1d2c2b4d-8eaa-48be-950c-26d4121f9a7e"}'
    headers:
      CF-Cache-Status:
      - DYNAMIC
      CF-Ray:
      - 98393e7f0e548f3a-FRA
      Connection:
      - keep-alive
      Content-Encoding:
      - gzip
      Content-Type:
      - application/json; charset=utf-8
      Server:
      - cloudflare
      Strict-Transport-Security:
      - max-age=31536000; includeSubDomains; preload
      Transfer-Encoding:
      - chunked
      Vary:
      - Accept-Encoding
      alt-svc:
      - h3=":443"; ma=86400
      content-security-policy:
      - default-src 'none'
      referrer-policy:
      - strict-origin-when-cross-origin
      x-content-type-options:
      - nosniff
      x-dns-prefetch-control:
      - 'off'
      x-download-options:
      - noopen
      x-frame-options:
      - SAMEORIGIN
      x-notion-request-id:
      - 1d2c2b4d-8eaa-48be-950c-26d4121f9a7e
      x-permitted-cross-domain-policies:
      - none
      x-xss-protection:
      - '0'
    http_version: HTTP/1.1
    status_code: 200
- request:
    body: '{"properties":{}}'
    headers:
      accept:
      - '*/*'
      accept-encoding:
      - gzip, deflate
      authorization:
      - secret...
      connection:
      - keep-alive
      content-length:
      - '17'
      content-type:
      - application/json
      cookie:
      - secret...
      host:
      - api.notion.com
      notion-version:
      - '2022-06-28'
      user-agent:
      - secret...
    method: PATCH
    uri: https://api.notion.com/v1/databases/277974f3-b388-810f-8ac3-d8e680147937
  response:
    content: '{"object":"database","id":"277974f3-b388-810f-8ac3-d8e680147937","cover":null,"icon":null,"created_time":"2025-09-23T10:08:00.000Z","created_by":{"object":"user","id":"645e79dd-3e43-40de-9d51-39357c1c427f"},"last_edited_by":{"object":"user","id":"645e79dd-3e43-40de-9d51-39357c1c427f"},"last_edited_time":"2025-09-23T10:09:00.000Z","title":[{"type":"text","text":{"content":"Schema
      B","link":null},"annotations":{"bold":false,"italic":false,"strikethrough":false,"underline":false,"code":false,"color":"default"},"plain_text":"Schema
      B","href":null}],"description":[{"type":"text","text":{"content":"Actual interesting
      schema/db","link":null},"annotations":{"bold":false,"italic":false,"strikethrough":false,"underline":false,"code":false,"color":"default"},"plain_text":"Actual
      interesting schema/db","href":null}],"is_inline":false,"properties":{"Select":{"id":"AdP%7C","name":"Select","description":null,"type":"select","select":{"options":[{"id":"87decef5-f90d-4e83-9c86-ef6d45e67cbc","name":"Option1","color":"default","description":null},{"id":"0592286c-0254-4134-953a-eb236e44d3e1","name":"Option2","color":"red","description":null}]}},"Last
      edited by":{"id":"Cl%3BL","name":"Last edited by","description":null,"type":"last_edited_by","last_edited_by":{}},"Number":{"id":"EsB%3C","name":"Number","description":null,"type":"number","number":{"format":"dollar"}},"Multi-select":{"id":"FZrH","name":"Multi-select","description":null,"type":"multi_select","multi_select":{"options":[{"id":"5f357450-e7ed-470c-b869-d3ec5c2d3bcc","name":"Option1","color":"default","description":null},{"id":"af477faa-92e3-4c62-a24f-8a3484cbe72d","name":"Option2","color":"red","description":null}]}},"Files":{"id":"Fvtj","name":"Files","description":null,"type":"files","files":{}},"Last
      edited time":{"id":"GV%40%5C","name":"Last edited time","description":null,"type":"last_edited_time","last_edited_time":{}},"Email":{"id":"M%7DBn","name":"Email","description":null,"type":"email","email":{}},"People":{"id":"N_sw","name":"People","description":null,"type":"people","people":{}},"Created
      time":{"id":"Ok%7CM","name":"Created time","description":null,"type":"created_time","created_time":{}},"Date":{"id":"U%3F%5C%7B","name":"Date","description":null,"type":"date","date":{}},"Checkbox":{"id":"UXH%5C","name":"Checkbox","description":null,"type":"checkbox","checkbox":{}},"URL":{"id":"%5Dd%5BK","name":"URL","description":null,"type":"url","url":{}},"Relation
      two-way":{"id":"h%3Euj","name":"Relation two-way","description":null,"type":"relation","relation":{"database_id":"277974f3-b388-81ea-86ff-efb4d19f65c6","data_source_id":"277974f3-b388-818e-9ea3-000b2ff3bf5d","type":"dual_property","dual_property":{"synced_property_name":"Relation","synced_property_id":"%3B~GQ"}}},"Relation":{"id":"lNyt","name":"Relation","description":null,"type":"relation","relation":{"database_id":"277974f3-b388-81ea-86ff-efb4d19f65c6","data_source_id":"277974f3-b388-818e-9ea3-000b2ff3bf5d","type":"single_property","single_property":{}}},"Rollup":{"id":"mkrl","name":"Rollup","description":null,"type":"rollup","rollup":{"rollup_property_name":"Name","relation_property_name":"Relation","rollup_property_id":"title","relation_property_id":"lNyt","function":"count"}},"Phone
      number":{"id":"uOVD","name":"Phone number","description":null,"type":"phone_number","phone_number":{}},"Created
      by":{"id":"uQve","name":"Created by","description":null,"type":"created_by","created_by":{}},"Text":{"id":"z%5BEU","name":"Text","description":null,"type":"rich_text","rich_text":{}},"Formula":{"id":"%7BjW%40","name":"Formula","description":null,"type":"formula","formula":{"expression":"{{notion:block_property:EsB%3C:00000000-0000-0000-0000-000000000000:5a65efbd-bfb2-4ebe-bb5d-ac95c98fb252}}
      * 2"}},"Title":{"id":"title","name":"Title","description":null,"type":"title","title":{}}},"parent":{"type":"page_id","page_id":"5f505199-b292-4713-920b-61d813bf72a3"},"url":"https://www.notion.so/277974f3b388810f8ac3d8e680147937","public_url":null,"archived":false,"in_trash":false,"request_id":"258822d9-ad52-4c5a-879b-c9f2d4c7a115"}'
    headers:
      CF-Cache-Status:
      - DYNAMIC
      CF-Ray:
      - 98393e8458da8f3a-FRA
      Connection:
      - keep-alive
      Content-Encoding:
      - gzip
      Content-Type:
      - application/json; charset=utf-8
      Server:
      - cloudflare
      Strict-Transport-Security:
      - max-age=31536000; includeSubDomains; preload
      Transfer-Encoding:
      - chunked
      Vary:
      - Accept-Encoding
      alt-svc:
      - h3=":443"; ma=86400
      content-security-policy:
      - default-src 'none'
      referrer-policy:
      - strict-origin-when-cross-origin
      x-content-type-options:
      - nosniff
      x-dns-prefetch-control:
      - 'off'
      x-download-options:
      - noopen
      x-frame-options:
      - SAMEORIGIN
      x-notion-request-id:
      - 258822d9-ad52-4c5a-879b-c9f2d4c7a115
      x-permitted-cross-domain-policies:
      - none
      x-xss-protection:
      - '0'
    http_version: HTTP/1.1
    status_code: 200
- request:
    body: ''
    headers:
      accept:
      - '*/*'
      accept-encoding:
      - gzip, deflate
      authorization:
      - secret...
      connection:
      - keep-alive
      cookie:
      - secret...
      host:
      - api.notion.com
      notion-version:
      - '2022-06-28'
      user-agent:
      - secret...
    method: GET
    uri: https://api.notion.com/v1/users?page_size=100
  response:
    content: '{"object":"list","results":[{"object":"user","id":"b10cb6df-12ef-44d3-88ad-250168f66322","name":"Florian
      Wilhelm","avatar_url":"https://lh3.googleusercontent.com/a-/AAuE7mBBGq22qnRbLoOSo5zScC4miXci-xi4vELc30G9Aw=s100","type":"person","person":{"email":"florian.wilhelm@gmail.com"}},{"object":"user","id":"645e79dd-3e43-40de-9d51-39357c1c427f","name":"Github
      Unittests","avatar_url":"https://s3-us-west-2.amazonaws.com/public.notion-static.com/975357ac-773b-4ccb-95f5-e3a2a6cef61f/GitHub-Mark-120px-plus.png","type":"bot","bot":{"owner":{"type":"workspace","workspace":true},"workspace_name":"GitHub
      Unittests","workspace_limits":{"max_file_upload_size_in_bytes":5368709120}}}],"next_cursor":null,"has_more":false,"type":"user","user":{},"request_id":"21109fac-e4dd-4efd-94b0-b76b0d5cee41"}'
    headers:
      CF-Cache-Status:
      - DYNAMIC
      CF-Ray:
      - 98393e989b758f3a-FRA
      Connection:
      - keep-alive
      Content-Encoding:
      - gzip
      Content-Type:
      - application/json; charset=utf-8
      Server:
      - cloudflare
      Strict-Transport-Security:
      - max-age=31536000; includeSubDomains; preload
      Transfer-Encoding:
      - chunked
      Vary:
      - Accept-Encoding
      alt-svc:
      - h3=":443"; ma=86400
      content-security-policy:
      - default-src 'none'
      referrer-policy:
      - strict-origin-when-cross-origin
      x-content-type-options:
      - nosniff
      x-dns-prefetch-control:
      - 'off'
      x-download-options:
      - noopen
      x-frame-options:
      - SAMEORIGIN
      x-notion-request-id:
      - 21109fac-e4dd-4efd-94b0-b76b0d5cee41
      x-permitted-cross-domain-policies:
      - none
      x-xss-protection:
      - '0'
    http_version: HTTP/1.1
    status_code: 200
- request:
    body: ''
    headers:
      accept:
      - '*/*'
      accept-encoding:
      - gzip, deflate
      authorization:
      - secret...
      connection:
      - keep-alive
      cookie:
      - secret...
      host:
      - api.notion.com
      notion-version:
      - '2022-06-28'
      user-agent:
      - secret...
    method: GET
    uri: https://api.notion.com/v1/users/me
  response:
    content: '{"object":"user","id":"645e79dd-3e43-40de-9d51-39357c1c427f","name":"Github
      Unittests","avatar_url":"https://s3-us-west-2.amazonaws.com/public.notion-static.com/975357ac-773b-4ccb-95f5-e3a2a6cef61f/GitHub-Mark-120px-plus.png","type":"bot","bot":{"owner":{"type":"workspace","workspace":true},"workspace_name":"GitHub
      Unittests","workspace_limits":{"max_file_upload_size_in_bytes":5368709120}},"request_id":"c5720881-65c1-494d-a871-0c7c12e19446"}'
    headers:
      CF-Cache-Status:
      - DYNAMIC
      CF-Ray:
      - 98393e9a5c528f3a-FRA
      Connection:
      - keep-alive
      Content-Encoding:
      - gzip
      Content-Type:
      - application/json; charset=utf-8
      Server:
      - cloudflare
      Strict-Transport-Security:
      - max-age=31536000; includeSubDomains; preload
      Transfer-Encoding:
      - chunked
      Vary:
      - Accept-Encoding
      alt-svc:
      - h3=":443"; ma=86400
      content-security-policy:
      - default-src 'none'
      referrer-policy:
      - strict-origin-when-cross-origin
      x-content-type-options:
      - nosniff
      x-dns-prefetch-control:
      - 'off'
      x-download-options:
      - noopen
      x-frame-options:
      - SAMEORIGIN
      x-notion-request-id:
      - c5720881-65c1-494d-a871-0c7c12e19446
      x-permitted-cross-domain-policies:
      - none
      x-xss-protection:
      - '0'
    http_version: HTTP/1.1
    status_code: 200
- request:
    body: '{"parent": {"type": "database_id", "database_id": "277974f3-b388-81ea-86ff-efb4d19f65c6"},
      "properties": {"Name": {"type": "title", "title": [{"type": "text", "plain_text":
      "Item 1", "annotations": {"bold": false, "italic": false, "strikethrough": false,
      "underline": false, "code": false}, "text": {"content": "Item 1"}}]}}}'
    headers:
      accept:
      - '*/*'
      accept-encoding:
      - gzip, deflate
      authorization:
      - secret...
      connection:
      - keep-alive
      content-length:
      - '298'
      content-type:
      - application/json
      cookie:
      - secret...
      host:
      - api.notion.com
      notion-version:
      - '2022-06-28'
      user-agent:
      - secret...
    method: POST
    uri: https://api.notion.com/v1/pages
  response:
    content: '{"object":"page","id":"277974f3-b388-81a3-b82a-f741977cb553","created_time":"2025-09-23T10:09:00.000Z","last_edited_time":"2025-09-23T10:09:00.000Z","created_by":{"object":"user","id":"645e79dd-3e43-40de-9d51-39357c1c427f"},"last_edited_by":{"object":"user","id":"645e79dd-3e43-40de-9d51-39357c1c427f"},"cover":null,"icon":null,"parent":{"type":"database_id","database_id":"277974f3-b388-81ea-86ff-efb4d19f65c6"},"archived":false,"in_trash":false,"is_locked":false,"properties":{"Relation":{"id":"%3B~GQ","type":"relation","relation":[],"has_more":false},"Name":{"id":"title","type":"title","title":[{"type":"text","text":{"content":"Item
      1","link":null},"annotations":{"bold":false,"italic":false,"strikethrough":false,"underline":false,"code":false,"color":"default"},"plain_text":"Item
      1","href":null}]}},"url":"https://www.notion.so/Item-1-277974f3b38881a3b82af741977cb553","public_url":null,"request_id":"87d1aa4f-a524-468a-8f29-e1deb72f879b"}'
    headers:
      CF-Cache-Status:
      - DYNAMIC
      CF-Ray:
      - 98393e9bdcf18f3a-FRA
      Connection:
      - keep-alive
      Content-Encoding:
      - gzip
      Content-Type:
      - application/json; charset=utf-8
      Server:
      - cloudflare
      Strict-Transport-Security:
      - max-age=31536000; includeSubDomains; preload
      Transfer-Encoding:
      - chunked
      Vary:
      - Accept-Encoding
      alt-svc:
      - h3=":443"; ma=86400
      content-security-policy:
      - default-src 'none'
      referrer-policy:
      - strict-origin-when-cross-origin
      x-content-type-options:
      - nosniff
      x-dns-prefetch-control:
      - 'off'
      x-download-options:
      - noopen
      x-frame-options:
      - SAMEORIGIN
      x-notion-request-id:
      - 87d1aa4f-a524-468a-8f29-e1deb72f879b
      x-permitted-cross-domain-policies:
      - none
      x-xss-protection:
      - '0'
    http_version: HTTP/1.1
    status_code: 200
- request:
    body: '{"parent": {"type": "database_id", "database_id": "277974f3-b388-81ea-86ff-efb4d19f65c6"},
      "properties": {"Name": {"type": "title", "title": [{"type": "text", "plain_text":
      "Item 2", "annotations": {"bold": false, "italic": false, "strikethrough": false,
      "underline": false, "code": false}, "text": {"content": "Item 2"}}]}}}'
    headers:
      accept:
      - '*/*'
      accept-encoding:
      - gzip, deflate
      authorization:
      - secret...
      connection:
      - keep-alive
      content-length:
      - '298'
      content-type:
      - application/json
      cookie:
      - secret...
      host:
      - api.notion.com
      notion-version:
      - '2022-06-28'
      user-agent:
      - secret...
    method: POST
    uri: https://api.notion.com/v1/pages
  response:
    content: '{"object":"page","id":"277974f3-b388-8168-9934-f837ea0c7e57","created_time":"2025-09-23T10:09:00.000Z","last_edited_time":"2025-09-23T10:09:00.000Z","created_by":{"object":"user","id":"645e79dd-3e43-40de-9d51-39357c1c427f"},"last_edited_by":{"object":"user","id":"645e79dd-3e43-40de-9d51-39357c1c427f"},"cover":null,"icon":null,"parent":{"type":"database_id","database_id":"277974f3-b388-81ea-86ff-efb4d19f65c6"},"archived":false,"in_trash":false,"is_locked":false,"properties":{"Relation":{"id":"%3B~GQ","type":"relation","relation":[],"has_more":false},"Name":{"id":"title","type":"title","title":[{"type":"text","text":{"content":"Item
      2","link":null},"annotations":{"bold":false,"italic":false,"strikethrough":false,"underline":false,"code":false,"color":"default"},"plain_text":"Item
      2","href":null}]}},"url":"https://www.notion.so/Item-2-277974f3b38881689934f837ea0c7e57","public_url":null,"request_id":"0ab48804-1d47-4b01-a058-94c12448cc38"}'
    headers:
      CF-Cache-Status:
      - DYNAMIC
      CF-Ray:
      - 98393ea278178f3a-FRA
      Connection:
      - keep-alive
      Content-Encoding:
      - gzip
      Content-Type:
      - application/json; charset=utf-8
      Server:
      - cloudflare
      Strict-Transport-Security:
      - max-age=31536000; includeSubDomains; preload
      Transfer-Encoding:
      - chunked
      Vary:
      - Accept-Encoding
      alt-svc:
      - h3=":443"; ma=86400
      content-security-policy:
      - default-src 'none'
      referrer-policy:
      - strict-origin-when-cross-origin
      x-content-type-options:
      - nosniff
      x-dns-prefetch-control:
      - 'off'
      x-download-options:
      - noopen
      x-frame-options:
      - SAMEORIGIN
      x-notion-request-id:
      - 0ab48804-1d47-4b01-a058-94c12448cc38
      x-permitted-cross-domain-policies:
      - none
      x-xss-protection:
      - '0'
    http_version: HTTP/1.1
    status_code: 200
- request:
    body: '{"parent": {"type": "database_id", "database_id": "277974f3-b388-810f-8ac3-d8e680147937"},
      "properties": {}}'
    headers:
      accept:
      - '*/*'
      accept-encoding:
      - gzip, deflate
      authorization:
      - secret...
      connection:
      - keep-alive
      content-length:
      - '102'
      content-type:
      - application/json
      cookie:
      - secret...
      host:
      - api.notion.com
      notion-version:
      - '2022-06-28'
      user-agent:
      - secret...
    method: POST
    uri: https://api.notion.com/v1/pages
  response:
    content: '{"object":"page","id":"277974f3-b388-81f6-8051-e21ceca43576","created_time":"2025-09-23T10:09:00.000Z","last_edited_time":"2025-09-23T10:09:00.000Z","created_by":{"object":"user","id":"645e79dd-3e43-40de-9d51-39357c1c427f"},"last_edited_by":{"object":"user","id":"645e79dd-3e43-40de-9d51-39357c1c427f"},"cover":null,"icon":null,"parent":{"type":"database_id","database_id":"277974f3-b388-810f-8ac3-d8e680147937"},"archived":false,"in_trash":false,"is_locked":false,"properties":{"Select":{"id":"AdP%7C","type":"select","select":null},"Last
      edited by":{"id":"Cl%3BL","type":"last_edited_by","last_edited_by":{"object":"user","id":"645e79dd-3e43-40de-9d51-39357c1c427f","name":"Github
      Unittests","avatar_url":"https://s3-us-west-2.amazonaws.com/public.notion-static.com/975357ac-773b-4ccb-95f5-e3a2a6cef61f/GitHub-Mark-120px-plus.png","type":"bot","bot":{}}},"Number":{"id":"EsB%3C","type":"number","number":null},"Multi-select":{"id":"FZrH","type":"multi_select","multi_select":[]},"Files":{"id":"Fvtj","type":"files","files":[]},"Last
      edited time":{"id":"GV%40%5C","type":"last_edited_time","last_edited_time":"2025-09-23T10:09:00.000Z"},"Email":{"id":"M%7DBn","type":"email","email":null},"People":{"id":"N_sw","type":"people","people":[]},"Created
      time":{"id":"Ok%7CM","type":"created_time","created_time":"2025-09-23T10:09:00.000Z"},"Date":{"id":"U%3F%5C%7B","type":"date","date":null},"Checkbox":{"id":"UXH%5C","type":"checkbox","checkbox":false},"URL":{"id":"%5Dd%5BK","type":"url","url":null},"Relation
      two-way":{"id":"h%3Euj","type":"relation","relation":[],"has_more":false},"Relation":{"id":"lNyt","type":"relation","relation":[],"has_more":false},"Rollup":{"id":"mkrl","type":"rollup","rollup":{"type":"number","number":null,"function":"count"}},"Phone
      number":{"id":"uOVD","type":"phone_number","phone_number":null},"Created by":{"id":"uQve","type":"created_by","created_by":{"object":"user","id":"645e79dd-3e43-40de-9d51-39357c1c427f","name":"Github
      Unittests","avatar_url":"https://s3-us-west-2.amazonaws.com/public.notion-static.com/975357ac-773b-4ccb-95f5-e3a2a6cef61f/GitHub-Mark-120px-plus.png","type":"bot","bot":{}}},"Text":{"id":"z%5BEU","type":"rich_text","rich_text":[]},"Formula":{"id":"%7BjW%40","type":"formula","formula":{"type":"number","number":0}},"Title":{"id":"title","type":"title","title":[]}},"url":"https://www.notion.so/277974f3b38881f68051e21ceca43576","public_url":null,"request_id":"7d310db3-ec8f-46a2-b86e-a1d3e0139023"}'
    headers:
      CF-Cache-Status:
      - DYNAMIC
      CF-Ray:
      - 98393ea519358f3a-FRA
      Connection:
      - keep-alive
      Content-Encoding:
      - gzip
      Content-Type:
      - application/json; charset=utf-8
      Server:
      - cloudflare
      Strict-Transport-Security:
      - max-age=31536000; includeSubDomains; preload
      Transfer-Encoding:
      - chunked
      Vary:
      - Accept-Encoding
      alt-svc:
      - h3=":443"; ma=86400
      content-security-policy:
      - default-src 'none'
      referrer-policy:
      - strict-origin-when-cross-origin
      x-content-type-options:
      - nosniff
      x-dns-prefetch-control:
      - 'off'
      x-download-options:
      - noopen
      x-frame-options:
      - SAMEORIGIN
      x-notion-request-id:
      - 7d310db3-ec8f-46a2-b86e-a1d3e0139023
      x-permitted-cross-domain-policies:
      - none
      x-xss-protection:
      - '0'
    http_version: HTTP/1.1
    status_code: 200
- request:
    body: '{"parent": {"type": "database_id", "database_id": "277974f3-b388-810f-8ac3-d8e680147937"},
      "properties": {"Checkbox": {"type": "checkbox", "checkbox": true}, "Date": {"type":
      "date", "date": {"start": "2021-01-01"}}, "Email": {"type": "email", "email":
      "email@provider.com"}, "Files": {"type": "files", "files": [{"type": "external",
      "name": "My File", "external": {"url": "https://www.google.de/robots.txt"}}]},
      "Multi-select": {"type": "multi_select", "multi_select": [{"name": "Option1"}]},
      "Number": {"type": "number", "number": 42}, "People": {"people": [{"id": "b10cb6df-12ef-44d3-88ad-250168f66322",
      "object": "user"}], "type": "people"}, "Phone number": {"type": "phone_number",
      "phone_number": "+1 234 567 890"}, "Relation": {"type": "relation", "relation":
      [{"id": "277974f3-b388-81a3-b82a-f741977cb553"}, {"id": "277974f3-b388-8168-9934-f837ea0c7e57"}],
      "has_more": false}, "Relation two-way": {"type": "relation", "relation": [{"id":
      "277974f3-b388-81a3-b82a-f741977cb553"}, {"id": "277974f3-b388-8168-9934-f837ea0c7e57"}],
      "has_more": false}, "Select": {"type": "select", "select": {"name": "Option1"}},
      "Text": {"type": "rich_text", "rich_text": [{"type": "text", "plain_text": "Text",
      "annotations": {"bold": false, "italic": false, "strikethrough": false, "underline":
      false, "code": false}, "text": {"content": "Text"}}]}, "Title": {"type": "title",
      "title": [{"type": "text", "plain_text": "Title", "annotations": {"bold": false,
      "italic": false, "strikethrough": false, "underline": false, "code": false},
      "text": {"content": "Title"}}]}, "URL": {"type": "url", "url": "https://ultimate-notion.com/"}}}'
    headers:
      accept:
      - '*/*'
      accept-encoding:
      - gzip, deflate
      authorization:
      - secret...
      connection:
      - keep-alive
      content-length:
      - '1490'
      content-type:
      - application/json
      cookie:
      - secret...
      host:
      - api.notion.com
      notion-version:
      - '2022-06-28'
      user-agent:
      - secret...
    method: POST
    uri: https://api.notion.com/v1/pages
  response:
    content: '{"object":"page","id":"277974f3-b388-81d5-93e1-e1b3978d8cb5","created_time":"2025-09-23T10:09:00.000Z","last_edited_time":"2025-09-23T10:09:00.000Z","created_by":{"object":"user","id":"645e79dd-3e43-40de-9d51-39357c1c427f"},"last_edited_by":{"object":"user","id":"645e79dd-3e43-40de-9d51-39357c1c427f"},"cover":null,"icon":null,"parent":{"type":"database_id","database_id":"277974f3-b388-810f-8ac3-d8e680147937"},"archived":false,"in_trash":false,"is_locked":false,"properties":{"Select":{"id":"AdP%7C","type":"select","select":{"id":"87decef5-f90d-4e83-9c86-ef6d45e67cbc","name":"Option1","color":"default"}},"Last
      edited by":{"id":"Cl%3BL","type":"last_edited_by","last_edited_by":{"object":"user","id":"645e79dd-3e43-40de-9d51-39357c1c427f","name":"Github
      Unittests","avatar_url":"https://s3-us-west-2.amazonaws.com/public.notion-static.com/975357ac-773b-4ccb-95f5-e3a2a6cef61f/GitHub-Mark-120px-plus.png","type":"bot","bot":{}}},"Number":{"id":"EsB%3C","type":"number","number":42},"Multi-select":{"id":"FZrH","type":"multi_select","multi_select":[{"id":"5f357450-e7ed-470c-b869-d3ec5c2d3bcc","name":"Option1","color":"default"}]},"Files":{"id":"Fvtj","type":"files","files":[{"name":"My
      File","type":"external","external":{"url":"https://www.google.de/robots.txt"}}]},"Last
      edited time":{"id":"GV%40%5C","type":"last_edited_time","last_edited_time":"2025-09-23T10:09:00.000Z"},"Email":{"id":"M%7DBn","type":"email","email":"email@provider.com"},"People":{"id":"N_sw","type":"people","people":[{"object":"user","id":"b10cb6df-12ef-44d3-88ad-250168f66322","name":"Florian
      Wilhelm","avatar_url":"https://lh3.googleusercontent.com/a-/AAuE7mBBGq22qnRbLoOSo5zScC4miXci-xi4vELc30G9Aw=s100","type":"person","person":{"email":"florian.wilhelm@gmail.com"}}]},"Created
      time":{"id":"Ok%7CM","type":"created_time","created_time":"2025-09-23T10:09:00.000Z"},"Date":{"id":"U%3F%5C%7B","type":"date","date":{"start":"2021-01-01","end":null,"time_zone":null}},"Checkbox":{"id":"UXH%5C","type":"checkbox","checkbox":true},"URL":{"id":"%5Dd%5BK","type":"url","url":"https://ultimate-notion.com/"},"Relation
      two-way":{"id":"h%3Euj","type":"relation","relation":[{"id":"277974f3-b388-81a3-b82a-f741977cb553"},{"id":"277974f3-b388-8168-9934-f837ea0c7e57"}],"has_more":false},"Relation":{"id":"lNyt","type":"relation","relation":[{"id":"277974f3-b388-81a3-b82a-f741977cb553"},{"id":"277974f3-b388-8168-9934-f837ea0c7e57"}],"has_more":false},"Rollup":{"id":"mkrl","type":"rollup","rollup":{"type":"number","number":2,"function":"count"}},"Phone
      number":{"id":"uOVD","type":"phone_number","phone_number":"+1 234 567 890"},"Created
      by":{"id":"uQve","type":"created_by","created_by":{"object":"user","id":"645e79dd-3e43-40de-9d51-39357c1c427f","name":"Github
      Unittests","avatar_url":"https://s3-us-west-2.amazonaws.com/public.notion-static.com/975357ac-773b-4ccb-95f5-e3a2a6cef61f/GitHub-Mark-120px-plus.png","type":"bot","bot":{}}},"Text":{"id":"z%5BEU","type":"rich_text","rich_text":[{"type":"text","text":{"content":"Text","link":null},"annotations":{"bold":false,"italic":false,"strikethrough":false,"underline":false,"code":false,"color":"default"},"plain_text":"Text","href":null}]},"Formula":{"id":"%7BjW%40","type":"formula","formula":{"type":"number","number":84}},"Title":{"id":"title","type":"title","title":[{"type":"text","text":{"content":"Title","link":null},"annotations":{"bold":false,"italic":false,"strikethrough":false,"underline":false,"code":false,"color":"default"},"plain_text":"Title","href":null}]}},"url":"https://www.notion.so/Title-277974f3b38881d593e1e1b3978d8cb5","public_url":null,"request_id":"31ad8395-c29a-4d48-8700-a49271f4b179"}'
    headers:
      CF-Cache-Status:
      - DYNAMIC
      CF-Ray:
      - 98393ee83f418f3a-FRA
      Connection:
      - keep-alive
      Content-Encoding:
      - gzip
      Content-Type:
      - application/json; charset=utf-8
      Server:
      - cloudflare
      Strict-Transport-Security:
      - max-age=31536000; includeSubDomains; preload
      Transfer-Encoding:
      - chunked
      Vary:
      - Accept-Encoding
      alt-svc:
      - h3=":443"; ma=86400
      content-security-policy:
      - default-src 'none'
      referrer-policy:
      - strict-origin-when-cross-origin
      x-content-type-options:
      - nosniff
      x-dns-prefetch-control:
      - 'off'
      x-download-options:
      - noopen
      x-frame-options:
      - SAMEORIGIN
      x-notion-request-id:
      - 31ad8395-c29a-4d48-8700-a49271f4b179
      x-permitted-cross-domain-policies:
      - none
      x-xss-protection:
      - '0'
    http_version: HTTP/1.1
    status_code: 200
- request:
    body: '{"parent": {"type": "database_id", "database_id": "277974f3-b388-810f-8ac3-d8e680147937"},
      "properties": {"Checkbox": {"type": "checkbox", "checkbox": true}, "Date": {"type":
      "date", "date": {"start": "2021-01-01"}}, "Email": {"type": "email", "email":
      "email@provider.com"}, "Files": {"type": "files", "files": [{"type": "external",
      "name": "My File", "external": {"url": "https://www.google.de/robots.txt"}}]},
      "Multi-select": {"type": "multi_select", "multi_select": [{"name": "Option1"}]},
      "Number": {"type": "number", "number": 42}, "People": {"people": [{"id": "b10cb6df-12ef-44d3-88ad-250168f66322",
      "object": "user"}], "type": "people"}, "Phone number": {"type": "phone_number",
      "phone_number": "+1 234 567 890"}, "Relation": {"type": "relation", "relation":
      [{"id": "277974f3-b388-81a3-b82a-f741977cb553"}, {"id": "277974f3-b388-8168-9934-f837ea0c7e57"}],
      "has_more": false}, "Relation two-way": {"type": "relation", "relation": [{"id":
      "277974f3-b388-81a3-b82a-f741977cb553"}, {"id": "277974f3-b388-8168-9934-f837ea0c7e57"}],
      "has_more": false}, "Select": {"type": "select", "select": {"name": "Option1"}},
      "Text": {"type": "rich_text", "rich_text": [{"type": "text", "plain_text": "Text",
      "annotations": {"bold": false, "italic": false, "strikethrough": false, "underline":
      false, "code": false}, "text": {"content": "Text"}}]}, "Title": {"type": "title",
      "title": [{"type": "text", "plain_text": "Title", "annotations": {"bold": false,
      "italic": false, "strikethrough": false, "underline": false, "code": false},
      "text": {"content": "Title"}}]}, "URL": {"type": "url", "url": "https://ultimate-notion.com/"}}}'
    headers:
      accept:
      - '*/*'
      accept-encoding:
      - gzip, deflate
      authorization:
      - secret...
      connection:
      - keep-alive
      content-length:
      - '1490'
      content-type:
      - application/json
      cookie:
      - secret...
      host:
      - api.notion.com
      notion-version:
      - '2022-06-28'
      user-agent:
      - secret...
    method: POST
    uri: https://api.notion.com/v1/pages
  response:
    content: '{"object":"page","id":"277974f3-b388-81cc-8d34-e53247c9152e","created_time":"2025-09-23T10:09:00.000Z","last_edited_time":"2025-09-23T10:09:00.000Z","created_by":{"object":"user","id":"645e79dd-3e43-40de-9d51-39357c1c427f"},"last_edited_by":{"object":"user","id":"645e79dd-3e43-40de-9d51-39357c1c427f"},"cover":null,"icon":null,"parent":{"type":"database_id","database_id":"277974f3-b388-810f-8ac3-d8e680147937"},"archived":false,"in_trash":false,"is_locked":false,"properties":{"Select":{"id":"AdP%7C","type":"select","select":{"id":"87decef5-f90d-4e83-9c86-ef6d45e67cbc","name":"Option1","color":"default"}},"Last
      edited by":{"id":"Cl%3BL","type":"last_edited_by","last_edited_by":{"object":"user","id":"645e79dd-3e43-40de-9d51-39357c1c427f","name":"Github
      Unittests","avatar_url":"https://s3-us-west-2.amazonaws.com/public.notion-static.com/975357ac-773b-4ccb-95f5-e3a2a6cef61f/GitHub-Mark-120px-plus.png","type":"bot","bot":{}}},"Number":{"id":"EsB%3C","type":"number","number":42},"Multi-select":{"id":"FZrH","type":"multi_select","multi_select":[{"id":"5f357450-e7ed-470c-b869-d3ec5c2d3bcc","name":"Option1","color":"default"}]},"Files":{"id":"Fvtj","type":"files","files":[{"name":"My
      File","type":"external","external":{"url":"https://www.google.de/robots.txt"}}]},"Last
      edited time":{"id":"GV%40%5C","type":"last_edited_time","last_edited_time":"2025-09-23T10:09:00.000Z"},"Email":{"id":"M%7DBn","type":"email","email":"email@provider.com"},"People":{"id":"N_sw","type":"people","people":[{"object":"user","id":"b10cb6df-12ef-44d3-88ad-250168f66322","name":"Florian
      Wilhelm","avatar_url":"https://lh3.googleusercontent.com/a-/AAuE7mBBGq22qnRbLoOSo5zScC4miXci-xi4vELc30G9Aw=s100","type":"person","person":{"email":"florian.wilhelm@gmail.com"}}]},"Created
      time":{"id":"Ok%7CM","type":"created_time","created_time":"2025-09-23T10:09:00.000Z"},"Date":{"id":"U%3F%5C%7B","type":"date","date":{"start":"2021-01-01","end":null,"time_zone":null}},"Checkbox":{"id":"UXH%5C","type":"checkbox","checkbox":true},"URL":{"id":"%5Dd%5BK","type":"url","url":"https://ultimate-notion.com/"},"Relation
      two-way":{"id":"h%3Euj","type":"relation","relation":[{"id":"277974f3-b388-81a3-b82a-f741977cb553"},{"id":"277974f3-b388-8168-9934-f837ea0c7e57"}],"has_more":false},"Relation":{"id":"lNyt","type":"relation","relation":[{"id":"277974f3-b388-81a3-b82a-f741977cb553"},{"id":"277974f3-b388-8168-9934-f837ea0c7e57"}],"has_more":false},"Rollup":{"id":"mkrl","type":"rollup","rollup":{"type":"number","number":2,"function":"count"}},"Phone
      number":{"id":"uOVD","type":"phone_number","phone_number":"+1 234 567 890"},"Created
      by":{"id":"uQve","type":"created_by","created_by":{"object":"user","id":"645e79dd-3e43-40de-9d51-39357c1c427f","name":"Github
      Unittests","avatar_url":"https://s3-us-west-2.amazonaws.com/public.notion-static.com/975357ac-773b-4ccb-95f5-e3a2a6cef61f/GitHub-Mark-120px-plus.png","type":"bot","bot":{}}},"Text":{"id":"z%5BEU","type":"rich_text","rich_text":[{"type":"text","text":{"content":"Text","link":null},"annotations":{"bold":false,"italic":false,"strikethrough":false,"underline":false,"code":false,"color":"default"},"plain_text":"Text","href":null}]},"Formula":{"id":"%7BjW%40","type":"formula","formula":{"type":"number","number":84}},"Title":{"id":"title","type":"title","title":[{"type":"text","text":{"content":"Title","link":null},"annotations":{"bold":false,"italic":false,"strikethrough":false,"underline":false,"code":false,"color":"default"},"plain_text":"Title","href":null}]}},"url":"https://www.notion.so/Title-277974f3b38881cc8d34e53247c9152e","public_url":null,"request_id":"16bd1c8f-3788-4b8e-adda-000eb026587b"}'
    headers:
      CF-Cache-Status:
      - DYNAMIC
      CF-Ray:
      - 98393eef3a7b8f3a-FRA
      Connection:
      - keep-alive
      Content-Encoding:
      - gzip
      Content-Type:
      - application/json; charset=utf-8
      Server:
      - cloudflare
      Strict-Transport-Security:
      - max-age=31536000; includeSubDomains; preload
      Transfer-Encoding:
      - chunked
      Vary:
      - Accept-Encoding
      alt-svc:
      - h3=":443"; ma=86400
      content-security-policy:
      - default-src 'none'
      referrer-policy:
      - strict-origin-when-cross-origin
      x-content-type-options:
      - nosniff
      x-dns-prefetch-control:
      - 'off'
      x-download-options:
      - noopen
      x-frame-options:
      - SAMEORIGIN
      x-notion-request-id:
      - 16bd1c8f-3788-4b8e-adda-000eb026587b
      x-permitted-cross-domain-policies:
      - none
      x-xss-protection:
      - '0'
    http_version: HTTP/1.1
    status_code: 200
- request:
    body: ''
    headers:
      accept:
      - '*/*'
      accept-encoding:
      - gzip, deflate
      authorization:
      - secret...
      connection:
      - keep-alive
      cookie:
      - secret...
      host:
      - api.notion.com
      notion-version:
      - '2022-06-28'
      user-agent:
      - secret...
    method: DELETE
    uri: https://api.notion.com/v1/blocks/277974f3-b388-81ea-86ff-efb4d19f65c6
  response:
    content: '{"object":"block","id":"277974f3-b388-81ea-86ff-efb4d19f65c6","parent":{"type":"page_id","page_id":"5f505199-b292-4713-920b-61d813bf72a3"},"created_time":"2025-09-23T10:08:00.000Z","last_edited_time":"2025-09-23T10:09:00.000Z","created_by":{"object":"user","id":"645e79dd-3e43-40de-9d51-39357c1c427f"},"last_edited_by":{"object":"user","id":"645e79dd-3e43-40de-9d51-39357c1c427f"},"has_children":false,"archived":true,"in_trash":true,"type":"child_database","child_database":{"title":"Schema
      A"},"request_id":"a4ad3998-38f8-4ed3-8556-aa29a1fb4d54"}'
    headers:
      CF-Cache-Status:
      - DYNAMIC
      CF-Ray:
      - 98393ef1ebfa8f3a-FRA
      Connection:
      - keep-alive
      Content-Encoding:
      - gzip
      Content-Type:
      - application/json; charset=utf-8
      Server:
      - cloudflare
      Strict-Transport-Security:
      - max-age=31536000; includeSubDomains; preload
      Transfer-Encoding:
      - chunked
      Vary:
      - Accept-Encoding
      alt-svc:
      - h3=":443"; ma=86400
      content-security-policy:
      - default-src 'none'
      referrer-policy:
      - strict-origin-when-cross-origin
      x-content-type-options:
      - nosniff
      x-dns-prefetch-control:
      - 'off'
      x-download-options:
      - noopen
      x-frame-options:
      - SAMEORIGIN
      x-notion-request-id:
      - a4ad3998-38f8-4ed3-8556-aa29a1fb4d54
      x-permitted-cross-domain-policies:
      - none
      x-xss-protection:
      - '0'
    http_version: HTTP/1.1
    status_code: 200
- request:
    body: ''
    headers:
      accept:
      - '*/*'
      accept-encoding:
      - gzip, deflate
      authorization:
      - secret...
      connection:
      - keep-alive
      cookie:
      - secret...
      host:
      - api.notion.com
      notion-version:
      - '2022-06-28'
      user-agent:
      - secret...
    method: GET
    uri: https://api.notion.com/v1/pages/5f505199-b292-4713-920b-61d813bf72a3
  response:
    content: '{"object":"page","id":"5f505199-b292-4713-920b-61d813bf72a3","created_time":"2022-08-22T15:47:00.000Z","last_edited_time":"2025-09-23T10:08:00.000Z","created_by":{"object":"user","id":"b10cb6df-12ef-44d3-88ad-250168f66322"},"last_edited_by":{"object":"user","id":"645e79dd-3e43-40de-9d51-39357c1c427f"},"cover":null,"icon":null,"parent":{"type":"workspace","workspace":true},"archived":false,"in_trash":false,"is_locked":false,"properties":{"title":{"id":"title","type":"title","title":[{"type":"text","text":{"content":"Tests","link":null},"annotations":{"bold":false,"italic":false,"strikethrough":false,"underline":false,"code":false,"color":"default"},"plain_text":"Tests","href":null}]}},"url":"https://www.notion.so/Tests-5f505199b2924713920b61d813bf72a3","public_url":null,"request_id":"8b827e29-db30-4087-800e-17dbdde3a390"}'
    headers:
      CF-Cache-Status:
      - DYNAMIC
      CF-Ray:
      - 98393ef4cd7b8f3a-FRA
      Connection:
      - keep-alive
      Content-Encoding:
      - gzip
      Content-Type:
      - application/json; charset=utf-8
      Server:
      - cloudflare
      Strict-Transport-Security:
      - max-age=31536000; includeSubDomains; preload
      Transfer-Encoding:
      - chunked
      Vary:
      - Accept-Encoding
      alt-svc:
      - h3=":443"; ma=86400
      content-security-policy:
      - default-src 'none'
      referrer-policy:
      - strict-origin-when-cross-origin
      x-content-type-options:
      - nosniff
      x-dns-prefetch-control:
      - 'off'
      x-download-options:
      - noopen
      x-frame-options:
      - SAMEORIGIN
      x-notion-request-id:
      - 8b827e29-db30-4087-800e-17dbdde3a390
      x-permitted-cross-domain-policies:
      - none
      x-xss-protection:
      - '0'
    http_version: HTTP/1.1
    status_code: 200
- request:
    body: ''
    headers:
      accept:
      - '*/*'
      accept-encoding:
      - gzip, deflate
      authorization:
      - secret...
      connection:
      - keep-alive
      cookie:
      - secret...
      host:
      - api.notion.com
      notion-version:
      - '2022-06-28'
      user-agent:
      - secret...
    method: DELETE
    uri: https://api.notion.com/v1/blocks/277974f3-b388-810f-8ac3-d8e680147937
  response:
    content: '{"object":"block","id":"277974f3-b388-810f-8ac3-d8e680147937","parent":{"type":"page_id","page_id":"5f505199-b292-4713-920b-61d813bf72a3"},"created_time":"2025-09-23T10:08:00.000Z","last_edited_time":"2025-09-23T10:09:00.000Z","created_by":{"object":"user","id":"645e79dd-3e43-40de-9d51-39357c1c427f"},"last_edited_by":{"object":"user","id":"645e79dd-3e43-40de-9d51-39357c1c427f"},"has_children":false,"archived":true,"in_trash":true,"type":"child_database","child_database":{"title":"Schema
      B"},"request_id":"4d3b5a60-9ac0-448c-a378-df640e44f4ff"}'
    headers:
      CF-Cache-Status:
      - DYNAMIC
      CF-Ray:
      - 98393ef68e408f3a-FRA
      Connection:
      - keep-alive
      Content-Encoding:
      - gzip
      Content-Type:
      - application/json; charset=utf-8
      Server:
      - cloudflare
      Strict-Transport-Security:
      - max-age=31536000; includeSubDomains; preload
      Transfer-Encoding:
      - chunked
      Vary:
      - Accept-Encoding
      alt-svc:
      - h3=":443"; ma=86400
      content-security-policy:
      - default-src 'none'
      referrer-policy:
      - strict-origin-when-cross-origin
      x-content-type-options:
      - nosniff
      x-dns-prefetch-control:
      - 'off'
      x-download-options:
      - noopen
      x-frame-options:
      - SAMEORIGIN
      x-notion-request-id:
      - 4d3b5a60-9ac0-448c-a378-df640e44f4ff
      x-permitted-cross-domain-policies:
      - none
      x-xss-protection:
      - '0'
    http_version: HTTP/1.1
    status_code: 200
version: 1
