interactions:
- request:
    body: ''
    headers:
      accept:
      - '*/*'
      accept-encoding:
      - gzip, deflate
      authorization:
      - secret...
      connection:
      - keep-alive
      cookie:
      - secret...
      host:
      - api.notion.com
      notion-version:
      - '2022-06-28'
      user-agent:
      - secret...
    method: GET
    uri: https://api.notion.com/v1/blocks/10f974f3-b388-81ba-adaf-d189e7161101/children?page_size=100
  response:
    content: '{"object":"list","results":[{"object":"block","id":"110974f3-b388-8052-bafa-c3ec7f6e2d33","parent":{"type":"page_id","page_id":"10f974f3-b388-81ba-adaf-d189e7161101"},"created_time":"2024-09-29T13:58:00.000Z","last_edited_time":"2024-10-14T10:05:00.000Z","created_by":{"object":"user","id":"b10cb6df-12ef-44d3-88ad-250168f66322"},"last_edited_by":{"object":"user","id":"b10cb6df-12ef-44d3-88ad-250168f66322"},"has_children":false,"archived":false,"in_trash":false,"type":"heading_1","heading_1":{"rich_text":[{"type":"text","text":{"content":"Headline","link":null},"annotations":{"bold":false,"italic":false,"strikethrough":false,"underline":false,"code":false,"color":"default"},"plain_text":"Headline","href":null}],"is_toggleable":false,"color":"default"}},{"object":"block","id":"110974f3-b388-80f2-b3e7-d9ee696ea966","parent":{"type":"page_id","page_id":"10f974f3-b388-81ba-adaf-d189e7161101"},"created_time":"2024-09-29T16:38:00.000Z","last_edited_time":"2024-09-29T16:38:00.000Z","created_by":{"object":"user","id":"b10cb6df-12ef-44d3-88ad-250168f66322"},"last_edited_by":{"object":"user","id":"b10cb6df-12ef-44d3-88ad-250168f66322"},"has_children":false,"archived":false,"in_trash":false,"type":"link_to_page","link_to_page":{"type":"comment_id","comment_id":"110974f3-b388-80a8-96da-001d8441ea4c"}},{"object":"block","id":"110974f3-b388-8057-8781-fc495a874c63","parent":{"type":"page_id","page_id":"10f974f3-b388-81ba-adaf-d189e7161101"},"created_time":"2024-09-29T16:38:00.000Z","last_edited_time":"2024-09-29T16:38:00.000Z","created_by":{"object":"user","id":"b10cb6df-12ef-44d3-88ad-250168f66322"},"last_edited_by":{"object":"user","id":"b10cb6df-12ef-44d3-88ad-250168f66322"},"has_children":false,"archived":false,"in_trash":false,"type":"link_to_page","link_to_page":{"type":"comment_id","comment_id":"110974f3-b388-808f-96e0-001dc2ffbfa4"}},{"object":"block","id":"110974f3-b388-8069-ac87-dfed410ecb86","parent":{"type":"page_id","page_id":"10f974f3-b388-81ba-adaf-d189e7161101"},"created_time":"2024-09-29T16:38:00.000Z","last_edited_time":"2024-09-29T16:38:00.000Z","created_by":{"object":"user","id":"b10cb6df-12ef-44d3-88ad-250168f66322"},"last_edited_by":{"object":"user","id":"b10cb6df-12ef-44d3-88ad-250168f66322"},"has_children":false,"archived":false,"in_trash":false,"type":"link_to_page","link_to_page":{"type":"comment_id","comment_id":"110974f3-b388-808d-84ab-001d7497d9b0"}},{"object":"block","id":"110974f3-b388-8065-aaa8-da681a2a99a2","parent":{"type":"page_id","page_id":"10f974f3-b388-81ba-adaf-d189e7161101"},"created_time":"2024-09-29T16:38:00.000Z","last_edited_time":"2024-09-29T16:38:00.000Z","created_by":{"object":"user","id":"b10cb6df-12ef-44d3-88ad-250168f66322"},"last_edited_by":{"object":"user","id":"b10cb6df-12ef-44d3-88ad-250168f66322"},"has_children":false,"archived":false,"in_trash":false,"type":"paragraph","paragraph":{"rich_text":[],"color":"default"}}],"next_cursor":null,"has_more":false,"type":"block","block":{},"request_id":"7a3c4332-4ab4-4aa6-ab9b-3e0576e59a4b"}'
    headers:
      CF-Cache-Status:
      - DYNAMIC
      CF-Ray:
      - 8d26d2f88bed8ee4-SOF
      Connection:
      - keep-alive
      Content-Encoding:
      - gzip
      Content-Type:
      - application/json; charset=utf-8
      Server:
      - cloudflare
      Set-Cookie:
      - __cf_bm=ZjPbEFmsVSG9IG6bOIFAuxiyoLKYaUSwdFIv90ObZUU-1728901093-1.0.1.1-PRaxDFsQIWEjqpd1aOtZkQVOoWzkztDyjGJI6ExGUkAy7PJsbLVQ7MQCMHRP4ingJKfssFdubMRY_9Ejy2Pr_w;
        path=/; expires=Mon, 14-Oct-24 10:48:13 GMT; domain=.notion.com; HttpOnly;
        Secure; SameSite=None
      - _cfuvid=Nvu9Gsu_UWE5h8Gz_WohyDxllLb94rHmwcfb90K57Q8-1728901093633-0.0.1.1-604800000;
        path=/; domain=.notion.com; HttpOnly; Secure; SameSite=None
      Strict-Transport-Security:
      - max-age=31536000; includeSubDomains; preload
      Transfer-Encoding:
      - chunked
      Vary:
      - Accept-Encoding
      content-security-policy:
      - default-src 'none'
      referrer-policy:
      - strict-origin-when-cross-origin
      x-content-type-options:
      - nosniff
      x-dns-prefetch-control:
      - 'off'
      x-download-options:
      - noopen
      x-frame-options:
      - SAMEORIGIN
      x-notion-request-id:
      - 7a3c4332-4ab4-4aa6-ab9b-3e0576e59a4b
      x-permitted-cross-domain-policies:
      - none
      x-xss-protection:
      - '0'
    http_version: HTTP/1.1
    status_code: 200
- request:
    body: ''
    headers:
      accept:
      - '*/*'
      accept-encoding:
      - gzip, deflate
      authorization:
      - secret...
      connection:
      - keep-alive
      cookie:
      - secret...
      host:
      - api.notion.com
      notion-version:
      - '2022-06-28'
      user-agent:
      - secret...
    method: GET
    uri: https://api.notion.com/v1/comments?block_id=110974f3-b388-8052-bafa-c3ec7f6e2d33&page_size=100
  response:
    content: '{"object":"list","results":[{"object":"comment","id":"110974f3-b388-808f-96e0-001dc2ffbfa4","parent":{"type":"block_id","block_id":"110974f3-b388-8052-bafa-c3ec7f6e2d33"},"discussion_id":"110974f3-b388-8040-895b-001cf9253ca9","created_time":"2024-09-29T13:59:00.000Z","last_edited_time":"2024-10-14T09:56:00.000Z","created_by":{"object":"user","id":"b10cb6df-12ef-44d3-88ad-250168f66322"},"rich_text":[{"type":"text","text":{"content":"Infinite
      discussion!","link":null},"annotations":{"bold":false,"italic":false,"strikethrough":false,"underline":false,"code":false,"color":"default"},"plain_text":"Infinite
      discussion!","href":null}]},{"object":"comment","id":"118974f3-b388-80f5-8a66-001dd8f48cc3","parent":{"type":"block_id","block_id":"110974f3-b388-8052-bafa-c3ec7f6e2d33"},"discussion_id":"118974f3-b388-804f-bdca-001c307c70e6","created_time":"2024-10-07T10:58:00.000Z","last_edited_time":"2024-10-07T11:10:00.000Z","created_by":{"object":"user","id":"118d872b-594c-81ef-aa7a-000271698630"},"rich_text":[{"type":"text","text":{"content":"Bot
      comment on the Headline","link":null},"annotations":{"bold":false,"italic":false,"strikethrough":false,"underline":false,"code":false,"color":"default"},"plain_text":"Bot
      comment on the Headline","href":null}]}],"next_cursor":null,"has_more":false,"type":"comment","comment":{},"request_id":"02b35322-7bab-42d7-ba7c-2afa50aafe96"}'
    headers:
      CF-Cache-Status:
      - DYNAMIC
      CF-Ray:
      - 8d26d2fbc9bd8ee4-SOF
      Connection:
      - keep-alive
      Content-Encoding:
      - gzip
      Content-Type:
      - application/json; charset=utf-8
      Server:
      - cloudflare
      Strict-Transport-Security:
      - max-age=31536000; includeSubDomains; preload
      Transfer-Encoding:
      - chunked
      Vary:
      - Accept-Encoding
      content-security-policy:
      - default-src 'none'
      referrer-policy:
      - strict-origin-when-cross-origin
      x-content-type-options:
      - nosniff
      x-dns-prefetch-control:
      - 'off'
      x-download-options:
      - noopen
      x-frame-options:
      - SAMEORIGIN
      x-notion-request-id:
      - 02b35322-7bab-42d7-ba7c-2afa50aafe96
      x-permitted-cross-domain-policies:
      - none
      x-xss-protection:
      - '0'
    http_version: HTTP/1.1
    status_code: 200
- request:
    body: '{"discussion_id": "110974f3-b388-8040-895b-001cf9253ca9", "rich_text":
      [{"type": "text", "plain_text": "Another comment", "annotations": {"bold": false,
      "italic": false, "strikethrough": false, "underline": false, "code": false,
      "color": "default"}, "text": {"content": "Another comment"}}]}'
    headers:
      accept:
      - '*/*'
      accept-encoding:
      - gzip, deflate
      authorization:
      - secret...
      connection:
      - keep-alive
      content-length:
      - '291'
      content-type:
      - application/json
      cookie:
      - secret...
      host:
      - api.notion.com
      notion-version:
      - '2022-06-28'
      user-agent:
      - secret...
    method: POST
    uri: https://api.notion.com/v1/comments
  response:
    content: '{"object":"comment","id":"11f974f3-b388-810d-9029-001dae3f0d20","parent":{"type":"block_id","block_id":"110974f3-b388-8052-bafa-c3ec7f6e2d33"},"discussion_id":"110974f3-b388-8040-895b-001cf9253ca9","created_time":"2024-10-14T10:18:00.000Z","last_edited_time":"2024-10-14T10:18:00.000Z","created_by":{"object":"user","id":"645e79dd-3e43-40de-9d51-39357c1c427f"},"rich_text":[{"type":"text","text":{"content":"Another
      comment","link":null},"annotations":{"bold":false,"italic":false,"strikethrough":false,"underline":false,"code":false,"color":"default"},"plain_text":"Another
      comment","href":null}],"request_id":"037d7876-9442-4341-8e3b-ce00847e231d"}'
    headers:
      CF-Cache-Status:
      - DYNAMIC
      CF-Ray:
      - 8d26d3022a9c8ee4-SOF
      Connection:
      - keep-alive
      Content-Encoding:
      - gzip
      Content-Type:
      - application/json; charset=utf-8
      Server:
      - cloudflare
      Strict-Transport-Security:
      - max-age=31536000; includeSubDomains; preload
      Transfer-Encoding:
      - chunked
      Vary:
      - Accept-Encoding
      content-security-policy:
      - default-src 'none'
      referrer-policy:
      - strict-origin-when-cross-origin
      x-content-type-options:
      - nosniff
      x-dns-prefetch-control:
      - 'off'
      x-download-options:
      - noopen
      x-frame-options:
      - SAMEORIGIN
      x-notion-request-id:
      - 037d7876-9442-4341-8e3b-ce00847e231d
      x-permitted-cross-domain-policies:
      - none
      x-xss-protection:
      - '0'
    http_version: HTTP/1.1
    status_code: 200
- request:
    body: ''
    headers:
      accept:
      - '*/*'
      accept-encoding:
      - gzip, deflate
      authorization:
      - secret...
      connection:
      - keep-alive
      cookie:
      - secret...
      host:
      - api.notion.com
      notion-version:
      - '2022-06-28'
      user-agent:
      - secret...
    method: GET
    uri: https://api.notion.com/v1/pages/10f974f3-b388-81ba-adaf-d189e7161101
  response:
    content: '{"object":"page","id":"10f974f3-b388-81ba-adaf-d189e7161101","created_time":"2024-09-28T19:37:00.000Z","last_edited_time":"2024-10-14T10:05:00.000Z","created_by":{"object":"user","id":"645e79dd-3e43-40de-9d51-39357c1c427f"},"last_edited_by":{"object":"user","id":"b10cb6df-12ef-44d3-88ad-250168f66322"},"cover":null,"icon":null,"parent":{"type":"page_id","page_id":"5f505199-b292-4713-920b-61d813bf72a3"},"archived":false,"in_trash":false,"properties":{"title":{"id":"title","type":"title","title":[{"type":"text","text":{"content":"Comments","link":null},"annotations":{"bold":false,"italic":false,"strikethrough":false,"underline":false,"code":false,"color":"default"},"plain_text":"Comments","href":null}]}},"url":"https://www.notion.so/Comments-10f974f3b38881baadafd189e7161101","public_url":null,"request_id":"8667394b-97f5-4120-8719-cc96187cff0c"}'
    headers:
      CF-Cache-Status:
      - DYNAMIC
      CF-Ray:
      - 8d26d3064fa58ee4-SOF
      Connection:
      - keep-alive
      Content-Encoding:
      - gzip
      Content-Type:
      - application/json; charset=utf-8
      Server:
      - cloudflare
      Strict-Transport-Security:
      - max-age=31536000; includeSubDomains; preload
      Transfer-Encoding:
      - chunked
      Vary:
      - Accept-Encoding
      content-security-policy:
      - default-src 'none'
      referrer-policy:
      - strict-origin-when-cross-origin
      x-content-type-options:
      - nosniff
      x-dns-prefetch-control:
      - 'off'
      x-download-options:
      - noopen
      x-frame-options:
      - SAMEORIGIN
      x-notion-request-id:
      - 8667394b-97f5-4120-8719-cc96187cff0c
      x-permitted-cross-domain-policies:
      - none
      x-xss-protection:
      - '0'
    http_version: HTTP/1.1
    status_code: 200
version: 1
