interactions:
- request:
    body: '{"parent": {"page_id": "5f505199-b292-4713-920b-61d813bf72a3", "type":
      "page_id"}, "properties": {"title": {"title": [{"plain_text": "Parent", "text":
      {"content": "Parent"}, "type": "text"}], "type": "title"}}}'
    headers:
      accept:
      - '*/*'
      accept-encoding:
      - gzip, deflate
      authorization:
      - secret...
      connection:
      - keep-alive
      content-length:
      - '210'
      content-type:
      - application/json
      cookie:
      - secret...
      host:
      - api.notion.com
      notion-version:
      - '2022-06-28'
      user-agent:
      - secret...
    method: POST
    uri: https://api.notion.com/v1/pages
  response:
    content: '{"object":"page","id":"ae44ae60-8906-47cf-9557-1f48e65de7cd","created_time":"2024-01-04T16:33:00.000Z","last_edited_time":"2024-01-04T16:33:00.000Z","created_by":{"object":"user","id":"645e79dd-3e43-40de-9d51-39357c1c427f"},"last_edited_by":{"object":"user","id":"645e79dd-3e43-40de-9d51-39357c1c427f"},"cover":null,"icon":null,"parent":{"type":"page_id","page_id":"5f505199-b292-4713-920b-61d813bf72a3"},"archived":false,"properties":{"title":{"id":"title","type":"title","title":[{"type":"text","text":{"content":"Parent","link":null},"annotations":{"bold":false,"italic":false,"strikethrough":false,"underline":false,"code":false,"color":"default"},"plain_text":"Parent","href":null}]}},"url":"https://www.notion.so/Parent-ae44ae60890647cf95571f48e65de7cd","public_url":null,"request_id":"e182e572-c809-477e-b559-5ddb04b715ac"}'
    headers:
      CF-Cache-Status:
      - DYNAMIC
      Connection:
      - keep-alive
      Content-Encoding:
      - gzip
      Content-Type:
      - application/json; charset=utf-8
      Server:
      - cloudflare
      Transfer-Encoding:
      - chunked
      Vary:
      - Accept-Encoding
      X-Powered-By:
      - Express
    http_version: HTTP/1.1
    status_code: 200
- request:
    body: '{"parent": {"page_id": "ae44ae60-8906-47cf-9557-1f48e65de7cd", "type":
      "page_id"}, "properties": {"title": {"title": [{"plain_text": "Child 1", "text":
      {"content": "Child 1"}, "type": "text"}], "type": "title"}}}'
    headers:
      accept:
      - '*/*'
      accept-encoding:
      - gzip, deflate
      authorization:
      - secret...
      connection:
      - keep-alive
      content-length:
      - '212'
      content-type:
      - application/json
      cookie:
      - secret...
      host:
      - api.notion.com
      notion-version:
      - '2022-06-28'
      user-agent:
      - secret...
    method: POST
    uri: https://api.notion.com/v1/pages
  response:
    content: '{"object":"page","id":"b78d7db8-0274-49e8-a160-c653141fbbef","created_time":"2024-01-04T16:33:00.000Z","last_edited_time":"2024-01-04T16:33:00.000Z","created_by":{"object":"user","id":"645e79dd-3e43-40de-9d51-39357c1c427f"},"last_edited_by":{"object":"user","id":"645e79dd-3e43-40de-9d51-39357c1c427f"},"cover":null,"icon":null,"parent":{"type":"page_id","page_id":"ae44ae60-8906-47cf-9557-1f48e65de7cd"},"archived":false,"properties":{"title":{"id":"title","type":"title","title":[{"type":"text","text":{"content":"Child
      1","link":null},"annotations":{"bold":false,"italic":false,"strikethrough":false,"underline":false,"code":false,"color":"default"},"plain_text":"Child
      1","href":null}]}},"url":"https://www.notion.so/Child-1-b78d7db8027449e8a160c653141fbbef","public_url":null,"request_id":"a6bba389-fda3-4aa7-b05d-ab32736ac4d6"}'
    headers:
      CF-Cache-Status:
      - DYNAMIC
      Connection:
      - keep-alive
      Content-Encoding:
      - gzip
      Content-Type:
      - application/json; charset=utf-8
      Server:
      - cloudflare
      Transfer-Encoding:
      - chunked
      Vary:
      - Accept-Encoding
      X-Powered-By:
      - Express
    http_version: HTTP/1.1
    status_code: 200
- request:
    body: '{"parent": {"page_id": "ae44ae60-8906-47cf-9557-1f48e65de7cd", "type":
      "page_id"}, "properties": {"title": {"title": [{"plain_text": "Child 2", "text":
      {"content": "Child 2"}, "type": "text"}], "type": "title"}}}'
    headers:
      accept:
      - '*/*'
      accept-encoding:
      - gzip, deflate
      authorization:
      - secret...
      connection:
      - keep-alive
      content-length:
      - '212'
      content-type:
      - application/json
      cookie:
      - secret...
      host:
      - api.notion.com
      notion-version:
      - '2022-06-28'
      user-agent:
      - secret...
    method: POST
    uri: https://api.notion.com/v1/pages
  response:
    content: '{"object":"page","id":"0de9d6ed-b54b-4b75-b689-e21ca1e27866","created_time":"2024-01-04T16:33:00.000Z","last_edited_time":"2024-01-04T16:33:00.000Z","created_by":{"object":"user","id":"645e79dd-3e43-40de-9d51-39357c1c427f"},"last_edited_by":{"object":"user","id":"645e79dd-3e43-40de-9d51-39357c1c427f"},"cover":null,"icon":null,"parent":{"type":"page_id","page_id":"ae44ae60-8906-47cf-9557-1f48e65de7cd"},"archived":false,"properties":{"title":{"id":"title","type":"title","title":[{"type":"text","text":{"content":"Child
      2","link":null},"annotations":{"bold":false,"italic":false,"strikethrough":false,"underline":false,"code":false,"color":"default"},"plain_text":"Child
      2","href":null}]}},"url":"https://www.notion.so/Child-2-0de9d6edb54b4b75b689e21ca1e27866","public_url":null,"request_id":"33176d09-77d8-49e5-b255-bb5c3af7b32e"}'
    headers:
      CF-Cache-Status:
      - DYNAMIC
      Connection:
      - keep-alive
      Content-Encoding:
      - gzip
      Content-Type:
      - application/json; charset=utf-8
      Server:
      - cloudflare
      Transfer-Encoding:
      - chunked
      Vary:
      - Accept-Encoding
      X-Powered-By:
      - Express
    http_version: HTTP/1.1
    status_code: 200
- request:
    body: ''
    headers:
      accept:
      - '*/*'
      accept-encoding:
      - gzip, deflate
      authorization:
      - secret...
      connection:
      - keep-alive
      cookie:
      - secret...
      host:
      - api.notion.com
      notion-version:
      - '2022-06-28'
      user-agent:
      - secret...
    method: GET
    uri: https://api.notion.com/v1/blocks/ae44ae60-8906-47cf-9557-1f48e65de7cd/children?page_size=100
  response:
    content: '{"object":"list","results":[{"object":"block","id":"b78d7db8-0274-49e8-a160-c653141fbbef","parent":{"type":"page_id","page_id":"ae44ae60-8906-47cf-9557-1f48e65de7cd"},"created_time":"2024-01-04T16:33:00.000Z","last_edited_time":"2024-01-04T16:33:00.000Z","created_by":{"object":"user","id":"645e79dd-3e43-40de-9d51-39357c1c427f"},"last_edited_by":{"object":"user","id":"645e79dd-3e43-40de-9d51-39357c1c427f"},"has_children":false,"archived":false,"type":"child_page","child_page":{"title":"Child
      1"}},{"object":"block","id":"0de9d6ed-b54b-4b75-b689-e21ca1e27866","parent":{"type":"page_id","page_id":"ae44ae60-8906-47cf-9557-1f48e65de7cd"},"created_time":"2024-01-04T16:33:00.000Z","last_edited_time":"2024-01-04T16:33:00.000Z","created_by":{"object":"user","id":"645e79dd-3e43-40de-9d51-39357c1c427f"},"last_edited_by":{"object":"user","id":"645e79dd-3e43-40de-9d51-39357c1c427f"},"has_children":false,"archived":false,"type":"child_page","child_page":{"title":"Child
      2"}}],"next_cursor":null,"has_more":false,"type":"block","block":{},"request_id":"aed48cb2-4e7f-4847-8f68-e89b691cf9ce"}'
    headers:
      CF-Cache-Status:
      - DYNAMIC
      Connection:
      - keep-alive
      Content-Encoding:
      - gzip
      Content-Type:
      - application/json; charset=utf-8
      Server:
      - cloudflare
      Transfer-Encoding:
      - chunked
      Vary:
      - Accept-Encoding
      X-Powered-By:
      - Express
    http_version: HTTP/1.1
    status_code: 200
version: 1
