interactions:
- request:
    body: '{"parent": {"page_id": "5f505199-b292-4713-920b-61d813bf72a3", "type":
      "page_id"}, "properties": {}}'
    headers:
      accept:
      - '*/*'
      accept-encoding:
      - gzip, deflate
      authorization:
      - secret...
      connection:
      - keep-alive
      content-length:
      - '100'
      content-type:
      - application/json
      cookie:
      - secret...
      host:
      - api.notion.com
      notion-version:
      - '2022-06-28'
      user-agent:
      - secret...
    method: POST
    uri: https://api.notion.com/v1/pages
  response:
    content: '{"object":"page","id":"d3f985f1-62c3-4472-adc8-996a1e13bcef","created_time":"2024-02-14T17:40:00.000Z","last_edited_time":"2024-02-14T17:40:00.000Z","created_by":{"object":"user","id":"645e79dd-3e43-40de-9d51-39357c1c427f"},"last_edited_by":{"object":"user","id":"645e79dd-3e43-40de-9d51-39357c1c427f"},"cover":null,"icon":null,"parent":{"type":"page_id","page_id":"5f505199-b292-4713-920b-61d813bf72a3"},"archived":false,"properties":{"title":{"id":"title","type":"title","title":[]}},"url":"https://www.notion.so/d3f985f162c34472adc8996a1e13bcef","public_url":null,"request_id":"002f8b9c-8470-43ba-a5ba-51037d36ed72"}'
    headers:
      CF-Cache-Status:
      - DYNAMIC
      Connection:
      - keep-alive
      Content-Encoding:
      - gzip
      Content-Type:
      - application/json; charset=utf-8
      Server:
      - cloudflare
      Transfer-Encoding:
      - chunked
      Vary:
      - Accept-Encoding
      X-Powered-By:
      - Express
    http_version: HTTP/1.1
    status_code: 200
- request:
    body: '{"properties": {"title": {"title": [{"plain_text": "My new title", "text":
      {"content": "My new title"}, "type": "text"}], "type": "title"}}}'
    headers:
      accept:
      - '*/*'
      accept-encoding:
      - gzip, deflate
      authorization:
      - secret...
      connection:
      - keep-alive
      content-length:
      - '140'
      content-type:
      - application/json
      cookie:
      - secret...
      host:
      - api.notion.com
      notion-version:
      - '2022-06-28'
      user-agent:
      - secret...
    method: PATCH
    uri: https://api.notion.com/v1/pages/d3f985f162c34472adc8996a1e13bcef
  response:
    content: '{"object":"page","id":"d3f985f1-62c3-4472-adc8-996a1e13bcef","created_time":"2024-02-14T17:40:00.000Z","last_edited_time":"2024-02-14T17:40:00.000Z","created_by":{"object":"user","id":"645e79dd-3e43-40de-9d51-39357c1c427f"},"last_edited_by":{"object":"user","id":"645e79dd-3e43-40de-9d51-39357c1c427f"},"cover":null,"icon":null,"parent":{"type":"page_id","page_id":"5f505199-b292-4713-920b-61d813bf72a3"},"archived":false,"properties":{"title":{"id":"title","type":"title","title":[{"type":"text","text":{"content":"My
      new title","link":null},"annotations":{"bold":false,"italic":false,"strikethrough":false,"underline":false,"code":false,"color":"default"},"plain_text":"My
      new title","href":null}]}},"url":"https://www.notion.so/My-new-title-d3f985f162c34472adc8996a1e13bcef","public_url":null,"request_id":"7b13adaa-2848-4926-a053-23bf1fe06f4a"}'
    headers:
      CF-Cache-Status:
      - DYNAMIC
      Connection:
      - keep-alive
      Content-Encoding:
      - gzip
      Content-Type:
      - application/json; charset=utf-8
      Server:
      - cloudflare
      Transfer-Encoding:
      - chunked
      Vary:
      - Accept-Encoding
      X-Powered-By:
      - Express
    http_version: HTTP/1.1
    status_code: 200
- request:
    body: '{"properties": {"title": {"title": [{"plain_text": "My new title", "text":
      {"content": "My new title"}, "type": "text"}], "type": "title"}}}'
    headers:
      accept:
      - '*/*'
      accept-encoding:
      - gzip, deflate
      authorization:
      - secret...
      connection:
      - keep-alive
      content-length:
      - '140'
      content-type:
      - application/json
      cookie:
      - secret...
      host:
      - api.notion.com
      notion-version:
      - '2022-06-28'
      user-agent:
      - secret...
    method: PATCH
    uri: https://api.notion.com/v1/pages/d3f985f162c34472adc8996a1e13bcef
  response:
    content: '{"object":"page","id":"d3f985f1-62c3-4472-adc8-996a1e13bcef","created_time":"2024-02-14T17:40:00.000Z","last_edited_time":"2024-02-14T17:40:00.000Z","created_by":{"object":"user","id":"645e79dd-3e43-40de-9d51-39357c1c427f"},"last_edited_by":{"object":"user","id":"645e79dd-3e43-40de-9d51-39357c1c427f"},"cover":null,"icon":null,"parent":{"type":"page_id","page_id":"5f505199-b292-4713-920b-61d813bf72a3"},"archived":false,"properties":{"title":{"id":"title","type":"title","title":[{"type":"text","text":{"content":"My
      new title","link":null},"annotations":{"bold":false,"italic":false,"strikethrough":false,"underline":false,"code":false,"color":"default"},"plain_text":"My
      new title","href":null}]}},"url":"https://www.notion.so/My-new-title-d3f985f162c34472adc8996a1e13bcef","public_url":null,"request_id":"6381de58-59f6-48d1-8c82-1a8ce71eac65"}'
    headers:
      CF-Cache-Status:
      - DYNAMIC
      Connection:
      - keep-alive
      Content-Encoding:
      - gzip
      Content-Type:
      - application/json; charset=utf-8
      Server:
      - cloudflare
      Transfer-Encoding:
      - chunked
      Vary:
      - Accept-Encoding
      X-Powered-By:
      - Express
    http_version: HTTP/1.1
    status_code: 200
- request:
    body: ''
    headers:
      accept:
      - '*/*'
      accept-encoding:
      - gzip, deflate
      authorization:
      - secret...
      connection:
      - keep-alive
      cookie:
      - secret...
      host:
      - api.notion.com
      notion-version:
      - '2022-06-28'
      user-agent:
      - secret...
    method: GET
    uri: https://api.notion.com/v1/pages/d3f985f1-62c3-4472-adc8-996a1e13bcef
  response:
    content: '{"object":"page","id":"d3f985f1-62c3-4472-adc8-996a1e13bcef","created_time":"2024-02-14T17:40:00.000Z","last_edited_time":"2024-02-14T17:40:00.000Z","created_by":{"object":"user","id":"645e79dd-3e43-40de-9d51-39357c1c427f"},"last_edited_by":{"object":"user","id":"645e79dd-3e43-40de-9d51-39357c1c427f"},"cover":null,"icon":null,"parent":{"type":"page_id","page_id":"5f505199-b292-4713-920b-61d813bf72a3"},"archived":false,"properties":{"title":{"id":"title","type":"title","title":[{"type":"text","text":{"content":"My
      new title","link":null},"annotations":{"bold":false,"italic":false,"strikethrough":false,"underline":false,"code":false,"color":"default"},"plain_text":"My
      new title","href":null}]}},"url":"https://www.notion.so/My-new-title-d3f985f162c34472adc8996a1e13bcef","public_url":null,"request_id":"7fe1c8ab-7320-43dd-bf31-614a9a784dde"}'
    headers:
      CF-Cache-Status:
      - DYNAMIC
      Connection:
      - keep-alive
      Content-Encoding:
      - gzip
      Content-Type:
      - application/json; charset=utf-8
      Server:
      - cloudflare
      Transfer-Encoding:
      - chunked
      Vary:
      - Accept-Encoding
      X-Powered-By:
      - Express
    http_version: HTTP/1.1
    status_code: 200
- request:
    body: '{"properties": {"title": {"title": [], "type": "title"}}}'
    headers:
      accept:
      - '*/*'
      accept-encoding:
      - gzip, deflate
      authorization:
      - secret...
      connection:
      - keep-alive
      content-length:
      - '57'
      content-type:
      - application/json
      cookie:
      - secret...
      host:
      - api.notion.com
      notion-version:
      - '2022-06-28'
      user-agent:
      - secret...
    method: PATCH
    uri: https://api.notion.com/v1/pages/d3f985f162c34472adc8996a1e13bcef
  response:
    content: '{"object":"page","id":"d3f985f1-62c3-4472-adc8-996a1e13bcef","created_time":"2024-02-14T17:40:00.000Z","last_edited_time":"2024-02-14T17:40:00.000Z","created_by":{"object":"user","id":"645e79dd-3e43-40de-9d51-39357c1c427f"},"last_edited_by":{"object":"user","id":"645e79dd-3e43-40de-9d51-39357c1c427f"},"cover":null,"icon":null,"parent":{"type":"page_id","page_id":"5f505199-b292-4713-920b-61d813bf72a3"},"archived":false,"properties":{"title":{"id":"title","type":"title","title":[]}},"url":"https://www.notion.so/d3f985f162c34472adc8996a1e13bcef","public_url":null,"request_id":"094d3c17-a2fc-4cde-a9f5-3c132da2f224"}'
    headers:
      CF-Cache-Status:
      - DYNAMIC
      Connection:
      - keep-alive
      Content-Encoding:
      - gzip
      Content-Type:
      - application/json; charset=utf-8
      Server:
      - cloudflare
      Transfer-Encoding:
      - chunked
      Vary:
      - Accept-Encoding
      X-Powered-By:
      - Express
    http_version: HTTP/1.1
    status_code: 200
- request:
    body: ''
    headers:
      accept:
      - '*/*'
      accept-encoding:
      - gzip, deflate
      authorization:
      - secret...
      connection:
      - keep-alive
      cookie:
      - secret...
      host:
      - api.notion.com
      notion-version:
      - '2022-06-28'
      user-agent:
      - secret...
    method: GET
    uri: https://api.notion.com/v1/pages/d3f985f1-62c3-4472-adc8-996a1e13bcef
  response:
    content: '{"object":"page","id":"d3f985f1-62c3-4472-adc8-996a1e13bcef","created_time":"2024-02-14T17:40:00.000Z","last_edited_time":"2024-02-14T17:40:00.000Z","created_by":{"object":"user","id":"645e79dd-3e43-40de-9d51-39357c1c427f"},"last_edited_by":{"object":"user","id":"645e79dd-3e43-40de-9d51-39357c1c427f"},"cover":null,"icon":null,"parent":{"type":"page_id","page_id":"5f505199-b292-4713-920b-61d813bf72a3"},"archived":false,"properties":{"title":{"id":"title","type":"title","title":[]}},"url":"https://www.notion.so/d3f985f162c34472adc8996a1e13bcef","public_url":null,"request_id":"0c82f2f2-1080-44b6-a1ce-652d024782d3"}'
    headers:
      CF-Cache-Status:
      - DYNAMIC
      Connection:
      - keep-alive
      Content-Encoding:
      - gzip
      Content-Type:
      - application/json; charset=utf-8
      Server:
      - cloudflare
      Transfer-Encoding:
      - chunked
      Vary:
      - Accept-Encoding
      X-Powered-By:
      - Express
    http_version: HTTP/1.1
    status_code: 200
- request:
    body: '{"properties": {"title": {"title": [], "type": "title"}}}'
    headers:
      accept:
      - '*/*'
      accept-encoding:
      - gzip, deflate
      authorization:
      - secret...
      connection:
      - keep-alive
      content-length:
      - '57'
      content-type:
      - application/json
      cookie:
      - secret...
      host:
      - api.notion.com
      notion-version:
      - '2022-06-28'
      user-agent:
      - secret...
    method: PATCH
    uri: https://api.notion.com/v1/pages/d3f985f162c34472adc8996a1e13bcef
  response:
    content: '{"object":"page","id":"d3f985f1-62c3-4472-adc8-996a1e13bcef","created_time":"2024-02-14T17:40:00.000Z","last_edited_time":"2024-02-14T17:40:00.000Z","created_by":{"object":"user","id":"645e79dd-3e43-40de-9d51-39357c1c427f"},"last_edited_by":{"object":"user","id":"645e79dd-3e43-40de-9d51-39357c1c427f"},"cover":null,"icon":null,"parent":{"type":"page_id","page_id":"5f505199-b292-4713-920b-61d813bf72a3"},"archived":false,"properties":{"title":{"id":"title","type":"title","title":[]}},"url":"https://www.notion.so/d3f985f162c34472adc8996a1e13bcef","public_url":null,"request_id":"52855681-39fe-4395-84f5-6387e8c6b71c"}'
    headers:
      CF-Cache-Status:
      - DYNAMIC
      Connection:
      - keep-alive
      Content-Encoding:
      - gzip
      Content-Type:
      - application/json; charset=utf-8
      Server:
      - cloudflare
      Transfer-Encoding:
      - chunked
      Vary:
      - Accept-Encoding
      X-Powered-By:
      - Express
    http_version: HTTP/1.1
    status_code: 200
- request:
    body: ''
    headers:
      accept:
      - '*/*'
      accept-encoding:
      - gzip, deflate
      authorization:
      - secret...
      connection:
      - keep-alive
      cookie:
      - secret...
      host:
      - api.notion.com
      notion-version:
      - '2022-06-28'
      user-agent:
      - secret...
    method: GET
    uri: https://api.notion.com/v1/pages/d3f985f1-62c3-4472-adc8-996a1e13bcef
  response:
    content: '{"object":"page","id":"d3f985f1-62c3-4472-adc8-996a1e13bcef","created_time":"2024-02-14T17:40:00.000Z","last_edited_time":"2024-02-14T17:40:00.000Z","created_by":{"object":"user","id":"645e79dd-3e43-40de-9d51-39357c1c427f"},"last_edited_by":{"object":"user","id":"645e79dd-3e43-40de-9d51-39357c1c427f"},"cover":null,"icon":null,"parent":{"type":"page_id","page_id":"5f505199-b292-4713-920b-61d813bf72a3"},"archived":false,"properties":{"title":{"id":"title","type":"title","title":[]}},"url":"https://www.notion.so/d3f985f162c34472adc8996a1e13bcef","public_url":null,"request_id":"3d73a7a0-8829-41ed-96b2-40a2aae445ce"}'
    headers:
      CF-Cache-Status:
      - DYNAMIC
      Connection:
      - keep-alive
      Content-Encoding:
      - gzip
      Content-Type:
      - application/json; charset=utf-8
      Server:
      - cloudflare
      Transfer-Encoding:
      - chunked
      Vary:
      - Accept-Encoding
      X-Powered-By:
      - Express
    http_version: HTTP/1.1
    status_code: 200
version: 1
