interactions:
- request:
    body: ''
    headers:
      accept:
      - '*/*'
      accept-encoding:
      - gzip, deflate
      authorization:
      - secret...
      connection:
      - keep-alive
      cookie:
      - secret...
      host:
      - api.notion.com
      notion-version:
      - '2022-06-28'
      user-agent:
      - secret...
    method: GET
    uri: https://api.notion.com/v1/blocks/3e5fa270-2714-4f8a-afa5-640f5ff17348/children?page_size=100
  response:
    content: "{\"object\":\"list\",\"results\":[{\"object\":\"block\",\"id\":\"0a2d0d1f-3bf5-4851-9d80-e2b3e3003150\",\"parent\":{\"type\":\"page_id\",\"page_id\":\"3e5fa270-2714-4f8a-afa5-640f5ff17348\"},\"created_time\":\"2024-02-04T10:12:00.000Z\",\"last_edited_time\":\"2024-02-04T10:12:00.000Z\",\"created_by\":{\"object\":\"user\",\"id\":\"b10cb6df-12ef-44d3-88ad-250168f66322\"},\"last_edited_by\":{\"object\":\"user\",\"id\":\"b10cb6df-12ef-44d3-88ad-250168f66322\"},\"has_children\":false,\"archived\":false,\"in_trash\":false,\"type\":\"heading_1\",\"heading_1\":{\"rich_text\":[{\"type\":\"text\",\"text\":{\"content\":\"Headline
      1\",\"link\":null},\"annotations\":{\"bold\":false,\"italic\":false,\"strikethrough\":false,\"underline\":false,\"code\":false,\"color\":\"default\"},\"plain_text\":\"Headline
      1\",\"href\":null}],\"is_toggleable\":false,\"color\":\"default\"}},{\"object\":\"block\",\"id\":\"005718df-f0fe-469f-ae05-a848642b5c78\",\"parent\":{\"type\":\"page_id\",\"page_id\":\"3e5fa270-2714-4f8a-afa5-640f5ff17348\"},\"created_time\":\"2024-02-04T10:12:00.000Z\",\"last_edited_time\":\"2024-02-04T10:12:00.000Z\",\"created_by\":{\"object\":\"user\",\"id\":\"b10cb6df-12ef-44d3-88ad-250168f66322\"},\"last_edited_by\":{\"object\":\"user\",\"id\":\"b10cb6df-12ef-44d3-88ad-250168f66322\"},\"has_children\":false,\"archived\":false,\"in_trash\":false,\"type\":\"heading_2\",\"heading_2\":{\"rich_text\":[{\"type\":\"text\",\"text\":{\"content\":\"Headline
      2\",\"link\":null},\"annotations\":{\"bold\":false,\"italic\":false,\"strikethrough\":false,\"underline\":false,\"code\":false,\"color\":\"default\"},\"plain_text\":\"Headline
      2\",\"href\":null}],\"is_toggleable\":false,\"color\":\"default\"}},{\"object\":\"block\",\"id\":\"b7e6af67-eba0-4ed5-b962-c5ef4731621f\",\"parent\":{\"type\":\"page_id\",\"page_id\":\"3e5fa270-2714-4f8a-afa5-640f5ff17348\"},\"created_time\":\"2024-02-04T10:12:00.000Z\",\"last_edited_time\":\"2024-02-04T10:12:00.000Z\",\"created_by\":{\"object\":\"user\",\"id\":\"b10cb6df-12ef-44d3-88ad-250168f66322\"},\"last_edited_by\":{\"object\":\"user\",\"id\":\"b10cb6df-12ef-44d3-88ad-250168f66322\"},\"has_children\":false,\"archived\":false,\"in_trash\":false,\"type\":\"heading_3\",\"heading_3\":{\"rich_text\":[{\"type\":\"text\",\"text\":{\"content\":\"Headline
      3\",\"link\":null},\"annotations\":{\"bold\":false,\"italic\":false,\"strikethrough\":false,\"underline\":false,\"code\":false,\"color\":\"default\"},\"plain_text\":\"Headline
      3\",\"href\":null}],\"is_toggleable\":false,\"color\":\"default\"}},{\"object\":\"block\",\"id\":\"84f7e95a-bdac-48ec-8a4f-d841e8bb9594\",\"parent\":{\"type\":\"page_id\",\"page_id\":\"3e5fa270-2714-4f8a-afa5-640f5ff17348\"},\"created_time\":\"2024-02-04T10:14:00.000Z\",\"last_edited_time\":\"2024-02-04T10:14:00.000Z\",\"created_by\":{\"object\":\"user\",\"id\":\"b10cb6df-12ef-44d3-88ad-250168f66322\"},\"last_edited_by\":{\"object\":\"user\",\"id\":\"b10cb6df-12ef-44d3-88ad-250168f66322\"},\"has_children\":false,\"archived\":false,\"in_trash\":false,\"type\":\"divider\",\"divider\":{}},{\"object\":\"block\",\"id\":\"f8c5d55a-db5d-4e2f-b0bb-dcb69b022aac\",\"parent\":{\"type\":\"page_id\",\"page_id\":\"3e5fa270-2714-4f8a-afa5-640f5ff17348\"},\"created_time\":\"2024-02-04T10:12:00.000Z\",\"last_edited_time\":\"2024-02-04T10:13:00.000Z\",\"created_by\":{\"object\":\"user\",\"id\":\"b10cb6df-12ef-44d3-88ad-250168f66322\"},\"last_edited_by\":{\"object\":\"user\",\"id\":\"b10cb6df-12ef-44d3-88ad-250168f66322\"},\"has_children\":true,\"archived\":false,\"in_trash\":false,\"type\":\"heading_1\",\"heading_1\":{\"rich_text\":[{\"type\":\"text\",\"text\":{\"content\":\"Toggle
      Headline 1\",\"link\":null},\"annotations\":{\"bold\":false,\"italic\":false,\"strikethrough\":false,\"underline\":false,\"code\":false,\"color\":\"default\"},\"plain_text\":\"Toggle
      Headline 1\",\"href\":null}],\"is_toggleable\":true,\"color\":\"default\"}},{\"object\":\"block\",\"id\":\"a7400a5e-e709-4f44-89f1-a8c1e3f20532\",\"parent\":{\"type\":\"page_id\",\"page_id\":\"3e5fa270-2714-4f8a-afa5-640f5ff17348\"},\"created_time\":\"2024-02-04T10:13:00.000Z\",\"last_edited_time\":\"2024-02-04T10:13:00.000Z\",\"created_by\":{\"object\":\"user\",\"id\":\"b10cb6df-12ef-44d3-88ad-250168f66322\"},\"last_edited_by\":{\"object\":\"user\",\"id\":\"b10cb6df-12ef-44d3-88ad-250168f66322\"},\"has_children\":true,\"archived\":false,\"in_trash\":false,\"type\":\"heading_2\",\"heading_2\":{\"rich_text\":[{\"type\":\"text\",\"text\":{\"content\":\"Toggle
      Headline 2\",\"link\":null},\"annotations\":{\"bold\":false,\"italic\":false,\"strikethrough\":false,\"underline\":false,\"code\":false,\"color\":\"default\"},\"plain_text\":\"Toggle
      Headline 2\",\"href\":null}],\"is_toggleable\":true,\"color\":\"default\"}},{\"object\":\"block\",\"id\":\"1719726d-35b9-43d5-b57d-5b2e7740c9b2\",\"parent\":{\"type\":\"page_id\",\"page_id\":\"3e5fa270-2714-4f8a-afa5-640f5ff17348\"},\"created_time\":\"2024-02-04T10:13:00.000Z\",\"last_edited_time\":\"2024-02-04T10:14:00.000Z\",\"created_by\":{\"object\":\"user\",\"id\":\"b10cb6df-12ef-44d3-88ad-250168f66322\"},\"last_edited_by\":{\"object\":\"user\",\"id\":\"b10cb6df-12ef-44d3-88ad-250168f66322\"},\"has_children\":true,\"archived\":false,\"in_trash\":false,\"type\":\"heading_3\",\"heading_3\":{\"rich_text\":[{\"type\":\"text\",\"text\":{\"content\":\"Toggle
      Headline 3\",\"link\":null},\"annotations\":{\"bold\":false,\"italic\":false,\"strikethrough\":false,\"underline\":false,\"code\":false,\"color\":\"default\"},\"plain_text\":\"Toggle
      Headline 3\",\"href\":null}],\"is_toggleable\":true,\"color\":\"default\"}},{\"object\":\"block\",\"id\":\"660ee32c-aa72-4aa8-8cf9-8a5859a2d751\",\"parent\":{\"type\":\"page_id\",\"page_id\":\"3e5fa270-2714-4f8a-afa5-640f5ff17348\"},\"created_time\":\"2024-02-04T10:14:00.000Z\",\"last_edited_time\":\"2024-02-04T10:14:00.000Z\",\"created_by\":{\"object\":\"user\",\"id\":\"b10cb6df-12ef-44d3-88ad-250168f66322\"},\"last_edited_by\":{\"object\":\"user\",\"id\":\"b10cb6df-12ef-44d3-88ad-250168f66322\"},\"has_children\":false,\"archived\":false,\"in_trash\":false,\"type\":\"bulleted_list_item\",\"bulleted_list_item\":{\"rich_text\":[{\"type\":\"text\",\"text\":{\"content\":\"Item
      1\",\"link\":null},\"annotations\":{\"bold\":false,\"italic\":false,\"strikethrough\":false,\"underline\":false,\"code\":false,\"color\":\"default\"},\"plain_text\":\"Item
      1\",\"href\":null}],\"color\":\"default\"}},{\"object\":\"block\",\"id\":\"b7d2a218-e716-49b7-9adc-b296d6262c1d\",\"parent\":{\"type\":\"page_id\",\"page_id\":\"3e5fa270-2714-4f8a-afa5-640f5ff17348\"},\"created_time\":\"2024-02-04T10:14:00.000Z\",\"last_edited_time\":\"2024-02-04T10:14:00.000Z\",\"created_by\":{\"object\":\"user\",\"id\":\"b10cb6df-12ef-44d3-88ad-250168f66322\"},\"last_edited_by\":{\"object\":\"user\",\"id\":\"b10cb6df-12ef-44d3-88ad-250168f66322\"},\"has_children\":false,\"archived\":false,\"in_trash\":false,\"type\":\"bulleted_list_item\",\"bulleted_list_item\":{\"rich_text\":[{\"type\":\"text\",\"text\":{\"content\":\"Item
      2\\nwith a new line\",\"link\":null},\"annotations\":{\"bold\":false,\"italic\":false,\"strikethrough\":false,\"underline\":false,\"code\":false,\"color\":\"default\"},\"plain_text\":\"Item
      2\\nwith a new line\",\"href\":null}],\"color\":\"default\"}},{\"object\":\"block\",\"id\":\"1964f1d1-9425-4889-9bb0-a38e90a3076b\",\"parent\":{\"type\":\"page_id\",\"page_id\":\"3e5fa270-2714-4f8a-afa5-640f5ff17348\"},\"created_time\":\"2024-02-04T10:14:00.000Z\",\"last_edited_time\":\"2024-02-04T10:14:00.000Z\",\"created_by\":{\"object\":\"user\",\"id\":\"b10cb6df-12ef-44d3-88ad-250168f66322\"},\"last_edited_by\":{\"object\":\"user\",\"id\":\"b10cb6df-12ef-44d3-88ad-250168f66322\"},\"has_children\":false,\"archived\":false,\"in_trash\":false,\"type\":\"bulleted_list_item\",\"bulleted_list_item\":{\"rich_text\":[{\"type\":\"text\",\"text\":{\"content\":\"Item
      3\",\"link\":null},\"annotations\":{\"bold\":false,\"italic\":false,\"strikethrough\":false,\"underline\":false,\"code\":false,\"color\":\"default\"},\"plain_text\":\"Item
      3\",\"href\":null}],\"color\":\"default\"}},{\"object\":\"block\",\"id\":\"04fa635a-3704-46ca-b785-554513fa4e13\",\"parent\":{\"type\":\"page_id\",\"page_id\":\"3e5fa270-2714-4f8a-afa5-640f5ff17348\"},\"created_time\":\"2024-02-04T10:14:00.000Z\",\"last_edited_time\":\"2024-02-04T10:14:00.000Z\",\"created_by\":{\"object\":\"user\",\"id\":\"b10cb6df-12ef-44d3-88ad-250168f66322\"},\"last_edited_by\":{\"object\":\"user\",\"id\":\"b10cb6df-12ef-44d3-88ad-250168f66322\"},\"has_children\":false,\"archived\":false,\"in_trash\":false,\"type\":\"to_do\",\"to_do\":{\"rich_text\":[{\"type\":\"text\",\"text\":{\"content\":\"ToDo1\",\"link\":null},\"annotations\":{\"bold\":false,\"italic\":false,\"strikethrough\":false,\"underline\":false,\"code\":false,\"color\":\"default\"},\"plain_text\":\"ToDo1\",\"href\":null}],\"checked\":false,\"color\":\"default\"}},{\"object\":\"block\",\"id\":\"e7b7626f-d0c2-4280-803d-8d4656c2d3ef\",\"parent\":{\"type\":\"page_id\",\"page_id\":\"3e5fa270-2714-4f8a-afa5-640f5ff17348\"},\"created_time\":\"2024-02-04T10:14:00.000Z\",\"last_edited_time\":\"2024-02-04T10:14:00.000Z\",\"created_by\":{\"object\":\"user\",\"id\":\"b10cb6df-12ef-44d3-88ad-250168f66322\"},\"last_edited_by\":{\"object\":\"user\",\"id\":\"b10cb6df-12ef-44d3-88ad-250168f66322\"},\"has_children\":false,\"archived\":false,\"in_trash\":false,\"type\":\"to_do\",\"to_do\":{\"rich_text\":[{\"type\":\"text\",\"text\":{\"content\":\"ToDo2\\nwith
      a new line\",\"link\":null},\"annotations\":{\"bold\":false,\"italic\":false,\"strikethrough\":false,\"underline\":false,\"code\":false,\"color\":\"default\"},\"plain_text\":\"ToDo2\\nwith
      a new line\",\"href\":null}],\"checked\":false,\"color\":\"default\"}},{\"object\":\"block\",\"id\":\"b58a38a6-5fdc-413d-8874-eadfa296778f\",\"parent\":{\"type\":\"page_id\",\"page_id\":\"3e5fa270-2714-4f8a-afa5-640f5ff17348\"},\"created_time\":\"2024-02-04T10:14:00.000Z\",\"last_edited_time\":\"2024-02-04T10:15:00.000Z\",\"created_by\":{\"object\":\"user\",\"id\":\"b10cb6df-12ef-44d3-88ad-250168f66322\"},\"last_edited_by\":{\"object\":\"user\",\"id\":\"b10cb6df-12ef-44d3-88ad-250168f66322\"},\"has_children\":false,\"archived\":false,\"in_trash\":false,\"type\":\"to_do\",\"to_do\":{\"rich_text\":[{\"type\":\"text\",\"text\":{\"content\":\"Checked
      ToDo3\",\"link\":null},\"annotations\":{\"bold\":false,\"italic\":false,\"strikethrough\":false,\"underline\":false,\"code\":false,\"color\":\"default\"},\"plain_text\":\"Checked
      ToDo3\",\"href\":null}],\"checked\":true,\"color\":\"default\"}},{\"object\":\"block\",\"id\":\"477733c5-5f76-46f9-bde5-4b521cfd6cf4\",\"parent\":{\"type\":\"page_id\",\"page_id\":\"3e5fa270-2714-4f8a-afa5-640f5ff17348\"},\"created_time\":\"2024-02-04T10:15:00.000Z\",\"last_edited_time\":\"2024-02-04T10:15:00.000Z\",\"created_by\":{\"object\":\"user\",\"id\":\"b10cb6df-12ef-44d3-88ad-250168f66322\"},\"last_edited_by\":{\"object\":\"user\",\"id\":\"b10cb6df-12ef-44d3-88ad-250168f66322\"},\"has_children\":false,\"archived\":false,\"in_trash\":false,\"type\":\"numbered_list_item\",\"numbered_list_item\":{\"rich_text\":[{\"type\":\"text\",\"text\":{\"content\":\"First
      item\",\"link\":null},\"annotations\":{\"bold\":false,\"italic\":false,\"strikethrough\":false,\"underline\":false,\"code\":false,\"color\":\"default\"},\"plain_text\":\"First
      item\",\"href\":null}],\"color\":\"default\"}},{\"object\":\"block\",\"id\":\"f93e63bb-af64-4202-90a3-079e5ac05b17\",\"parent\":{\"type\":\"page_id\",\"page_id\":\"3e5fa270-2714-4f8a-afa5-640f5ff17348\"},\"created_time\":\"2024-02-04T10:15:00.000Z\",\"last_edited_time\":\"2024-02-04T10:15:00.000Z\",\"created_by\":{\"object\":\"user\",\"id\":\"b10cb6df-12ef-44d3-88ad-250168f66322\"},\"last_edited_by\":{\"object\":\"user\",\"id\":\"b10cb6df-12ef-44d3-88ad-250168f66322\"},\"has_children\":false,\"archived\":false,\"in_trash\":false,\"type\":\"numbered_list_item\",\"numbered_list_item\":{\"rich_text\":[{\"type\":\"text\",\"text\":{\"content\":\"Second
      item\\nwith a new line\",\"link\":null},\"annotations\":{\"bold\":false,\"italic\":false,\"strikethrough\":false,\"underline\":false,\"code\":false,\"color\":\"default\"},\"plain_text\":\"Second
      item\\nwith a new line\",\"href\":null}],\"color\":\"default\"}},{\"object\":\"block\",\"id\":\"bb1f3316-dec9-4c75-9562-def31659699c\",\"parent\":{\"type\":\"page_id\",\"page_id\":\"3e5fa270-2714-4f8a-afa5-640f5ff17348\"},\"created_time\":\"2024-02-04T10:15:00.000Z\",\"last_edited_time\":\"2024-02-04T10:15:00.000Z\",\"created_by\":{\"object\":\"user\",\"id\":\"b10cb6df-12ef-44d3-88ad-250168f66322\"},\"last_edited_by\":{\"object\":\"user\",\"id\":\"b10cb6df-12ef-44d3-88ad-250168f66322\"},\"has_children\":false,\"archived\":false,\"in_trash\":false,\"type\":\"numbered_list_item\",\"numbered_list_item\":{\"rich_text\":[{\"type\":\"text\",\"text\":{\"content\":\"Third
      item\",\"link\":null},\"annotations\":{\"bold\":false,\"italic\":false,\"strikethrough\":false,\"underline\":false,\"code\":false,\"color\":\"default\"},\"plain_text\":\"Third
      item\",\"href\":null}],\"color\":\"default\"}},{\"object\":\"block\",\"id\":\"44c6d1f3-f3c2-4037-8947-8a75b185c098\",\"parent\":{\"type\":\"page_id\",\"page_id\":\"3e5fa270-2714-4f8a-afa5-640f5ff17348\"},\"created_time\":\"2024-02-04T10:15:00.000Z\",\"last_edited_time\":\"2024-02-04T10:15:00.000Z\",\"created_by\":{\"object\":\"user\",\"id\":\"b10cb6df-12ef-44d3-88ad-250168f66322\"},\"last_edited_by\":{\"object\":\"user\",\"id\":\"b10cb6df-12ef-44d3-88ad-250168f66322\"},\"has_children\":false,\"archived\":false,\"in_trash\":false,\"type\":\"quote\",\"quote\":{\"rich_text\":[{\"type\":\"text\",\"text\":{\"content\":\"This
      is a quote\\nwith a new line\",\"link\":null},\"annotations\":{\"bold\":false,\"italic\":false,\"strikethrough\":false,\"underline\":false,\"code\":false,\"color\":\"default\"},\"plain_text\":\"This
      is a quote\\nwith a new line\",\"href\":null}],\"color\":\"default\"}},{\"object\":\"block\",\"id\":\"b05fa8cb-17d9-440f-9fd0-8695d188bd85\",\"parent\":{\"type\":\"page_id\",\"page_id\":\"3e5fa270-2714-4f8a-afa5-640f5ff17348\"},\"created_time\":\"2024-02-04T10:15:00.000Z\",\"last_edited_time\":\"2024-02-04T10:16:00.000Z\",\"created_by\":{\"object\":\"user\",\"id\":\"b10cb6df-12ef-44d3-88ad-250168f66322\"},\"last_edited_by\":{\"object\":\"user\",\"id\":\"b10cb6df-12ef-44d3-88ad-250168f66322\"},\"has_children\":false,\"archived\":false,\"in_trash\":false,\"type\":\"callout\",\"callout\":{\"rich_text\":[{\"type\":\"text\",\"text\":{\"content\":\"Callout!\",\"link\":null},\"annotations\":{\"bold\":false,\"italic\":false,\"strikethrough\":false,\"underline\":false,\"code\":false,\"color\":\"default\"},\"plain_text\":\"Callout!\",\"href\":null}],\"icon\":{\"type\":\"emoji\",\"emoji\":\"\U0001F4A1\"},\"color\":\"gray_background\"}},{\"object\":\"block\",\"id\":\"c7e04679-b7fd-4c20-b904-d0da8dccea7d\",\"parent\":{\"type\":\"page_id\",\"page_id\":\"3e5fa270-2714-4f8a-afa5-640f5ff17348\"},\"created_time\":\"2024-02-04T10:16:00.000Z\",\"last_edited_time\":\"2024-02-04T10:16:00.000Z\",\"created_by\":{\"object\":\"user\",\"id\":\"b10cb6df-12ef-44d3-88ad-250168f66322\"},\"last_edited_by\":{\"object\":\"user\",\"id\":\"b10cb6df-12ef-44d3-88ad-250168f66322\"},\"has_children\":true,\"archived\":false,\"in_trash\":false,\"type\":\"table\",\"table\":{\"table_width\":2,\"has_column_header\":false,\"has_row_header\":false}},{\"object\":\"block\",\"id\":\"453c0111-c00c-442d-b64c-bb159c0a84bc\",\"parent\":{\"type\":\"page_id\",\"page_id\":\"3e5fa270-2714-4f8a-afa5-640f5ff17348\"},\"created_time\":\"2024-02-04T10:13:00.000Z\",\"last_edited_time\":\"2024-02-04T10:20:00.000Z\",\"created_by\":{\"object\":\"user\",\"id\":\"b10cb6df-12ef-44d3-88ad-250168f66322\"},\"last_edited_by\":{\"object\":\"user\",\"id\":\"b10cb6df-12ef-44d3-88ad-250168f66322\"},\"has_children\":false,\"archived\":false,\"in_trash\":false,\"type\":\"paragraph\",\"paragraph\":{\"rich_text\":[{\"type\":\"text\",\"text\":{\"content\":\"This
      is an emoji! \U0001F600\U0001F600\",\"link\":null},\"annotations\":{\"bold\":false,\"italic\":false,\"strikethrough\":false,\"underline\":false,\"code\":false,\"color\":\"default\"},\"plain_text\":\"This
      is an emoji! \U0001F600\U0001F600\",\"href\":null}],\"color\":\"default\"}},{\"object\":\"block\",\"id\":\"78b94662-d328-4f17-a4ca-8ed52d1bfd9c\",\"parent\":{\"type\":\"page_id\",\"page_id\":\"3e5fa270-2714-4f8a-afa5-640f5ff17348\"},\"created_time\":\"2024-02-04T10:18:00.000Z\",\"last_edited_time\":\"2024-02-04T10:20:00.000Z\",\"created_by\":{\"object\":\"user\",\"id\":\"b10cb6df-12ef-44d3-88ad-250168f66322\"},\"last_edited_by\":{\"object\":\"user\",\"id\":\"b10cb6df-12ef-44d3-88ad-250168f66322\"},\"has_children\":false,\"archived\":false,\"in_trash\":false,\"type\":\"equation\",\"equation\":{\"expression\":\"|x|=\\\\begin{cases}x,
      &\\\\quad x \\\\geq 0\\\\\\\\-x, &\\\\quad x < 0\\\\end{cases}\"}},{\"object\":\"block\",\"id\":\"e7ed18e7-2dc4-49a2-8e16-6f40af40f0f4\",\"parent\":{\"type\":\"page_id\",\"page_id\":\"3e5fa270-2714-4f8a-afa5-640f5ff17348\"},\"created_time\":\"2024-02-04T10:21:00.000Z\",\"last_edited_time\":\"2024-02-04T10:21:00.000Z\",\"created_by\":{\"object\":\"user\",\"id\":\"b10cb6df-12ef-44d3-88ad-250168f66322\"},\"last_edited_by\":{\"object\":\"user\",\"id\":\"b10cb6df-12ef-44d3-88ad-250168f66322\"},\"has_children\":false,\"archived\":false,\"in_trash\":false,\"type\":\"code\",\"code\":{\"caption\":[],\"rich_text\":[{\"type\":\"text\",\"text\":{\"content\":\"#
      Python Code\\nimport ultimate_notion\",\"link\":null},\"annotations\":{\"bold\":false,\"italic\":false,\"strikethrough\":false,\"underline\":false,\"code\":false,\"color\":\"default\"},\"plain_text\":\"#
      Python Code\\nimport ultimate_notion\",\"href\":null}],\"language\":\"python\"}},{\"object\":\"block\",\"id\":\"36bb25b9-36e4-4698-aeec-32ad8ad20225\",\"parent\":{\"type\":\"page_id\",\"page_id\":\"3e5fa270-2714-4f8a-afa5-640f5ff17348\"},\"created_time\":\"2024-02-04T10:22:00.000Z\",\"last_edited_time\":\"2024-02-13T21:25:00.000Z\",\"created_by\":{\"object\":\"user\",\"id\":\"b10cb6df-12ef-44d3-88ad-250168f66322\"},\"last_edited_by\":{\"object\":\"user\",\"id\":\"b10cb6df-12ef-44d3-88ad-250168f66322\"},\"has_children\":false,\"archived\":false,\"in_trash\":false,\"type\":\"embed\",\"embed\":{\"caption\":[{\"type\":\"text\",\"text\":{\"content\":\"Caption\",\"link\":null},\"annotations\":{\"bold\":false,\"italic\":false,\"strikethrough\":false,\"underline\":false,\"code\":false,\"color\":\"default\"},\"plain_text\":\"Caption\",\"href\":null}],\"url\":\"https://picsum.photos/300/300\"}},{\"object\":\"block\",\"id\":\"1f6ae830-0f93-4bbe-983f-c227f691f1b0\",\"parent\":{\"type\":\"page_id\",\"page_id\":\"3e5fa270-2714-4f8a-afa5-640f5ff17348\"},\"created_time\":\"2024-02-13T21:25:00.000Z\",\"last_edited_time\":\"2024-02-13T21:26:00.000Z\",\"created_by\":{\"object\":\"user\",\"id\":\"b10cb6df-12ef-44d3-88ad-250168f66322\"},\"last_edited_by\":{\"object\":\"user\",\"id\":\"b10cb6df-12ef-44d3-88ad-250168f66322\"},\"has_children\":false,\"archived\":false,\"in_trash\":false,\"type\":\"image\",\"image\":{\"caption\":[],\"type\":\"file\",\"file\":{\"url\":\"https://prod-files-secure.s3.us-west-2.amazonaws.com/5a65efbd-bfb2-4ebe-bb5d-ac95c98fb252/125407e0-090f-4b6d-9299-1ec69a5bd9bb/1004-300x300.jpg?X-Amz-Algorithm=AWS4-HMAC-SHA256&X-Amz-Content-Sha256=UNSIGNED-PAYLOAD&X-Amz-Credential=ASIAZI2LB466URQLFXFU%2F20250923%2Fus-west-2%2Fs3%2Faws4_request&X-Amz-Date=20250923T100359Z&X-Amz-Expires=3600&X-Amz-Security-Token=IQoJb3JpZ2luX2VjELr%2F%2F%2F%2F%2F%2F%2F%2F%2F%2FwEaCXVzLXdlc3QtMiJHMEUCIQDa8JKgwuYG2KqN9v8WXFL1KbM1s81NBStOEBVphN%2B5wgIgUbNKHklNvFGRZsSojK5Z1RO4RaIRBK1TWrAQIhO92qwq%2FwMIQxAAGgw2Mzc0MjMxODM4MDUiDCK145LVk6fVptNSnSrcA%2FuCerAPTVSH8UWqDgkYHzKHf4wya3%2F8jxC8Lcom2kixRvS8h2dYWa%2F%2BmAcsBmXmMDqTW57Qkgmp9%2F%2FBEMy3yYDoXOFPgUWMgMvZgaQ18d3Og9SeYLSUkUEG5HqJxvbgDjC8IpFppcwfY4SQ69ZGurEV4xErjlbbYq1fw28uNYPtkz7z%2B6PFa08hPQ5%2FDPTG81UoY0Dtzrax8TpiTiDN8HoN4nU6TJ3TkXQ9IEmtpffU13KWp68UuLf9HPYhxqYR%2BY8p28J2uJz4O6VCviTR1Z3umSF3%2FMQGOYOhvHBJ%2BgqE7FPXeiMM5R3nBhiDbUkhGUaHgMX3CcY1nfi0NlluIcBXXqd%2BSNPuFbm1ivrUUdFkTALBNiBVXTJSr1mMGh2yk2lgUC2nq22o1L8k38CDRDOA%2BVNR5e7tIxPhJlCVGT%2FQmK89a9FhU7mUCX5GA4D1NNiw1bdoK2aFij6GV%2BRvZ6lsDa4dSKaXVJ3z%2FQ9RgiwnAdcfqz0Ef8N8b6kqkJkT%2ByqIYtMe0kBDG6xwChBIsA7N9AANZMxYUNJtySB%2F24NF7gBjm8dyppwz21Eb%2F%2BTTsU0%2BcrZ%2BC3tZkhAhZyAxuEP9INJ5vYzKBBnbXi%2BSqIvu9yNikbt5CtIsQtRdMOPaycYGOqUBlcYr7hp8zZon2QG0A17q41K64%2FyXgQ3cAJytvFD9xa3tEcDWCZ3Xu0dI4v2yxptblFIuj2qY6VCwisuKfnnIWkWVbTKHK9%2F0Rr5Y2cn4wSYXDUTuJZczh3UYpHX1EDKwH7xCtiuP2Q1UDxmq0pTZ8iZvVClssVUvOau0VVHCMts506M5VtAsR0u87wmsQHMGhUtVo1gBy3cfGXkJhE6n%2Buk1Vs3p&X-Amz-Signature=20800c99a44258110ad1911d244bd62b0f0102a418538c05af01817b14bc601c&X-Amz-SignedHeaders=host&x-amz-checksum-mode=ENABLED&x-id=GetObject\",\"expiry_time\":\"2025-09-23T11:03:59.077Z\"}}},{\"object\":\"block\",\"id\":\"139a232a-a57e-4ec6-9d28-d5a5e2726f54\",\"parent\":{\"type\":\"page_id\",\"page_id\":\"3e5fa270-2714-4f8a-afa5-640f5ff17348\"},\"created_time\":\"2024-02-04T10:25:00.000Z\",\"last_edited_time\":\"2024-02-04T10:25:00.000Z\",\"created_by\":{\"object\":\"user\",\"id\":\"b10cb6df-12ef-44d3-88ad-250168f66322\"},\"last_edited_by\":{\"object\":\"user\",\"id\":\"b10cb6df-12ef-44d3-88ad-250168f66322\"},\"has_children\":false,\"archived\":false,\"in_trash\":false,\"type\":\"file\",\"file\":{\"caption\":[],\"type\":\"external\",\"external\":{\"url\":\"https://ultimate-notion.com/latest/assets/images/logo_with_text.svg\"},\"name\":\"logo_with_text.svg\"}},{\"object\":\"block\",\"id\":\"276974f3-b388-8059-8198-f0e1cd35abdf\",\"parent\":{\"type\":\"page_id\",\"page_id\":\"3e5fa270-2714-4f8a-afa5-640f5ff17348\"},\"created_time\":\"2025-09-22T10:40:00.000Z\",\"last_edited_time\":\"2025-09-22T10:40:00.000Z\",\"created_by\":{\"object\":\"user\",\"id\":\"b10cb6df-12ef-44d3-88ad-250168f66322\"},\"last_edited_by\":{\"object\":\"user\",\"id\":\"b10cb6df-12ef-44d3-88ad-250168f66322\"},\"has_children\":false,\"archived\":false,\"in_trash\":false,\"type\":\"audio\",\"audio\":{\"caption\":[],\"type\":\"external\",\"external\":{\"url\":\"https://samplelib.com/lib/preview/mp3/sample-3s.mp3\"}}},{\"object\":\"block\",\"id\":\"79637b3e-6a9a-494f-b4a8-f9bbbb4331a1\",\"parent\":{\"type\":\"page_id\",\"page_id\":\"3e5fa270-2714-4f8a-afa5-640f5ff17348\"},\"created_time\":\"2024-02-04T10:28:00.000Z\",\"last_edited_time\":\"2024-02-04T10:28:00.000Z\",\"created_by\":{\"object\":\"user\",\"id\":\"b10cb6df-12ef-44d3-88ad-250168f66322\"},\"last_edited_by\":{\"object\":\"user\",\"id\":\"b10cb6df-12ef-44d3-88ad-250168f66322\"},\"has_children\":false,\"archived\":false,\"in_trash\":false,\"type\":\"heading_2\",\"heading_2\":{\"rich_text\":[{\"type\":\"text\",\"text\":{\"content\":\"Unsupported
      Stuff in Markdown\",\"link\":null},\"annotations\":{\"bold\":false,\"italic\":false,\"strikethrough\":false,\"underline\":false,\"code\":false,\"color\":\"default\"},\"plain_text\":\"Unsupported
      Stuff in Markdown\",\"href\":null}],\"is_toggleable\":false,\"color\":\"default\"}},{\"object\":\"block\",\"id\":\"24124c32-8732-4b5c-8eda-6c7cb5e97d47\",\"parent\":{\"type\":\"page_id\",\"page_id\":\"3e5fa270-2714-4f8a-afa5-640f5ff17348\"},\"created_time\":\"2024-02-04T10:28:00.000Z\",\"last_edited_time\":\"2024-02-04T10:28:00.000Z\",\"created_by\":{\"object\":\"user\",\"id\":\"b10cb6df-12ef-44d3-88ad-250168f66322\"},\"last_edited_by\":{\"object\":\"user\",\"id\":\"b10cb6df-12ef-44d3-88ad-250168f66322\"},\"has_children\":true,\"archived\":false,\"in_trash\":false,\"type\":\"column_list\",\"column_list\":{}},{\"object\":\"block\",\"id\":\"232b2f50-4630-4955-9719-47263ac8b54e\",\"parent\":{\"type\":\"page_id\",\"page_id\":\"3e5fa270-2714-4f8a-afa5-640f5ff17348\"},\"created_time\":\"2024-02-04T10:27:00.000Z\",\"last_edited_time\":\"2024-02-04T10:27:00.000Z\",\"created_by\":{\"object\":\"user\",\"id\":\"b10cb6df-12ef-44d3-88ad-250168f66322\"},\"last_edited_by\":{\"object\":\"user\",\"id\":\"b10cb6df-12ef-44d3-88ad-250168f66322\"},\"has_children\":false,\"archived\":false,\"in_trash\":false,\"type\":\"table_of_contents\",\"table_of_contents\":{\"color\":\"gray\"}},{\"object\":\"block\",\"id\":\"86b2a06d-c337-453d-88c7-2f6a8e002dbc\",\"parent\":{\"type\":\"page_id\",\"page_id\":\"3e5fa270-2714-4f8a-afa5-640f5ff17348\"},\"created_time\":\"2024-02-04T10:28:00.000Z\",\"last_edited_time\":\"2024-02-04T10:28:00.000Z\",\"created_by\":{\"object\":\"user\",\"id\":\"b10cb6df-12ef-44d3-88ad-250168f66322\"},\"last_edited_by\":{\"object\":\"user\",\"id\":\"b10cb6df-12ef-44d3-88ad-250168f66322\"},\"has_children\":false,\"archived\":false,\"in_trash\":false,\"type\":\"breadcrumb\",\"breadcrumb\":{}},{\"object\":\"block\",\"id\":\"67ad5240-b1b9-4467-9b07-3ef3ebbbc755\",\"parent\":{\"type\":\"page_id\",\"page_id\":\"3e5fa270-2714-4f8a-afa5-640f5ff17348\"},\"created_time\":\"2024-02-11T12:54:00.000Z\",\"last_edited_time\":\"2024-09-28T13:28:00.000Z\",\"created_by\":{\"object\":\"user\",\"id\":\"b10cb6df-12ef-44d3-88ad-250168f66322\"},\"last_edited_by\":{\"object\":\"user\",\"id\":\"b10cb6df-12ef-44d3-88ad-250168f66322\"},\"has_children\":true,\"archived\":false,\"in_trash\":false,\"type\":\"child_page\",\"child_page\":{\"title\":\"Markdown
      SubPage Test\"}},{\"object\":\"block\",\"id\":\"7a2bb2b2-8199-4d65-ae89-747e268758d4\",\"parent\":{\"type\":\"page_id\",\"page_id\":\"3e5fa270-2714-4f8a-afa5-640f5ff17348\"},\"created_time\":\"2024-02-11T13:49:00.000Z\",\"last_edited_time\":\"2024-02-11T13:49:00.000Z\",\"created_by\":{\"object\":\"user\",\"id\":\"b10cb6df-12ef-44d3-88ad-250168f66322\"},\"last_edited_by\":{\"object\":\"user\",\"id\":\"b10cb6df-12ef-44d3-88ad-250168f66322\"},\"has_children\":true,\"archived\":false,\"in_trash\":false,\"type\":\"synced_block\",\"synced_block\":{\"synced_from\":null}},{\"object\":\"block\",\"id\":\"df02f89e-b809-41fb-8b93-b94ed504dc67\",\"parent\":{\"type\":\"page_id\",\"page_id\":\"3e5fa270-2714-4f8a-afa5-640f5ff17348\"},\"created_time\":\"2024-02-13T20:18:00.000Z\",\"last_edited_time\":\"2024-02-13T20:18:00.000Z\",\"created_by\":{\"object\":\"user\",\"id\":\"b10cb6df-12ef-44d3-88ad-250168f66322\"},\"last_edited_by\":{\"object\":\"user\",\"id\":\"b10cb6df-12ef-44d3-88ad-250168f66322\"},\"has_children\":true,\"archived\":false,\"in_trash\":false,\"type\":\"synced_block\",\"synced_block\":{\"synced_from\":{\"type\":\"block_id\",\"block_id\":\"8805527c-e9d4-47fa-ba19-973fa7114fe9\"}}},{\"object\":\"block\",\"id\":\"243700f8-aa48-4f77-b196-2a6f93625aac\",\"parent\":{\"type\":\"page_id\",\"page_id\":\"3e5fa270-2714-4f8a-afa5-640f5ff17348\"},\"created_time\":\"2024-02-13T20:17:00.000Z\",\"last_edited_time\":\"2024-02-13T20:17:00.000Z\",\"created_by\":{\"object\":\"user\",\"id\":\"b10cb6df-12ef-44d3-88ad-250168f66322\"},\"last_edited_by\":{\"object\":\"user\",\"id\":\"b10cb6df-12ef-44d3-88ad-250168f66322\"},\"has_children\":false,\"archived\":false,\"in_trash\":false,\"type\":\"link_to_page\",\"link_to_page\":{\"type\":\"page_id\",\"page_id\":\"67ad5240-b1b9-4467-9b07-3ef3ebbbc755\"}},{\"object\":\"block\",\"id\":\"d2c7dd69-6b15-41aa-be7f-6e1501e63429\",\"parent\":{\"type\":\"page_id\",\"page_id\":\"3e5fa270-2714-4f8a-afa5-640f5ff17348\"},\"created_time\":\"2024-02-13T20:31:00.000Z\",\"last_edited_time\":\"2024-02-13T20:31:00.000Z\",\"created_by\":{\"object\":\"user\",\"id\":\"b10cb6df-12ef-44d3-88ad-250168f66322\"},\"last_edited_by\":{\"object\":\"user\",\"id\":\"b10cb6df-12ef-44d3-88ad-250168f66322\"},\"has_children\":false,\"archived\":false,\"in_trash\":false,\"type\":\"unsupported\",\"unsupported\":{}},{\"object\":\"block\",\"id\":\"213974f3-b388-80c0-92d1-c4f505b266a6\",\"parent\":{\"type\":\"page_id\",\"page_id\":\"3e5fa270-2714-4f8a-afa5-640f5ff17348\"},\"created_time\":\"2025-06-15T18:16:00.000Z\",\"last_edited_time\":\"2025-06-15T18:16:00.000Z\",\"created_by\":{\"object\":\"user\",\"id\":\"b10cb6df-12ef-44d3-88ad-250168f66322\"},\"last_edited_by\":{\"object\":\"user\",\"id\":\"b10cb6df-12ef-44d3-88ad-250168f66322\"},\"has_children\":true,\"archived\":false,\"in_trash\":false,\"type\":\"unsupported\",\"unsupported\":{}}],\"next_cursor\":null,\"has_more\":false,\"type\":\"block\",\"block\":{},\"request_id\":\"2e5d0df6-2b03-4801-a703-b52a482f6bf4\"}"
    headers:
      CF-Cache-Status:
      - DYNAMIC
      CF-Ray:
      - 9839371cae7fdcca-FRA
      Connection:
      - keep-alive
      Content-Encoding:
      - gzip
      Content-Type:
      - application/json; charset=utf-8
      Server:
      - cloudflare
      Strict-Transport-Security:
      - max-age=31536000; includeSubDomains; preload
      Transfer-Encoding:
      - chunked
      Vary:
      - Accept-Encoding
      alt-svc:
      - h3=":443"; ma=86400
      content-security-policy:
      - default-src 'none'
      referrer-policy:
      - strict-origin-when-cross-origin
      x-content-type-options:
      - nosniff
      x-dns-prefetch-control:
      - 'off'
      x-download-options:
      - noopen
      x-frame-options:
      - SAMEORIGIN
      x-notion-request-id:
      - 2e5d0df6-2b03-4801-a703-b52a482f6bf4
      x-permitted-cross-domain-policies:
      - none
      x-xss-protection:
      - '0'
    http_version: HTTP/1.1
    status_code: 200
- request:
    body: ''
    headers:
      accept:
      - '*/*'
      accept-encoding:
      - gzip, deflate
      authorization:
      - secret...
      connection:
      - keep-alive
      cookie:
      - secret...
      host:
      - api.notion.com
      notion-version:
      - '2022-06-28'
      user-agent:
      - secret...
    method: GET
    uri: https://api.notion.com/v1/blocks/c7e04679-b7fd-4c20-b904-d0da8dccea7d/children?page_size=100
  response:
    content: '{"object":"list","results":[{"object":"block","id":"c9368b20-e656-4f14-a48f-63a799a2f81a","parent":{"type":"block_id","block_id":"c7e04679-b7fd-4c20-b904-d0da8dccea7d"},"created_time":"2024-02-04T10:16:00.000Z","last_edited_time":"2024-02-04T10:16:00.000Z","created_by":{"object":"user","id":"b10cb6df-12ef-44d3-88ad-250168f66322"},"last_edited_by":{"object":"user","id":"b10cb6df-12ef-44d3-88ad-250168f66322"},"has_children":false,"archived":false,"in_trash":false,"type":"table_row","table_row":{"cells":[[{"type":"text","text":{"content":"Cell
      1, 1","link":null},"annotations":{"bold":false,"italic":false,"strikethrough":false,"underline":false,"code":false,"color":"default"},"plain_text":"Cell
      1, 1","href":null}],[{"type":"text","text":{"content":"Cell 1, 2","link":null},"annotations":{"bold":false,"italic":false,"strikethrough":false,"underline":false,"code":false,"color":"default"},"plain_text":"Cell
      1, 2","href":null}]]}},{"object":"block","id":"e8c6277f-0495-45de-9878-3b2c804d976c","parent":{"type":"block_id","block_id":"c7e04679-b7fd-4c20-b904-d0da8dccea7d"},"created_time":"2024-02-04T10:16:00.000Z","last_edited_time":"2024-02-04T10:16:00.000Z","created_by":{"object":"user","id":"b10cb6df-12ef-44d3-88ad-250168f66322"},"last_edited_by":{"object":"user","id":"b10cb6df-12ef-44d3-88ad-250168f66322"},"has_children":false,"archived":false,"in_trash":false,"type":"table_row","table_row":{"cells":[[{"type":"text","text":{"content":"Cell
      2, 1","link":null},"annotations":{"bold":false,"italic":false,"strikethrough":false,"underline":false,"code":false,"color":"default"},"plain_text":"Cell
      2, 1","href":null}],[{"type":"text","text":{"content":"Cell 2, 2","link":null},"annotations":{"bold":false,"italic":false,"strikethrough":false,"underline":false,"code":false,"color":"default"},"plain_text":"Cell
      2, 2","href":null}]]}},{"object":"block","id":"4a8ca78d-769f-4a95-85f7-3224e9778713","parent":{"type":"block_id","block_id":"c7e04679-b7fd-4c20-b904-d0da8dccea7d"},"created_time":"2024-02-04T10:16:00.000Z","last_edited_time":"2024-02-04T10:16:00.000Z","created_by":{"object":"user","id":"b10cb6df-12ef-44d3-88ad-250168f66322"},"last_edited_by":{"object":"user","id":"b10cb6df-12ef-44d3-88ad-250168f66322"},"has_children":false,"archived":false,"in_trash":false,"type":"table_row","table_row":{"cells":[[{"type":"text","text":{"content":"Cell
      3, 1","link":null},"annotations":{"bold":false,"italic":false,"strikethrough":false,"underline":false,"code":false,"color":"default"},"plain_text":"Cell
      3, 1","href":null}],[{"type":"text","text":{"content":"Cell 3, 2","link":null},"annotations":{"bold":false,"italic":false,"strikethrough":false,"underline":false,"code":false,"color":"default"},"plain_text":"Cell
      3, 2","href":null}]]}}],"next_cursor":null,"has_more":false,"type":"block","block":{},"request_id":"851727f8-03b3-4439-bcbe-e17348e09a13"}'
    headers:
      CF-Cache-Status:
      - DYNAMIC
      CF-Ray:
      - 9839371fdd0fdcca-FRA
      Connection:
      - keep-alive
      Content-Encoding:
      - gzip
      Content-Type:
      - application/json; charset=utf-8
      Server:
      - cloudflare
      Strict-Transport-Security:
      - max-age=31536000; includeSubDomains; preload
      Transfer-Encoding:
      - chunked
      Vary:
      - Accept-Encoding
      alt-svc:
      - h3=":443"; ma=86400
      content-security-policy:
      - default-src 'none'
      referrer-policy:
      - strict-origin-when-cross-origin
      x-content-type-options:
      - nosniff
      x-dns-prefetch-control:
      - 'off'
      x-download-options:
      - noopen
      x-frame-options:
      - SAMEORIGIN
      x-notion-request-id:
      - 851727f8-03b3-4439-bcbe-e17348e09a13
      x-permitted-cross-domain-policies:
      - none
      x-xss-protection:
      - '0'
    http_version: HTTP/1.1
    status_code: 200
- request:
    body: ''
    headers:
      accept:
      - '*/*'
      accept-encoding:
      - gzip, deflate
      authorization:
      - secret...
      connection:
      - keep-alive
      cookie:
      - secret...
      host:
      - api.notion.com
      notion-version:
      - '2022-06-28'
      user-agent:
      - secret...
    method: GET
    uri: https://api.notion.com/v1/blocks/24124c32-8732-4b5c-8eda-6c7cb5e97d47/children?page_size=100
  response:
    content: '{"object":"list","results":[{"object":"block","id":"19ed7ff2-6543-47f9-88ea-5ec1ed8bbc0f","parent":{"type":"block_id","block_id":"24124c32-8732-4b5c-8eda-6c7cb5e97d47"},"created_time":"2024-02-04T10:28:00.000Z","last_edited_time":"2024-02-04T10:28:00.000Z","created_by":{"object":"user","id":"b10cb6df-12ef-44d3-88ad-250168f66322"},"last_edited_by":{"object":"user","id":"b10cb6df-12ef-44d3-88ad-250168f66322"},"has_children":true,"archived":false,"in_trash":false,"type":"column","column":{"width_ratio":0.5}},{"object":"block","id":"18178dce-26fc-41f0-8595-ab0ae93332fb","parent":{"type":"block_id","block_id":"24124c32-8732-4b5c-8eda-6c7cb5e97d47"},"created_time":"2024-02-04T10:28:00.000Z","last_edited_time":"2024-02-04T10:28:00.000Z","created_by":{"object":"user","id":"b10cb6df-12ef-44d3-88ad-250168f66322"},"last_edited_by":{"object":"user","id":"b10cb6df-12ef-44d3-88ad-250168f66322"},"has_children":true,"archived":false,"in_trash":false,"type":"column","column":{"width_ratio":0.5}}],"next_cursor":null,"has_more":false,"type":"block","block":{},"request_id":"6dfe461a-e1bd-41ba-82d9-c34279e5a96f"}'
    headers:
      CF-Cache-Status:
      - DYNAMIC
      CF-Ray:
      - 98393721a80cdcca-FRA
      Connection:
      - keep-alive
      Content-Encoding:
      - gzip
      Content-Type:
      - application/json; charset=utf-8
      Server:
      - cloudflare
      Strict-Transport-Security:
      - max-age=31536000; includeSubDomains; preload
      Transfer-Encoding:
      - chunked
      Vary:
      - Accept-Encoding
      alt-svc:
      - h3=":443"; ma=86400
      content-security-policy:
      - default-src 'none'
      referrer-policy:
      - strict-origin-when-cross-origin
      x-content-type-options:
      - nosniff
      x-dns-prefetch-control:
      - 'off'
      x-download-options:
      - noopen
      x-frame-options:
      - SAMEORIGIN
      x-notion-request-id:
      - 6dfe461a-e1bd-41ba-82d9-c34279e5a96f
      x-permitted-cross-domain-policies:
      - none
      x-xss-protection:
      - '0'
    http_version: HTTP/1.1
    status_code: 200
- request:
    body: ''
    headers:
      accept:
      - '*/*'
      accept-encoding:
      - gzip, deflate
      authorization:
      - secret...
      connection:
      - keep-alive
      cookie:
      - secret...
      host:
      - api.notion.com
      notion-version:
      - '2022-06-28'
      user-agent:
      - secret...
    method: GET
    uri: https://api.notion.com/v1/blocks/19ed7ff2-6543-47f9-88ea-5ec1ed8bbc0f/children?page_size=100
  response:
    content: '{"object":"list","results":[{"object":"block","id":"abfb609c-7f5a-42c6-819b-1540674efafc","parent":{"type":"block_id","block_id":"19ed7ff2-6543-47f9-88ea-5ec1ed8bbc0f"},"created_time":"2024-02-04T10:26:00.000Z","last_edited_time":"2024-02-04T10:28:00.000Z","created_by":{"object":"user","id":"b10cb6df-12ef-44d3-88ad-250168f66322"},"last_edited_by":{"object":"user","id":"b10cb6df-12ef-44d3-88ad-250168f66322"},"has_children":false,"archived":false,"in_trash":false,"type":"paragraph","paragraph":{"rich_text":[{"type":"text","text":{"content":"Column
      1","link":null},"annotations":{"bold":false,"italic":false,"strikethrough":false,"underline":false,"code":false,"color":"default"},"plain_text":"Column
      1","href":null}],"color":"default"}}],"next_cursor":null,"has_more":false,"type":"block","block":{},"request_id":"a3f9f594-05cf-4c46-8ac6-f0c4d607f562"}'
    headers:
      CF-Cache-Status:
      - DYNAMIC
      CF-Ray:
      - 98393724eda3dcca-FRA
      Connection:
      - keep-alive
      Content-Encoding:
      - gzip
      Content-Type:
      - application/json; charset=utf-8
      Server:
      - cloudflare
      Strict-Transport-Security:
      - max-age=31536000; includeSubDomains; preload
      Transfer-Encoding:
      - chunked
      Vary:
      - Accept-Encoding
      alt-svc:
      - h3=":443"; ma=86400
      content-security-policy:
      - default-src 'none'
      referrer-policy:
      - strict-origin-when-cross-origin
      x-content-type-options:
      - nosniff
      x-dns-prefetch-control:
      - 'off'
      x-download-options:
      - noopen
      x-frame-options:
      - SAMEORIGIN
      x-notion-request-id:
      - a3f9f594-05cf-4c46-8ac6-f0c4d607f562
      x-permitted-cross-domain-policies:
      - none
      x-xss-protection:
      - '0'
    http_version: HTTP/1.1
    status_code: 200
- request:
    body: ''
    headers:
      accept:
      - '*/*'
      accept-encoding:
      - gzip, deflate
      authorization:
      - secret...
      connection:
      - keep-alive
      cookie:
      - secret...
      host:
      - api.notion.com
      notion-version:
      - '2022-06-28'
      user-agent:
      - secret...
    method: GET
    uri: https://api.notion.com/v1/blocks/18178dce-26fc-41f0-8595-ab0ae93332fb/children?page_size=100
  response:
    content: '{"object":"list","results":[{"object":"block","id":"7ed2b700-8a37-4016-a97a-a1c0e434eed6","parent":{"type":"block_id","block_id":"18178dce-26fc-41f0-8595-ab0ae93332fb"},"created_time":"2024-02-04T10:26:00.000Z","last_edited_time":"2024-02-11T13:42:00.000Z","created_by":{"object":"user","id":"b10cb6df-12ef-44d3-88ad-250168f66322"},"last_edited_by":{"object":"user","id":"b10cb6df-12ef-44d3-88ad-250168f66322"},"has_children":false,"archived":false,"in_trash":false,"type":"paragraph","paragraph":{"rich_text":[{"type":"text","text":{"content":"Column","link":null},"annotations":{"bold":false,"italic":false,"strikethrough":false,"underline":false,"code":false,"color":"default"},"plain_text":"Column","href":null}],"color":"default"}}],"next_cursor":null,"has_more":false,"type":"block","block":{},"request_id":"e5784590-d37e-434e-8ac0-cfc6bb2b7df1"}'
    headers:
      CF-Cache-Status:
      - DYNAMIC
      CF-Ray:
      - 983937267900dcca-FRA
      Connection:
      - keep-alive
      Content-Encoding:
      - gzip
      Content-Type:
      - application/json; charset=utf-8
      Server:
      - cloudflare
      Strict-Transport-Security:
      - max-age=31536000; includeSubDomains; preload
      Transfer-Encoding:
      - chunked
      Vary:
      - Accept-Encoding
      alt-svc:
      - h3=":443"; ma=86400
      content-security-policy:
      - default-src 'none'
      referrer-policy:
      - strict-origin-when-cross-origin
      x-content-type-options:
      - nosniff
      x-dns-prefetch-control:
      - 'off'
      x-download-options:
      - noopen
      x-frame-options:
      - SAMEORIGIN
      x-notion-request-id:
      - e5784590-d37e-434e-8ac0-cfc6bb2b7df1
      x-permitted-cross-domain-policies:
      - none
      x-xss-protection:
      - '0'
    http_version: HTTP/1.1
    status_code: 200
- request:
    body: ''
    headers:
      accept:
      - '*/*'
      accept-encoding:
      - gzip, deflate
      authorization:
      - secret...
      connection:
      - keep-alive
      cookie:
      - secret...
      host:
      - api.notion.com
      notion-version:
      - '2022-06-28'
      user-agent:
      - secret...
    method: GET
    uri: https://api.notion.com/v1/blocks/7a2bb2b2-8199-4d65-ae89-747e268758d4/children?page_size=100
  response:
    content: '{"object":"list","results":[{"object":"block","id":"2a49d93a-1891-45f1-ae9d-a16936df047f","parent":{"type":"block_id","block_id":"7a2bb2b2-8199-4d65-ae89-747e268758d4"},"created_time":"2024-02-11T13:45:00.000Z","last_edited_time":"2024-02-13T20:18:00.000Z","created_by":{"object":"user","id":"b10cb6df-12ef-44d3-88ad-250168f66322"},"last_edited_by":{"object":"user","id":"b10cb6df-12ef-44d3-88ad-250168f66322"},"has_children":false,"archived":false,"in_trash":false,"type":"paragraph","paragraph":{"rich_text":[{"type":"text","text":{"content":"This
      is the original Paragraph on Page","link":null},"annotations":{"bold":false,"italic":false,"strikethrough":false,"underline":false,"code":false,"color":"default"},"plain_text":"This
      is the original Paragraph on Page","href":null}],"color":"default"}}],"next_cursor":null,"has_more":false,"type":"block","block":{},"request_id":"fb936865-7196-4905-9bbf-1ffa3926638a"}'
    headers:
      CF-Cache-Status:
      - DYNAMIC
      CF-Ray:
      - 983937282cd2dcca-FRA
      Connection:
      - keep-alive
      Content-Encoding:
      - gzip
      Content-Type:
      - application/json; charset=utf-8
      Server:
      - cloudflare
      Strict-Transport-Security:
      - max-age=31536000; includeSubDomains; preload
      Transfer-Encoding:
      - chunked
      Vary:
      - Accept-Encoding
      alt-svc:
      - h3=":443"; ma=86400
      content-security-policy:
      - default-src 'none'
      referrer-policy:
      - strict-origin-when-cross-origin
      x-content-type-options:
      - nosniff
      x-dns-prefetch-control:
      - 'off'
      x-download-options:
      - noopen
      x-frame-options:
      - SAMEORIGIN
      x-notion-request-id:
      - fb936865-7196-4905-9bbf-1ffa3926638a
      x-permitted-cross-domain-policies:
      - none
      x-xss-protection:
      - '0'
    http_version: HTTP/1.1
    status_code: 200
- request:
    body: ''
    headers:
      accept:
      - '*/*'
      accept-encoding:
      - gzip, deflate
      authorization:
      - secret...
      connection:
      - keep-alive
      cookie:
      - secret...
      host:
      - api.notion.com
      notion-version:
      - '2022-06-28'
      user-agent:
      - secret...
    method: GET
    uri: https://api.notion.com/v1/blocks/8805527c-e9d4-47fa-ba19-973fa7114fe9
  response:
    content: '{"object":"block","id":"8805527c-e9d4-47fa-ba19-973fa7114fe9","parent":{"type":"page_id","page_id":"67ad5240-b1b9-4467-9b07-3ef3ebbbc755"},"created_time":"2024-02-13T20:18:00.000Z","last_edited_time":"2024-02-13T20:18:00.000Z","created_by":{"object":"user","id":"b10cb6df-12ef-44d3-88ad-250168f66322"},"last_edited_by":{"object":"user","id":"b10cb6df-12ef-44d3-88ad-250168f66322"},"has_children":true,"archived":false,"in_trash":false,"type":"synced_block","synced_block":{"synced_from":null},"request_id":"020022eb-0f6e-4144-bfda-5790ffaa23e4"}'
    headers:
      CF-Cache-Status:
      - DYNAMIC
      CF-Ray:
      - 9839373309a5dcca-FRA
      Connection:
      - keep-alive
      Content-Encoding:
      - gzip
      Content-Type:
      - application/json; charset=utf-8
      Server:
      - cloudflare
      Strict-Transport-Security:
      - max-age=31536000; includeSubDomains; preload
      Transfer-Encoding:
      - chunked
      Vary:
      - Accept-Encoding
      alt-svc:
      - h3=":443"; ma=86400
      content-security-policy:
      - default-src 'none'
      referrer-policy:
      - strict-origin-when-cross-origin
      x-content-type-options:
      - nosniff
      x-dns-prefetch-control:
      - 'off'
      x-download-options:
      - noopen
      x-frame-options:
      - SAMEORIGIN
      x-notion-request-id:
      - 020022eb-0f6e-4144-bfda-5790ffaa23e4
      x-permitted-cross-domain-policies:
      - none
      x-xss-protection:
      - '0'
    http_version: HTTP/1.1
    status_code: 200
- request:
    body: ''
    headers:
      accept:
      - '*/*'
      accept-encoding:
      - gzip, deflate
      authorization:
      - secret...
      connection:
      - keep-alive
      cookie:
      - secret...
      host:
      - api.notion.com
      notion-version:
      - '2022-06-28'
      user-agent:
      - secret...
    method: GET
    uri: https://api.notion.com/v1/blocks/8805527c-e9d4-47fa-ba19-973fa7114fe9/children?page_size=100
  response:
    content: '{"object":"list","results":[{"object":"block","id":"84fa5bd1-86d8-4b6a-9549-fdbe665531d8","parent":{"type":"block_id","block_id":"8805527c-e9d4-47fa-ba19-973fa7114fe9"},"created_time":"2024-02-11T13:49:00.000Z","last_edited_time":"2024-02-13T20:18:00.000Z","created_by":{"object":"user","id":"b10cb6df-12ef-44d3-88ad-250168f66322"},"last_edited_by":{"object":"user","id":"b10cb6df-12ef-44d3-88ad-250168f66322"},"has_children":false,"archived":false,"in_trash":false,"type":"paragraph","paragraph":{"rich_text":[{"type":"text","text":{"content":"This
      is the original Paragraph on SubPage","link":null},"annotations":{"bold":false,"italic":false,"strikethrough":false,"underline":false,"code":false,"color":"default"},"plain_text":"This
      is the original Paragraph on SubPage","href":null}],"color":"default"}}],"next_cursor":null,"has_more":false,"type":"block","block":{},"request_id":"ebded7f8-2923-4487-bc55-25e659d6d95f"}'
    headers:
      CF-Cache-Status:
      - DYNAMIC
      CF-Ray:
      - 98393734bd61dcca-FRA
      Connection:
      - keep-alive
      Content-Encoding:
      - gzip
      Content-Type:
      - application/json; charset=utf-8
      Server:
      - cloudflare
      Strict-Transport-Security:
      - max-age=31536000; includeSubDomains; preload
      Transfer-Encoding:
      - chunked
      Vary:
      - Accept-Encoding
      alt-svc:
      - h3=":443"; ma=86400
      content-security-policy:
      - default-src 'none'
      referrer-policy:
      - strict-origin-when-cross-origin
      x-content-type-options:
      - nosniff
      x-dns-prefetch-control:
      - 'off'
      x-download-options:
      - noopen
      x-frame-options:
      - SAMEORIGIN
      x-notion-request-id:
      - ebded7f8-2923-4487-bc55-25e659d6d95f
      x-permitted-cross-domain-policies:
      - none
      x-xss-protection:
      - '0'
    http_version: HTTP/1.1
    status_code: 200
version: 1
