interactions:
- request:
    body: '{"parent": {"type": "page_id", "page_id": "5f505199-b292-4713-920b-61d813bf72a3"},
      "properties": {"title": {"type": "title", "title": [{"type": "text", "plain_text":
      "Page for creating basic blocks", "annotations": {"bold": false, "italic": false,
      "strikethrough": false, "underline": false, "code": false}, "text": {"content":
      "Page for creating basic blocks"}}]}}}'
    headers:
      accept:
      - '*/*'
      accept-encoding:
      - gzip, deflate
      authorization:
      - secret...
      connection:
      - keep-alive
      content-length:
      - '339'
      content-type:
      - application/json
      cookie:
      - secret...
      host:
      - api.notion.com
      notion-version:
      - '2022-06-28'
      user-agent:
      - secret...
    method: POST
    uri: https://api.notion.com/v1/pages
  response:
    content: '{"object":"page","id":"25e974f3-b388-81dc-b618-e76c96f76a78","created_time":"2025-08-29T13:16:00.000Z","last_edited_time":"2025-08-29T13:16:00.000Z","created_by":{"object":"user","id":"645e79dd-3e43-40de-9d51-39357c1c427f"},"last_edited_by":{"object":"user","id":"645e79dd-3e43-40de-9d51-39357c1c427f"},"cover":null,"icon":null,"parent":{"type":"page_id","page_id":"5f505199-b292-4713-920b-61d813bf72a3"},"archived":false,"in_trash":false,"properties":{"title":{"id":"title","type":"title","title":[{"type":"text","text":{"content":"Page
      for creating basic blocks","link":null},"annotations":{"bold":false,"italic":false,"strikethrough":false,"underline":false,"code":false,"color":"default"},"plain_text":"Page
      for creating basic blocks","href":null}]}},"url":"https://www.notion.so/Page-for-creating-basic-blocks-25e974f3b38881dcb618e76c96f76a78","public_url":null,"request_id":"5c158f8c-394d-426c-ae7f-2d0279e51eb0"}'
    headers:
      CF-Cache-Status:
      - DYNAMIC
      CF-Ray:
      - 976c5215bbf035f8-FRA
      Connection:
      - keep-alive
      Content-Encoding:
      - gzip
      Content-Type:
      - application/json; charset=utf-8
      Server:
      - cloudflare
      Strict-Transport-Security:
      - max-age=31536000; includeSubDomains; preload
      Transfer-Encoding:
      - chunked
      Vary:
      - Accept-Encoding
      alt-svc:
      - h3=":443"; ma=86400
      content-security-policy:
      - default-src 'none'
      referrer-policy:
      - strict-origin-when-cross-origin
      x-content-type-options:
      - nosniff
      x-dns-prefetch-control:
      - 'off'
      x-download-options:
      - noopen
      x-frame-options:
      - SAMEORIGIN
      x-notion-request-id:
      - 5c158f8c-394d-426c-ae7f-2d0279e51eb0
      x-permitted-cross-domain-policies:
      - none
      x-xss-protection:
      - '0'
    http_version: HTTP/1.1
    status_code: 200
- request:
    body: ''
    headers:
      accept:
      - '*/*'
      accept-encoding:
      - gzip, deflate
      authorization:
      - secret...
      connection:
      - keep-alive
      cookie:
      - secret...
      host:
      - api.notion.com
      notion-version:
      - '2022-06-28'
      user-agent:
      - secret...
    method: GET
    uri: https://api.notion.com/v1/pages/5f505199-b292-4713-920b-61d813bf72a3
  response:
    content: '{"object":"page","id":"5f505199-b292-4713-920b-61d813bf72a3","created_time":"2022-08-22T15:47:00.000Z","last_edited_time":"2025-08-29T13:16:00.000Z","created_by":{"object":"user","id":"b10cb6df-12ef-44d3-88ad-250168f66322"},"last_edited_by":{"object":"user","id":"645e79dd-3e43-40de-9d51-39357c1c427f"},"cover":null,"icon":null,"parent":{"type":"workspace","workspace":true},"archived":false,"in_trash":false,"properties":{"title":{"id":"title","type":"title","title":[{"type":"text","text":{"content":"Tests","link":null},"annotations":{"bold":false,"italic":false,"strikethrough":false,"underline":false,"code":false,"color":"default"},"plain_text":"Tests","href":null}]}},"url":"https://www.notion.so/Tests-5f505199b2924713920b61d813bf72a3","public_url":null,"request_id":"5243d49b-3e4d-4ee3-8077-e3448df62597"}'
    headers:
      CF-Cache-Status:
      - DYNAMIC
      CF-Ray:
      - 976c52188e0f35f8-FRA
      Connection:
      - keep-alive
      Content-Encoding:
      - gzip
      Content-Type:
      - application/json; charset=utf-8
      Server:
      - cloudflare
      Strict-Transport-Security:
      - max-age=31536000; includeSubDomains; preload
      Transfer-Encoding:
      - chunked
      Vary:
      - Accept-Encoding
      alt-svc:
      - h3=":443"; ma=86400
      content-security-policy:
      - default-src 'none'
      referrer-policy:
      - strict-origin-when-cross-origin
      x-content-type-options:
      - nosniff
      x-dns-prefetch-control:
      - 'off'
      x-download-options:
      - noopen
      x-frame-options:
      - SAMEORIGIN
      x-notion-request-id:
      - 5243d49b-3e4d-4ee3-8077-e3448df62597
      x-permitted-cross-domain-policies:
      - none
      x-xss-protection:
      - '0'
    http_version: HTTP/1.1
    status_code: 200
- request:
    body: ''
    headers:
      accept:
      - '*/*'
      accept-encoding:
      - gzip, deflate
      authorization:
      - secret...
      connection:
      - keep-alive
      cookie:
      - secret...
      host:
      - api.notion.com
      notion-version:
      - '2022-06-28'
      user-agent:
      - secret...
    method: GET
    uri: https://api.notion.com/v1/blocks/25e974f3-b388-81dc-b618-e76c96f76a78/children?page_size=100
  response:
    content: '{"object":"list","results":[],"next_cursor":null,"has_more":false,"type":"block","block":{},"request_id":"6a30e350-88f4-4f2c-84a6-e4e20d8302a6"}'
    headers:
      CF-Cache-Status:
      - DYNAMIC
      CF-Ray:
      - 976c521a3fad35f8-FRA
      Connection:
      - keep-alive
      Content-Encoding:
      - gzip
      Content-Type:
      - application/json; charset=utf-8
      Server:
      - cloudflare
      Strict-Transport-Security:
      - max-age=31536000; includeSubDomains; preload
      Transfer-Encoding:
      - chunked
      Vary:
      - Accept-Encoding
      alt-svc:
      - h3=":443"; ma=86400
      content-security-policy:
      - default-src 'none'
      referrer-policy:
      - strict-origin-when-cross-origin
      x-content-type-options:
      - nosniff
      x-dns-prefetch-control:
      - 'off'
      x-download-options:
      - noopen
      x-frame-options:
      - SAMEORIGIN
      x-notion-request-id:
      - 6a30e350-88f4-4f2c-84a6-e4e20d8302a6
      x-permitted-cross-domain-policies:
      - none
      x-xss-protection:
      - '0'
    http_version: HTTP/1.1
    status_code: 200
- request:
    body: "{\"children\":[{\"object\":\"block\",\"has_children\":false,\"in_trash\":false,\"archived\":false,\"type\":\"heading_1\",\"heading_1\":{\"rich_text\":[{\"type\":\"text\",\"plain_text\":\"My
      new page\",\"annotations\":{\"bold\":false,\"italic\":false,\"strikethrough\":false,\"underline\":false,\"code\":false},\"text\":{\"content\":\"My
      new page\"}}],\"color\":\"default\",\"is_toggleable\":false}},{\"object\":\"block\",\"has_children\":false,\"in_trash\":false,\"archived\":false,\"type\":\"heading_2\",\"heading_2\":{\"rich_text\":[{\"type\":\"text\",\"plain_text\":\"Heading
      2\",\"annotations\":{\"bold\":false,\"italic\":false,\"strikethrough\":false,\"underline\":false,\"code\":false},\"text\":{\"content\":\"Heading
      2\"}}],\"color\":\"blue\",\"is_toggleable\":false}},{\"object\":\"block\",\"has_children\":false,\"in_trash\":false,\"archived\":false,\"type\":\"paragraph\",\"paragraph\":{\"rich_text\":[{\"type\":\"text\",\"plain_text\":\"This
      is a paragraph\",\"annotations\":{\"bold\":false,\"italic\":false,\"strikethrough\":false,\"underline\":false,\"code\":false},\"text\":{\"content\":\"This
      is a paragraph\"}}],\"color\":\"default\",\"children\":[]}},{\"object\":\"block\",\"has_children\":false,\"in_trash\":false,\"archived\":false,\"type\":\"paragraph\",\"paragraph\":{\"rich_text\":[{\"type\":\"text\",\"plain_text\":\"This
      is coloured paragraph\",\"annotations\":{\"bold\":false,\"italic\":false,\"strikethrough\":false,\"underline\":false,\"code\":false},\"text\":{\"content\":\"This
      is coloured paragraph\"}}],\"color\":\"red\",\"children\":[]}},{\"object\":\"block\",\"has_children\":false,\"in_trash\":false,\"archived\":false,\"type\":\"code\",\"code\":{\"caption\":[],\"rich_text\":[{\"type\":\"text\",\"plain_text\":\"print(\\\"Hello
      World\\\")\",\"annotations\":{\"bold\":false,\"italic\":false,\"strikethrough\":false,\"underline\":false,\"code\":false},\"text\":{\"content\":\"print(\\\"Hello
      World\\\")\"}}],\"language\":\"python\"}},{\"object\":\"block\",\"has_children\":false,\"in_trash\":false,\"archived\":false,\"type\":\"code\",\"code\":{\"caption\":[{\"type\":\"text\",\"plain_text\":\"SQL
      Query\",\"annotations\":{\"bold\":false,\"italic\":false,\"strikethrough\":false,\"underline\":false,\"code\":false},\"text\":{\"content\":\"SQL
      Query\"}}],\"rich_text\":[{\"type\":\"text\",\"plain_text\":\"SELECT * FROM
      table\",\"annotations\":{\"bold\":false,\"italic\":false,\"strikethrough\":false,\"underline\":false,\"code\":false},\"text\":{\"content\":\"SELECT
      * FROM table\"}}],\"language\":\"sql\"}},{\"object\":\"block\",\"has_children\":false,\"in_trash\":false,\"archived\":false,\"type\":\"quote\",\"quote\":{\"rich_text\":[{\"type\":\"text\",\"plain_text\":\"This
      is a quote\",\"annotations\":{\"bold\":false,\"italic\":false,\"strikethrough\":false,\"underline\":false,\"code\":false},\"text\":{\"content\":\"This
      is a quote\"}}],\"color\":\"default\",\"children\":[]}},{\"object\":\"block\",\"has_children\":false,\"in_trash\":false,\"archived\":false,\"type\":\"quote\",\"quote\":{\"rich_text\":[{\"type\":\"text\",\"plain_text\":\"This
      is a quote with a citation\",\"annotations\":{\"bold\":false,\"italic\":false,\"strikethrough\":false,\"underline\":false,\"code\":false},\"text\":{\"content\":\"This
      is a quote with a citation\"}}],\"color\":\"green\",\"children\":[]}},{\"object\":\"block\",\"has_children\":false,\"in_trash\":false,\"archived\":false,\"type\":\"callout\",\"callout\":{\"rich_text\":[{\"type\":\"text\",\"plain_text\":\"This
      is a callout\",\"annotations\":{\"bold\":false,\"italic\":false,\"strikethrough\":false,\"underline\":false,\"code\":false},\"text\":{\"content\":\"This
      is a callout\"}}],\"color\":\"default\",\"children\":[]}},{\"object\":\"block\",\"has_children\":false,\"in_trash\":false,\"archived\":false,\"type\":\"callout\",\"callout\":{\"rich_text\":[{\"type\":\"text\",\"plain_text\":\"This
      is a callout with color and icon\",\"annotations\":{\"bold\":false,\"italic\":false,\"strikethrough\":false,\"underline\":false,\"code\":false},\"text\":{\"content\":\"This
      is a callout with color and icon\"}}],\"color\":\"purple\",\"children\":[],\"icon\":{\"type\":\"emoji\",\"emoji\":\"\U0001F680\"}}},{\"object\":\"block\",\"has_children\":false,\"in_trash\":false,\"archived\":false,\"type\":\"callout\",\"callout\":{\"rich_text\":[{\"type\":\"text\",\"plain_text\":\"This
      is a another callout with color and icon\",\"annotations\":{\"bold\":false,\"italic\":false,\"strikethrough\":false,\"underline\":false,\"code\":false},\"text\":{\"content\":\"This
      is a another callout with color and icon\"}}],\"color\":\"yellow\",\"children\":[],\"icon\":{\"type\":\"emoji\",\"emoji\":\"\U0001F44D\"}}},{\"object\":\"block\",\"has_children\":false,\"in_trash\":false,\"archived\":false,\"type\":\"bulleted_list_item\",\"bulleted_list_item\":{\"rich_text\":[{\"type\":\"text\",\"plain_text\":\"First
      item\",\"annotations\":{\"bold\":false,\"italic\":false,\"strikethrough\":false,\"underline\":false,\"code\":false},\"text\":{\"content\":\"First
      item\"}}],\"color\":\"default\",\"children\":[]}},{\"object\":\"block\",\"has_children\":false,\"in_trash\":false,\"archived\":false,\"type\":\"bulleted_list_item\",\"bulleted_list_item\":{\"rich_text\":[{\"type\":\"text\",\"plain_text\":\"Second
      item\",\"annotations\":{\"bold\":false,\"italic\":false,\"strikethrough\":false,\"underline\":false,\"code\":false},\"text\":{\"content\":\"Second
      item\"}}],\"color\":\"blue\",\"children\":[]}},{\"object\":\"block\",\"has_children\":false,\"in_trash\":false,\"archived\":false,\"type\":\"numbered_list_item\",\"numbered_list_item\":{\"rich_text\":[{\"type\":\"text\",\"plain_text\":\"First
      item\",\"annotations\":{\"bold\":false,\"italic\":false,\"strikethrough\":false,\"underline\":false,\"code\":false},\"text\":{\"content\":\"First
      item\"}}],\"color\":\"default\",\"children\":[]}},{\"object\":\"block\",\"has_children\":false,\"in_trash\":false,\"archived\":false,\"type\":\"numbered_list_item\",\"numbered_list_item\":{\"rich_text\":[{\"type\":\"text\",\"plain_text\":\"Second
      item\",\"annotations\":{\"bold\":false,\"italic\":false,\"strikethrough\":false,\"underline\":false,\"code\":false},\"text\":{\"content\":\"Second
      item\"}}],\"color\":\"red\",\"children\":[]}},{\"object\":\"block\",\"has_children\":false,\"in_trash\":false,\"archived\":false,\"type\":\"to_do\",\"to_do\":{\"rich_text\":[{\"type\":\"text\",\"plain_text\":\"First
      item\",\"annotations\":{\"bold\":false,\"italic\":false,\"strikethrough\":false,\"underline\":false,\"code\":false},\"text\":{\"content\":\"First
      item\"}}],\"color\":\"default\",\"checked\":false,\"children\":[]}},{\"object\":\"block\",\"has_children\":false,\"in_trash\":false,\"archived\":false,\"type\":\"to_do\",\"to_do\":{\"rich_text\":[{\"type\":\"text\",\"plain_text\":\"Second
      item\",\"annotations\":{\"bold\":false,\"italic\":false,\"strikethrough\":false,\"underline\":false,\"code\":false},\"text\":{\"content\":\"Second
      item\"}}],\"color\":\"default\",\"checked\":true,\"children\":[]}},{\"object\":\"block\",\"has_children\":false,\"in_trash\":false,\"archived\":false,\"type\":\"to_do\",\"to_do\":{\"rich_text\":[{\"type\":\"text\",\"plain_text\":\"Third
      item\",\"annotations\":{\"bold\":false,\"italic\":false,\"strikethrough\":false,\"underline\":false,\"code\":false},\"text\":{\"content\":\"Third
      item\"}}],\"color\":\"red\",\"checked\":false,\"children\":[]}},{\"object\":\"block\",\"has_children\":false,\"in_trash\":false,\"archived\":false,\"type\":\"toggle\",\"toggle\":{\"rich_text\":[{\"type\":\"text\",\"plain_text\":\"First
      item\",\"annotations\":{\"bold\":false,\"italic\":false,\"strikethrough\":false,\"underline\":false,\"code\":false},\"text\":{\"content\":\"First
      item\"}}],\"color\":\"default\",\"children\":[]}},{\"object\":\"block\",\"has_children\":false,\"in_trash\":false,\"archived\":false,\"type\":\"toggle\",\"toggle\":{\"rich_text\":[{\"type\":\"text\",\"plain_text\":\"Second
      item\",\"annotations\":{\"bold\":false,\"italic\":false,\"strikethrough\":false,\"underline\":false,\"code\":false},\"text\":{\"content\":\"Second
      item\"}}],\"color\":\"purple\",\"children\":[]}},{\"object\":\"block\",\"has_children\":false,\"in_trash\":false,\"archived\":false,\"type\":\"divider\",\"divider\":{}},{\"object\":\"block\",\"has_children\":false,\"in_trash\":false,\"archived\":false,\"type\":\"table_of_contents\",\"table_of_contents\":{\"color\":\"default\"}},{\"object\":\"block\",\"has_children\":false,\"in_trash\":false,\"archived\":false,\"type\":\"table_of_contents\",\"table_of_contents\":{\"color\":\"pink\"}},{\"object\":\"block\",\"has_children\":false,\"in_trash\":false,\"archived\":false,\"type\":\"breadcrumb\",\"breadcrumb\":{}},{\"object\":\"block\",\"has_children\":false,\"in_trash\":false,\"archived\":false,\"type\":\"embed\",\"embed\":{\"url\":\"https://www.youtube.com/watch?v=dQw4w9WgXcQ\"}},{\"object\":\"block\",\"has_children\":false,\"in_trash\":false,\"archived\":false,\"type\":\"embed\",\"embed\":{\"caption\":[{\"type\":\"text\",\"plain_text\":\"Rick
      Roll\",\"annotations\":{\"bold\":false,\"italic\":false,\"strikethrough\":false,\"underline\":false,\"code\":false},\"text\":{\"content\":\"Rick
      Roll\"}}],\"url\":\"https://www.youtube.com/watch?v=dQw4w9WgXcQ\"}},{\"object\":\"block\",\"has_children\":false,\"in_trash\":false,\"archived\":false,\"type\":\"bookmark\",\"bookmark\":{\"url\":\"https://www.youtube.com/watch?v=dQw4w9WgXcQ\"}},{\"object\":\"block\",\"has_children\":false,\"in_trash\":false,\"archived\":false,\"type\":\"bookmark\",\"bookmark\":{\"caption\":[{\"type\":\"text\",\"plain_text\":\"Rick
      Roll\",\"annotations\":{\"bold\":false,\"italic\":false,\"strikethrough\":false,\"underline\":false,\"code\":false},\"text\":{\"content\":\"Rick
      Roll\"}}],\"url\":\"https://www.youtube.com/watch?v=dQw4w9WgXcQ\"}},{\"object\":\"block\",\"has_children\":false,\"in_trash\":false,\"archived\":false,\"type\":\"equation\",\"equation\":{\"expression\":\"-1
      = \\\\exp(i \\\\pi)\"}}]}"
    headers:
      accept:
      - '*/*'
      accept-encoding:
      - gzip, deflate
      authorization:
      - secret...
      connection:
      - keep-alive
      content-length:
      - '8667'
      content-type:
      - application/json
      cookie:
      - secret...
      host:
      - api.notion.com
      notion-version:
      - '2022-06-28'
      user-agent:
      - secret...
    method: PATCH
    uri: https://api.notion.com/v1/blocks/25e974f3-b388-81dc-b618-e76c96f76a78/children
  response:
    content: "{\"object\":\"list\",\"results\":[{\"object\":\"block\",\"id\":\"25e974f3-b388-8110-b806-e61dd92c49cb\",\"parent\":{\"type\":\"page_id\",\"page_id\":\"25e974f3-b388-81dc-b618-e76c96f76a78\"},\"created_time\":\"2025-08-29T13:16:00.000Z\",\"last_edited_time\":\"2025-08-29T13:16:00.000Z\",\"created_by\":{\"object\":\"user\",\"id\":\"645e79dd-3e43-40de-9d51-39357c1c427f\"},\"last_edited_by\":{\"object\":\"user\",\"id\":\"645e79dd-3e43-40de-9d51-39357c1c427f\"},\"has_children\":false,\"archived\":false,\"in_trash\":false,\"type\":\"heading_1\",\"heading_1\":{\"rich_text\":[{\"type\":\"text\",\"text\":{\"content\":\"My
      new page\",\"link\":null},\"annotations\":{\"bold\":false,\"italic\":false,\"strikethrough\":false,\"underline\":false,\"code\":false,\"color\":\"default\"},\"plain_text\":\"My
      new page\",\"href\":null}],\"is_toggleable\":false,\"color\":\"default\"}},{\"object\":\"block\",\"id\":\"25e974f3-b388-8194-886c-eccef4bcf685\",\"parent\":{\"type\":\"page_id\",\"page_id\":\"25e974f3-b388-81dc-b618-e76c96f76a78\"},\"created_time\":\"2025-08-29T13:16:00.000Z\",\"last_edited_time\":\"2025-08-29T13:16:00.000Z\",\"created_by\":{\"object\":\"user\",\"id\":\"645e79dd-3e43-40de-9d51-39357c1c427f\"},\"last_edited_by\":{\"object\":\"user\",\"id\":\"645e79dd-3e43-40de-9d51-39357c1c427f\"},\"has_children\":false,\"archived\":false,\"in_trash\":false,\"type\":\"heading_2\",\"heading_2\":{\"rich_text\":[{\"type\":\"text\",\"text\":{\"content\":\"Heading
      2\",\"link\":null},\"annotations\":{\"bold\":false,\"italic\":false,\"strikethrough\":false,\"underline\":false,\"code\":false,\"color\":\"default\"},\"plain_text\":\"Heading
      2\",\"href\":null}],\"is_toggleable\":false,\"color\":\"blue\"}},{\"object\":\"block\",\"id\":\"25e974f3-b388-819e-b7cd-ccfff926a25a\",\"parent\":{\"type\":\"page_id\",\"page_id\":\"25e974f3-b388-81dc-b618-e76c96f76a78\"},\"created_time\":\"2025-08-29T13:16:00.000Z\",\"last_edited_time\":\"2025-08-29T13:16:00.000Z\",\"created_by\":{\"object\":\"user\",\"id\":\"645e79dd-3e43-40de-9d51-39357c1c427f\"},\"last_edited_by\":{\"object\":\"user\",\"id\":\"645e79dd-3e43-40de-9d51-39357c1c427f\"},\"has_children\":false,\"archived\":false,\"in_trash\":false,\"type\":\"paragraph\",\"paragraph\":{\"rich_text\":[{\"type\":\"text\",\"text\":{\"content\":\"This
      is a paragraph\",\"link\":null},\"annotations\":{\"bold\":false,\"italic\":false,\"strikethrough\":false,\"underline\":false,\"code\":false,\"color\":\"default\"},\"plain_text\":\"This
      is a paragraph\",\"href\":null}],\"color\":\"default\"}},{\"object\":\"block\",\"id\":\"25e974f3-b388-8122-bc95-e82824768736\",\"parent\":{\"type\":\"page_id\",\"page_id\":\"25e974f3-b388-81dc-b618-e76c96f76a78\"},\"created_time\":\"2025-08-29T13:16:00.000Z\",\"last_edited_time\":\"2025-08-29T13:16:00.000Z\",\"created_by\":{\"object\":\"user\",\"id\":\"645e79dd-3e43-40de-9d51-39357c1c427f\"},\"last_edited_by\":{\"object\":\"user\",\"id\":\"645e79dd-3e43-40de-9d51-39357c1c427f\"},\"has_children\":false,\"archived\":false,\"in_trash\":false,\"type\":\"paragraph\",\"paragraph\":{\"rich_text\":[{\"type\":\"text\",\"text\":{\"content\":\"This
      is coloured paragraph\",\"link\":null},\"annotations\":{\"bold\":false,\"italic\":false,\"strikethrough\":false,\"underline\":false,\"code\":false,\"color\":\"default\"},\"plain_text\":\"This
      is coloured paragraph\",\"href\":null}],\"color\":\"red\"}},{\"object\":\"block\",\"id\":\"25e974f3-b388-8154-b575-f50f7126ac7a\",\"parent\":{\"type\":\"page_id\",\"page_id\":\"25e974f3-b388-81dc-b618-e76c96f76a78\"},\"created_time\":\"2025-08-29T13:16:00.000Z\",\"last_edited_time\":\"2025-08-29T13:16:00.000Z\",\"created_by\":{\"object\":\"user\",\"id\":\"645e79dd-3e43-40de-9d51-39357c1c427f\"},\"last_edited_by\":{\"object\":\"user\",\"id\":\"645e79dd-3e43-40de-9d51-39357c1c427f\"},\"has_children\":false,\"archived\":false,\"in_trash\":false,\"type\":\"code\",\"code\":{\"caption\":[],\"rich_text\":[{\"type\":\"text\",\"text\":{\"content\":\"print(\\\"Hello
      World\\\")\",\"link\":null},\"annotations\":{\"bold\":false,\"italic\":false,\"strikethrough\":false,\"underline\":false,\"code\":false,\"color\":\"default\"},\"plain_text\":\"print(\\\"Hello
      World\\\")\",\"href\":null}],\"language\":\"python\"}},{\"object\":\"block\",\"id\":\"25e974f3-b388-81b6-bcb9-e3e41d6dda26\",\"parent\":{\"type\":\"page_id\",\"page_id\":\"25e974f3-b388-81dc-b618-e76c96f76a78\"},\"created_time\":\"2025-08-29T13:16:00.000Z\",\"last_edited_time\":\"2025-08-29T13:16:00.000Z\",\"created_by\":{\"object\":\"user\",\"id\":\"645e79dd-3e43-40de-9d51-39357c1c427f\"},\"last_edited_by\":{\"object\":\"user\",\"id\":\"645e79dd-3e43-40de-9d51-39357c1c427f\"},\"has_children\":false,\"archived\":false,\"in_trash\":false,\"type\":\"code\",\"code\":{\"caption\":[{\"type\":\"text\",\"text\":{\"content\":\"SQL
      Query\",\"link\":null},\"annotations\":{\"bold\":false,\"italic\":false,\"strikethrough\":false,\"underline\":false,\"code\":false,\"color\":\"default\"},\"plain_text\":\"SQL
      Query\",\"href\":null}],\"rich_text\":[{\"type\":\"text\",\"text\":{\"content\":\"SELECT
      * FROM table\",\"link\":null},\"annotations\":{\"bold\":false,\"italic\":false,\"strikethrough\":false,\"underline\":false,\"code\":false,\"color\":\"default\"},\"plain_text\":\"SELECT
      * FROM table\",\"href\":null}],\"language\":\"sql\"}},{\"object\":\"block\",\"id\":\"25e974f3-b388-817d-97dc-f44d2c23b235\",\"parent\":{\"type\":\"page_id\",\"page_id\":\"25e974f3-b388-81dc-b618-e76c96f76a78\"},\"created_time\":\"2025-08-29T13:16:00.000Z\",\"last_edited_time\":\"2025-08-29T13:16:00.000Z\",\"created_by\":{\"object\":\"user\",\"id\":\"645e79dd-3e43-40de-9d51-39357c1c427f\"},\"last_edited_by\":{\"object\":\"user\",\"id\":\"645e79dd-3e43-40de-9d51-39357c1c427f\"},\"has_children\":false,\"archived\":false,\"in_trash\":false,\"type\":\"quote\",\"quote\":{\"rich_text\":[{\"type\":\"text\",\"text\":{\"content\":\"This
      is a quote\",\"link\":null},\"annotations\":{\"bold\":false,\"italic\":false,\"strikethrough\":false,\"underline\":false,\"code\":false,\"color\":\"default\"},\"plain_text\":\"This
      is a quote\",\"href\":null}],\"color\":\"default\"}},{\"object\":\"block\",\"id\":\"25e974f3-b388-8101-b290-c9e88cdfcc03\",\"parent\":{\"type\":\"page_id\",\"page_id\":\"25e974f3-b388-81dc-b618-e76c96f76a78\"},\"created_time\":\"2025-08-29T13:16:00.000Z\",\"last_edited_time\":\"2025-08-29T13:16:00.000Z\",\"created_by\":{\"object\":\"user\",\"id\":\"645e79dd-3e43-40de-9d51-39357c1c427f\"},\"last_edited_by\":{\"object\":\"user\",\"id\":\"645e79dd-3e43-40de-9d51-39357c1c427f\"},\"has_children\":false,\"archived\":false,\"in_trash\":false,\"type\":\"quote\",\"quote\":{\"rich_text\":[{\"type\":\"text\",\"text\":{\"content\":\"This
      is a quote with a citation\",\"link\":null},\"annotations\":{\"bold\":false,\"italic\":false,\"strikethrough\":false,\"underline\":false,\"code\":false,\"color\":\"default\"},\"plain_text\":\"This
      is a quote with a citation\",\"href\":null}],\"color\":\"green\"}},{\"object\":\"block\",\"id\":\"25e974f3-b388-811a-851a-d358c75ddfa8\",\"parent\":{\"type\":\"page_id\",\"page_id\":\"25e974f3-b388-81dc-b618-e76c96f76a78\"},\"created_time\":\"2025-08-29T13:16:00.000Z\",\"last_edited_time\":\"2025-08-29T13:16:00.000Z\",\"created_by\":{\"object\":\"user\",\"id\":\"645e79dd-3e43-40de-9d51-39357c1c427f\"},\"last_edited_by\":{\"object\":\"user\",\"id\":\"645e79dd-3e43-40de-9d51-39357c1c427f\"},\"has_children\":false,\"archived\":false,\"in_trash\":false,\"type\":\"callout\",\"callout\":{\"rich_text\":[{\"type\":\"text\",\"text\":{\"content\":\"This
      is a callout\",\"link\":null},\"annotations\":{\"bold\":false,\"italic\":false,\"strikethrough\":false,\"underline\":false,\"code\":false,\"color\":\"default\"},\"plain_text\":\"This
      is a callout\",\"href\":null}],\"icon\":{\"type\":\"emoji\",\"emoji\":\"\U0001F4A1\"},\"color\":\"default\"}},{\"object\":\"block\",\"id\":\"25e974f3-b388-8175-b5bd-f9895bcbc109\",\"parent\":{\"type\":\"page_id\",\"page_id\":\"25e974f3-b388-81dc-b618-e76c96f76a78\"},\"created_time\":\"2025-08-29T13:16:00.000Z\",\"last_edited_time\":\"2025-08-29T13:16:00.000Z\",\"created_by\":{\"object\":\"user\",\"id\":\"645e79dd-3e43-40de-9d51-39357c1c427f\"},\"last_edited_by\":{\"object\":\"user\",\"id\":\"645e79dd-3e43-40de-9d51-39357c1c427f\"},\"has_children\":false,\"archived\":false,\"in_trash\":false,\"type\":\"callout\",\"callout\":{\"rich_text\":[{\"type\":\"text\",\"text\":{\"content\":\"This
      is a callout with color and icon\",\"link\":null},\"annotations\":{\"bold\":false,\"italic\":false,\"strikethrough\":false,\"underline\":false,\"code\":false,\"color\":\"default\"},\"plain_text\":\"This
      is a callout with color and icon\",\"href\":null}],\"icon\":{\"type\":\"emoji\",\"emoji\":\"\U0001F680\"},\"color\":\"purple\"}},{\"object\":\"block\",\"id\":\"25e974f3-b388-816d-888d-e26d6ae5a22e\",\"parent\":{\"type\":\"page_id\",\"page_id\":\"25e974f3-b388-81dc-b618-e76c96f76a78\"},\"created_time\":\"2025-08-29T13:16:00.000Z\",\"last_edited_time\":\"2025-08-29T13:16:00.000Z\",\"created_by\":{\"object\":\"user\",\"id\":\"645e79dd-3e43-40de-9d51-39357c1c427f\"},\"last_edited_by\":{\"object\":\"user\",\"id\":\"645e79dd-3e43-40de-9d51-39357c1c427f\"},\"has_children\":false,\"archived\":false,\"in_trash\":false,\"type\":\"callout\",\"callout\":{\"rich_text\":[{\"type\":\"text\",\"text\":{\"content\":\"This
      is a another callout with color and icon\",\"link\":null},\"annotations\":{\"bold\":false,\"italic\":false,\"strikethrough\":false,\"underline\":false,\"code\":false,\"color\":\"default\"},\"plain_text\":\"This
      is a another callout with color and icon\",\"href\":null}],\"icon\":{\"type\":\"emoji\",\"emoji\":\"\U0001F44D\"},\"color\":\"yellow\"}},{\"object\":\"block\",\"id\":\"25e974f3-b388-8188-931a-f935722f335d\",\"parent\":{\"type\":\"page_id\",\"page_id\":\"25e974f3-b388-81dc-b618-e76c96f76a78\"},\"created_time\":\"2025-08-29T13:16:00.000Z\",\"last_edited_time\":\"2025-08-29T13:16:00.000Z\",\"created_by\":{\"object\":\"user\",\"id\":\"645e79dd-3e43-40de-9d51-39357c1c427f\"},\"last_edited_by\":{\"object\":\"user\",\"id\":\"645e79dd-3e43-40de-9d51-39357c1c427f\"},\"has_children\":false,\"archived\":false,\"in_trash\":false,\"type\":\"bulleted_list_item\",\"bulleted_list_item\":{\"rich_text\":[{\"type\":\"text\",\"text\":{\"content\":\"First
      item\",\"link\":null},\"annotations\":{\"bold\":false,\"italic\":false,\"strikethrough\":false,\"underline\":false,\"code\":false,\"color\":\"default\"},\"plain_text\":\"First
      item\",\"href\":null}],\"color\":\"default\"}},{\"object\":\"block\",\"id\":\"25e974f3-b388-8137-9f9f-c44b3fc23ede\",\"parent\":{\"type\":\"page_id\",\"page_id\":\"25e974f3-b388-81dc-b618-e76c96f76a78\"},\"created_time\":\"2025-08-29T13:16:00.000Z\",\"last_edited_time\":\"2025-08-29T13:16:00.000Z\",\"created_by\":{\"object\":\"user\",\"id\":\"645e79dd-3e43-40de-9d51-39357c1c427f\"},\"last_edited_by\":{\"object\":\"user\",\"id\":\"645e79dd-3e43-40de-9d51-39357c1c427f\"},\"has_children\":false,\"archived\":false,\"in_trash\":false,\"type\":\"bulleted_list_item\",\"bulleted_list_item\":{\"rich_text\":[{\"type\":\"text\",\"text\":{\"content\":\"Second
      item\",\"link\":null},\"annotations\":{\"bold\":false,\"italic\":false,\"strikethrough\":false,\"underline\":false,\"code\":false,\"color\":\"default\"},\"plain_text\":\"Second
      item\",\"href\":null}],\"color\":\"blue\"}},{\"object\":\"block\",\"id\":\"25e974f3-b388-81ab-a78e-dbcb221eb062\",\"parent\":{\"type\":\"page_id\",\"page_id\":\"25e974f3-b388-81dc-b618-e76c96f76a78\"},\"created_time\":\"2025-08-29T13:16:00.000Z\",\"last_edited_time\":\"2025-08-29T13:16:00.000Z\",\"created_by\":{\"object\":\"user\",\"id\":\"645e79dd-3e43-40de-9d51-39357c1c427f\"},\"last_edited_by\":{\"object\":\"user\",\"id\":\"645e79dd-3e43-40de-9d51-39357c1c427f\"},\"has_children\":false,\"archived\":false,\"in_trash\":false,\"type\":\"numbered_list_item\",\"numbered_list_item\":{\"rich_text\":[{\"type\":\"text\",\"text\":{\"content\":\"First
      item\",\"link\":null},\"annotations\":{\"bold\":false,\"italic\":false,\"strikethrough\":false,\"underline\":false,\"code\":false,\"color\":\"default\"},\"plain_text\":\"First
      item\",\"href\":null}],\"color\":\"default\"}},{\"object\":\"block\",\"id\":\"25e974f3-b388-81df-912c-f595e916224b\",\"parent\":{\"type\":\"page_id\",\"page_id\":\"25e974f3-b388-81dc-b618-e76c96f76a78\"},\"created_time\":\"2025-08-29T13:16:00.000Z\",\"last_edited_time\":\"2025-08-29T13:16:00.000Z\",\"created_by\":{\"object\":\"user\",\"id\":\"645e79dd-3e43-40de-9d51-39357c1c427f\"},\"last_edited_by\":{\"object\":\"user\",\"id\":\"645e79dd-3e43-40de-9d51-39357c1c427f\"},\"has_children\":false,\"archived\":false,\"in_trash\":false,\"type\":\"numbered_list_item\",\"numbered_list_item\":{\"rich_text\":[{\"type\":\"text\",\"text\":{\"content\":\"Second
      item\",\"link\":null},\"annotations\":{\"bold\":false,\"italic\":false,\"strikethrough\":false,\"underline\":false,\"code\":false,\"color\":\"default\"},\"plain_text\":\"Second
      item\",\"href\":null}],\"color\":\"red\"}},{\"object\":\"block\",\"id\":\"25e974f3-b388-815d-b58e-d7e5878d4bed\",\"parent\":{\"type\":\"page_id\",\"page_id\":\"25e974f3-b388-81dc-b618-e76c96f76a78\"},\"created_time\":\"2025-08-29T13:16:00.000Z\",\"last_edited_time\":\"2025-08-29T13:16:00.000Z\",\"created_by\":{\"object\":\"user\",\"id\":\"645e79dd-3e43-40de-9d51-39357c1c427f\"},\"last_edited_by\":{\"object\":\"user\",\"id\":\"645e79dd-3e43-40de-9d51-39357c1c427f\"},\"has_children\":false,\"archived\":false,\"in_trash\":false,\"type\":\"to_do\",\"to_do\":{\"rich_text\":[{\"type\":\"text\",\"text\":{\"content\":\"First
      item\",\"link\":null},\"annotations\":{\"bold\":false,\"italic\":false,\"strikethrough\":false,\"underline\":false,\"code\":false,\"color\":\"default\"},\"plain_text\":\"First
      item\",\"href\":null}],\"checked\":false,\"color\":\"default\"}},{\"object\":\"block\",\"id\":\"25e974f3-b388-81da-a9b5-c2c08167eb9b\",\"parent\":{\"type\":\"page_id\",\"page_id\":\"25e974f3-b388-81dc-b618-e76c96f76a78\"},\"created_time\":\"2025-08-29T13:16:00.000Z\",\"last_edited_time\":\"2025-08-29T13:16:00.000Z\",\"created_by\":{\"object\":\"user\",\"id\":\"645e79dd-3e43-40de-9d51-39357c1c427f\"},\"last_edited_by\":{\"object\":\"user\",\"id\":\"645e79dd-3e43-40de-9d51-39357c1c427f\"},\"has_children\":false,\"archived\":false,\"in_trash\":false,\"type\":\"to_do\",\"to_do\":{\"rich_text\":[{\"type\":\"text\",\"text\":{\"content\":\"Second
      item\",\"link\":null},\"annotations\":{\"bold\":false,\"italic\":false,\"strikethrough\":false,\"underline\":false,\"code\":false,\"color\":\"default\"},\"plain_text\":\"Second
      item\",\"href\":null}],\"checked\":true,\"color\":\"default\"}},{\"object\":\"block\",\"id\":\"25e974f3-b388-810c-a9ce-c3ee9a5dec41\",\"parent\":{\"type\":\"page_id\",\"page_id\":\"25e974f3-b388-81dc-b618-e76c96f76a78\"},\"created_time\":\"2025-08-29T13:16:00.000Z\",\"last_edited_time\":\"2025-08-29T13:16:00.000Z\",\"created_by\":{\"object\":\"user\",\"id\":\"645e79dd-3e43-40de-9d51-39357c1c427f\"},\"last_edited_by\":{\"object\":\"user\",\"id\":\"645e79dd-3e43-40de-9d51-39357c1c427f\"},\"has_children\":false,\"archived\":false,\"in_trash\":false,\"type\":\"to_do\",\"to_do\":{\"rich_text\":[{\"type\":\"text\",\"text\":{\"content\":\"Third
      item\",\"link\":null},\"annotations\":{\"bold\":false,\"italic\":false,\"strikethrough\":false,\"underline\":false,\"code\":false,\"color\":\"default\"},\"plain_text\":\"Third
      item\",\"href\":null}],\"checked\":false,\"color\":\"red\"}},{\"object\":\"block\",\"id\":\"25e974f3-b388-8123-ba51-c574705711d9\",\"parent\":{\"type\":\"page_id\",\"page_id\":\"25e974f3-b388-81dc-b618-e76c96f76a78\"},\"created_time\":\"2025-08-29T13:16:00.000Z\",\"last_edited_time\":\"2025-08-29T13:16:00.000Z\",\"created_by\":{\"object\":\"user\",\"id\":\"645e79dd-3e43-40de-9d51-39357c1c427f\"},\"last_edited_by\":{\"object\":\"user\",\"id\":\"645e79dd-3e43-40de-9d51-39357c1c427f\"},\"has_children\":false,\"archived\":false,\"in_trash\":false,\"type\":\"toggle\",\"toggle\":{\"rich_text\":[{\"type\":\"text\",\"text\":{\"content\":\"First
      item\",\"link\":null},\"annotations\":{\"bold\":false,\"italic\":false,\"strikethrough\":false,\"underline\":false,\"code\":false,\"color\":\"default\"},\"plain_text\":\"First
      item\",\"href\":null}],\"color\":\"default\"}},{\"object\":\"block\",\"id\":\"25e974f3-b388-8176-aef8-e581a0042a69\",\"parent\":{\"type\":\"page_id\",\"page_id\":\"25e974f3-b388-81dc-b618-e76c96f76a78\"},\"created_time\":\"2025-08-29T13:16:00.000Z\",\"last_edited_time\":\"2025-08-29T13:16:00.000Z\",\"created_by\":{\"object\":\"user\",\"id\":\"645e79dd-3e43-40de-9d51-39357c1c427f\"},\"last_edited_by\":{\"object\":\"user\",\"id\":\"645e79dd-3e43-40de-9d51-39357c1c427f\"},\"has_children\":false,\"archived\":false,\"in_trash\":false,\"type\":\"toggle\",\"toggle\":{\"rich_text\":[{\"type\":\"text\",\"text\":{\"content\":\"Second
      item\",\"link\":null},\"annotations\":{\"bold\":false,\"italic\":false,\"strikethrough\":false,\"underline\":false,\"code\":false,\"color\":\"default\"},\"plain_text\":\"Second
      item\",\"href\":null}],\"color\":\"purple\"}},{\"object\":\"block\",\"id\":\"25e974f3-b388-81b0-9883-fb58f9386f64\",\"parent\":{\"type\":\"page_id\",\"page_id\":\"25e974f3-b388-81dc-b618-e76c96f76a78\"},\"created_time\":\"2025-08-29T13:16:00.000Z\",\"last_edited_time\":\"2025-08-29T13:16:00.000Z\",\"created_by\":{\"object\":\"user\",\"id\":\"645e79dd-3e43-40de-9d51-39357c1c427f\"},\"last_edited_by\":{\"object\":\"user\",\"id\":\"645e79dd-3e43-40de-9d51-39357c1c427f\"},\"has_children\":false,\"archived\":false,\"in_trash\":false,\"type\":\"divider\",\"divider\":{}},{\"object\":\"block\",\"id\":\"25e974f3-b388-81ba-b46a-fc9a8f0cc8db\",\"parent\":{\"type\":\"page_id\",\"page_id\":\"25e974f3-b388-81dc-b618-e76c96f76a78\"},\"created_time\":\"2025-08-29T13:16:00.000Z\",\"last_edited_time\":\"2025-08-29T13:16:00.000Z\",\"created_by\":{\"object\":\"user\",\"id\":\"645e79dd-3e43-40de-9d51-39357c1c427f\"},\"last_edited_by\":{\"object\":\"user\",\"id\":\"645e79dd-3e43-40de-9d51-39357c1c427f\"},\"has_children\":false,\"archived\":false,\"in_trash\":false,\"type\":\"table_of_contents\",\"table_of_contents\":{\"color\":\"default\"}},{\"object\":\"block\",\"id\":\"25e974f3-b388-815a-91ec-c480d9efdc84\",\"parent\":{\"type\":\"page_id\",\"page_id\":\"25e974f3-b388-81dc-b618-e76c96f76a78\"},\"created_time\":\"2025-08-29T13:16:00.000Z\",\"last_edited_time\":\"2025-08-29T13:16:00.000Z\",\"created_by\":{\"object\":\"user\",\"id\":\"645e79dd-3e43-40de-9d51-39357c1c427f\"},\"last_edited_by\":{\"object\":\"user\",\"id\":\"645e79dd-3e43-40de-9d51-39357c1c427f\"},\"has_children\":false,\"archived\":false,\"in_trash\":false,\"type\":\"table_of_contents\",\"table_of_contents\":{\"color\":\"pink\"}},{\"object\":\"block\",\"id\":\"25e974f3-b388-8109-8d87-c00ad15658a6\",\"parent\":{\"type\":\"page_id\",\"page_id\":\"25e974f3-b388-81dc-b618-e76c96f76a78\"},\"created_time\":\"2025-08-29T13:16:00.000Z\",\"last_edited_time\":\"2025-08-29T13:16:00.000Z\",\"created_by\":{\"object\":\"user\",\"id\":\"645e79dd-3e43-40de-9d51-39357c1c427f\"},\"last_edited_by\":{\"object\":\"user\",\"id\":\"645e79dd-3e43-40de-9d51-39357c1c427f\"},\"has_children\":false,\"archived\":false,\"in_trash\":false,\"type\":\"breadcrumb\",\"breadcrumb\":{}},{\"object\":\"block\",\"id\":\"25e974f3-b388-81b4-b2ad-e646ce9100b9\",\"parent\":{\"type\":\"page_id\",\"page_id\":\"25e974f3-b388-81dc-b618-e76c96f76a78\"},\"created_time\":\"2025-08-29T13:16:00.000Z\",\"last_edited_time\":\"2025-08-29T13:16:00.000Z\",\"created_by\":{\"object\":\"user\",\"id\":\"645e79dd-3e43-40de-9d51-39357c1c427f\"},\"last_edited_by\":{\"object\":\"user\",\"id\":\"645e79dd-3e43-40de-9d51-39357c1c427f\"},\"has_children\":false,\"archived\":false,\"in_trash\":false,\"type\":\"embed\",\"embed\":{\"caption\":[],\"url\":\"https://www.youtube.com/watch?v=dQw4w9WgXcQ\"}},{\"object\":\"block\",\"id\":\"25e974f3-b388-81b3-a5c9-d3624e59f494\",\"parent\":{\"type\":\"page_id\",\"page_id\":\"25e974f3-b388-81dc-b618-e76c96f76a78\"},\"created_time\":\"2025-08-29T13:16:00.000Z\",\"last_edited_time\":\"2025-08-29T13:16:00.000Z\",\"created_by\":{\"object\":\"user\",\"id\":\"645e79dd-3e43-40de-9d51-39357c1c427f\"},\"last_edited_by\":{\"object\":\"user\",\"id\":\"645e79dd-3e43-40de-9d51-39357c1c427f\"},\"has_children\":false,\"archived\":false,\"in_trash\":false,\"type\":\"embed\",\"embed\":{\"caption\":[{\"type\":\"text\",\"text\":{\"content\":\"Rick
      Roll\",\"link\":null},\"annotations\":{\"bold\":false,\"italic\":false,\"strikethrough\":false,\"underline\":false,\"code\":false,\"color\":\"default\"},\"plain_text\":\"Rick
      Roll\",\"href\":null}],\"url\":\"https://www.youtube.com/watch?v=dQw4w9WgXcQ\"}},{\"object\":\"block\",\"id\":\"25e974f3-b388-8136-8dfa-d2ae6387f299\",\"parent\":{\"type\":\"page_id\",\"page_id\":\"25e974f3-b388-81dc-b618-e76c96f76a78\"},\"created_time\":\"2025-08-29T13:16:00.000Z\",\"last_edited_time\":\"2025-08-29T13:16:00.000Z\",\"created_by\":{\"object\":\"user\",\"id\":\"645e79dd-3e43-40de-9d51-39357c1c427f\"},\"last_edited_by\":{\"object\":\"user\",\"id\":\"645e79dd-3e43-40de-9d51-39357c1c427f\"},\"has_children\":false,\"archived\":false,\"in_trash\":false,\"type\":\"bookmark\",\"bookmark\":{\"caption\":[],\"url\":\"https://www.youtube.com/watch?v=dQw4w9WgXcQ\"}},{\"object\":\"block\",\"id\":\"25e974f3-b388-8129-b4f6-de761af296ed\",\"parent\":{\"type\":\"page_id\",\"page_id\":\"25e974f3-b388-81dc-b618-e76c96f76a78\"},\"created_time\":\"2025-08-29T13:16:00.000Z\",\"last_edited_time\":\"2025-08-29T13:16:00.000Z\",\"created_by\":{\"object\":\"user\",\"id\":\"645e79dd-3e43-40de-9d51-39357c1c427f\"},\"last_edited_by\":{\"object\":\"user\",\"id\":\"645e79dd-3e43-40de-9d51-39357c1c427f\"},\"has_children\":false,\"archived\":false,\"in_trash\":false,\"type\":\"bookmark\",\"bookmark\":{\"caption\":[{\"type\":\"text\",\"text\":{\"content\":\"Rick
      Roll\",\"link\":null},\"annotations\":{\"bold\":false,\"italic\":false,\"strikethrough\":false,\"underline\":false,\"code\":false,\"color\":\"default\"},\"plain_text\":\"Rick
      Roll\",\"href\":null}],\"url\":\"https://www.youtube.com/watch?v=dQw4w9WgXcQ\"}},{\"object\":\"block\",\"id\":\"25e974f3-b388-8196-bdad-cd6c1bcc7c72\",\"parent\":{\"type\":\"page_id\",\"page_id\":\"25e974f3-b388-81dc-b618-e76c96f76a78\"},\"created_time\":\"2025-08-29T13:16:00.000Z\",\"last_edited_time\":\"2025-08-29T13:16:00.000Z\",\"created_by\":{\"object\":\"user\",\"id\":\"645e79dd-3e43-40de-9d51-39357c1c427f\"},\"last_edited_by\":{\"object\":\"user\",\"id\":\"645e79dd-3e43-40de-9d51-39357c1c427f\"},\"has_children\":false,\"archived\":false,\"in_trash\":false,\"type\":\"equation\",\"equation\":{\"expression\":\"-1
      = \\\\exp(i \\\\pi)\"}}],\"next_cursor\":null,\"has_more\":false,\"type\":\"block\",\"block\":{},\"request_id\":\"33630010-c0a1-4a9b-bd1a-d7a26c300c0e\"}"
    headers:
      CF-Cache-Status:
      - DYNAMIC
      CF-Ray:
      - 976c521bb8de35f8-FRA
      Connection:
      - keep-alive
      Content-Encoding:
      - gzip
      Content-Type:
      - application/json; charset=utf-8
      Server:
      - cloudflare
      Strict-Transport-Security:
      - max-age=31536000; includeSubDomains; preload
      Transfer-Encoding:
      - chunked
      Vary:
      - Accept-Encoding
      alt-svc:
      - h3=":443"; ma=86400
      content-security-policy:
      - default-src 'none'
      referrer-policy:
      - strict-origin-when-cross-origin
      x-content-type-options:
      - nosniff
      x-dns-prefetch-control:
      - 'off'
      x-download-options:
      - noopen
      x-frame-options:
      - SAMEORIGIN
      x-notion-request-id:
      - 33630010-c0a1-4a9b-bd1a-d7a26c300c0e
      x-permitted-cross-domain-policies:
      - none
      x-xss-protection:
      - '0'
    http_version: HTTP/1.1
    status_code: 200
- request:
    body: '{"children":[{"object":"block","has_children":false,"in_trash":false,"archived":false,"type":"paragraph","paragraph":{"rich_text":[{"type":"text","plain_text":"This
      is a paragraph with children","annotations":{"bold":false,"italic":false,"strikethrough":false,"underline":false,"code":false},"text":{"content":"This
      is a paragraph with children"}}],"color":"default","children":[]}}]}'
    headers:
      accept:
      - '*/*'
      accept-encoding:
      - gzip, deflate
      authorization:
      - secret...
      connection:
      - keep-alive
      content-length:
      - '384'
      content-type:
      - application/json
      cookie:
      - secret...
      host:
      - api.notion.com
      notion-version:
      - '2022-06-28'
      user-agent:
      - secret...
    method: PATCH
    uri: https://api.notion.com/v1/blocks/25e974f3-b388-81dc-b618-e76c96f76a78/children
  response:
    content: '{"object":"list","results":[{"object":"block","id":"25e974f3-b388-8183-9f1f-f6fa986fb482","parent":{"type":"page_id","page_id":"25e974f3-b388-81dc-b618-e76c96f76a78"},"created_time":"2025-08-29T13:16:00.000Z","last_edited_time":"2025-08-29T13:16:00.000Z","created_by":{"object":"user","id":"645e79dd-3e43-40de-9d51-39357c1c427f"},"last_edited_by":{"object":"user","id":"645e79dd-3e43-40de-9d51-39357c1c427f"},"has_children":false,"archived":false,"in_trash":false,"type":"paragraph","paragraph":{"rich_text":[{"type":"text","text":{"content":"This
      is a paragraph with children","link":null},"annotations":{"bold":false,"italic":false,"strikethrough":false,"underline":false,"code":false,"color":"default"},"plain_text":"This
      is a paragraph with children","href":null}],"color":"default"}}],"next_cursor":null,"has_more":false,"type":"block","block":{},"request_id":"d4bb45e0-83cd-4e9c-b0eb-3a1aa8b41920"}'
    headers:
      CF-Cache-Status:
      - DYNAMIC
      CF-Ray:
      - 976c52251fa535f8-FRA
      Connection:
      - keep-alive
      Content-Encoding:
      - gzip
      Content-Type:
      - application/json; charset=utf-8
      Server:
      - cloudflare
      Strict-Transport-Security:
      - max-age=31536000; includeSubDomains; preload
      Transfer-Encoding:
      - chunked
      Vary:
      - Accept-Encoding
      alt-svc:
      - h3=":443"; ma=86400
      content-security-policy:
      - default-src 'none'
      referrer-policy:
      - strict-origin-when-cross-origin
      x-content-type-options:
      - nosniff
      x-dns-prefetch-control:
      - 'off'
      x-download-options:
      - noopen
      x-frame-options:
      - SAMEORIGIN
      x-notion-request-id:
      - d4bb45e0-83cd-4e9c-b0eb-3a1aa8b41920
      x-permitted-cross-domain-policies:
      - none
      x-xss-protection:
      - '0'
    http_version: HTTP/1.1
    status_code: 200
- request:
    body: ''
    headers:
      accept:
      - '*/*'
      accept-encoding:
      - gzip, deflate
      authorization:
      - secret...
      connection:
      - keep-alive
      cookie:
      - secret...
      host:
      - api.notion.com
      notion-version:
      - '2022-06-28'
      user-agent:
      - secret...
    method: GET
    uri: https://api.notion.com/v1/blocks/25e974f3-b388-8183-9f1f-f6fa986fb482/children?page_size=100
  response:
    content: '{"object":"list","results":[],"next_cursor":null,"has_more":false,"type":"block","block":{},"request_id":"b8765750-561a-49d5-8b18-dd6ab9f98250"}'
    headers:
      CF-Cache-Status:
      - DYNAMIC
      CF-Ray:
      - 976c522f6fc535f8-FRA
      Connection:
      - keep-alive
      Content-Encoding:
      - gzip
      Content-Type:
      - application/json; charset=utf-8
      Server:
      - cloudflare
      Strict-Transport-Security:
      - max-age=31536000; includeSubDomains; preload
      Transfer-Encoding:
      - chunked
      Vary:
      - Accept-Encoding
      alt-svc:
      - h3=":443"; ma=86400
      content-security-policy:
      - default-src 'none'
      referrer-policy:
      - strict-origin-when-cross-origin
      x-content-type-options:
      - nosniff
      x-dns-prefetch-control:
      - 'off'
      x-download-options:
      - noopen
      x-frame-options:
      - SAMEORIGIN
      x-notion-request-id:
      - b8765750-561a-49d5-8b18-dd6ab9f98250
      x-permitted-cross-domain-policies:
      - none
      x-xss-protection:
      - '0'
    http_version: HTTP/1.1
    status_code: 200
- request:
    body: '{"children":[{"object":"block","has_children":false,"in_trash":false,"archived":false,"type":"paragraph","paragraph":{"rich_text":[{"type":"text","plain_text":"This
      is a child paragraph","annotations":{"bold":false,"italic":false,"strikethrough":false,"underline":false,"code":false},"text":{"content":"This
      is a child paragraph"}}],"color":"default","children":[]}}]}'
    headers:
      accept:
      - '*/*'
      accept-encoding:
      - gzip, deflate
      authorization:
      - secret...
      connection:
      - keep-alive
      content-length:
      - '368'
      content-type:
      - application/json
      cookie:
      - secret...
      host:
      - api.notion.com
      notion-version:
      - '2022-06-28'
      user-agent:
      - secret...
    method: PATCH
    uri: https://api.notion.com/v1/blocks/25e974f3-b388-8183-9f1f-f6fa986fb482/children
  response:
    content: '{"object":"list","results":[{"object":"block","id":"25e974f3-b388-8135-85ed-fba78afe320a","parent":{"type":"block_id","block_id":"25e974f3-b388-8183-9f1f-f6fa986fb482"},"created_time":"2025-08-29T13:16:00.000Z","last_edited_time":"2025-08-29T13:16:00.000Z","created_by":{"object":"user","id":"645e79dd-3e43-40de-9d51-39357c1c427f"},"last_edited_by":{"object":"user","id":"645e79dd-3e43-40de-9d51-39357c1c427f"},"has_children":false,"archived":false,"in_trash":false,"type":"paragraph","paragraph":{"rich_text":[{"type":"text","text":{"content":"This
      is a child paragraph","link":null},"annotations":{"bold":false,"italic":false,"strikethrough":false,"underline":false,"code":false,"color":"default"},"plain_text":"This
      is a child paragraph","href":null}],"color":"default"}}],"next_cursor":null,"has_more":false,"type":"block","block":{},"request_id":"3e65e7d8-1549-48f6-a3f5-4f69c89cbb46"}'
    headers:
      CF-Cache-Status:
      - DYNAMIC
      CF-Ray:
      - 976c523128e735f8-FRA
      Connection:
      - keep-alive
      Content-Encoding:
      - gzip
      Content-Type:
      - application/json; charset=utf-8
      Server:
      - cloudflare
      Strict-Transport-Security:
      - max-age=31536000; includeSubDomains; preload
      Transfer-Encoding:
      - chunked
      Vary:
      - Accept-Encoding
      alt-svc:
      - h3=":443"; ma=86400
      content-security-policy:
      - default-src 'none'
      referrer-policy:
      - strict-origin-when-cross-origin
      x-content-type-options:
      - nosniff
      x-dns-prefetch-control:
      - 'off'
      x-download-options:
      - noopen
      x-frame-options:
      - SAMEORIGIN
      x-notion-request-id:
      - 3e65e7d8-1549-48f6-a3f5-4f69c89cbb46
      x-permitted-cross-domain-policies:
      - none
      x-xss-protection:
      - '0'
    http_version: HTTP/1.1
    status_code: 200
version: 1
