interactions:
- request:
    body: '{"parent": {"type": "page_id", "page_id": "5f505199-b292-4713-920b-61d813bf72a3"},
      "properties": {"title": {"type": "title", "title": [{"type": "text", "plain_text":
      "Page for creating link blocks", "annotations": {"bold": false, "italic": false,
      "strikethrough": false, "underline": false, "code": false, "color": "default"},
      "text": {"content": "Page for creating link blocks"}}]}}}'
    headers:
      accept:
      - '*/*'
      accept-encoding:
      - gzip, deflate
      authorization:
      - secret...
      connection:
      - keep-alive
      content-length:
      - '384'
      content-type:
      - application/json
      cookie:
      - secret...
      host:
      - api.notion.com
      notion-version:
      - '2022-06-28'
      user-agent:
      - secret...
    method: POST
    uri: https://api.notion.com/v1/pages
  response:
    content: '{"object":"page","id":"768187e4-2dd6-4212-8e70-570800aa7b43","created_time":"2024-08-21T17:17:00.000Z","last_edited_time":"2024-08-21T17:17:00.000Z","created_by":{"object":"user","id":"645e79dd-3e43-40de-9d51-39357c1c427f"},"last_edited_by":{"object":"user","id":"645e79dd-3e43-40de-9d51-39357c1c427f"},"cover":null,"icon":null,"parent":{"type":"page_id","page_id":"5f505199-b292-4713-920b-61d813bf72a3"},"archived":false,"in_trash":false,"properties":{"title":{"id":"title","type":"title","title":[{"type":"text","text":{"content":"Page
      for creating link blocks","link":null},"annotations":{"bold":false,"italic":false,"strikethrough":false,"underline":false,"code":false,"color":"default"},"plain_text":"Page
      for creating link blocks","href":null}]}},"url":"https://www.notion.so/Page-for-creating-link-blocks-768187e42dd642128e70570800aa7b43","public_url":null,"request_id":"33ebfdc5-7b7a-4641-b983-c34d725bf984"}'
    headers:
      CF-Cache-Status:
      - DYNAMIC
      CF-Ray:
      - 8b6c464b4c192c4f-FRA
      Connection:
      - keep-alive
      Content-Encoding:
      - gzip
      Content-Type:
      - application/json; charset=utf-8
      Server:
      - cloudflare
      Transfer-Encoding:
      - chunked
      Vary:
      - Accept-Encoding
      x-notion-request-id:
      - 33ebfdc5-7b7a-4641-b983-c34d725bf984
      x-powered-by:
      - Express
    http_version: HTTP/1.1
    status_code: 200
- request:
    body: '{"parent": {"type": "page_id", "page_id": "5f505199-b292-4713-920b-61d813bf72a3"},
      "properties": {"title": {"type": "title", "title": [{"type": "text", "plain_text":
      "Target Page", "annotations": {"bold": false, "italic": false, "strikethrough":
      false, "underline": false, "code": false, "color": "default"}, "text": {"content":
      "Target Page"}}]}}}'
    headers:
      accept:
      - '*/*'
      accept-encoding:
      - gzip, deflate
      authorization:
      - secret...
      connection:
      - keep-alive
      content-length:
      - '348'
      content-type:
      - application/json
      cookie:
      - secret...
      host:
      - api.notion.com
      notion-version:
      - '2022-06-28'
      user-agent:
      - secret...
    method: POST
    uri: https://api.notion.com/v1/pages
  response:
    content: '{"object":"page","id":"96ffbbf8-0207-451b-a214-f021df4b80b3","created_time":"2024-08-21T17:17:00.000Z","last_edited_time":"2024-08-21T17:17:00.000Z","created_by":{"object":"user","id":"645e79dd-3e43-40de-9d51-39357c1c427f"},"last_edited_by":{"object":"user","id":"645e79dd-3e43-40de-9d51-39357c1c427f"},"cover":null,"icon":null,"parent":{"type":"page_id","page_id":"5f505199-b292-4713-920b-61d813bf72a3"},"archived":false,"in_trash":false,"properties":{"title":{"id":"title","type":"title","title":[{"type":"text","text":{"content":"Target
      Page","link":null},"annotations":{"bold":false,"italic":false,"strikethrough":false,"underline":false,"code":false,"color":"default"},"plain_text":"Target
      Page","href":null}]}},"url":"https://www.notion.so/Target-Page-96ffbbf80207451ba214f021df4b80b3","public_url":null,"request_id":"f1247fce-2312-4582-9362-76bbdeaa93ce"}'
    headers:
      CF-Cache-Status:
      - DYNAMIC
      CF-Ray:
      - 8b6c4656f9532c4f-FRA
      Connection:
      - keep-alive
      Content-Encoding:
      - gzip
      Content-Type:
      - application/json; charset=utf-8
      Server:
      - cloudflare
      Transfer-Encoding:
      - chunked
      Vary:
      - Accept-Encoding
      x-notion-request-id:
      - f1247fce-2312-4582-9362-76bbdeaa93ce
      x-powered-by:
      - Express
    http_version: HTTP/1.1
    status_code: 200
- request:
    body: ''
    headers:
      accept:
      - '*/*'
      accept-encoding:
      - gzip, deflate
      authorization:
      - secret...
      connection:
      - keep-alive
      cookie:
      - secret...
      host:
      - api.notion.com
      notion-version:
      - '2022-06-28'
      user-agent:
      - secret...
    method: GET
    uri: https://api.notion.com/v1/blocks/768187e4-2dd6-4212-8e70-570800aa7b43/children?page_size=100
  response:
    content: '{"object":"list","results":[],"next_cursor":null,"has_more":false,"type":"block","block":{},"request_id":"02aa086e-0fce-4f8b-909d-5104a2cec282"}'
    headers:
      CF-Cache-Status:
      - DYNAMIC
      CF-Ray:
      - 8b6c465a6d542c4f-FRA
      Connection:
      - keep-alive
      Content-Encoding:
      - gzip
      Content-Type:
      - application/json; charset=utf-8
      Server:
      - cloudflare
      Transfer-Encoding:
      - chunked
      Vary:
      - Accept-Encoding
      x-notion-request-id:
      - 02aa086e-0fce-4f8b-909d-5104a2cec282
      x-powered-by:
      - Express
    http_version: HTTP/1.1
    status_code: 200
- request:
    body: '{"children": [{"type": "link_to_page", "object": "block", "has_children":
      false, "in_trash": false, "archived": false, "link_to_page": {"type": "page_id",
      "page_id": "96ffbbf8-0207-451b-a214-f021df4b80b3"}}]}'
    headers:
      accept:
      - '*/*'
      accept-encoding:
      - gzip, deflate
      authorization:
      - secret...
      connection:
      - keep-alive
      content-length:
      - '208'
      content-type:
      - application/json
      cookie:
      - secret...
      host:
      - api.notion.com
      notion-version:
      - '2022-06-28'
      user-agent:
      - secret...
    method: PATCH
    uri: https://api.notion.com/v1/blocks/768187e4-2dd6-4212-8e70-570800aa7b43/children
  response:
    content: '{"object":"list","results":[{"object":"block","id":"cb80c0c7-dd63-4368-808a-ea16bf034ae7","parent":{"type":"page_id","page_id":"768187e4-2dd6-4212-8e70-570800aa7b43"},"created_time":"2024-08-21T17:17:00.000Z","last_edited_time":"2024-08-21T17:17:00.000Z","created_by":{"object":"user","id":"645e79dd-3e43-40de-9d51-39357c1c427f"},"last_edited_by":{"object":"user","id":"645e79dd-3e43-40de-9d51-39357c1c427f"},"has_children":false,"archived":false,"in_trash":false,"type":"link_to_page","link_to_page":{"type":"page_id","page_id":"96ffbbf8-0207-451b-a214-f021df4b80b3"}}],"next_cursor":null,"has_more":false,"type":"block","block":{},"request_id":"a1cf3e9e-8cc6-4f35-bebc-aa4317c9652c"}'
    headers:
      CF-Cache-Status:
      - DYNAMIC
      CF-Ray:
      - 8b6c465bff012c4f-FRA
      Connection:
      - keep-alive
      Content-Encoding:
      - gzip
      Content-Type:
      - application/json; charset=utf-8
      Server:
      - cloudflare
      Transfer-Encoding:
      - chunked
      Vary:
      - Accept-Encoding
      x-notion-request-id:
      - a1cf3e9e-8cc6-4f35-bebc-aa4317c9652c
      x-powered-by:
      - Express
    http_version: HTTP/1.1
    status_code: 200
version: 1
