interactions:
- request:
    body: '{"parent": {"type": "page_id", "page_id": "5f505199-b292-4713-920b-61d813bf72a3"},
      "properties": {"title": {"type": "title", "title": [{"type": "text", "plain_text":
      "Page for deleting blocks", "annotations": {"bold": false, "italic": false,
      "strikethrough": false, "underline": false, "code": false, "color": "default"},
      "text": {"content": "Page for deleting blocks"}}]}}}'
    headers:
      accept:
      - '*/*'
      accept-encoding:
      - gzip, deflate
      authorization:
      - secret...
      connection:
      - keep-alive
      content-length:
      - '374'
      content-type:
      - application/json
      cookie:
      - secret...
      host:
      - api.notion.com
      notion-version:
      - '2022-06-28'
      user-agent:
      - secret...
    method: POST
    uri: https://api.notion.com/v1/pages
  response:
    content: '{"object":"page","id":"89be3603-cc71-4845-bba7-630a4e1f160d","created_time":"2024-08-02T20:44:00.000Z","last_edited_time":"2024-08-02T20:44:00.000Z","created_by":{"object":"user","id":"645e79dd-3e43-40de-9d51-39357c1c427f"},"last_edited_by":{"object":"user","id":"645e79dd-3e43-40de-9d51-39357c1c427f"},"cover":null,"icon":null,"parent":{"type":"page_id","page_id":"5f505199-b292-4713-920b-61d813bf72a3"},"archived":false,"in_trash":false,"properties":{"title":{"id":"title","type":"title","title":[{"type":"text","text":{"content":"Page
      for deleting blocks","link":null},"annotations":{"bold":false,"italic":false,"strikethrough":false,"underline":false,"code":false,"color":"default"},"plain_text":"Page
      for deleting blocks","href":null}]}},"url":"https://www.notion.so/Page-for-deleting-blocks-89be3603cc714845bba7630a4e1f160d","public_url":null,"request_id":"1e85263a-e53d-4f5c-bcd9-c8d14a96b8a3"}'
    headers:
      CF-Cache-Status:
      - DYNAMIC
      CF-Ray:
      - 8ad0e77e08b7692e-FRA
      Connection:
      - keep-alive
      Content-Encoding:
      - gzip
      Content-Type:
      - application/json; charset=utf-8
      Server:
      - cloudflare
      Transfer-Encoding:
      - chunked
      Vary:
      - Accept-Encoding
      x-notion-request-id:
      - 1e85263a-e53d-4f5c-bcd9-c8d14a96b8a3
      x-powered-by:
      - Express
    http_version: HTTP/1.1
    status_code: 200
- request:
    body: ''
    headers:
      accept:
      - '*/*'
      accept-encoding:
      - gzip, deflate
      authorization:
      - secret...
      connection:
      - keep-alive
      cookie:
      - secret...
      host:
      - api.notion.com
      notion-version:
      - '2022-06-28'
      user-agent:
      - secret...
    method: GET
    uri: https://api.notion.com/v1/blocks/89be3603-cc71-4845-bba7-630a4e1f160d/children?page_size=100
  response:
    content: '{"object":"list","results":[],"next_cursor":null,"has_more":false,"type":"block","block":{},"request_id":"a4fdbddd-54a2-4686-b4ff-58a0f2dae677"}'
    headers:
      CF-Cache-Status:
      - DYNAMIC
      CF-Ray:
      - 8ad0e780dbab692e-FRA
      Connection:
      - keep-alive
      Content-Encoding:
      - gzip
      Content-Type:
      - application/json; charset=utf-8
      Server:
      - cloudflare
      Transfer-Encoding:
      - chunked
      Vary:
      - Accept-Encoding
      x-notion-request-id:
      - a4fdbddd-54a2-4686-b4ff-58a0f2dae677
      x-powered-by:
      - Express
    http_version: HTTP/1.1
    status_code: 200
- request:
    body: '{"children": [{"type": "heading_1", "object": "block", "has_children":
      false, "in_trash": false, "archived": false, "heading_1": {"rich_text": [{"type":
      "text", "plain_text": "My new page", "annotations": {"bold": false, "italic":
      false, "strikethrough": false, "underline": false, "code": false, "color": "default"},
      "text": {"content": "My new page"}}], "color": "default", "is_toggleable": false}},
      {"type": "paragraph", "object": "block", "has_children": false, "in_trash":
      false, "archived": false, "paragraph": {"rich_text": [{"type": "text", "plain_text":
      "This is a paragraph", "annotations": {"bold": false, "italic": false, "strikethrough":
      false, "underline": false, "code": false, "color": "default"}, "text": {"content":
      "This is a paragraph"}}], "color": "default"}}]}'
    headers:
      accept:
      - '*/*'
      accept-encoding:
      - gzip, deflate
      authorization:
      - secret...
      connection:
      - keep-alive
      content-length:
      - '782'
      content-type:
      - application/json
      cookie:
      - secret...
      host:
      - api.notion.com
      notion-version:
      - '2022-06-28'
      user-agent:
      - secret...
    method: PATCH
    uri: https://api.notion.com/v1/blocks/89be3603-cc71-4845-bba7-630a4e1f160d/children
  response:
    content: '{"object":"list","results":[{"object":"block","id":"db51d018-e701-4bb1-8ba8-d43aa6a89256","parent":{"type":"page_id","page_id":"89be3603-cc71-4845-bba7-630a4e1f160d"},"created_time":"2024-08-02T20:44:00.000Z","last_edited_time":"2024-08-02T20:44:00.000Z","created_by":{"object":"user","id":"645e79dd-3e43-40de-9d51-39357c1c427f"},"last_edited_by":{"object":"user","id":"645e79dd-3e43-40de-9d51-39357c1c427f"},"has_children":false,"archived":false,"in_trash":false,"type":"heading_1","heading_1":{"rich_text":[{"type":"text","text":{"content":"My
      new page","link":null},"annotations":{"bold":false,"italic":false,"strikethrough":false,"underline":false,"code":false,"color":"default"},"plain_text":"My
      new page","href":null}],"is_toggleable":false,"color":"default"}},{"object":"block","id":"d587e5a2-03ed-42f9-a5ce-1ab0c0473a2f","parent":{"type":"page_id","page_id":"89be3603-cc71-4845-bba7-630a4e1f160d"},"created_time":"2024-08-02T20:44:00.000Z","last_edited_time":"2024-08-02T20:44:00.000Z","created_by":{"object":"user","id":"645e79dd-3e43-40de-9d51-39357c1c427f"},"last_edited_by":{"object":"user","id":"645e79dd-3e43-40de-9d51-39357c1c427f"},"has_children":false,"archived":false,"in_trash":false,"type":"paragraph","paragraph":{"rich_text":[{"type":"text","text":{"content":"This
      is a paragraph","link":null},"annotations":{"bold":false,"italic":false,"strikethrough":false,"underline":false,"code":false,"color":"default"},"plain_text":"This
      is a paragraph","href":null}],"color":"default"}}],"next_cursor":null,"has_more":false,"type":"block","block":{},"request_id":"94c2e5e4-6566-4727-9097-2f6e633d8eb7"}'
    headers:
      CF-Cache-Status:
      - DYNAMIC
      CF-Ray:
      - 8ad0e782bd81692e-FRA
      Connection:
      - keep-alive
      Content-Encoding:
      - gzip
      Content-Type:
      - application/json; charset=utf-8
      Server:
      - cloudflare
      Transfer-Encoding:
      - chunked
      Vary:
      - Accept-Encoding
      x-notion-request-id:
      - 94c2e5e4-6566-4727-9097-2f6e633d8eb7
      x-powered-by:
      - Express
    http_version: HTTP/1.1
    status_code: 200
- request:
    body: ''
    headers:
      accept:
      - '*/*'
      accept-encoding:
      - gzip, deflate
      authorization:
      - secret...
      connection:
      - keep-alive
      cookie:
      - secret...
      host:
      - api.notion.com
      notion-version:
      - '2022-06-28'
      user-agent:
      - secret...
    method: DELETE
    uri: https://api.notion.com/v1/blocks/d587e5a2-03ed-42f9-a5ce-1ab0c0473a2f
  response:
    content: '{"object":"block","id":"d587e5a2-03ed-42f9-a5ce-1ab0c0473a2f","parent":{"type":"page_id","page_id":"89be3603-cc71-4845-bba7-630a4e1f160d"},"created_time":"2024-08-02T20:44:00.000Z","last_edited_time":"2024-08-02T20:44:00.000Z","created_by":{"object":"user","id":"645e79dd-3e43-40de-9d51-39357c1c427f"},"last_edited_by":{"object":"user","id":"645e79dd-3e43-40de-9d51-39357c1c427f"},"has_children":false,"archived":true,"in_trash":true,"type":"paragraph","paragraph":{"rich_text":[{"type":"text","text":{"content":"This
      is a paragraph","link":null},"annotations":{"bold":false,"italic":false,"strikethrough":false,"underline":false,"code":false,"color":"default"},"plain_text":"This
      is a paragraph","href":null}],"color":"default"},"request_id":"415c1fc9-3b3a-4ae2-8e38-a88a40b7ea13"}'
    headers:
      CF-Cache-Status:
      - DYNAMIC
      CF-Ray:
      - 8ad0e7873a47692e-FRA
      Connection:
      - keep-alive
      Content-Encoding:
      - gzip
      Content-Type:
      - application/json; charset=utf-8
      Server:
      - cloudflare
      Transfer-Encoding:
      - chunked
      Vary:
      - Accept-Encoding
      x-notion-request-id:
      - 415c1fc9-3b3a-4ae2-8e38-a88a40b7ea13
      x-powered-by:
      - Express
    http_version: HTTP/1.1
    status_code: 200
- request:
    body: ''
    headers:
      accept:
      - '*/*'
      accept-encoding:
      - gzip, deflate
      authorization:
      - secret...
      connection:
      - keep-alive
      cookie:
      - secret...
      host:
      - api.notion.com
      notion-version:
      - '2022-06-28'
      user-agent:
      - secret...
    method: DELETE
    uri: https://api.notion.com/v1/blocks/db51d018-e701-4bb1-8ba8-d43aa6a89256
  response:
    content: '{"object":"block","id":"db51d018-e701-4bb1-8ba8-d43aa6a89256","parent":{"type":"page_id","page_id":"89be3603-cc71-4845-bba7-630a4e1f160d"},"created_time":"2024-08-02T20:44:00.000Z","last_edited_time":"2024-08-02T20:44:00.000Z","created_by":{"object":"user","id":"645e79dd-3e43-40de-9d51-39357c1c427f"},"last_edited_by":{"object":"user","id":"645e79dd-3e43-40de-9d51-39357c1c427f"},"has_children":false,"archived":true,"in_trash":true,"type":"heading_1","heading_1":{"rich_text":[{"type":"text","text":{"content":"My
      new page","link":null},"annotations":{"bold":false,"italic":false,"strikethrough":false,"underline":false,"code":false,"color":"default"},"plain_text":"My
      new page","href":null}],"is_toggleable":false,"color":"default"},"request_id":"65af68d8-cbb5-451f-98c3-1d8593eb88a1"}'
    headers:
      CF-Cache-Status:
      - DYNAMIC
      CF-Ray:
      - 8ad0e78e29e2692e-FRA
      Connection:
      - keep-alive
      Content-Encoding:
      - gzip
      Content-Type:
      - application/json; charset=utf-8
      Server:
      - cloudflare
      Transfer-Encoding:
      - chunked
      Vary:
      - Accept-Encoding
      x-notion-request-id:
      - 65af68d8-cbb5-451f-98c3-1d8593eb88a1
      x-powered-by:
      - Express
    http_version: HTTP/1.1
    status_code: 200
- request:
    body: ''
    headers:
      accept:
      - '*/*'
      accept-encoding:
      - gzip, deflate
      authorization:
      - secret...
      connection:
      - keep-alive
      cookie:
      - secret...
      host:
      - api.notion.com
      notion-version:
      - '2022-06-28'
      user-agent:
      - secret...
    method: GET
    uri: https://api.notion.com/v1/pages/89be3603-cc71-4845-bba7-630a4e1f160d
  response:
    content: '{"object":"page","id":"89be3603-cc71-4845-bba7-630a4e1f160d","created_time":"2024-08-02T20:44:00.000Z","last_edited_time":"2024-08-02T20:44:00.000Z","created_by":{"object":"user","id":"645e79dd-3e43-40de-9d51-39357c1c427f"},"last_edited_by":{"object":"user","id":"645e79dd-3e43-40de-9d51-39357c1c427f"},"cover":null,"icon":null,"parent":{"type":"page_id","page_id":"5f505199-b292-4713-920b-61d813bf72a3"},"archived":false,"in_trash":false,"properties":{"title":{"id":"title","type":"title","title":[{"type":"text","text":{"content":"Page
      for deleting blocks","link":null},"annotations":{"bold":false,"italic":false,"strikethrough":false,"underline":false,"code":false,"color":"default"},"plain_text":"Page
      for deleting blocks","href":null}]}},"url":"https://www.notion.so/Page-for-deleting-blocks-89be3603cc714845bba7630a4e1f160d","public_url":null,"request_id":"4c58b893-3dd1-4852-a653-4cb8d77d93dc"}'
    headers:
      CF-Cache-Status:
      - DYNAMIC
      CF-Ray:
      - 8ad0e7918d57692e-FRA
      Connection:
      - keep-alive
      Content-Encoding:
      - gzip
      Content-Type:
      - application/json; charset=utf-8
      Server:
      - cloudflare
      Transfer-Encoding:
      - chunked
      Vary:
      - Accept-Encoding
      x-notion-request-id:
      - 4c58b893-3dd1-4852-a653-4cb8d77d93dc
      x-powered-by:
      - Express
    http_version: HTTP/1.1
    status_code: 200
- request:
    body: ''
    headers:
      accept:
      - '*/*'
      accept-encoding:
      - gzip, deflate
      authorization:
      - secret...
      connection:
      - keep-alive
      cookie:
      - secret...
      host:
      - api.notion.com
      notion-version:
      - '2022-06-28'
      user-agent:
      - secret...
    method: GET
    uri: https://api.notion.com/v1/blocks/89be3603-cc71-4845-bba7-630a4e1f160d/children?page_size=100
  response:
    content: '{"object":"list","results":[],"next_cursor":null,"has_more":false,"type":"block","block":{},"request_id":"56655a2b-6c36-46e6-81b9-33f47f6471b7"}'
    headers:
      CF-Cache-Status:
      - DYNAMIC
      CF-Ray:
      - 8ad0e7959a8e692e-FRA
      Connection:
      - keep-alive
      Content-Encoding:
      - gzip
      Content-Type:
      - application/json; charset=utf-8
      Server:
      - cloudflare
      Transfer-Encoding:
      - chunked
      Vary:
      - Accept-Encoding
      x-notion-request-id:
      - 56655a2b-6c36-46e6-81b9-33f47f6471b7
      x-powered-by:
      - Express
    http_version: HTTP/1.1
    status_code: 200
version: 1
