interactions:
- request:
    body: '{"parent": {"type": "page_id", "page_id": "5f505199-b292-4713-920b-61d813bf72a3"},
      "properties": {"title": {"type": "title", "title": [{"type": "text", "plain_text":
      "Page for creating file blocks", "annotations": {"bold": false, "italic": false,
      "strikethrough": false, "underline": false, "code": false, "color": "default"},
      "text": {"content": "Page for creating file blocks"}}]}}}'
    headers:
      accept:
      - '*/*'
      accept-encoding:
      - gzip, deflate
      authorization:
      - secret...
      connection:
      - keep-alive
      content-length:
      - '384'
      content-type:
      - application/json
      cookie:
      - secret...
      host:
      - api.notion.com
      notion-version:
      - '2022-06-28'
      user-agent:
      - secret...
    method: POST
    uri: https://api.notion.com/v1/pages
  response:
    content: '{"object":"page","id":"10f974f3-b388-815e-b136-ec0b0e2f343b","created_time":"2024-09-28T13:39:00.000Z","last_edited_time":"2024-09-28T13:39:00.000Z","created_by":{"object":"user","id":"645e79dd-3e43-40de-9d51-39357c1c427f"},"last_edited_by":{"object":"user","id":"645e79dd-3e43-40de-9d51-39357c1c427f"},"cover":null,"icon":null,"parent":{"type":"page_id","page_id":"5f505199-b292-4713-920b-61d813bf72a3"},"archived":false,"in_trash":false,"properties":{"title":{"id":"title","type":"title","title":[{"type":"text","text":{"content":"Page
      for creating file blocks","link":null},"annotations":{"bold":false,"italic":false,"strikethrough":false,"underline":false,"code":false,"color":"default"},"plain_text":"Page
      for creating file blocks","href":null}]}},"url":"https://www.notion.so/Page-for-creating-file-blocks-10f974f3b388815eb136ec0b0e2f343b","public_url":null,"request_id":"9daaa207-7ba7-444d-9228-44d4ee9fbffc"}'
    headers:
      CF-Cache-Status:
      - DYNAMIC
      CF-Ray:
      - 8ca424485aae3612-FRA
      Connection:
      - keep-alive
      Content-Encoding:
      - gzip
      Content-Type:
      - application/json; charset=utf-8
      Server:
      - cloudflare
      Strict-Transport-Security:
      - max-age=31536000; includeSubDomains; preload
      Transfer-Encoding:
      - chunked
      Vary:
      - Accept-Encoding
      content-security-policy:
      - default-src 'none'
      referrer-policy:
      - strict-origin-when-cross-origin
      x-content-type-options:
      - nosniff
      x-dns-prefetch-control:
      - 'off'
      x-download-options:
      - noopen
      x-frame-options:
      - SAMEORIGIN
      x-notion-request-id:
      - 9daaa207-7ba7-444d-9228-44d4ee9fbffc
      x-permitted-cross-domain-policies:
      - none
      x-xss-protection:
      - '0'
    http_version: HTTP/1.1
    status_code: 200
- request:
    body: ''
    headers:
      accept:
      - '*/*'
      accept-encoding:
      - gzip, deflate
      authorization:
      - secret...
      connection:
      - keep-alive
      cookie:
      - secret...
      host:
      - api.notion.com
      notion-version:
      - '2022-06-28'
      user-agent:
      - secret...
    method: GET
    uri: https://api.notion.com/v1/blocks/10f974f3-b388-815e-b136-ec0b0e2f343b/children?page_size=100
  response:
    content: '{"object":"list","results":[],"next_cursor":null,"has_more":false,"type":"block","block":{},"request_id":"56256a03-b1a7-4940-a285-bcf29e9d07e5"}'
    headers:
      CF-Cache-Status:
      - DYNAMIC
      CF-Ray:
      - 8ca4244afc9d3612-FRA
      Connection:
      - keep-alive
      Content-Encoding:
      - gzip
      Content-Type:
      - application/json; charset=utf-8
      Server:
      - cloudflare
      Strict-Transport-Security:
      - max-age=31536000; includeSubDomains; preload
      Transfer-Encoding:
      - chunked
      Vary:
      - Accept-Encoding
      content-security-policy:
      - default-src 'none'
      referrer-policy:
      - strict-origin-when-cross-origin
      x-content-type-options:
      - nosniff
      x-dns-prefetch-control:
      - 'off'
      x-download-options:
      - noopen
      x-frame-options:
      - SAMEORIGIN
      x-notion-request-id:
      - 56256a03-b1a7-4940-a285-bcf29e9d07e5
      x-permitted-cross-domain-policies:
      - none
      x-xss-protection:
      - '0'
    http_version: HTTP/1.1
    status_code: 200
- request:
    body: '{"children": [{"type": "file", "object": "block", "has_children": false,
      "in_trash": false, "archived": false, "file": {"type": "external", "name": "robots.txt",
      "external": {"url": "https://www.google.de/robots.txt"}}}, {"type": "file",
      "object": "block", "has_children": false, "in_trash": false, "archived": false,
      "file": {"type": "external", "name": "robots.txt", "caption": [{"type": "text",
      "plain_text": "Google Robots", "annotations": {"bold": false, "italic": false,
      "strikethrough": false, "underline": false, "code": false, "color": "default"},
      "text": {"content": "Google Robots"}}], "external": {"url": "https://www.google.de/robots.txt"}}},
      {"type": "image", "object": "block", "has_children": false, "in_trash": false,
      "archived": false, "image": {"type": "external", "external": {"url": "https://cdn.pixabay.com/photo/2019/08/06/09/16/flowers-4387827_1280.jpg"}}},
      {"type": "image", "object": "block", "has_children": false, "in_trash": false,
      "archived": false, "image": {"type": "external", "caption": [{"type": "text",
      "plain_text": "Path on meadow", "annotations": {"bold": false, "italic": false,
      "strikethrough": false, "underline": false, "code": false, "color": "default"},
      "text": {"content": "Path on meadow"}}], "external": {"url": "https://cdn.pixabay.com/photo/2019/08/06/09/16/flowers-4387827_1280.jpg"}}},
      {"type": "video", "object": "block", "has_children": false, "in_trash": false,
      "archived": false, "video": {"type": "external", "external": {"url": "https://www.youtube.com/watch?v=dQw4w9WgXcQ"}}},
      {"type": "video", "object": "block", "has_children": false, "in_trash": false,
      "archived": false, "video": {"type": "external", "caption": [{"type": "text",
      "plain_text": "Rick Roll", "annotations": {"bold": false, "italic": false, "strikethrough":
      false, "underline": false, "code": false, "color": "default"}, "text": {"content":
      "Rick Roll"}}], "external": {"url": "https://www.youtube.com/watch?v=dQw4w9WgXcQ"}}},
      {"type": "pdf", "object": "block", "has_children": false, "in_trash": false,
      "archived": false, "pdf": {"type": "external", "external": {"url": "https://www.iktz-hd.de/fileadmin/user_upload/dummy.pdf"}}},
      {"type": "pdf", "object": "block", "has_children": false, "in_trash": false,
      "archived": false, "pdf": {"type": "external", "caption": [{"type": "text",
      "plain_text": "Dummy PDF", "annotations": {"bold": false, "italic": false, "strikethrough":
      false, "underline": false, "code": false, "color": "default"}, "text": {"content":
      "Dummy PDF"}}], "external": {"url": "https://www.iktz-hd.de/fileadmin/user_upload/dummy.pdf"}}}]}'
    headers:
      accept:
      - '*/*'
      accept-encoding:
      - gzip, deflate
      authorization:
      - secret...
      connection:
      - keep-alive
      content-length:
      - '2584'
      content-type:
      - application/json
      cookie:
      - secret...
      host:
      - api.notion.com
      notion-version:
      - '2022-06-28'
      user-agent:
      - secret...
    method: PATCH
    uri: https://api.notion.com/v1/blocks/10f974f3-b388-815e-b136-ec0b0e2f343b/children
  response:
    content: '{"object":"list","results":[{"object":"block","id":"10f974f3-b388-81da-96ec-c850a71e2e48","parent":{"type":"page_id","page_id":"10f974f3-b388-815e-b136-ec0b0e2f343b"},"created_time":"2024-09-28T13:39:00.000Z","last_edited_time":"2024-09-28T13:39:00.000Z","created_by":{"object":"user","id":"645e79dd-3e43-40de-9d51-39357c1c427f"},"last_edited_by":{"object":"user","id":"645e79dd-3e43-40de-9d51-39357c1c427f"},"has_children":false,"archived":false,"in_trash":false,"type":"file","file":{"caption":[],"type":"external","external":{"url":"https://www.google.de/robots.txt"},"name":"robots.txt"}},{"object":"block","id":"10f974f3-b388-81a1-aff8-f077db859f55","parent":{"type":"page_id","page_id":"10f974f3-b388-815e-b136-ec0b0e2f343b"},"created_time":"2024-09-28T13:39:00.000Z","last_edited_time":"2024-09-28T13:39:00.000Z","created_by":{"object":"user","id":"645e79dd-3e43-40de-9d51-39357c1c427f"},"last_edited_by":{"object":"user","id":"645e79dd-3e43-40de-9d51-39357c1c427f"},"has_children":false,"archived":false,"in_trash":false,"type":"file","file":{"caption":[{"type":"text","text":{"content":"Google
      Robots","link":null},"annotations":{"bold":false,"italic":false,"strikethrough":false,"underline":false,"code":false,"color":"default"},"plain_text":"Google
      Robots","href":null}],"type":"external","external":{"url":"https://www.google.de/robots.txt"},"name":"robots.txt"}},{"object":"block","id":"10f974f3-b388-811a-bb45-ef33a79df556","parent":{"type":"page_id","page_id":"10f974f3-b388-815e-b136-ec0b0e2f343b"},"created_time":"2024-09-28T13:39:00.000Z","last_edited_time":"2024-09-28T13:39:00.000Z","created_by":{"object":"user","id":"645e79dd-3e43-40de-9d51-39357c1c427f"},"last_edited_by":{"object":"user","id":"645e79dd-3e43-40de-9d51-39357c1c427f"},"has_children":false,"archived":false,"in_trash":false,"type":"image","image":{"caption":[],"type":"external","external":{"url":"https://cdn.pixabay.com/photo/2019/08/06/09/16/flowers-4387827_1280.jpg"}}},{"object":"block","id":"10f974f3-b388-81fb-8ed1-e5ef967e9088","parent":{"type":"page_id","page_id":"10f974f3-b388-815e-b136-ec0b0e2f343b"},"created_time":"2024-09-28T13:39:00.000Z","last_edited_time":"2024-09-28T13:39:00.000Z","created_by":{"object":"user","id":"645e79dd-3e43-40de-9d51-39357c1c427f"},"last_edited_by":{"object":"user","id":"645e79dd-3e43-40de-9d51-39357c1c427f"},"has_children":false,"archived":false,"in_trash":false,"type":"image","image":{"caption":[{"type":"text","text":{"content":"Path
      on meadow","link":null},"annotations":{"bold":false,"italic":false,"strikethrough":false,"underline":false,"code":false,"color":"default"},"plain_text":"Path
      on meadow","href":null}],"type":"external","external":{"url":"https://cdn.pixabay.com/photo/2019/08/06/09/16/flowers-4387827_1280.jpg"}}},{"object":"block","id":"10f974f3-b388-813a-a497-d99c4740f530","parent":{"type":"page_id","page_id":"10f974f3-b388-815e-b136-ec0b0e2f343b"},"created_time":"2024-09-28T13:39:00.000Z","last_edited_time":"2024-09-28T13:39:00.000Z","created_by":{"object":"user","id":"645e79dd-3e43-40de-9d51-39357c1c427f"},"last_edited_by":{"object":"user","id":"645e79dd-3e43-40de-9d51-39357c1c427f"},"has_children":false,"archived":false,"in_trash":false,"type":"video","video":{"caption":[],"type":"external","external":{"url":"https://www.youtube.com/watch?v=dQw4w9WgXcQ"}}},{"object":"block","id":"10f974f3-b388-81f1-b0c5-c827d6883639","parent":{"type":"page_id","page_id":"10f974f3-b388-815e-b136-ec0b0e2f343b"},"created_time":"2024-09-28T13:39:00.000Z","last_edited_time":"2024-09-28T13:39:00.000Z","created_by":{"object":"user","id":"645e79dd-3e43-40de-9d51-39357c1c427f"},"last_edited_by":{"object":"user","id":"645e79dd-3e43-40de-9d51-39357c1c427f"},"has_children":false,"archived":false,"in_trash":false,"type":"video","video":{"caption":[{"type":"text","text":{"content":"Rick
      Roll","link":null},"annotations":{"bold":false,"italic":false,"strikethrough":false,"underline":false,"code":false,"color":"default"},"plain_text":"Rick
      Roll","href":null}],"type":"external","external":{"url":"https://www.youtube.com/watch?v=dQw4w9WgXcQ"}}},{"object":"block","id":"10f974f3-b388-81b3-8d3a-ef00132a759f","parent":{"type":"page_id","page_id":"10f974f3-b388-815e-b136-ec0b0e2f343b"},"created_time":"2024-09-28T13:39:00.000Z","last_edited_time":"2024-09-28T13:39:00.000Z","created_by":{"object":"user","id":"645e79dd-3e43-40de-9d51-39357c1c427f"},"last_edited_by":{"object":"user","id":"645e79dd-3e43-40de-9d51-39357c1c427f"},"has_children":false,"archived":false,"in_trash":false,"type":"pdf","pdf":{"caption":[],"type":"external","external":{"url":"https://www.iktz-hd.de/fileadmin/user_upload/dummy.pdf"}}},{"object":"block","id":"10f974f3-b388-811e-8338-f0ba8cbf7bb5","parent":{"type":"page_id","page_id":"10f974f3-b388-815e-b136-ec0b0e2f343b"},"created_time":"2024-09-28T13:39:00.000Z","last_edited_time":"2024-09-28T13:39:00.000Z","created_by":{"object":"user","id":"645e79dd-3e43-40de-9d51-39357c1c427f"},"last_edited_by":{"object":"user","id":"645e79dd-3e43-40de-9d51-39357c1c427f"},"has_children":false,"archived":false,"in_trash":false,"type":"pdf","pdf":{"caption":[{"type":"text","text":{"content":"Dummy
      PDF","link":null},"annotations":{"bold":false,"italic":false,"strikethrough":false,"underline":false,"code":false,"color":"default"},"plain_text":"Dummy
      PDF","href":null}],"type":"external","external":{"url":"https://www.iktz-hd.de/fileadmin/user_upload/dummy.pdf"}}}],"next_cursor":null,"has_more":false,"type":"block","block":{},"request_id":"7e805338-1313-49aa-a424-601ad158425e"}'
    headers:
      CF-Cache-Status:
      - DYNAMIC
      CF-Ray:
      - 8ca4244cbde23612-FRA
      Connection:
      - keep-alive
      Content-Encoding:
      - gzip
      Content-Type:
      - application/json; charset=utf-8
      Server:
      - cloudflare
      Strict-Transport-Security:
      - max-age=31536000; includeSubDomains; preload
      Transfer-Encoding:
      - chunked
      Vary:
      - Accept-Encoding
      content-security-policy:
      - default-src 'none'
      referrer-policy:
      - strict-origin-when-cross-origin
      x-content-type-options:
      - nosniff
      x-dns-prefetch-control:
      - 'off'
      x-download-options:
      - noopen
      x-frame-options:
      - SAMEORIGIN
      x-notion-request-id:
      - 7e805338-1313-49aa-a424-601ad158425e
      x-permitted-cross-domain-policies:
      - none
      x-xss-protection:
      - '0'
    http_version: HTTP/1.1
    status_code: 200
version: 1
