interactions:
- request:
    body: '{"parent": {"type": "page_id", "page_id": "5f505199-b292-4713-920b-61d813bf72a3"},
      "properties": {"title": {"type": "title", "title": [{"type": "text", "plain_text":
      "Page for modifying table blocks", "annotations": {"bold": false, "italic":
      false, "strikethrough": false, "underline": false, "code": false}, "text": {"content":
      "Page for modifying table blocks"}}]}}}'
    headers:
      accept:
      - '*/*'
      accept-encoding:
      - gzip, deflate
      authorization:
      - secret...
      connection:
      - keep-alive
      content-length:
      - '341'
      content-type:
      - application/json
      cookie:
      - secret...
      host:
      - api.notion.com
      notion-version:
      - '2022-06-28'
      user-agent:
      - secret...
    method: POST
    uri: https://api.notion.com/v1/pages
  response:
    content: '{"object":"page","id":"29c974f3-b388-81fd-9553-cef655681897","created_time":"2025-10-30T15:35:00.000Z","last_edited_time":"2025-10-30T15:35:00.000Z","created_by":{"object":"user","id":"645e79dd-3e43-40de-9d51-39357c1c427f"},"last_edited_by":{"object":"user","id":"645e79dd-3e43-40de-9d51-39357c1c427f"},"cover":null,"icon":null,"parent":{"type":"page_id","page_id":"5f505199-b292-4713-920b-61d813bf72a3"},"archived":false,"in_trash":false,"is_locked":false,"properties":{"title":{"id":"title","type":"title","title":[{"type":"text","text":{"content":"Page
      for modifying table blocks","link":null},"annotations":{"bold":false,"italic":false,"strikethrough":false,"underline":false,"code":false,"color":"default"},"plain_text":"Page
      for modifying table blocks","href":null}]}},"url":"https://www.notion.so/Page-for-modifying-table-blocks-29c974f3b38881fd9553cef655681897","public_url":null,"request_id":"9e130768-40af-4f6a-a4a5-b7cc00803d0b"}'
    headers:
      CF-Cache-Status:
      - DYNAMIC
      CF-Ray:
      - 996bfb02fbe09766-FRA
      Connection:
      - keep-alive
      Content-Encoding:
      - gzip
      Content-Type:
      - application/json; charset=utf-8
      Server:
      - cloudflare
      Strict-Transport-Security:
      - max-age=31536000; includeSubDomains; preload
      Transfer-Encoding:
      - chunked
      Vary:
      - Accept-Encoding
      alt-svc:
      - h3=":443"; ma=86400
      content-security-policy:
      - default-src 'none'
      referrer-policy:
      - strict-origin-when-cross-origin
      x-content-type-options:
      - nosniff
      x-dns-prefetch-control:
      - 'off'
      x-download-options:
      - noopen
      x-frame-options:
      - SAMEORIGIN
      x-notion-request-id:
      - 9e130768-40af-4f6a-a4a5-b7cc00803d0b
      x-permitted-cross-domain-policies:
      - none
      x-xss-protection:
      - '0'
    http_version: HTTP/1.1
    status_code: 200
- request:
    body: ''
    headers:
      accept:
      - '*/*'
      accept-encoding:
      - gzip, deflate
      authorization:
      - secret...
      connection:
      - keep-alive
      cookie:
      - secret...
      host:
      - api.notion.com
      notion-version:
      - '2022-06-28'
      user-agent:
      - secret...
    method: GET
    uri: https://api.notion.com/v1/pages/5f505199-b292-4713-920b-61d813bf72a3
  response:
    content: '{"object":"page","id":"5f505199-b292-4713-920b-61d813bf72a3","created_time":"2022-08-22T15:47:00.000Z","last_edited_time":"2025-10-30T15:35:00.000Z","created_by":{"object":"user","id":"b10cb6df-12ef-44d3-88ad-250168f66322"},"last_edited_by":{"object":"user","id":"645e79dd-3e43-40de-9d51-39357c1c427f"},"cover":null,"icon":null,"parent":{"type":"workspace","workspace":true},"archived":false,"in_trash":false,"is_locked":false,"properties":{"title":{"id":"title","type":"title","title":[{"type":"text","text":{"content":"Tests","link":null},"annotations":{"bold":false,"italic":false,"strikethrough":false,"underline":false,"code":false,"color":"default"},"plain_text":"Tests","href":null}]}},"url":"https://www.notion.so/Tests-5f505199b2924713920b61d813bf72a3","public_url":null,"request_id":"375e0033-01d6-46f2-85d1-5021d9f0cb00"}'
    headers:
      CF-Cache-Status:
      - DYNAMIC
      CF-Ray:
      - 996bfb052db99766-FRA
      Connection:
      - keep-alive
      Content-Encoding:
      - gzip
      Content-Type:
      - application/json; charset=utf-8
      Server:
      - cloudflare
      Strict-Transport-Security:
      - max-age=31536000; includeSubDomains; preload
      Transfer-Encoding:
      - chunked
      Vary:
      - Accept-Encoding
      alt-svc:
      - h3=":443"; ma=86400
      content-security-policy:
      - default-src 'none'
      referrer-policy:
      - strict-origin-when-cross-origin
      x-content-type-options:
      - nosniff
      x-dns-prefetch-control:
      - 'off'
      x-download-options:
      - noopen
      x-frame-options:
      - SAMEORIGIN
      x-notion-request-id:
      - 375e0033-01d6-46f2-85d1-5021d9f0cb00
      x-permitted-cross-domain-policies:
      - none
      x-xss-protection:
      - '0'
    http_version: HTTP/1.1
    status_code: 200
- request:
    body: ''
    headers:
      accept:
      - '*/*'
      accept-encoding:
      - gzip, deflate
      authorization:
      - secret...
      connection:
      - keep-alive
      cookie:
      - secret...
      host:
      - api.notion.com
      notion-version:
      - '2022-06-28'
      user-agent:
      - secret...
    method: GET
    uri: https://api.notion.com/v1/blocks/29c974f3-b388-81fd-9553-cef655681897/children?page_size=100
  response:
    content: '{"object":"list","results":[],"next_cursor":null,"has_more":false,"type":"block","block":{},"request_id":"aa2098b6-2a45-4090-a329-d6da84d6ee90"}'
    headers:
      CF-Cache-Status:
      - DYNAMIC
      CF-Ray:
      - 996bfb071f1b9766-FRA
      Connection:
      - keep-alive
      Content-Encoding:
      - gzip
      Content-Type:
      - application/json; charset=utf-8
      Server:
      - cloudflare
      Strict-Transport-Security:
      - max-age=31536000; includeSubDomains; preload
      Transfer-Encoding:
      - chunked
      Vary:
      - Accept-Encoding
      alt-svc:
      - h3=":443"; ma=86400
      content-security-policy:
      - default-src 'none'
      referrer-policy:
      - strict-origin-when-cross-origin
      x-content-type-options:
      - nosniff
      x-dns-prefetch-control:
      - 'off'
      x-download-options:
      - noopen
      x-frame-options:
      - SAMEORIGIN
      x-notion-request-id:
      - aa2098b6-2a45-4090-a329-d6da84d6ee90
      x-permitted-cross-domain-policies:
      - none
      x-xss-protection:
      - '0'
    http_version: HTTP/1.1
    status_code: 200
- request:
    body: '{"children":[{"object":"block","has_children":true,"in_trash":false,"archived":false,"type":"table","table":{"table_width":3,"has_column_header":true,"has_row_header":false,"children":[{"object":"block","has_children":false,"in_trash":false,"archived":false,"type":"table_row","table_row":{"cells":[[{"type":"text","plain_text":"Cell
      0, 0","annotations":{"bold":false,"italic":false,"strikethrough":false,"underline":false,"code":false},"text":{"content":"Cell
      0, 0"}}],[{"type":"text","plain_text":"Cell 0, 1","annotations":{"bold":false,"italic":false,"strikethrough":false,"underline":false,"code":false},"text":{"content":"Cell
      0, 1"}}],[{"type":"text","plain_text":"Cell 0, 2","annotations":{"bold":false,"italic":false,"strikethrough":false,"underline":false,"code":false},"text":{"content":"Cell
      0, 2"}}]]}},{"object":"block","has_children":false,"in_trash":false,"archived":false,"type":"table_row","table_row":{"cells":[[{"type":"text","plain_text":"Cell
      1, 0","annotations":{"bold":false,"italic":false,"strikethrough":false,"underline":false,"code":false},"text":{"content":"Cell
      1, 0"}}],[{"type":"text","plain_text":"Cell 1, 1","annotations":{"bold":false,"italic":false,"strikethrough":false,"underline":false,"code":false},"text":{"content":"Cell
      1, 1"}}],[{"type":"text","plain_text":"Cell 1, 2","annotations":{"bold":false,"italic":false,"strikethrough":false,"underline":false,"code":false},"text":{"content":"Cell
      1, 2"}}]]}}]}}]}'
    headers:
      accept:
      - '*/*'
      accept-encoding:
      - gzip, deflate
      authorization:
      - secret...
      connection:
      - keep-alive
      content-length:
      - '1449'
      content-type:
      - application/json
      cookie:
      - secret...
      host:
      - api.notion.com
      notion-version:
      - '2022-06-28'
      user-agent:
      - secret...
    method: PATCH
    uri: https://api.notion.com/v1/blocks/29c974f3-b388-81fd-9553-cef655681897/children
  response:
    content: '{"object":"list","results":[{"object":"block","id":"29c974f3-b388-81a6-92cf-d029e460be3d","parent":{"type":"page_id","page_id":"29c974f3-b388-81fd-9553-cef655681897"},"created_time":"2025-10-30T15:35:00.000Z","last_edited_time":"2025-10-30T15:35:00.000Z","created_by":{"object":"user","id":"645e79dd-3e43-40de-9d51-39357c1c427f"},"last_edited_by":{"object":"user","id":"645e79dd-3e43-40de-9d51-39357c1c427f"},"has_children":true,"archived":false,"in_trash":false,"type":"table","table":{"table_width":3,"has_column_header":true,"has_row_header":false}}],"next_cursor":null,"has_more":false,"type":"block","block":{},"request_id":"ba23c5ab-2450-4091-8c42-28aa2006c66a"}'
    headers:
      CF-Cache-Status:
      - DYNAMIC
      CF-Ray:
      - 996bfb0918619766-FRA
      Connection:
      - keep-alive
      Content-Encoding:
      - gzip
      Content-Type:
      - application/json; charset=utf-8
      Server:
      - cloudflare
      Strict-Transport-Security:
      - max-age=31536000; includeSubDomains; preload
      Transfer-Encoding:
      - chunked
      Vary:
      - Accept-Encoding
      alt-svc:
      - h3=":443"; ma=86400
      content-security-policy:
      - default-src 'none'
      referrer-policy:
      - strict-origin-when-cross-origin
      x-content-type-options:
      - nosniff
      x-dns-prefetch-control:
      - 'off'
      x-download-options:
      - noopen
      x-frame-options:
      - SAMEORIGIN
      x-notion-request-id:
      - ba23c5ab-2450-4091-8c42-28aa2006c66a
      x-permitted-cross-domain-policies:
      - none
      x-xss-protection:
      - '0'
    http_version: HTTP/1.1
    status_code: 200
- request:
    body: ''
    headers:
      accept:
      - '*/*'
      accept-encoding:
      - gzip, deflate
      authorization:
      - secret...
      connection:
      - keep-alive
      cookie:
      - secret...
      host:
      - api.notion.com
      notion-version:
      - '2022-06-28'
      user-agent:
      - secret...
    method: GET
    uri: https://api.notion.com/v1/blocks/29c974f3-b388-81a6-92cf-d029e460be3d/children?page_size=100
  response:
    content: '{"object":"list","results":[{"object":"block","id":"29c974f3-b388-81ce-9019-c765337957a2","parent":{"type":"block_id","block_id":"29c974f3-b388-81a6-92cf-d029e460be3d"},"created_time":"2025-10-30T15:35:00.000Z","last_edited_time":"2025-10-30T15:35:00.000Z","created_by":{"object":"user","id":"645e79dd-3e43-40de-9d51-39357c1c427f"},"last_edited_by":{"object":"user","id":"645e79dd-3e43-40de-9d51-39357c1c427f"},"has_children":false,"archived":false,"in_trash":false,"type":"table_row","table_row":{"cells":[[{"type":"text","text":{"content":"Cell
      0, 0","link":null},"annotations":{"bold":false,"italic":false,"strikethrough":false,"underline":false,"code":false,"color":"default"},"plain_text":"Cell
      0, 0","href":null}],[{"type":"text","text":{"content":"Cell 0, 1","link":null},"annotations":{"bold":false,"italic":false,"strikethrough":false,"underline":false,"code":false,"color":"default"},"plain_text":"Cell
      0, 1","href":null}],[{"type":"text","text":{"content":"Cell 0, 2","link":null},"annotations":{"bold":false,"italic":false,"strikethrough":false,"underline":false,"code":false,"color":"default"},"plain_text":"Cell
      0, 2","href":null}]]}},{"object":"block","id":"29c974f3-b388-818a-af15-e3e84a80b122","parent":{"type":"block_id","block_id":"29c974f3-b388-81a6-92cf-d029e460be3d"},"created_time":"2025-10-30T15:35:00.000Z","last_edited_time":"2025-10-30T15:35:00.000Z","created_by":{"object":"user","id":"645e79dd-3e43-40de-9d51-39357c1c427f"},"last_edited_by":{"object":"user","id":"645e79dd-3e43-40de-9d51-39357c1c427f"},"has_children":false,"archived":false,"in_trash":false,"type":"table_row","table_row":{"cells":[[{"type":"text","text":{"content":"Cell
      1, 0","link":null},"annotations":{"bold":false,"italic":false,"strikethrough":false,"underline":false,"code":false,"color":"default"},"plain_text":"Cell
      1, 0","href":null}],[{"type":"text","text":{"content":"Cell 1, 1","link":null},"annotations":{"bold":false,"italic":false,"strikethrough":false,"underline":false,"code":false,"color":"default"},"plain_text":"Cell
      1, 1","href":null}],[{"type":"text","text":{"content":"Cell 1, 2","link":null},"annotations":{"bold":false,"italic":false,"strikethrough":false,"underline":false,"code":false,"color":"default"},"plain_text":"Cell
      1, 2","href":null}]]}}],"next_cursor":null,"has_more":false,"type":"block","block":{},"request_id":"db85aba8-1975-46ad-848e-ae9b5689b8a6"}'
    headers:
      CF-Cache-Status:
      - DYNAMIC
      CF-Ray:
      - 996bfb0ddb519766-FRA
      Connection:
      - keep-alive
      Content-Encoding:
      - gzip
      Content-Type:
      - application/json; charset=utf-8
      Server:
      - cloudflare
      Strict-Transport-Security:
      - max-age=31536000; includeSubDomains; preload
      Transfer-Encoding:
      - chunked
      Vary:
      - Accept-Encoding
      alt-svc:
      - h3=":443"; ma=86400
      content-security-policy:
      - default-src 'none'
      referrer-policy:
      - strict-origin-when-cross-origin
      x-content-type-options:
      - nosniff
      x-dns-prefetch-control:
      - 'off'
      x-download-options:
      - noopen
      x-frame-options:
      - SAMEORIGIN
      x-notion-request-id:
      - db85aba8-1975-46ad-848e-ae9b5689b8a6
      x-permitted-cross-domain-policies:
      - none
      x-xss-protection:
      - '0'
    http_version: HTTP/1.1
    status_code: 200
- request:
    body: ''
    headers:
      accept:
      - '*/*'
      accept-encoding:
      - gzip, deflate
      authorization:
      - secret...
      connection:
      - keep-alive
      cookie:
      - secret...
      host:
      - api.notion.com
      notion-version:
      - '2022-06-28'
      user-agent:
      - secret...
    method: GET
    uri: https://api.notion.com/v1/pages/29c974f3-b388-81fd-9553-cef655681897
  response:
    content: '{"object":"page","id":"29c974f3-b388-81fd-9553-cef655681897","created_time":"2025-10-30T15:35:00.000Z","last_edited_time":"2025-10-30T15:35:00.000Z","created_by":{"object":"user","id":"645e79dd-3e43-40de-9d51-39357c1c427f"},"last_edited_by":{"object":"user","id":"645e79dd-3e43-40de-9d51-39357c1c427f"},"cover":null,"icon":null,"parent":{"type":"page_id","page_id":"5f505199-b292-4713-920b-61d813bf72a3"},"archived":false,"in_trash":false,"is_locked":false,"properties":{"title":{"id":"title","type":"title","title":[{"type":"text","text":{"content":"Page
      for modifying table blocks","link":null},"annotations":{"bold":false,"italic":false,"strikethrough":false,"underline":false,"code":false,"color":"default"},"plain_text":"Page
      for modifying table blocks","href":null}]}},"url":"https://www.notion.so/Page-for-modifying-table-blocks-29c974f3b38881fd9553cef655681897","public_url":null,"request_id":"d55e7f6d-8cb9-4e53-a022-528033a32ca0"}'
    headers:
      CF-Cache-Status:
      - DYNAMIC
      CF-Ray:
      - 996bfb101cbb9766-FRA
      Connection:
      - keep-alive
      Content-Encoding:
      - gzip
      Content-Type:
      - application/json; charset=utf-8
      Server:
      - cloudflare
      Strict-Transport-Security:
      - max-age=31536000; includeSubDomains; preload
      Transfer-Encoding:
      - chunked
      Vary:
      - Accept-Encoding
      alt-svc:
      - h3=":443"; ma=86400
      content-security-policy:
      - default-src 'none'
      referrer-policy:
      - strict-origin-when-cross-origin
      x-content-type-options:
      - nosniff
      x-dns-prefetch-control:
      - 'off'
      x-download-options:
      - noopen
      x-frame-options:
      - SAMEORIGIN
      x-notion-request-id:
      - d55e7f6d-8cb9-4e53-a022-528033a32ca0
      x-permitted-cross-domain-policies:
      - none
      x-xss-protection:
      - '0'
    http_version: HTTP/1.1
    status_code: 200
- request:
    body: ''
    headers:
      accept:
      - '*/*'
      accept-encoding:
      - gzip, deflate
      authorization:
      - secret...
      connection:
      - keep-alive
      cookie:
      - secret...
      host:
      - api.notion.com
      notion-version:
      - '2022-06-28'
      user-agent:
      - secret...
    method: GET
    uri: https://api.notion.com/v1/blocks/29c974f3-b388-81fd-9553-cef655681897/children?page_size=100
  response:
    content: '{"object":"list","results":[{"object":"block","id":"29c974f3-b388-81a6-92cf-d029e460be3d","parent":{"type":"page_id","page_id":"29c974f3-b388-81fd-9553-cef655681897"},"created_time":"2025-10-30T15:35:00.000Z","last_edited_time":"2025-10-30T15:35:00.000Z","created_by":{"object":"user","id":"645e79dd-3e43-40de-9d51-39357c1c427f"},"last_edited_by":{"object":"user","id":"645e79dd-3e43-40de-9d51-39357c1c427f"},"has_children":true,"archived":false,"in_trash":false,"type":"table","table":{"table_width":3,"has_column_header":true,"has_row_header":false}}],"next_cursor":null,"has_more":false,"type":"block","block":{},"request_id":"05b376e9-3c91-4dbc-87e2-f15c554aeee4"}'
    headers:
      CF-Cache-Status:
      - DYNAMIC
      CF-Ray:
      - 996bfb11edd69766-FRA
      Connection:
      - keep-alive
      Content-Encoding:
      - gzip
      Content-Type:
      - application/json; charset=utf-8
      Server:
      - cloudflare
      Strict-Transport-Security:
      - max-age=31536000; includeSubDomains; preload
      Transfer-Encoding:
      - chunked
      Vary:
      - Accept-Encoding
      alt-svc:
      - h3=":443"; ma=86400
      content-security-policy:
      - default-src 'none'
      referrer-policy:
      - strict-origin-when-cross-origin
      x-content-type-options:
      - nosniff
      x-dns-prefetch-control:
      - 'off'
      x-download-options:
      - noopen
      x-frame-options:
      - SAMEORIGIN
      x-notion-request-id:
      - 05b376e9-3c91-4dbc-87e2-f15c554aeee4
      x-permitted-cross-domain-policies:
      - none
      x-xss-protection:
      - '0'
    http_version: HTTP/1.1
    status_code: 200
- request:
    body: '{"children":[{"object":"block","has_children":false,"in_trash":false,"archived":false,"type":"table_row","table_row":{"cells":[[{"type":"text","plain_text":"New
      Cell 1, 0","annotations":{"bold":false,"italic":false,"strikethrough":false,"underline":false,"code":false},"text":{"content":"New
      Cell 1, 0"}}],[{"type":"text","plain_text":"New Cell 1, 1","annotations":{"bold":false,"italic":false,"strikethrough":false,"underline":false,"code":false},"text":{"content":"New
      Cell 1, 1"}}],[{"type":"text","plain_text":"New Cell 1, 2","annotations":{"bold":false,"italic":false,"strikethrough":false,"underline":false,"code":false},"text":{"content":"New
      Cell 1, 2"}}]]}}],"after":"29c974f3-b388-81ce-9019-c765337957a2"}'
    headers:
      accept:
      - '*/*'
      accept-encoding:
      - gzip, deflate
      authorization:
      - secret...
      connection:
      - keep-alive
      content-length:
      - '715'
      content-type:
      - application/json
      cookie:
      - secret...
      host:
      - api.notion.com
      notion-version:
      - '2022-06-28'
      user-agent:
      - secret...
    method: PATCH
    uri: https://api.notion.com/v1/blocks/29c974f3-b388-81a6-92cf-d029e460be3d/children
  response:
    content: '{"object":"list","results":[{"object":"block","id":"29c974f3-b388-81b3-aeb0-d37b959918ee","parent":{"type":"block_id","block_id":"29c974f3-b388-81a6-92cf-d029e460be3d"},"created_time":"2025-10-30T15:35:00.000Z","last_edited_time":"2025-10-30T15:35:00.000Z","created_by":{"object":"user","id":"645e79dd-3e43-40de-9d51-39357c1c427f"},"last_edited_by":{"object":"user","id":"645e79dd-3e43-40de-9d51-39357c1c427f"},"has_children":false,"archived":false,"in_trash":false,"type":"table_row","table_row":{"cells":[[{"type":"text","text":{"content":"New
      Cell 1, 0","link":null},"annotations":{"bold":false,"italic":false,"strikethrough":false,"underline":false,"code":false,"color":"default"},"plain_text":"New
      Cell 1, 0","href":null}],[{"type":"text","text":{"content":"New Cell 1, 1","link":null},"annotations":{"bold":false,"italic":false,"strikethrough":false,"underline":false,"code":false,"color":"default"},"plain_text":"New
      Cell 1, 1","href":null}],[{"type":"text","text":{"content":"New Cell 1, 2","link":null},"annotations":{"bold":false,"italic":false,"strikethrough":false,"underline":false,"code":false,"color":"default"},"plain_text":"New
      Cell 1, 2","href":null}]]}},{"object":"block","id":"29c974f3-b388-818a-af15-e3e84a80b122","parent":{"type":"block_id","block_id":"29c974f3-b388-81a6-92cf-d029e460be3d"},"created_time":"2025-10-30T15:35:00.000Z","last_edited_time":"2025-10-30T15:35:00.000Z","created_by":{"object":"user","id":"645e79dd-3e43-40de-9d51-39357c1c427f"},"last_edited_by":{"object":"user","id":"645e79dd-3e43-40de-9d51-39357c1c427f"},"has_children":false,"archived":false,"in_trash":false,"type":"table_row","table_row":{"cells":[[{"type":"text","text":{"content":"Cell
      1, 0","link":null},"annotations":{"bold":false,"italic":false,"strikethrough":false,"underline":false,"code":false,"color":"default"},"plain_text":"Cell
      1, 0","href":null}],[{"type":"text","text":{"content":"Cell 1, 1","link":null},"annotations":{"bold":false,"italic":false,"strikethrough":false,"underline":false,"code":false,"color":"default"},"plain_text":"Cell
      1, 1","href":null}],[{"type":"text","text":{"content":"Cell 1, 2","link":null},"annotations":{"bold":false,"italic":false,"strikethrough":false,"underline":false,"code":false,"color":"default"},"plain_text":"Cell
      1, 2","href":null}]]}}],"next_cursor":null,"has_more":false,"type":"block","block":{},"request_id":"53e7edb6-a228-423d-964c-80d64448e24a"}'
    headers:
      CF-Cache-Status:
      - DYNAMIC
      CF-Ray:
      - 996bfb141fcc9766-FRA
      Connection:
      - keep-alive
      Content-Encoding:
      - gzip
      Content-Type:
      - application/json; charset=utf-8
      Server:
      - cloudflare
      Strict-Transport-Security:
      - max-age=31536000; includeSubDomains; preload
      Transfer-Encoding:
      - chunked
      Vary:
      - Accept-Encoding
      alt-svc:
      - h3=":443"; ma=86400
      content-security-policy:
      - default-src 'none'
      referrer-policy:
      - strict-origin-when-cross-origin
      x-content-type-options:
      - nosniff
      x-dns-prefetch-control:
      - 'off'
      x-download-options:
      - noopen
      x-frame-options:
      - SAMEORIGIN
      x-notion-request-id:
      - 53e7edb6-a228-423d-964c-80d64448e24a
      x-permitted-cross-domain-policies:
      - none
      x-xss-protection:
      - '0'
    http_version: HTTP/1.1
    status_code: 200
- request:
    body: '{"children":[{"object":"block","has_children":false,"in_trash":false,"archived":false,"type":"table_row","table_row":{"cells":[[{"type":"text","plain_text":"New
      Cell 3, 0","annotations":{"bold":false,"italic":false,"strikethrough":false,"underline":false,"code":false},"text":{"content":"New
      Cell 3, 0"}}],[{"type":"text","plain_text":"New Cell 3, 1","annotations":{"bold":false,"italic":false,"strikethrough":false,"underline":false,"code":false},"text":{"content":"New
      Cell 3, 1"}}],[{"type":"text","plain_text":"New Cell 3, 2","annotations":{"bold":false,"italic":false,"strikethrough":false,"underline":false,"code":false},"text":{"content":"New
      Cell 3, 2"}}]]}}],"after":"29c974f3-b388-818a-af15-e3e84a80b122"}'
    headers:
      accept:
      - '*/*'
      accept-encoding:
      - gzip, deflate
      authorization:
      - secret...
      connection:
      - keep-alive
      content-length:
      - '715'
      content-type:
      - application/json
      cookie:
      - secret...
      host:
      - api.notion.com
      notion-version:
      - '2022-06-28'
      user-agent:
      - secret...
    method: PATCH
    uri: https://api.notion.com/v1/blocks/29c974f3-b388-81a6-92cf-d029e460be3d/children
  response:
    content: '{"object":"list","results":[{"object":"block","id":"29c974f3-b388-8139-a49a-ce15da95c143","parent":{"type":"block_id","block_id":"29c974f3-b388-81a6-92cf-d029e460be3d"},"created_time":"2025-10-30T15:35:00.000Z","last_edited_time":"2025-10-30T15:35:00.000Z","created_by":{"object":"user","id":"645e79dd-3e43-40de-9d51-39357c1c427f"},"last_edited_by":{"object":"user","id":"645e79dd-3e43-40de-9d51-39357c1c427f"},"has_children":false,"archived":false,"in_trash":false,"type":"table_row","table_row":{"cells":[[{"type":"text","text":{"content":"New
      Cell 3, 0","link":null},"annotations":{"bold":false,"italic":false,"strikethrough":false,"underline":false,"code":false,"color":"default"},"plain_text":"New
      Cell 3, 0","href":null}],[{"type":"text","text":{"content":"New Cell 3, 1","link":null},"annotations":{"bold":false,"italic":false,"strikethrough":false,"underline":false,"code":false,"color":"default"},"plain_text":"New
      Cell 3, 1","href":null}],[{"type":"text","text":{"content":"New Cell 3, 2","link":null},"annotations":{"bold":false,"italic":false,"strikethrough":false,"underline":false,"code":false,"color":"default"},"plain_text":"New
      Cell 3, 2","href":null}]]}}],"next_cursor":null,"has_more":false,"type":"block","block":{},"request_id":"492caf59-0410-4cc1-95cc-16c9bc028969"}'
    headers:
      CF-Cache-Status:
      - DYNAMIC
      CF-Ray:
      - 996bfb196b0d9766-FRA
      Connection:
      - keep-alive
      Content-Encoding:
      - gzip
      Content-Type:
      - application/json; charset=utf-8
      Server:
      - cloudflare
      Strict-Transport-Security:
      - max-age=31536000; includeSubDomains; preload
      Transfer-Encoding:
      - chunked
      Vary:
      - Accept-Encoding
      alt-svc:
      - h3=":443"; ma=86400
      content-security-policy:
      - default-src 'none'
      referrer-policy:
      - strict-origin-when-cross-origin
      x-content-type-options:
      - nosniff
      x-dns-prefetch-control:
      - 'off'
      x-download-options:
      - noopen
      x-frame-options:
      - SAMEORIGIN
      x-notion-request-id:
      - 492caf59-0410-4cc1-95cc-16c9bc028969
      x-permitted-cross-domain-policies:
      - none
      x-xss-protection:
      - '0'
    http_version: HTTP/1.1
    status_code: 200
- request:
    body: ''
    headers:
      accept:
      - '*/*'
      accept-encoding:
      - gzip, deflate
      authorization:
      - secret...
      connection:
      - keep-alive
      cookie:
      - secret...
      host:
      - api.notion.com
      notion-version:
      - '2022-06-28'
      user-agent:
      - secret...
    method: DELETE
    uri: https://api.notion.com/v1/blocks/29c974f3-b388-818a-af15-e3e84a80b122
  response:
    content: '{"object":"block","id":"29c974f3-b388-818a-af15-e3e84a80b122","parent":{"type":"block_id","block_id":"29c974f3-b388-81a6-92cf-d029e460be3d"},"created_time":"2025-10-30T15:35:00.000Z","last_edited_time":"2025-10-30T15:35:00.000Z","created_by":{"object":"user","id":"645e79dd-3e43-40de-9d51-39357c1c427f"},"last_edited_by":{"object":"user","id":"645e79dd-3e43-40de-9d51-39357c1c427f"},"has_children":false,"archived":true,"in_trash":true,"type":"table_row","table_row":{"cells":[[{"type":"text","text":{"content":"Cell
      1, 0","link":null},"annotations":{"bold":false,"italic":false,"strikethrough":false,"underline":false,"code":false,"color":"default"},"plain_text":"Cell
      1, 0","href":null}],[{"type":"text","text":{"content":"Cell 1, 1","link":null},"annotations":{"bold":false,"italic":false,"strikethrough":false,"underline":false,"code":false,"color":"default"},"plain_text":"Cell
      1, 1","href":null}],[{"type":"text","text":{"content":"Cell 1, 2","link":null},"annotations":{"bold":false,"italic":false,"strikethrough":false,"underline":false,"code":false,"color":"default"},"plain_text":"Cell
      1, 2","href":null}]]},"request_id":"65f98972-7894-468b-bea3-9a20a2f824bd"}'
    headers:
      CF-Cache-Status:
      - DYNAMIC
      CF-Ray:
      - 996bfb2138639766-FRA
      Connection:
      - keep-alive
      Content-Encoding:
      - gzip
      Content-Type:
      - application/json; charset=utf-8
      Server:
      - cloudflare
      Strict-Transport-Security:
      - max-age=31536000; includeSubDomains; preload
      Transfer-Encoding:
      - chunked
      Vary:
      - Accept-Encoding
      alt-svc:
      - h3=":443"; ma=86400
      content-security-policy:
      - default-src 'none'
      referrer-policy:
      - strict-origin-when-cross-origin
      x-content-type-options:
      - nosniff
      x-dns-prefetch-control:
      - 'off'
      x-download-options:
      - noopen
      x-frame-options:
      - SAMEORIGIN
      x-notion-request-id:
      - 65f98972-7894-468b-bea3-9a20a2f824bd
      x-permitted-cross-domain-policies:
      - none
      x-xss-protection:
      - '0'
    http_version: HTTP/1.1
    status_code: 200
- request:
    body: ''
    headers:
      accept:
      - '*/*'
      accept-encoding:
      - gzip, deflate
      authorization:
      - secret...
      connection:
      - keep-alive
      cookie:
      - secret...
      host:
      - api.notion.com
      notion-version:
      - '2022-06-28'
      user-agent:
      - secret...
    method: GET
    uri: https://api.notion.com/v1/pages/29c974f3-b388-81fd-9553-cef655681897
  response:
    content: '{"object":"page","id":"29c974f3-b388-81fd-9553-cef655681897","created_time":"2025-10-30T15:35:00.000Z","last_edited_time":"2025-10-30T15:35:00.000Z","created_by":{"object":"user","id":"645e79dd-3e43-40de-9d51-39357c1c427f"},"last_edited_by":{"object":"user","id":"645e79dd-3e43-40de-9d51-39357c1c427f"},"cover":null,"icon":null,"parent":{"type":"page_id","page_id":"5f505199-b292-4713-920b-61d813bf72a3"},"archived":false,"in_trash":false,"is_locked":false,"properties":{"title":{"id":"title","type":"title","title":[{"type":"text","text":{"content":"Page
      for modifying table blocks","link":null},"annotations":{"bold":false,"italic":false,"strikethrough":false,"underline":false,"code":false,"color":"default"},"plain_text":"Page
      for modifying table blocks","href":null}]}},"url":"https://www.notion.so/Page-for-modifying-table-blocks-29c974f3b38881fd9553cef655681897","public_url":null,"request_id":"a58f1f3c-4051-460a-aed7-92471017f5f9"}'
    headers:
      CF-Cache-Status:
      - DYNAMIC
      CF-Ray:
      - 996bfb3adaf79766-FRA
      Connection:
      - keep-alive
      Content-Encoding:
      - gzip
      Content-Type:
      - application/json; charset=utf-8
      Server:
      - cloudflare
      Strict-Transport-Security:
      - max-age=31536000; includeSubDomains; preload
      Transfer-Encoding:
      - chunked
      Vary:
      - Accept-Encoding
      alt-svc:
      - h3=":443"; ma=86400
      content-security-policy:
      - default-src 'none'
      referrer-policy:
      - strict-origin-when-cross-origin
      x-content-type-options:
      - nosniff
      x-dns-prefetch-control:
      - 'off'
      x-download-options:
      - noopen
      x-frame-options:
      - SAMEORIGIN
      x-notion-request-id:
      - a58f1f3c-4051-460a-aed7-92471017f5f9
      x-permitted-cross-domain-policies:
      - none
      x-xss-protection:
      - '0'
    http_version: HTTP/1.1
    status_code: 200
- request:
    body: ''
    headers:
      accept:
      - '*/*'
      accept-encoding:
      - gzip, deflate
      authorization:
      - secret...
      connection:
      - keep-alive
      cookie:
      - secret...
      host:
      - api.notion.com
      notion-version:
      - '2022-06-28'
      user-agent:
      - secret...
    method: GET
    uri: https://api.notion.com/v1/blocks/29c974f3-b388-81fd-9553-cef655681897/children?page_size=100
  response:
    content: '{"object":"list","results":[{"object":"block","id":"29c974f3-b388-81a6-92cf-d029e460be3d","parent":{"type":"page_id","page_id":"29c974f3-b388-81fd-9553-cef655681897"},"created_time":"2025-10-30T15:35:00.000Z","last_edited_time":"2025-10-30T15:35:00.000Z","created_by":{"object":"user","id":"645e79dd-3e43-40de-9d51-39357c1c427f"},"last_edited_by":{"object":"user","id":"645e79dd-3e43-40de-9d51-39357c1c427f"},"has_children":true,"archived":false,"in_trash":false,"type":"table","table":{"table_width":3,"has_column_header":true,"has_row_header":false}}],"next_cursor":null,"has_more":false,"type":"block","block":{},"request_id":"97ebe4e1-990c-4286-9fb0-5479e2afdcf9"}'
    headers:
      CF-Cache-Status:
      - DYNAMIC
      CF-Ray:
      - 996bfb3c8c1f9766-FRA
      Connection:
      - keep-alive
      Content-Encoding:
      - gzip
      Content-Type:
      - application/json; charset=utf-8
      Server:
      - cloudflare
      Strict-Transport-Security:
      - max-age=31536000; includeSubDomains; preload
      Transfer-Encoding:
      - chunked
      Vary:
      - Accept-Encoding
      alt-svc:
      - h3=":443"; ma=86400
      content-security-policy:
      - default-src 'none'
      referrer-policy:
      - strict-origin-when-cross-origin
      x-content-type-options:
      - nosniff
      x-dns-prefetch-control:
      - 'off'
      x-download-options:
      - noopen
      x-frame-options:
      - SAMEORIGIN
      x-notion-request-id:
      - 97ebe4e1-990c-4286-9fb0-5479e2afdcf9
      x-permitted-cross-domain-policies:
      - none
      x-xss-protection:
      - '0'
    http_version: HTTP/1.1
    status_code: 200
- request:
    body: '{"type":"table","archived":false,"in_trash":false,"table":{"has_column_header":true,"has_row_header":true}}'
    headers:
      accept:
      - '*/*'
      accept-encoding:
      - gzip, deflate
      authorization:
      - secret...
      connection:
      - keep-alive
      content-length:
      - '107'
      content-type:
      - application/json
      cookie:
      - secret...
      host:
      - api.notion.com
      notion-version:
      - '2022-06-28'
      user-agent:
      - secret...
    method: PATCH
    uri: https://api.notion.com/v1/blocks/29c974f3b38881a692cfd029e460be3d
  response:
    content: '{"object":"block","id":"29c974f3-b388-81a6-92cf-d029e460be3d","parent":{"type":"page_id","page_id":"29c974f3-b388-81fd-9553-cef655681897"},"created_time":"2025-10-30T15:35:00.000Z","last_edited_time":"2025-10-30T15:35:00.000Z","created_by":{"object":"user","id":"645e79dd-3e43-40de-9d51-39357c1c427f"},"last_edited_by":{"object":"user","id":"645e79dd-3e43-40de-9d51-39357c1c427f"},"has_children":true,"archived":false,"in_trash":false,"type":"table","table":{"table_width":3,"has_column_header":true,"has_row_header":true},"request_id":"5f071995-3a71-452e-a66e-729a08059b28"}'
    headers:
      CF-Cache-Status:
      - DYNAMIC
      CF-Ray:
      - 996bfb3ecd789766-FRA
      Connection:
      - keep-alive
      Content-Encoding:
      - gzip
      Content-Type:
      - application/json; charset=utf-8
      Server:
      - cloudflare
      Strict-Transport-Security:
      - max-age=31536000; includeSubDomains; preload
      Transfer-Encoding:
      - chunked
      Vary:
      - Accept-Encoding
      alt-svc:
      - h3=":443"; ma=86400
      content-security-policy:
      - default-src 'none'
      referrer-policy:
      - strict-origin-when-cross-origin
      x-content-type-options:
      - nosniff
      x-dns-prefetch-control:
      - 'off'
      x-download-options:
      - noopen
      x-frame-options:
      - SAMEORIGIN
      x-notion-request-id:
      - 5f071995-3a71-452e-a66e-729a08059b28
      x-permitted-cross-domain-policies:
      - none
      x-xss-protection:
      - '0'
    http_version: HTTP/1.1
    status_code: 200
- request:
    body: ''
    headers:
      accept:
      - '*/*'
      accept-encoding:
      - gzip, deflate
      authorization:
      - secret...
      connection:
      - keep-alive
      cookie:
      - secret...
      host:
      - api.notion.com
      notion-version:
      - '2022-06-28'
      user-agent:
      - secret...
    method: GET
    uri: https://api.notion.com/v1/pages/29c974f3-b388-81fd-9553-cef655681897
  response:
    content: '{"object":"page","id":"29c974f3-b388-81fd-9553-cef655681897","created_time":"2025-10-30T15:35:00.000Z","last_edited_time":"2025-10-30T15:35:00.000Z","created_by":{"object":"user","id":"645e79dd-3e43-40de-9d51-39357c1c427f"},"last_edited_by":{"object":"user","id":"645e79dd-3e43-40de-9d51-39357c1c427f"},"cover":null,"icon":null,"parent":{"type":"page_id","page_id":"5f505199-b292-4713-920b-61d813bf72a3"},"archived":false,"in_trash":false,"is_locked":false,"properties":{"title":{"id":"title","type":"title","title":[{"type":"text","text":{"content":"Page
      for modifying table blocks","link":null},"annotations":{"bold":false,"italic":false,"strikethrough":false,"underline":false,"code":false,"color":"default"},"plain_text":"Page
      for modifying table blocks","href":null}]}},"url":"https://www.notion.so/Page-for-modifying-table-blocks-29c974f3b38881fd9553cef655681897","public_url":null,"request_id":"5406b159-80a3-419e-8bfd-b40d49b4f258"}'
    headers:
      CF-Cache-Status:
      - DYNAMIC
      CF-Ray:
      - 996bfb413f169766-FRA
      Connection:
      - keep-alive
      Content-Encoding:
      - gzip
      Content-Type:
      - application/json; charset=utf-8
      Server:
      - cloudflare
      Strict-Transport-Security:
      - max-age=31536000; includeSubDomains; preload
      Transfer-Encoding:
      - chunked
      Vary:
      - Accept-Encoding
      alt-svc:
      - h3=":443"; ma=86400
      content-security-policy:
      - default-src 'none'
      referrer-policy:
      - strict-origin-when-cross-origin
      x-content-type-options:
      - nosniff
      x-dns-prefetch-control:
      - 'off'
      x-download-options:
      - noopen
      x-frame-options:
      - SAMEORIGIN
      x-notion-request-id:
      - 5406b159-80a3-419e-8bfd-b40d49b4f258
      x-permitted-cross-domain-policies:
      - none
      x-xss-protection:
      - '0'
    http_version: HTTP/1.1
    status_code: 200
- request:
    body: '{"type":"table","archived":false,"in_trash":false,"table":{"has_column_header":true,"has_row_header":true}}'
    headers:
      accept:
      - '*/*'
      accept-encoding:
      - gzip, deflate
      authorization:
      - secret...
      connection:
      - keep-alive
      content-length:
      - '107'
      content-type:
      - application/json
      cookie:
      - secret...
      host:
      - api.notion.com
      notion-version:
      - '2022-06-28'
      user-agent:
      - secret...
    method: PATCH
    uri: https://api.notion.com/v1/blocks/29c974f3b38881a692cfd029e460be3d
  response:
    content: '{"object":"block","id":"29c974f3-b388-81a6-92cf-d029e460be3d","parent":{"type":"page_id","page_id":"29c974f3-b388-81fd-9553-cef655681897"},"created_time":"2025-10-30T15:35:00.000Z","last_edited_time":"2025-10-30T15:35:00.000Z","created_by":{"object":"user","id":"645e79dd-3e43-40de-9d51-39357c1c427f"},"last_edited_by":{"object":"user","id":"645e79dd-3e43-40de-9d51-39357c1c427f"},"has_children":true,"archived":false,"in_trash":false,"type":"table","table":{"table_width":3,"has_column_header":true,"has_row_header":true},"request_id":"205f2bd8-b8e3-42e8-b773-c500890d4b96"}'
    headers:
      CF-Cache-Status:
      - DYNAMIC
      CF-Ray:
      - 996bfb43081a9766-FRA
      Connection:
      - keep-alive
      Content-Encoding:
      - gzip
      Content-Type:
      - application/json; charset=utf-8
      Server:
      - cloudflare
      Strict-Transport-Security:
      - max-age=31536000; includeSubDomains; preload
      Transfer-Encoding:
      - chunked
      Vary:
      - Accept-Encoding
      alt-svc:
      - h3=":443"; ma=86400
      content-security-policy:
      - default-src 'none'
      referrer-policy:
      - strict-origin-when-cross-origin
      x-content-type-options:
      - nosniff
      x-dns-prefetch-control:
      - 'off'
      x-download-options:
      - noopen
      x-frame-options:
      - SAMEORIGIN
      x-notion-request-id:
      - 205f2bd8-b8e3-42e8-b773-c500890d4b96
      x-permitted-cross-domain-policies:
      - none
      x-xss-protection:
      - '0'
    http_version: HTTP/1.1
    status_code: 200
- request:
    body: ''
    headers:
      accept:
      - '*/*'
      accept-encoding:
      - gzip, deflate
      authorization:
      - secret...
      connection:
      - keep-alive
      cookie:
      - secret...
      host:
      - api.notion.com
      notion-version:
      - '2022-06-28'
      user-agent:
      - secret...
    method: GET
    uri: https://api.notion.com/v1/pages/29c974f3-b388-81fd-9553-cef655681897
  response:
    content: '{"object":"page","id":"29c974f3-b388-81fd-9553-cef655681897","created_time":"2025-10-30T15:35:00.000Z","last_edited_time":"2025-10-30T15:35:00.000Z","created_by":{"object":"user","id":"645e79dd-3e43-40de-9d51-39357c1c427f"},"last_edited_by":{"object":"user","id":"645e79dd-3e43-40de-9d51-39357c1c427f"},"cover":null,"icon":null,"parent":{"type":"page_id","page_id":"5f505199-b292-4713-920b-61d813bf72a3"},"archived":false,"in_trash":false,"is_locked":false,"properties":{"title":{"id":"title","type":"title","title":[{"type":"text","text":{"content":"Page
      for modifying table blocks","link":null},"annotations":{"bold":false,"italic":false,"strikethrough":false,"underline":false,"code":false,"color":"default"},"plain_text":"Page
      for modifying table blocks","href":null}]}},"url":"https://www.notion.so/Page-for-modifying-table-blocks-29c974f3b38881fd9553cef655681897","public_url":null,"request_id":"f72d30e3-335e-4c3d-b5ed-77efa021093b"}'
    headers:
      CF-Cache-Status:
      - DYNAMIC
      CF-Ray:
      - 996bfb477ad29766-FRA
      Connection:
      - keep-alive
      Content-Encoding:
      - gzip
      Content-Type:
      - application/json; charset=utf-8
      Server:
      - cloudflare
      Strict-Transport-Security:
      - max-age=31536000; includeSubDomains; preload
      Transfer-Encoding:
      - chunked
      Vary:
      - Accept-Encoding
      alt-svc:
      - h3=":443"; ma=86400
      content-security-policy:
      - default-src 'none'
      referrer-policy:
      - strict-origin-when-cross-origin
      x-content-type-options:
      - nosniff
      x-dns-prefetch-control:
      - 'off'
      x-download-options:
      - noopen
      x-frame-options:
      - SAMEORIGIN
      x-notion-request-id:
      - f72d30e3-335e-4c3d-b5ed-77efa021093b
      x-permitted-cross-domain-policies:
      - none
      x-xss-protection:
      - '0'
    http_version: HTTP/1.1
    status_code: 200
version: 1
