interactions:
- request:
    body: '{"parent": {"type": "page_id", "page_id": "5f505199-b292-4713-920b-61d813bf72a3"},
      "properties": {"title": {"type": "title", "title": [{"type": "text", "plain_text":
      "Page for appending blocks", "annotations": {"bold": false, "italic": false,
      "strikethrough": false, "underline": false, "code": false}, "text": {"content":
      "Page for appending blocks"}}]}}}'
    headers:
      accept:
      - '*/*'
      accept-encoding:
      - gzip, deflate
      authorization:
      - secret...
      connection:
      - keep-alive
      content-length:
      - '329'
      content-type:
      - application/json
      cookie:
      - secret...
      host:
      - api.notion.com
      notion-version:
      - '2022-06-28'
      user-agent:
      - secret...
    method: POST
    uri: https://api.notion.com/v1/pages
  response:
    content: '{"object":"page","id":"276974f3-b388-818c-8e49-d51efdf07c53","created_time":"2025-09-22T15:20:00.000Z","last_edited_time":"2025-09-22T15:20:00.000Z","created_by":{"object":"user","id":"645e79dd-3e43-40de-9d51-39357c1c427f"},"last_edited_by":{"object":"user","id":"645e79dd-3e43-40de-9d51-39357c1c427f"},"cover":null,"icon":null,"parent":{"type":"page_id","page_id":"5f505199-b292-4713-920b-61d813bf72a3"},"archived":false,"in_trash":false,"is_locked":false,"properties":{"title":{"id":"title","type":"title","title":[{"type":"text","text":{"content":"Page
      for appending blocks","link":null},"annotations":{"bold":false,"italic":false,"strikethrough":false,"underline":false,"code":false,"color":"default"},"plain_text":"Page
      for appending blocks","href":null}]}},"url":"https://www.notion.so/Page-for-appending-blocks-276974f3b388818c8e49d51efdf07c53","public_url":null,"request_id":"382be277-ad74-4ec6-acb7-7cd8ca979037"}'
    headers:
      CF-Cache-Status:
      - DYNAMIC
      CF-Ray:
      - 9832c9893a1c6d26-FRA
      Connection:
      - keep-alive
      Content-Encoding:
      - gzip
      Content-Type:
      - application/json; charset=utf-8
      Server:
      - cloudflare
      Set-Cookie:
      - __cf_bm=oJZp4I51oS.6kdOYt44.UZc1OBBzIvd5648Y.rDibvQ-1758554441-1.0.1.1-6UIrWIxMg3iIpWPIExqzx5JjCScPxJ9vVEVEdkiUcvv8Rbbpx90rUyTrqgI4vCvAINoAYFuEcGUEbrRoDUDsPogPi4R7EWL3BijiQdthnhk;
        path=/; expires=Mon, 22-Sep-25 15:50:41 GMT; domain=.notion.com; HttpOnly;
        Secure; SameSite=None
      Strict-Transport-Security:
      - max-age=31536000; includeSubDomains; preload
      Transfer-Encoding:
      - chunked
      Vary:
      - Accept-Encoding
      alt-svc:
      - h3=":443"; ma=86400
      content-security-policy:
      - default-src 'none'
      referrer-policy:
      - strict-origin-when-cross-origin
      x-content-type-options:
      - nosniff
      x-dns-prefetch-control:
      - 'off'
      x-download-options:
      - noopen
      x-frame-options:
      - SAMEORIGIN
      x-notion-request-id:
      - 382be277-ad74-4ec6-acb7-7cd8ca979037
      x-permitted-cross-domain-policies:
      - none
      x-xss-protection:
      - '0'
    http_version: HTTP/1.1
    status_code: 200
- request:
    body: ''
    headers:
      accept:
      - '*/*'
      accept-encoding:
      - gzip, deflate
      authorization:
      - secret...
      connection:
      - keep-alive
      cookie:
      - secret...
      host:
      - api.notion.com
      notion-version:
      - '2022-06-28'
      user-agent:
      - secret...
    method: GET
    uri: https://api.notion.com/v1/pages/5f505199-b292-4713-920b-61d813bf72a3
  response:
    content: '{"object":"page","id":"5f505199-b292-4713-920b-61d813bf72a3","created_time":"2022-08-22T15:47:00.000Z","last_edited_time":"2025-09-22T15:20:00.000Z","created_by":{"object":"user","id":"b10cb6df-12ef-44d3-88ad-250168f66322"},"last_edited_by":{"object":"user","id":"645e79dd-3e43-40de-9d51-39357c1c427f"},"cover":null,"icon":null,"parent":{"type":"workspace","workspace":true},"archived":false,"in_trash":false,"is_locked":false,"properties":{"title":{"id":"title","type":"title","title":[{"type":"text","text":{"content":"Tests","link":null},"annotations":{"bold":false,"italic":false,"strikethrough":false,"underline":false,"code":false,"color":"default"},"plain_text":"Tests","href":null}]}},"url":"https://www.notion.so/Tests-5f505199b2924713920b61d813bf72a3","public_url":null,"request_id":"bc832154-d663-4823-b6d7-950cebde3192"}'
    headers:
      CF-Cache-Status:
      - DYNAMIC
      CF-Ray:
      - 9832c9abe8886d26-FRA
      Connection:
      - keep-alive
      Content-Encoding:
      - gzip
      Content-Type:
      - application/json; charset=utf-8
      Server:
      - cloudflare
      Strict-Transport-Security:
      - max-age=31536000; includeSubDomains; preload
      Transfer-Encoding:
      - chunked
      Vary:
      - Accept-Encoding
      alt-svc:
      - h3=":443"; ma=86400
      content-security-policy:
      - default-src 'none'
      referrer-policy:
      - strict-origin-when-cross-origin
      x-content-type-options:
      - nosniff
      x-dns-prefetch-control:
      - 'off'
      x-download-options:
      - noopen
      x-frame-options:
      - SAMEORIGIN
      x-notion-request-id:
      - bc832154-d663-4823-b6d7-950cebde3192
      x-permitted-cross-domain-policies:
      - none
      x-xss-protection:
      - '0'
    http_version: HTTP/1.1
    status_code: 200
- request:
    body: ''
    headers:
      accept:
      - '*/*'
      accept-encoding:
      - gzip, deflate
      authorization:
      - secret...
      connection:
      - keep-alive
      cookie:
      - secret...
      host:
      - api.notion.com
      notion-version:
      - '2022-06-28'
      user-agent:
      - secret...
    method: GET
    uri: https://api.notion.com/v1/blocks/276974f3-b388-818c-8e49-d51efdf07c53/children?page_size=100
  response:
    content: '{"object":"list","results":[],"next_cursor":null,"has_more":false,"type":"block","block":{},"request_id":"501b72b8-f3d6-42ea-beb5-d271815d2ed9"}'
    headers:
      CF-Cache-Status:
      - DYNAMIC
      CF-Ray:
      - 9832c9ae7db86d26-FRA
      Connection:
      - keep-alive
      Content-Encoding:
      - gzip
      Content-Type:
      - application/json; charset=utf-8
      Server:
      - cloudflare
      Strict-Transport-Security:
      - max-age=31536000; includeSubDomains; preload
      Transfer-Encoding:
      - chunked
      Vary:
      - Accept-Encoding
      alt-svc:
      - h3=":443"; ma=86400
      content-security-policy:
      - default-src 'none'
      referrer-policy:
      - strict-origin-when-cross-origin
      x-content-type-options:
      - nosniff
      x-dns-prefetch-control:
      - 'off'
      x-download-options:
      - noopen
      x-frame-options:
      - SAMEORIGIN
      x-notion-request-id:
      - 501b72b8-f3d6-42ea-beb5-d271815d2ed9
      x-permitted-cross-domain-policies:
      - none
      x-xss-protection:
      - '0'
    http_version: HTTP/1.1
    status_code: 200
- request:
    body: '{"children":[{"object":"block","has_children":false,"in_trash":false,"archived":false,"type":"heading_1","heading_1":{"rich_text":[{"type":"text","plain_text":"My
      new page","annotations":{"bold":false,"italic":false,"strikethrough":false,"underline":false,"code":false},"text":{"content":"My
      new page"}}],"color":"default","is_toggleable":false}}]}'
    headers:
      accept:
      - '*/*'
      accept-encoding:
      - gzip, deflate
      authorization:
      - secret...
      connection:
      - keep-alive
      content-length:
      - '348'
      content-type:
      - application/json
      cookie:
      - secret...
      host:
      - api.notion.com
      notion-version:
      - '2022-06-28'
      user-agent:
      - secret...
    method: PATCH
    uri: https://api.notion.com/v1/blocks/276974f3-b388-818c-8e49-d51efdf07c53/children
  response:
    content: '{"object":"list","results":[{"object":"block","id":"276974f3-b388-81dc-8d84-dacf97241769","parent":{"type":"page_id","page_id":"276974f3-b388-818c-8e49-d51efdf07c53"},"created_time":"2025-09-22T15:20:00.000Z","last_edited_time":"2025-09-22T15:20:00.000Z","created_by":{"object":"user","id":"645e79dd-3e43-40de-9d51-39357c1c427f"},"last_edited_by":{"object":"user","id":"645e79dd-3e43-40de-9d51-39357c1c427f"},"has_children":false,"archived":false,"in_trash":false,"type":"heading_1","heading_1":{"rich_text":[{"type":"text","text":{"content":"My
      new page","link":null},"annotations":{"bold":false,"italic":false,"strikethrough":false,"underline":false,"code":false,"color":"default"},"plain_text":"My
      new page","href":null}],"is_toggleable":false,"color":"default"}}],"next_cursor":null,"has_more":false,"type":"block","block":{},"request_id":"a218b253-8668-4a4b-a21d-9b0c00053230"}'
    headers:
      CF-Cache-Status:
      - DYNAMIC
      CF-Ray:
      - 9832c9b069a06d26-FRA
      Connection:
      - keep-alive
      Content-Encoding:
      - gzip
      Content-Type:
      - application/json; charset=utf-8
      Server:
      - cloudflare
      Strict-Transport-Security:
      - max-age=31536000; includeSubDomains; preload
      Transfer-Encoding:
      - chunked
      Vary:
      - Accept-Encoding
      alt-svc:
      - h3=":443"; ma=86400
      content-security-policy:
      - default-src 'none'
      referrer-policy:
      - strict-origin-when-cross-origin
      x-content-type-options:
      - nosniff
      x-dns-prefetch-control:
      - 'off'
      x-download-options:
      - noopen
      x-frame-options:
      - SAMEORIGIN
      x-notion-request-id:
      - a218b253-8668-4a4b-a21d-9b0c00053230
      x-permitted-cross-domain-policies:
      - none
      x-xss-protection:
      - '0'
    http_version: HTTP/1.1
    status_code: 200
- request:
    body: ''
    headers:
      accept:
      - '*/*'
      accept-encoding:
      - gzip, deflate
      authorization:
      - secret...
      connection:
      - keep-alive
      cookie:
      - secret...
      host:
      - api.notion.com
      notion-version:
      - '2022-06-28'
      user-agent:
      - secret...
    method: GET
    uri: https://api.notion.com/v1/blocks/276974f3-b388-81dc-8d84-dacf97241769/children?page_size=100
  response:
    content: '{"object":"list","results":[],"next_cursor":null,"has_more":false,"type":"block","block":{},"request_id":"ae670730-79b8-4464-beaf-e1573f2bb765"}'
    headers:
      CF-Cache-Status:
      - DYNAMIC
      CF-Ray:
      - 9832c9c4bc2f6d26-FRA
      Connection:
      - keep-alive
      Content-Encoding:
      - gzip
      Content-Type:
      - application/json; charset=utf-8
      Server:
      - cloudflare
      Strict-Transport-Security:
      - max-age=31536000; includeSubDomains; preload
      Transfer-Encoding:
      - chunked
      Vary:
      - Accept-Encoding
      alt-svc:
      - h3=":443"; ma=86400
      content-security-policy:
      - default-src 'none'
      referrer-policy:
      - strict-origin-when-cross-origin
      x-content-type-options:
      - nosniff
      x-dns-prefetch-control:
      - 'off'
      x-download-options:
      - noopen
      x-frame-options:
      - SAMEORIGIN
      x-notion-request-id:
      - ae670730-79b8-4464-beaf-e1573f2bb765
      x-permitted-cross-domain-policies:
      - none
      x-xss-protection:
      - '0'
    http_version: HTTP/1.1
    status_code: 200
- request:
    body: ''
    headers:
      accept:
      - '*/*'
      accept-encoding:
      - gzip, deflate
      authorization:
      - secret...
      connection:
      - keep-alive
      cookie:
      - secret...
      host:
      - api.notion.com
      notion-version:
      - '2022-06-28'
      user-agent:
      - secret...
    method: GET
    uri: https://api.notion.com/v1/pages/276974f3-b388-818c-8e49-d51efdf07c53
  response:
    content: '{"object":"page","id":"276974f3-b388-818c-8e49-d51efdf07c53","created_time":"2025-09-22T15:20:00.000Z","last_edited_time":"2025-09-22T15:20:00.000Z","created_by":{"object":"user","id":"645e79dd-3e43-40de-9d51-39357c1c427f"},"last_edited_by":{"object":"user","id":"645e79dd-3e43-40de-9d51-39357c1c427f"},"cover":null,"icon":null,"parent":{"type":"page_id","page_id":"5f505199-b292-4713-920b-61d813bf72a3"},"archived":false,"in_trash":false,"is_locked":false,"properties":{"title":{"id":"title","type":"title","title":[{"type":"text","text":{"content":"Page
      for appending blocks","link":null},"annotations":{"bold":false,"italic":false,"strikethrough":false,"underline":false,"code":false,"color":"default"},"plain_text":"Page
      for appending blocks","href":null}]}},"url":"https://www.notion.so/Page-for-appending-blocks-276974f3b388818c8e49d51efdf07c53","public_url":null,"request_id":"06e3fd40-7c95-4d72-a916-e7f79617c1b4"}'
    headers:
      CF-Cache-Status:
      - DYNAMIC
      CF-Ray:
      - 9832c9c95e026d26-FRA
      Connection:
      - keep-alive
      Content-Encoding:
      - gzip
      Content-Type:
      - application/json; charset=utf-8
      Server:
      - cloudflare
      Strict-Transport-Security:
      - max-age=31536000; includeSubDomains; preload
      Transfer-Encoding:
      - chunked
      Vary:
      - Accept-Encoding
      alt-svc:
      - h3=":443"; ma=86400
      content-security-policy:
      - default-src 'none'
      referrer-policy:
      - strict-origin-when-cross-origin
      x-content-type-options:
      - nosniff
      x-dns-prefetch-control:
      - 'off'
      x-download-options:
      - noopen
      x-frame-options:
      - SAMEORIGIN
      x-notion-request-id:
      - 06e3fd40-7c95-4d72-a916-e7f79617c1b4
      x-permitted-cross-domain-policies:
      - none
      x-xss-protection:
      - '0'
    http_version: HTTP/1.1
    status_code: 200
- request:
    body: ''
    headers:
      accept:
      - '*/*'
      accept-encoding:
      - gzip, deflate
      authorization:
      - secret...
      connection:
      - keep-alive
      cookie:
      - secret...
      host:
      - api.notion.com
      notion-version:
      - '2022-06-28'
      user-agent:
      - secret...
    method: GET
    uri: https://api.notion.com/v1/blocks/276974f3-b388-818c-8e49-d51efdf07c53/children?page_size=100
  response:
    content: '{"object":"list","results":[{"object":"block","id":"276974f3-b388-81dc-8d84-dacf97241769","parent":{"type":"page_id","page_id":"276974f3-b388-818c-8e49-d51efdf07c53"},"created_time":"2025-09-22T15:20:00.000Z","last_edited_time":"2025-09-22T15:20:00.000Z","created_by":{"object":"user","id":"645e79dd-3e43-40de-9d51-39357c1c427f"},"last_edited_by":{"object":"user","id":"645e79dd-3e43-40de-9d51-39357c1c427f"},"has_children":false,"archived":false,"in_trash":false,"type":"heading_1","heading_1":{"rich_text":[{"type":"text","text":{"content":"My
      new page","link":null},"annotations":{"bold":false,"italic":false,"strikethrough":false,"underline":false,"code":false,"color":"default"},"plain_text":"My
      new page","href":null}],"is_toggleable":false,"color":"default"}}],"next_cursor":null,"has_more":false,"type":"block","block":{},"request_id":"83255e73-ecae-40f2-a8c7-8567fa119bed"}'
    headers:
      CF-Cache-Status:
      - DYNAMIC
      CF-Ray:
      - 9832c9cad9216d26-FRA
      Connection:
      - keep-alive
      Content-Encoding:
      - gzip
      Content-Type:
      - application/json; charset=utf-8
      Server:
      - cloudflare
      Strict-Transport-Security:
      - max-age=31536000; includeSubDomains; preload
      Transfer-Encoding:
      - chunked
      Vary:
      - Accept-Encoding
      alt-svc:
      - h3=":443"; ma=86400
      content-security-policy:
      - default-src 'none'
      referrer-policy:
      - strict-origin-when-cross-origin
      x-content-type-options:
      - nosniff
      x-dns-prefetch-control:
      - 'off'
      x-download-options:
      - noopen
      x-frame-options:
      - SAMEORIGIN
      x-notion-request-id:
      - 83255e73-ecae-40f2-a8c7-8567fa119bed
      x-permitted-cross-domain-policies:
      - none
      x-xss-protection:
      - '0'
    http_version: HTTP/1.1
    status_code: 200
- request:
    body: '{"children":[{"object":"block","has_children":false,"in_trash":false,"archived":false,"type":"heading_2","heading_2":{"rich_text":[{"type":"text","plain_text":"Heading
      2","annotations":{"bold":false,"italic":false,"strikethrough":false,"underline":false,"code":false},"text":{"content":"Heading
      2"}}],"color":"default","is_toggleable":false}},{"object":"block","has_children":false,"in_trash":false,"archived":false,"type":"heading_2","heading_2":{"rich_text":[{"type":"text","plain_text":"Heading
      3","annotations":{"bold":false,"italic":false,"strikethrough":false,"underline":false,"code":false},"text":{"content":"Heading
      3"}}],"color":"default","is_toggleable":false}},{"object":"block","has_children":false,"in_trash":false,"archived":false,"type":"heading_2","heading_2":{"rich_text":[{"type":"text","plain_text":"Heading
      4","annotations":{"bold":false,"italic":false,"strikethrough":false,"underline":false,"code":false},"text":{"content":"Heading
      4"}}],"color":"default","is_toggleable":false}}]}'
    headers:
      accept:
      - '*/*'
      accept-encoding:
      - gzip, deflate
      authorization:
      - secret...
      connection:
      - keep-alive
      content-length:
      - '1004'
      content-type:
      - application/json
      cookie:
      - secret...
      host:
      - api.notion.com
      notion-version:
      - '2022-06-28'
      user-agent:
      - secret...
    method: PATCH
    uri: https://api.notion.com/v1/blocks/276974f3-b388-818c-8e49-d51efdf07c53/children
  response:
    content: '{"object":"list","results":[{"object":"block","id":"276974f3-b388-8133-8c30-ed3d16fb9701","parent":{"type":"page_id","page_id":"276974f3-b388-818c-8e49-d51efdf07c53"},"created_time":"2025-09-22T15:20:00.000Z","last_edited_time":"2025-09-22T15:20:00.000Z","created_by":{"object":"user","id":"645e79dd-3e43-40de-9d51-39357c1c427f"},"last_edited_by":{"object":"user","id":"645e79dd-3e43-40de-9d51-39357c1c427f"},"has_children":false,"archived":false,"in_trash":false,"type":"heading_2","heading_2":{"rich_text":[{"type":"text","text":{"content":"Heading
      2","link":null},"annotations":{"bold":false,"italic":false,"strikethrough":false,"underline":false,"code":false,"color":"default"},"plain_text":"Heading
      2","href":null}],"is_toggleable":false,"color":"default"}},{"object":"block","id":"276974f3-b388-819a-b1db-e3a4b52856cb","parent":{"type":"page_id","page_id":"276974f3-b388-818c-8e49-d51efdf07c53"},"created_time":"2025-09-22T15:20:00.000Z","last_edited_time":"2025-09-22T15:20:00.000Z","created_by":{"object":"user","id":"645e79dd-3e43-40de-9d51-39357c1c427f"},"last_edited_by":{"object":"user","id":"645e79dd-3e43-40de-9d51-39357c1c427f"},"has_children":false,"archived":false,"in_trash":false,"type":"heading_2","heading_2":{"rich_text":[{"type":"text","text":{"content":"Heading
      3","link":null},"annotations":{"bold":false,"italic":false,"strikethrough":false,"underline":false,"code":false,"color":"default"},"plain_text":"Heading
      3","href":null}],"is_toggleable":false,"color":"default"}},{"object":"block","id":"276974f3-b388-8100-bece-e312ba51c3b3","parent":{"type":"page_id","page_id":"276974f3-b388-818c-8e49-d51efdf07c53"},"created_time":"2025-09-22T15:20:00.000Z","last_edited_time":"2025-09-22T15:20:00.000Z","created_by":{"object":"user","id":"645e79dd-3e43-40de-9d51-39357c1c427f"},"last_edited_by":{"object":"user","id":"645e79dd-3e43-40de-9d51-39357c1c427f"},"has_children":false,"archived":false,"in_trash":false,"type":"heading_2","heading_2":{"rich_text":[{"type":"text","text":{"content":"Heading
      4","link":null},"annotations":{"bold":false,"italic":false,"strikethrough":false,"underline":false,"code":false,"color":"default"},"plain_text":"Heading
      4","href":null}],"is_toggleable":false,"color":"default"}}],"next_cursor":null,"has_more":false,"type":"block","block":{},"request_id":"566cd5e4-6281-43ec-b7d0-701cb836ca48"}'
    headers:
      CF-Cache-Status:
      - DYNAMIC
      CF-Ray:
      - 9832c9d04d186d26-FRA
      Connection:
      - keep-alive
      Content-Encoding:
      - gzip
      Content-Type:
      - application/json; charset=utf-8
      Server:
      - cloudflare
      Strict-Transport-Security:
      - max-age=31536000; includeSubDomains; preload
      Transfer-Encoding:
      - chunked
      Vary:
      - Accept-Encoding
      alt-svc:
      - h3=":443"; ma=86400
      content-security-policy:
      - default-src 'none'
      referrer-policy:
      - strict-origin-when-cross-origin
      x-content-type-options:
      - nosniff
      x-dns-prefetch-control:
      - 'off'
      x-download-options:
      - noopen
      x-frame-options:
      - SAMEORIGIN
      x-notion-request-id:
      - 566cd5e4-6281-43ec-b7d0-701cb836ca48
      x-permitted-cross-domain-policies:
      - none
      x-xss-protection:
      - '0'
    http_version: HTTP/1.1
    status_code: 200
- request:
    body: '{"children":[{"object":"block","has_children":false,"in_trash":false,"archived":false,"type":"heading_3","heading_3":{"rich_text":[{"type":"text","plain_text":"Heading
      2.1","annotations":{"bold":false,"italic":false,"strikethrough":false,"underline":false,"code":false},"text":{"content":"Heading
      2.1"}}],"color":"red","is_toggleable":true}}],"after":"276974f3-b388-8133-8c30-ed3d16fb9701"}'
    headers:
      accept:
      - '*/*'
      accept-encoding:
      - gzip, deflate
      authorization:
      - secret...
      connection:
      - keep-alive
      content-length:
      - '390'
      content-type:
      - application/json
      cookie:
      - secret...
      host:
      - api.notion.com
      notion-version:
      - '2022-06-28'
      user-agent:
      - secret...
    method: PATCH
    uri: https://api.notion.com/v1/blocks/276974f3-b388-818c-8e49-d51efdf07c53/children
  response:
    content: '{"object":"list","results":[{"object":"block","id":"276974f3-b388-8109-8c4d-d40ca42b4fd5","parent":{"type":"page_id","page_id":"276974f3-b388-818c-8e49-d51efdf07c53"},"created_time":"2025-09-22T15:20:00.000Z","last_edited_time":"2025-09-22T15:20:00.000Z","created_by":{"object":"user","id":"645e79dd-3e43-40de-9d51-39357c1c427f"},"last_edited_by":{"object":"user","id":"645e79dd-3e43-40de-9d51-39357c1c427f"},"has_children":false,"archived":false,"in_trash":false,"type":"heading_3","heading_3":{"rich_text":[{"type":"text","text":{"content":"Heading
      2.1","link":null},"annotations":{"bold":false,"italic":false,"strikethrough":false,"underline":false,"code":false,"color":"default"},"plain_text":"Heading
      2.1","href":null}],"is_toggleable":true,"color":"red"}},{"object":"block","id":"276974f3-b388-819a-b1db-e3a4b52856cb","parent":{"type":"page_id","page_id":"276974f3-b388-818c-8e49-d51efdf07c53"},"created_time":"2025-09-22T15:20:00.000Z","last_edited_time":"2025-09-22T15:20:00.000Z","created_by":{"object":"user","id":"645e79dd-3e43-40de-9d51-39357c1c427f"},"last_edited_by":{"object":"user","id":"645e79dd-3e43-40de-9d51-39357c1c427f"},"has_children":false,"archived":false,"in_trash":false,"type":"heading_2","heading_2":{"rich_text":[{"type":"text","text":{"content":"Heading
      3","link":null},"annotations":{"bold":false,"italic":false,"strikethrough":false,"underline":false,"code":false,"color":"default"},"plain_text":"Heading
      3","href":null}],"is_toggleable":false,"color":"default"}},{"object":"block","id":"276974f3-b388-8100-bece-e312ba51c3b3","parent":{"type":"page_id","page_id":"276974f3-b388-818c-8e49-d51efdf07c53"},"created_time":"2025-09-22T15:20:00.000Z","last_edited_time":"2025-09-22T15:20:00.000Z","created_by":{"object":"user","id":"645e79dd-3e43-40de-9d51-39357c1c427f"},"last_edited_by":{"object":"user","id":"645e79dd-3e43-40de-9d51-39357c1c427f"},"has_children":false,"archived":false,"in_trash":false,"type":"heading_2","heading_2":{"rich_text":[{"type":"text","text":{"content":"Heading
      4","link":null},"annotations":{"bold":false,"italic":false,"strikethrough":false,"underline":false,"code":false,"color":"default"},"plain_text":"Heading
      4","href":null}],"is_toggleable":false,"color":"default"}}],"next_cursor":null,"has_more":false,"type":"block","block":{},"request_id":"4d8181e9-3e69-44a1-bb8e-9769b12bc976"}'
    headers:
      CF-Cache-Status:
      - DYNAMIC
      CF-Ray:
      - 9832c9d3ccb16d26-FRA
      Connection:
      - keep-alive
      Content-Encoding:
      - gzip
      Content-Type:
      - application/json; charset=utf-8
      Server:
      - cloudflare
      Strict-Transport-Security:
      - max-age=31536000; includeSubDomains; preload
      Transfer-Encoding:
      - chunked
      Vary:
      - Accept-Encoding
      alt-svc:
      - h3=":443"; ma=86400
      content-security-policy:
      - default-src 'none'
      referrer-policy:
      - strict-origin-when-cross-origin
      x-content-type-options:
      - nosniff
      x-dns-prefetch-control:
      - 'off'
      x-download-options:
      - noopen
      x-frame-options:
      - SAMEORIGIN
      x-notion-request-id:
      - 4d8181e9-3e69-44a1-bb8e-9769b12bc976
      x-permitted-cross-domain-policies:
      - none
      x-xss-protection:
      - '0'
    http_version: HTTP/1.1
    status_code: 200
version: 1
