interactions:
- request:
    body: '{"parent": {"type": "page_id", "page_id": "5f505199-b292-4713-920b-61d813bf72a3"},
      "properties": {"title": {"type": "title", "title": [{"type": "text", "plain_text":
      "Page for creating file blocks", "annotations": {"bold": false, "italic": false,
      "strikethrough": false, "underline": false, "code": false}, "text": {"content":
      "Page for creating file blocks"}}]}}}'
    headers:
      accept:
      - '*/*'
      accept-encoding:
      - gzip, deflate
      authorization:
      - secret...
      connection:
      - keep-alive
      content-length:
      - '337'
      content-type:
      - application/json
      cookie:
      - secret...
      host:
      - api.notion.com
      notion-version:
      - '2022-06-28'
      user-agent:
      - secret...
    method: POST
    uri: https://api.notion.com/v1/pages
  response:
    content: '{"object":"page","id":"276974f3-b388-8181-b561-d33df7abe8f4","created_time":"2025-09-22T10:14:00.000Z","last_edited_time":"2025-09-22T10:14:00.000Z","created_by":{"object":"user","id":"645e79dd-3e43-40de-9d51-39357c1c427f"},"last_edited_by":{"object":"user","id":"645e79dd-3e43-40de-9d51-39357c1c427f"},"cover":null,"icon":null,"parent":{"type":"page_id","page_id":"5f505199-b292-4713-920b-61d813bf72a3"},"archived":false,"in_trash":false,"is_locked":false,"properties":{"title":{"id":"title","type":"title","title":[{"type":"text","text":{"content":"Page
      for creating file blocks","link":null},"annotations":{"bold":false,"italic":false,"strikethrough":false,"underline":false,"code":false,"color":"default"},"plain_text":"Page
      for creating file blocks","href":null}]}},"url":"https://www.notion.so/Page-for-creating-file-blocks-276974f3b3888181b561d33df7abe8f4","public_url":null,"request_id":"2017d336-cbc5-4675-aabc-ec09e71c824d"}'
    headers:
      CF-Cache-Status:
      - DYNAMIC
      CF-Ray:
      - 98310868bc2065c1-FRA
      Connection:
      - keep-alive
      Content-Encoding:
      - gzip
      Content-Type:
      - application/json; charset=utf-8
      Server:
      - cloudflare
      Set-Cookie:
      - __cf_bm=dJHquy1hwfCJ60r.4QbVXDarWNgiNHLGd3rSyCA5YvQ-1758536046-1.0.1.1-oBzH_4Q.rv7kQhRtkYHnWvC7v9pFvubwFG5hvkMYGWiva7uot0UQnbbGc8t5sVSNhyZ7.K_0BsYp8Dlxk6jo3bXbbhfpNpbo__r1RYXuAoU;
        path=/; expires=Mon, 22-Sep-25 10:44:06 GMT; domain=.notion.com; HttpOnly;
        Secure; SameSite=None
      Strict-Transport-Security:
      - max-age=31536000; includeSubDomains; preload
      Transfer-Encoding:
      - chunked
      Vary:
      - Accept-Encoding
      alt-svc:
      - h3=":443"; ma=86400
      content-security-policy:
      - default-src 'none'
      referrer-policy:
      - strict-origin-when-cross-origin
      x-content-type-options:
      - nosniff
      x-dns-prefetch-control:
      - 'off'
      x-download-options:
      - noopen
      x-frame-options:
      - SAMEORIGIN
      x-notion-request-id:
      - 2017d336-cbc5-4675-aabc-ec09e71c824d
      x-permitted-cross-domain-policies:
      - none
      x-xss-protection:
      - '0'
    http_version: HTTP/1.1
    status_code: 200
- request:
    body: ''
    headers:
      accept:
      - '*/*'
      accept-encoding:
      - gzip, deflate
      authorization:
      - secret...
      connection:
      - keep-alive
      cookie:
      - secret...
      host:
      - api.notion.com
      notion-version:
      - '2022-06-28'
      user-agent:
      - secret...
    method: GET
    uri: https://api.notion.com/v1/pages/5f505199-b292-4713-920b-61d813bf72a3
  response:
    content: '{"object":"page","id":"5f505199-b292-4713-920b-61d813bf72a3","created_time":"2022-08-22T15:47:00.000Z","last_edited_time":"2025-09-22T10:14:00.000Z","created_by":{"object":"user","id":"b10cb6df-12ef-44d3-88ad-250168f66322"},"last_edited_by":{"object":"user","id":"645e79dd-3e43-40de-9d51-39357c1c427f"},"cover":null,"icon":null,"parent":{"type":"workspace","workspace":true},"archived":false,"in_trash":false,"is_locked":false,"properties":{"title":{"id":"title","type":"title","title":[{"type":"text","text":{"content":"Tests","link":null},"annotations":{"bold":false,"italic":false,"strikethrough":false,"underline":false,"code":false,"color":"default"},"plain_text":"Tests","href":null}]}},"url":"https://www.notion.so/Tests-5f505199b2924713920b61d813bf72a3","public_url":null,"request_id":"994e4825-e4f1-403b-b775-8b148e8b6e8c"}'
    headers:
      CF-Cache-Status:
      - DYNAMIC
      CF-Ray:
      - 983108925f8665c1-FRA
      Connection:
      - keep-alive
      Content-Encoding:
      - gzip
      Content-Type:
      - application/json; charset=utf-8
      Server:
      - cloudflare
      Strict-Transport-Security:
      - max-age=31536000; includeSubDomains; preload
      Transfer-Encoding:
      - chunked
      Vary:
      - Accept-Encoding
      alt-svc:
      - h3=":443"; ma=86400
      content-security-policy:
      - default-src 'none'
      referrer-policy:
      - strict-origin-when-cross-origin
      x-content-type-options:
      - nosniff
      x-dns-prefetch-control:
      - 'off'
      x-download-options:
      - noopen
      x-frame-options:
      - SAMEORIGIN
      x-notion-request-id:
      - 994e4825-e4f1-403b-b775-8b148e8b6e8c
      x-permitted-cross-domain-policies:
      - none
      x-xss-protection:
      - '0'
    http_version: HTTP/1.1
    status_code: 200
- request:
    body: ''
    headers:
      accept:
      - '*/*'
      accept-encoding:
      - gzip, deflate
      authorization:
      - secret...
      connection:
      - keep-alive
      cookie:
      - secret...
      host:
      - api.notion.com
      notion-version:
      - '2022-06-28'
      user-agent:
      - secret...
    method: GET
    uri: https://api.notion.com/v1/blocks/276974f3-b388-8181-b561-d33df7abe8f4/children?page_size=100
  response:
    content: '{"object":"list","results":[],"next_cursor":null,"has_more":false,"type":"block","block":{},"request_id":"3bc8566e-9846-4126-bb71-4618e5241281"}'
    headers:
      CF-Cache-Status:
      - DYNAMIC
      CF-Ray:
      - 98310895c9c965c1-FRA
      Connection:
      - keep-alive
      Content-Encoding:
      - gzip
      Content-Type:
      - application/json; charset=utf-8
      Server:
      - cloudflare
      Strict-Transport-Security:
      - max-age=31536000; includeSubDomains; preload
      Transfer-Encoding:
      - chunked
      Vary:
      - Accept-Encoding
      alt-svc:
      - h3=":443"; ma=86400
      content-security-policy:
      - default-src 'none'
      referrer-policy:
      - strict-origin-when-cross-origin
      x-content-type-options:
      - nosniff
      x-dns-prefetch-control:
      - 'off'
      x-download-options:
      - noopen
      x-frame-options:
      - SAMEORIGIN
      x-notion-request-id:
      - 3bc8566e-9846-4126-bb71-4618e5241281
      x-permitted-cross-domain-policies:
      - none
      x-xss-protection:
      - '0'
    http_version: HTTP/1.1
    status_code: 200
- request:
    body: '{"children":[{"object":"block","has_children":false,"in_trash":false,"archived":false,"type":"file","file":{"type":"external","caption":[],"external":{"url":"https://www.google.de/robots.txt"}}},{"object":"block","has_children":false,"in_trash":false,"archived":false,"type":"file","file":{"type":"external","name":"my_file.txt","caption":[{"type":"text","plain_text":"Google
      Robots","annotations":{"bold":false,"italic":false,"strikethrough":false,"underline":false,"code":false},"text":{"content":"Google
      Robots"}}],"external":{"url":"https://www.google.de/robots.txt"}}},{"object":"block","has_children":false,"in_trash":false,"archived":false,"type":"image","image":{"type":"external","caption":[],"external":{"url":"https://cdn.pixabay.com/photo/2019/08/06/09/16/flowers-4387827_1280.jpg"}}},{"object":"block","has_children":false,"in_trash":false,"archived":false,"type":"image","image":{"type":"external","caption":[{"type":"text","plain_text":"Path
      on meadow","annotations":{"bold":false,"italic":false,"strikethrough":false,"underline":false,"code":false},"text":{"content":"Path
      on meadow"}}],"external":{"url":"https://cdn.pixabay.com/photo/2019/08/06/09/16/flowers-4387827_1280.jpg"}}},{"object":"block","has_children":false,"in_trash":false,"archived":false,"type":"video","video":{"type":"external","caption":[],"external":{"url":"https://www.youtube.com/watch?v=dQw4w9WgXcQ"}}}]}'
    headers:
      accept:
      - '*/*'
      accept-encoding:
      - gzip, deflate
      authorization:
      - secret...
      connection:
      - keep-alive
      content-length:
      - '1394'
      content-type:
      - application/json
      cookie:
      - secret...
      host:
      - api.notion.com
      notion-version:
      - '2022-06-28'
      user-agent:
      - secret...
    method: PATCH
    uri: https://api.notion.com/v1/blocks/276974f3-b388-8181-b561-d33df7abe8f4/children
  response:
    content: '{"object":"list","results":[{"object":"block","id":"276974f3-b388-818f-8a1c-c4a21a25c0df","parent":{"type":"page_id","page_id":"276974f3-b388-8181-b561-d33df7abe8f4"},"created_time":"2025-09-22T10:14:00.000Z","last_edited_time":"2025-09-22T10:14:00.000Z","created_by":{"object":"user","id":"645e79dd-3e43-40de-9d51-39357c1c427f"},"last_edited_by":{"object":"user","id":"645e79dd-3e43-40de-9d51-39357c1c427f"},"has_children":false,"archived":false,"in_trash":false,"type":"file","file":{"caption":[],"type":"external","external":{"url":"https://www.google.de/robots.txt"},"name":"robots.txt"}},{"object":"block","id":"276974f3-b388-8126-8244-f2573ce44cb1","parent":{"type":"page_id","page_id":"276974f3-b388-8181-b561-d33df7abe8f4"},"created_time":"2025-09-22T10:14:00.000Z","last_edited_time":"2025-09-22T10:14:00.000Z","created_by":{"object":"user","id":"645e79dd-3e43-40de-9d51-39357c1c427f"},"last_edited_by":{"object":"user","id":"645e79dd-3e43-40de-9d51-39357c1c427f"},"has_children":false,"archived":false,"in_trash":false,"type":"file","file":{"caption":[{"type":"text","text":{"content":"Google
      Robots","link":null},"annotations":{"bold":false,"italic":false,"strikethrough":false,"underline":false,"code":false,"color":"default"},"plain_text":"Google
      Robots","href":null}],"type":"external","external":{"url":"https://www.google.de/robots.txt"},"name":"my_file.txt"}},{"object":"block","id":"276974f3-b388-81de-b198-d795a8033201","parent":{"type":"page_id","page_id":"276974f3-b388-8181-b561-d33df7abe8f4"},"created_time":"2025-09-22T10:14:00.000Z","last_edited_time":"2025-09-22T10:14:00.000Z","created_by":{"object":"user","id":"645e79dd-3e43-40de-9d51-39357c1c427f"},"last_edited_by":{"object":"user","id":"645e79dd-3e43-40de-9d51-39357c1c427f"},"has_children":false,"archived":false,"in_trash":false,"type":"image","image":{"caption":[],"type":"external","external":{"url":"https://cdn.pixabay.com/photo/2019/08/06/09/16/flowers-4387827_1280.jpg"}}},{"object":"block","id":"276974f3-b388-8120-98af-c238bba7dd3e","parent":{"type":"page_id","page_id":"276974f3-b388-8181-b561-d33df7abe8f4"},"created_time":"2025-09-22T10:14:00.000Z","last_edited_time":"2025-09-22T10:14:00.000Z","created_by":{"object":"user","id":"645e79dd-3e43-40de-9d51-39357c1c427f"},"last_edited_by":{"object":"user","id":"645e79dd-3e43-40de-9d51-39357c1c427f"},"has_children":false,"archived":false,"in_trash":false,"type":"image","image":{"caption":[{"type":"text","text":{"content":"Path
      on meadow","link":null},"annotations":{"bold":false,"italic":false,"strikethrough":false,"underline":false,"code":false,"color":"default"},"plain_text":"Path
      on meadow","href":null}],"type":"external","external":{"url":"https://cdn.pixabay.com/photo/2019/08/06/09/16/flowers-4387827_1280.jpg"}}},{"object":"block","id":"276974f3-b388-811a-9af6-ca8bcc12a317","parent":{"type":"page_id","page_id":"276974f3-b388-8181-b561-d33df7abe8f4"},"created_time":"2025-09-22T10:14:00.000Z","last_edited_time":"2025-09-22T10:14:00.000Z","created_by":{"object":"user","id":"645e79dd-3e43-40de-9d51-39357c1c427f"},"last_edited_by":{"object":"user","id":"645e79dd-3e43-40de-9d51-39357c1c427f"},"has_children":false,"archived":false,"in_trash":false,"type":"video","video":{"caption":[],"type":"external","external":{"url":"https://www.youtube.com/watch?v=dQw4w9WgXcQ"}}}],"next_cursor":null,"has_more":false,"type":"block","block":{},"request_id":"1fa1b781-ad79-4d98-a0b0-da86035ab39a"}'
    headers:
      CF-Cache-Status:
      - DYNAMIC
      CF-Ray:
      - 983108974a9165c1-FRA
      Connection:
      - keep-alive
      Content-Encoding:
      - gzip
      Content-Type:
      - application/json; charset=utf-8
      Server:
      - cloudflare
      Strict-Transport-Security:
      - max-age=31536000; includeSubDomains; preload
      Transfer-Encoding:
      - chunked
      Vary:
      - Accept-Encoding
      alt-svc:
      - h3=":443"; ma=86400
      content-security-policy:
      - default-src 'none'
      referrer-policy:
      - strict-origin-when-cross-origin
      x-content-type-options:
      - nosniff
      x-dns-prefetch-control:
      - 'off'
      x-download-options:
      - noopen
      x-frame-options:
      - SAMEORIGIN
      x-notion-request-id:
      - 1fa1b781-ad79-4d98-a0b0-da86035ab39a
      x-permitted-cross-domain-policies:
      - none
      x-xss-protection:
      - '0'
    http_version: HTTP/1.1
    status_code: 200
- request:
    body: '{"children":[{"object":"block","has_children":false,"in_trash":false,"archived":false,"type":"video","video":{"type":"external","caption":[{"type":"text","plain_text":"Rick
      Roll","annotations":{"bold":false,"italic":false,"strikethrough":false,"underline":false,"code":false},"text":{"content":"Rick
      Roll"}}],"external":{"url":"https://www.youtube.com/watch?v=dQw4w9WgXcQ"}}},{"object":"block","has_children":false,"in_trash":false,"archived":false,"type":"pdf","pdf":{"type":"external","caption":[],"external":{"url":"https://www.rd.usda.gov/sites/default/files/pdf-sample_0.pdf"}}},{"object":"block","has_children":false,"in_trash":false,"archived":false,"type":"pdf","pdf":{"type":"external","caption":[{"type":"text","plain_text":"Dummy
      PDF","annotations":{"bold":false,"italic":false,"strikethrough":false,"underline":false,"code":false},"text":{"content":"Dummy
      PDF"}}],"external":{"url":"https://www.rd.usda.gov/sites/default/files/pdf-sample_0.pdf"}}},{"object":"block","has_children":false,"in_trash":false,"archived":false,"type":"audio","audio":{"type":"external","caption":[],"external":{"url":"https://samplelib.com/lib/preview/mp3/sample-3s.mp3"}}},{"object":"block","has_children":false,"in_trash":false,"archived":false,"type":"audio","audio":{"type":"external","caption":[{"type":"text","plain_text":"Sample
      Audio","annotations":{"bold":false,"italic":false,"strikethrough":false,"underline":false,"code":false},"text":{"content":"Sample
      Audio"}}],"external":{"url":"https://samplelib.com/lib/preview/mp3/sample-3s.mp3"}}}]}'
    headers:
      accept:
      - '*/*'
      accept-encoding:
      - gzip, deflate
      authorization:
      - secret...
      connection:
      - keep-alive
      content-length:
      - '1541'
      content-type:
      - application/json
      cookie:
      - secret...
      host:
      - api.notion.com
      notion-version:
      - '2022-06-28'
      user-agent:
      - secret...
    method: PATCH
    uri: https://api.notion.com/v1/blocks/276974f3-b388-8181-b561-d33df7abe8f4/children
  response:
    content: '{"object":"list","results":[{"object":"block","id":"276974f3-b388-8199-b17a-d8ab330ac0ed","parent":{"type":"page_id","page_id":"276974f3-b388-8181-b561-d33df7abe8f4"},"created_time":"2025-09-22T10:14:00.000Z","last_edited_time":"2025-09-22T10:14:00.000Z","created_by":{"object":"user","id":"645e79dd-3e43-40de-9d51-39357c1c427f"},"last_edited_by":{"object":"user","id":"645e79dd-3e43-40de-9d51-39357c1c427f"},"has_children":false,"archived":false,"in_trash":false,"type":"video","video":{"caption":[{"type":"text","text":{"content":"Rick
      Roll","link":null},"annotations":{"bold":false,"italic":false,"strikethrough":false,"underline":false,"code":false,"color":"default"},"plain_text":"Rick
      Roll","href":null}],"type":"external","external":{"url":"https://www.youtube.com/watch?v=dQw4w9WgXcQ"}}},{"object":"block","id":"276974f3-b388-81af-b530-dd1af223b44e","parent":{"type":"page_id","page_id":"276974f3-b388-8181-b561-d33df7abe8f4"},"created_time":"2025-09-22T10:14:00.000Z","last_edited_time":"2025-09-22T10:14:00.000Z","created_by":{"object":"user","id":"645e79dd-3e43-40de-9d51-39357c1c427f"},"last_edited_by":{"object":"user","id":"645e79dd-3e43-40de-9d51-39357c1c427f"},"has_children":false,"archived":false,"in_trash":false,"type":"pdf","pdf":{"caption":[],"type":"external","external":{"url":"https://www.rd.usda.gov/sites/default/files/pdf-sample_0.pdf"}}},{"object":"block","id":"276974f3-b388-8102-afbc-df84a3081828","parent":{"type":"page_id","page_id":"276974f3-b388-8181-b561-d33df7abe8f4"},"created_time":"2025-09-22T10:14:00.000Z","last_edited_time":"2025-09-22T10:14:00.000Z","created_by":{"object":"user","id":"645e79dd-3e43-40de-9d51-39357c1c427f"},"last_edited_by":{"object":"user","id":"645e79dd-3e43-40de-9d51-39357c1c427f"},"has_children":false,"archived":false,"in_trash":false,"type":"pdf","pdf":{"caption":[{"type":"text","text":{"content":"Dummy
      PDF","link":null},"annotations":{"bold":false,"italic":false,"strikethrough":false,"underline":false,"code":false,"color":"default"},"plain_text":"Dummy
      PDF","href":null}],"type":"external","external":{"url":"https://www.rd.usda.gov/sites/default/files/pdf-sample_0.pdf"}}},{"object":"block","id":"276974f3-b388-8111-8114-e136169844f8","parent":{"type":"page_id","page_id":"276974f3-b388-8181-b561-d33df7abe8f4"},"created_time":"2025-09-22T10:14:00.000Z","last_edited_time":"2025-09-22T10:14:00.000Z","created_by":{"object":"user","id":"645e79dd-3e43-40de-9d51-39357c1c427f"},"last_edited_by":{"object":"user","id":"645e79dd-3e43-40de-9d51-39357c1c427f"},"has_children":false,"archived":false,"in_trash":false,"type":"audio","audio":{"caption":[],"type":"external","external":{"url":"https://samplelib.com/lib/preview/mp3/sample-3s.mp3"}}},{"object":"block","id":"276974f3-b388-8154-8cd2-d7d4f2d3a67b","parent":{"type":"page_id","page_id":"276974f3-b388-8181-b561-d33df7abe8f4"},"created_time":"2025-09-22T10:14:00.000Z","last_edited_time":"2025-09-22T10:14:00.000Z","created_by":{"object":"user","id":"645e79dd-3e43-40de-9d51-39357c1c427f"},"last_edited_by":{"object":"user","id":"645e79dd-3e43-40de-9d51-39357c1c427f"},"has_children":false,"archived":false,"in_trash":false,"type":"audio","audio":{"caption":[{"type":"text","text":{"content":"Sample
      Audio","link":null},"annotations":{"bold":false,"italic":false,"strikethrough":false,"underline":false,"code":false,"color":"default"},"plain_text":"Sample
      Audio","href":null}],"type":"external","external":{"url":"https://samplelib.com/lib/preview/mp3/sample-3s.mp3"}}}],"next_cursor":null,"has_more":false,"type":"block","block":{},"request_id":"0677478c-524b-4a80-b871-d056de9d5947"}'
    headers:
      CF-Cache-Status:
      - DYNAMIC
      CF-Ray:
      - 9831089c2d7065c1-FRA
      Connection:
      - keep-alive
      Content-Encoding:
      - gzip
      Content-Type:
      - application/json; charset=utf-8
      Server:
      - cloudflare
      Strict-Transport-Security:
      - max-age=31536000; includeSubDomains; preload
      Transfer-Encoding:
      - chunked
      Vary:
      - Accept-Encoding
      alt-svc:
      - h3=":443"; ma=86400
      content-security-policy:
      - default-src 'none'
      referrer-policy:
      - strict-origin-when-cross-origin
      x-content-type-options:
      - nosniff
      x-dns-prefetch-control:
      - 'off'
      x-download-options:
      - noopen
      x-frame-options:
      - SAMEORIGIN
      x-notion-request-id:
      - 0677478c-524b-4a80-b871-d056de9d5947
      x-permitted-cross-domain-policies:
      - none
      x-xss-protection:
      - '0'
    http_version: HTTP/1.1
    status_code: 200
version: 1
