interactions:
- request:
    body: '{"parent": {"type": "page_id", "page_id": "5f505199-b292-4713-920b-61d813bf72a3"},
      "properties": {"title": {"type": "title", "title": [{"type": "text", "plain_text":
      "Page for creating column blocks", "annotations": {"bold": false, "italic":
      false, "strikethrough": false, "underline": false, "code": false, "color": "default"},
      "text": {"content": "Page for creating column blocks"}}]}}}'
    headers:
      accept:
      - '*/*'
      accept-encoding:
      - gzip, deflate
      authorization:
      - secret...
      connection:
      - keep-alive
      content-length:
      - '388'
      content-type:
      - application/json
      cookie:
      - secret...
      host:
      - api.notion.com
      notion-version:
      - '2022-06-28'
      user-agent:
      - secret...
    method: POST
    uri: https://api.notion.com/v1/pages
  response:
    content: '{"object":"page","id":"10f974f3-b388-8130-9980-dc43d3dcdfe7","created_time":"2024-09-28T13:39:00.000Z","last_edited_time":"2024-09-28T13:39:00.000Z","created_by":{"object":"user","id":"645e79dd-3e43-40de-9d51-39357c1c427f"},"last_edited_by":{"object":"user","id":"645e79dd-3e43-40de-9d51-39357c1c427f"},"cover":null,"icon":null,"parent":{"type":"page_id","page_id":"5f505199-b292-4713-920b-61d813bf72a3"},"archived":false,"in_trash":false,"properties":{"title":{"id":"title","type":"title","title":[{"type":"text","text":{"content":"Page
      for creating column blocks","link":null},"annotations":{"bold":false,"italic":false,"strikethrough":false,"underline":false,"code":false,"color":"default"},"plain_text":"Page
      for creating column blocks","href":null}]}},"url":"https://www.notion.so/Page-for-creating-column-blocks-10f974f3b38881309980dc43d3dcdfe7","public_url":null,"request_id":"554fd9f3-1029-4a0f-9ce2-836720920e48"}'
    headers:
      CF-Cache-Status:
      - DYNAMIC
      CF-Ray:
      - 8ca424800a423612-FRA
      Connection:
      - keep-alive
      Content-Encoding:
      - gzip
      Content-Type:
      - application/json; charset=utf-8
      Server:
      - cloudflare
      Strict-Transport-Security:
      - max-age=31536000; includeSubDomains; preload
      Transfer-Encoding:
      - chunked
      Vary:
      - Accept-Encoding
      content-security-policy:
      - default-src 'none'
      referrer-policy:
      - strict-origin-when-cross-origin
      x-content-type-options:
      - nosniff
      x-dns-prefetch-control:
      - 'off'
      x-download-options:
      - noopen
      x-frame-options:
      - SAMEORIGIN
      x-notion-request-id:
      - 554fd9f3-1029-4a0f-9ce2-836720920e48
      x-permitted-cross-domain-policies:
      - none
      x-xss-protection:
      - '0'
    http_version: HTTP/1.1
    status_code: 200
- request:
    body: ''
    headers:
      accept:
      - '*/*'
      accept-encoding:
      - gzip, deflate
      authorization:
      - secret...
      connection:
      - keep-alive
      cookie:
      - secret...
      host:
      - api.notion.com
      notion-version:
      - '2022-06-28'
      user-agent:
      - secret...
    method: GET
    uri: https://api.notion.com/v1/blocks/10f974f3-b388-8130-9980-dc43d3dcdfe7/children?page_size=100
  response:
    content: '{"object":"list","results":[],"next_cursor":null,"has_more":false,"type":"block","block":{},"request_id":"a136002a-ea1e-4391-a07c-9d099b22a39f"}'
    headers:
      CF-Cache-Status:
      - DYNAMIC
      CF-Ray:
      - 8ca424836c903612-FRA
      Connection:
      - keep-alive
      Content-Encoding:
      - gzip
      Content-Type:
      - application/json; charset=utf-8
      Server:
      - cloudflare
      Strict-Transport-Security:
      - max-age=31536000; includeSubDomains; preload
      Transfer-Encoding:
      - chunked
      Vary:
      - Accept-Encoding
      content-security-policy:
      - default-src 'none'
      referrer-policy:
      - strict-origin-when-cross-origin
      x-content-type-options:
      - nosniff
      x-dns-prefetch-control:
      - 'off'
      x-download-options:
      - noopen
      x-frame-options:
      - SAMEORIGIN
      x-notion-request-id:
      - a136002a-ea1e-4391-a07c-9d099b22a39f
      x-permitted-cross-domain-policies:
      - none
      x-xss-protection:
      - '0'
    http_version: HTTP/1.1
    status_code: 200
- request:
    body: '{"children": [{"type": "column_list", "object": "block", "has_children":
      false, "in_trash": false, "archived": false, "column_list": {"children": [{"type":
      "column", "object": "block", "has_children": false, "in_trash": false, "archived":
      false, "column": {"children": []}}, {"type": "column", "object": "block", "has_children":
      false, "in_trash": false, "archived": false, "column": {"children": []}}]}}]}'
    headers:
      accept:
      - '*/*'
      accept-encoding:
      - gzip, deflate
      authorization:
      - secret...
      connection:
      - keep-alive
      content-length:
      - '406'
      content-type:
      - application/json
      cookie:
      - secret...
      host:
      - api.notion.com
      notion-version:
      - '2022-06-28'
      user-agent:
      - secret...
    method: PATCH
    uri: https://api.notion.com/v1/blocks/10f974f3-b388-8130-9980-dc43d3dcdfe7/children
  response:
    content: '{"object":"list","results":[{"object":"block","id":"10f974f3-b388-81bf-ab31-d42e34a282f9","parent":{"type":"page_id","page_id":"10f974f3-b388-8130-9980-dc43d3dcdfe7"},"created_time":"2024-09-28T13:39:00.000Z","last_edited_time":"2024-09-28T13:39:00.000Z","created_by":{"object":"user","id":"645e79dd-3e43-40de-9d51-39357c1c427f"},"last_edited_by":{"object":"user","id":"645e79dd-3e43-40de-9d51-39357c1c427f"},"has_children":true,"archived":false,"in_trash":false,"type":"column_list","column_list":{}}],"next_cursor":null,"has_more":false,"type":"block","block":{},"request_id":"447b43de-e2bf-4364-8884-61714258d46d"}'
    headers:
      CF-Cache-Status:
      - DYNAMIC
      CF-Ray:
      - 8ca42484ed8b3612-FRA
      Connection:
      - keep-alive
      Content-Encoding:
      - gzip
      Content-Type:
      - application/json; charset=utf-8
      Server:
      - cloudflare
      Strict-Transport-Security:
      - max-age=31536000; includeSubDomains; preload
      Transfer-Encoding:
      - chunked
      Vary:
      - Accept-Encoding
      content-security-policy:
      - default-src 'none'
      referrer-policy:
      - strict-origin-when-cross-origin
      x-content-type-options:
      - nosniff
      x-dns-prefetch-control:
      - 'off'
      x-download-options:
      - noopen
      x-frame-options:
      - SAMEORIGIN
      x-notion-request-id:
      - 447b43de-e2bf-4364-8884-61714258d46d
      x-permitted-cross-domain-policies:
      - none
      x-xss-protection:
      - '0'
    http_version: HTTP/1.1
    status_code: 200
- request:
    body: ''
    headers:
      accept:
      - '*/*'
      accept-encoding:
      - gzip, deflate
      authorization:
      - secret...
      connection:
      - keep-alive
      cookie:
      - secret...
      host:
      - api.notion.com
      notion-version:
      - '2022-06-28'
      user-agent:
      - secret...
    method: GET
    uri: https://api.notion.com/v1/blocks/10f974f3-b388-81bf-ab31-d42e34a282f9/children?page_size=100
  response:
    content: '{"object":"list","results":[{"object":"block","id":"10f974f3-b388-8108-8c84-d13995a7ea8e","parent":{"type":"block_id","block_id":"10f974f3-b388-81bf-ab31-d42e34a282f9"},"created_time":"2024-09-28T13:39:00.000Z","last_edited_time":"2024-09-28T13:39:00.000Z","created_by":{"object":"user","id":"645e79dd-3e43-40de-9d51-39357c1c427f"},"last_edited_by":{"object":"user","id":"645e79dd-3e43-40de-9d51-39357c1c427f"},"has_children":false,"archived":false,"in_trash":false,"type":"column","column":{}},{"object":"block","id":"10f974f3-b388-81a4-ab55-e2120576cb54","parent":{"type":"block_id","block_id":"10f974f3-b388-81bf-ab31-d42e34a282f9"},"created_time":"2024-09-28T13:39:00.000Z","last_edited_time":"2024-09-28T13:39:00.000Z","created_by":{"object":"user","id":"645e79dd-3e43-40de-9d51-39357c1c427f"},"last_edited_by":{"object":"user","id":"645e79dd-3e43-40de-9d51-39357c1c427f"},"has_children":false,"archived":false,"in_trash":false,"type":"column","column":{}}],"next_cursor":null,"has_more":false,"type":"block","block":{},"request_id":"a9d9c333-48a5-43b6-8e2f-bffd6ffc4c3e"}'
    headers:
      CF-Cache-Status:
      - DYNAMIC
      CF-Ray:
      - 8ca42488f8473612-FRA
      Connection:
      - keep-alive
      Content-Encoding:
      - gzip
      Content-Type:
      - application/json; charset=utf-8
      Server:
      - cloudflare
      Strict-Transport-Security:
      - max-age=31536000; includeSubDomains; preload
      Transfer-Encoding:
      - chunked
      Vary:
      - Accept-Encoding
      content-security-policy:
      - default-src 'none'
      referrer-policy:
      - strict-origin-when-cross-origin
      x-content-type-options:
      - nosniff
      x-dns-prefetch-control:
      - 'off'
      x-download-options:
      - noopen
      x-frame-options:
      - SAMEORIGIN
      x-notion-request-id:
      - a9d9c333-48a5-43b6-8e2f-bffd6ffc4c3e
      x-permitted-cross-domain-policies:
      - none
      x-xss-protection:
      - '0'
    http_version: HTTP/1.1
    status_code: 200
- request:
    body: ''
    headers:
      accept:
      - '*/*'
      accept-encoding:
      - gzip, deflate
      authorization:
      - secret...
      connection:
      - keep-alive
      cookie:
      - secret...
      host:
      - api.notion.com
      notion-version:
      - '2022-06-28'
      user-agent:
      - secret...
    method: GET
    uri: https://api.notion.com/v1/blocks/10f974f3-b388-8108-8c84-d13995a7ea8e/children?page_size=100
  response:
    content: '{"object":"list","results":[],"next_cursor":null,"has_more":false,"type":"block","block":{},"request_id":"74ed88d3-bfb7-4647-b53c-da10b3cce86f"}'
    headers:
      CF-Cache-Status:
      - DYNAMIC
      CF-Ray:
      - 8ca4248af9e63612-FRA
      Connection:
      - keep-alive
      Content-Encoding:
      - gzip
      Content-Type:
      - application/json; charset=utf-8
      Server:
      - cloudflare
      Strict-Transport-Security:
      - max-age=31536000; includeSubDomains; preload
      Transfer-Encoding:
      - chunked
      Vary:
      - Accept-Encoding
      content-security-policy:
      - default-src 'none'
      referrer-policy:
      - strict-origin-when-cross-origin
      x-content-type-options:
      - nosniff
      x-dns-prefetch-control:
      - 'off'
      x-download-options:
      - noopen
      x-frame-options:
      - SAMEORIGIN
      x-notion-request-id:
      - 74ed88d3-bfb7-4647-b53c-da10b3cce86f
      x-permitted-cross-domain-policies:
      - none
      x-xss-protection:
      - '0'
    http_version: HTTP/1.1
    status_code: 200
- request:
    body: '{"children": [{"type": "paragraph", "object": "block", "has_children":
      false, "in_trash": false, "archived": false, "paragraph": {"rich_text": [{"type":
      "text", "plain_text": "Column 1", "annotations": {"bold": false, "italic": false,
      "strikethrough": false, "underline": false, "code": false, "color": "default"},
      "text": {"content": "Column 1"}}], "children": [], "color": "default"}}]}'
    headers:
      accept:
      - '*/*'
      accept-encoding:
      - gzip, deflate
      authorization:
      - secret...
      connection:
      - keep-alive
      content-length:
      - '388'
      content-type:
      - application/json
      cookie:
      - secret...
      host:
      - api.notion.com
      notion-version:
      - '2022-06-28'
      user-agent:
      - secret...
    method: PATCH
    uri: https://api.notion.com/v1/blocks/10f974f3-b388-8108-8c84-d13995a7ea8e/children
  response:
    content: '{"object":"list","results":[{"object":"block","id":"10f974f3-b388-8145-b4dd-c63f12baa62f","parent":{"type":"block_id","block_id":"10f974f3-b388-8108-8c84-d13995a7ea8e"},"created_time":"2024-09-28T13:40:00.000Z","last_edited_time":"2024-09-28T13:40:00.000Z","created_by":{"object":"user","id":"645e79dd-3e43-40de-9d51-39357c1c427f"},"last_edited_by":{"object":"user","id":"645e79dd-3e43-40de-9d51-39357c1c427f"},"has_children":false,"archived":false,"in_trash":false,"type":"paragraph","paragraph":{"rich_text":[{"type":"text","text":{"content":"Column
      1","link":null},"annotations":{"bold":false,"italic":false,"strikethrough":false,"underline":false,"code":false,"color":"default"},"plain_text":"Column
      1","href":null}],"color":"default"}}],"next_cursor":null,"has_more":false,"type":"block","block":{},"request_id":"ec336dd5-2dbf-4227-ac12-8d3bc0712301"}'
    headers:
      CF-Cache-Status:
      - DYNAMIC
      CF-Ray:
      - 8ca4248dcba73612-FRA
      Connection:
      - keep-alive
      Content-Encoding:
      - gzip
      Content-Type:
      - application/json; charset=utf-8
      Server:
      - cloudflare
      Strict-Transport-Security:
      - max-age=31536000; includeSubDomains; preload
      Transfer-Encoding:
      - chunked
      Vary:
      - Accept-Encoding
      content-security-policy:
      - default-src 'none'
      referrer-policy:
      - strict-origin-when-cross-origin
      x-content-type-options:
      - nosniff
      x-dns-prefetch-control:
      - 'off'
      x-download-options:
      - noopen
      x-frame-options:
      - SAMEORIGIN
      x-notion-request-id:
      - ec336dd5-2dbf-4227-ac12-8d3bc0712301
      x-permitted-cross-domain-policies:
      - none
      x-xss-protection:
      - '0'
    http_version: HTTP/1.1
    status_code: 200
- request:
    body: ''
    headers:
      accept:
      - '*/*'
      accept-encoding:
      - gzip, deflate
      authorization:
      - secret...
      connection:
      - keep-alive
      cookie:
      - secret...
      host:
      - api.notion.com
      notion-version:
      - '2022-06-28'
      user-agent:
      - secret...
    method: GET
    uri: https://api.notion.com/v1/blocks/10f974f3-b388-81a4-ab55-e2120576cb54/children?page_size=100
  response:
    content: '{"object":"list","results":[],"next_cursor":null,"has_more":false,"type":"block","block":{},"request_id":"6ea7e487-9c51-402c-859a-94c77ae531af"}'
    headers:
      CF-Cache-Status:
      - DYNAMIC
      CF-Ray:
      - 8ca42490de523612-FRA
      Connection:
      - keep-alive
      Content-Encoding:
      - gzip
      Content-Type:
      - application/json; charset=utf-8
      Server:
      - cloudflare
      Strict-Transport-Security:
      - max-age=31536000; includeSubDomains; preload
      Transfer-Encoding:
      - chunked
      Vary:
      - Accept-Encoding
      content-security-policy:
      - default-src 'none'
      referrer-policy:
      - strict-origin-when-cross-origin
      x-content-type-options:
      - nosniff
      x-dns-prefetch-control:
      - 'off'
      x-download-options:
      - noopen
      x-frame-options:
      - SAMEORIGIN
      x-notion-request-id:
      - 6ea7e487-9c51-402c-859a-94c77ae531af
      x-permitted-cross-domain-policies:
      - none
      x-xss-protection:
      - '0'
    http_version: HTTP/1.1
    status_code: 200
- request:
    body: '{"children": [{"type": "paragraph", "object": "block", "has_children":
      false, "in_trash": false, "archived": false, "paragraph": {"rich_text": [{"type":
      "text", "plain_text": "Column 2", "annotations": {"bold": false, "italic": false,
      "strikethrough": false, "underline": false, "code": false, "color": "default"},
      "text": {"content": "Column 2"}}], "children": [], "color": "default"}}]}'
    headers:
      accept:
      - '*/*'
      accept-encoding:
      - gzip, deflate
      authorization:
      - secret...
      connection:
      - keep-alive
      content-length:
      - '388'
      content-type:
      - application/json
      cookie:
      - secret...
      host:
      - api.notion.com
      notion-version:
      - '2022-06-28'
      user-agent:
      - secret...
    method: PATCH
    uri: https://api.notion.com/v1/blocks/10f974f3-b388-81a4-ab55-e2120576cb54/children
  response:
    content: '{"object":"list","results":[{"object":"block","id":"10f974f3-b388-8119-9014-f03d8724a36b","parent":{"type":"block_id","block_id":"10f974f3-b388-81a4-ab55-e2120576cb54"},"created_time":"2024-09-28T13:40:00.000Z","last_edited_time":"2024-09-28T13:40:00.000Z","created_by":{"object":"user","id":"645e79dd-3e43-40de-9d51-39357c1c427f"},"last_edited_by":{"object":"user","id":"645e79dd-3e43-40de-9d51-39357c1c427f"},"has_children":false,"archived":false,"in_trash":false,"type":"paragraph","paragraph":{"rich_text":[{"type":"text","text":{"content":"Column
      2","link":null},"annotations":{"bold":false,"italic":false,"strikethrough":false,"underline":false,"code":false,"color":"default"},"plain_text":"Column
      2","href":null}],"color":"default"}}],"next_cursor":null,"has_more":false,"type":"block","block":{},"request_id":"092ae83d-ac8d-4271-8e1a-18ce841e4c61"}'
    headers:
      CF-Cache-Status:
      - DYNAMIC
      CF-Ray:
      - 8ca424988c523612-FRA
      Connection:
      - keep-alive
      Content-Encoding:
      - gzip
      Content-Type:
      - application/json; charset=utf-8
      Server:
      - cloudflare
      Strict-Transport-Security:
      - max-age=31536000; includeSubDomains; preload
      Transfer-Encoding:
      - chunked
      Vary:
      - Accept-Encoding
      content-security-policy:
      - default-src 'none'
      referrer-policy:
      - strict-origin-when-cross-origin
      x-content-type-options:
      - nosniff
      x-dns-prefetch-control:
      - 'off'
      x-download-options:
      - noopen
      x-frame-options:
      - SAMEORIGIN
      x-notion-request-id:
      - 092ae83d-ac8d-4271-8e1a-18ce841e4c61
      x-permitted-cross-domain-policies:
      - none
      x-xss-protection:
      - '0'
    http_version: HTTP/1.1
    status_code: 200
version: 1
