interactions:
- request:
    body: '{"parent": {"type": "page_id", "page_id": "5f505199-b292-4713-920b-61d813bf72a3"},
      "properties": {"title": {"type": "title", "title": [{"type": "text", "plain_text":
      "Page for creating file blocks", "annotations": {"bold": false, "italic": false,
      "strikethrough": false, "underline": false, "code": false}, "text": {"content":
      "Page for creating file blocks"}}]}}}'
    headers:
      accept:
      - '*/*'
      accept-encoding:
      - gzip, deflate
      authorization:
      - secret...
      connection:
      - keep-alive
      content-length:
      - '337'
      content-type:
      - application/json
      cookie:
      - secret...
      host:
      - api.notion.com
      notion-version:
      - '2022-06-28'
      user-agent:
      - secret...
    method: POST
    uri: https://api.notion.com/v1/pages
  response:
    content: '{"object":"page","id":"263974f3-b388-8129-afba-e958bf5063fc","created_time":"2025-09-03T13:37:00.000Z","last_edited_time":"2025-09-03T13:37:00.000Z","created_by":{"object":"user","id":"645e79dd-3e43-40de-9d51-39357c1c427f"},"last_edited_by":{"object":"user","id":"645e79dd-3e43-40de-9d51-39357c1c427f"},"cover":null,"icon":null,"parent":{"type":"page_id","page_id":"5f505199-b292-4713-920b-61d813bf72a3"},"archived":false,"in_trash":false,"properties":{"title":{"id":"title","type":"title","title":[{"type":"text","text":{"content":"Page
      for creating file blocks","link":null},"annotations":{"bold":false,"italic":false,"strikethrough":false,"underline":false,"code":false,"color":"default"},"plain_text":"Page
      for creating file blocks","href":null}]}},"url":"https://www.notion.so/Page-for-creating-file-blocks-263974f3b3888129afbae958bf5063fc","public_url":null,"request_id":"6e3874e5-c69a-4622-997c-e8161702ef64"}'
    headers:
      CF-Cache-Status:
      - DYNAMIC
      CF-Ray:
      - 9795a41fa8de1d96-FRA
      Connection:
      - keep-alive
      Content-Encoding:
      - gzip
      Content-Type:
      - application/json; charset=utf-8
      Server:
      - cloudflare
      Strict-Transport-Security:
      - max-age=31536000; includeSubDomains; preload
      Transfer-Encoding:
      - chunked
      Vary:
      - Accept-Encoding
      alt-svc:
      - h3=":443"; ma=86400
      content-security-policy:
      - default-src 'none'
      referrer-policy:
      - strict-origin-when-cross-origin
      x-content-type-options:
      - nosniff
      x-dns-prefetch-control:
      - 'off'
      x-download-options:
      - noopen
      x-frame-options:
      - SAMEORIGIN
      x-notion-request-id:
      - 6e3874e5-c69a-4622-997c-e8161702ef64
      x-permitted-cross-domain-policies:
      - none
      x-xss-protection:
      - '0'
    http_version: HTTP/1.1
    status_code: 200
- request:
    body: ''
    headers:
      accept:
      - '*/*'
      accept-encoding:
      - gzip, deflate
      authorization:
      - secret...
      connection:
      - keep-alive
      cookie:
      - secret...
      host:
      - api.notion.com
      notion-version:
      - '2022-06-28'
      user-agent:
      - secret...
    method: GET
    uri: https://api.notion.com/v1/pages/5f505199-b292-4713-920b-61d813bf72a3
  response:
    content: '{"object":"page","id":"5f505199-b292-4713-920b-61d813bf72a3","created_time":"2022-08-22T15:47:00.000Z","last_edited_time":"2025-09-03T13:37:00.000Z","created_by":{"object":"user","id":"b10cb6df-12ef-44d3-88ad-250168f66322"},"last_edited_by":{"object":"user","id":"645e79dd-3e43-40de-9d51-39357c1c427f"},"cover":null,"icon":null,"parent":{"type":"workspace","workspace":true},"archived":false,"in_trash":false,"properties":{"title":{"id":"title","type":"title","title":[{"type":"text","text":{"content":"Tests","link":null},"annotations":{"bold":false,"italic":false,"strikethrough":false,"underline":false,"code":false,"color":"default"},"plain_text":"Tests","href":null}]}},"url":"https://www.notion.so/Tests-5f505199b2924713920b61d813bf72a3","public_url":null,"request_id":"e7a6a201-6f0d-4e91-b47c-60c8838376c1"}'
    headers:
      CF-Cache-Status:
      - DYNAMIC
      CF-Ray:
      - 9795a421dac71d96-FRA
      Connection:
      - keep-alive
      Content-Encoding:
      - gzip
      Content-Type:
      - application/json; charset=utf-8
      Server:
      - cloudflare
      Strict-Transport-Security:
      - max-age=31536000; includeSubDomains; preload
      Transfer-Encoding:
      - chunked
      Vary:
      - Accept-Encoding
      alt-svc:
      - h3=":443"; ma=86400
      content-security-policy:
      - default-src 'none'
      referrer-policy:
      - strict-origin-when-cross-origin
      x-content-type-options:
      - nosniff
      x-dns-prefetch-control:
      - 'off'
      x-download-options:
      - noopen
      x-frame-options:
      - SAMEORIGIN
      x-notion-request-id:
      - e7a6a201-6f0d-4e91-b47c-60c8838376c1
      x-permitted-cross-domain-policies:
      - none
      x-xss-protection:
      - '0'
    http_version: HTTP/1.1
    status_code: 200
- request:
    body: ''
    headers:
      accept:
      - '*/*'
      accept-encoding:
      - gzip, deflate
      authorization:
      - secret...
      connection:
      - keep-alive
      cookie:
      - secret...
      host:
      - api.notion.com
      notion-version:
      - '2022-06-28'
      user-agent:
      - secret...
    method: GET
    uri: https://api.notion.com/v1/blocks/263974f3-b388-8129-afba-e958bf5063fc/children?page_size=100
  response:
    content: '{"object":"list","results":[],"next_cursor":null,"has_more":false,"type":"block","block":{},"request_id":"acc9db85-9b7b-45ee-be86-2a103fce2ccc"}'
    headers:
      CF-Cache-Status:
      - DYNAMIC
      CF-Ray:
      - 9795a423dcc71d96-FRA
      Connection:
      - keep-alive
      Content-Encoding:
      - gzip
      Content-Type:
      - application/json; charset=utf-8
      Server:
      - cloudflare
      Strict-Transport-Security:
      - max-age=31536000; includeSubDomains; preload
      Transfer-Encoding:
      - chunked
      Vary:
      - Accept-Encoding
      alt-svc:
      - h3=":443"; ma=86400
      content-security-policy:
      - default-src 'none'
      referrer-policy:
      - strict-origin-when-cross-origin
      x-content-type-options:
      - nosniff
      x-dns-prefetch-control:
      - 'off'
      x-download-options:
      - noopen
      x-frame-options:
      - SAMEORIGIN
      x-notion-request-id:
      - acc9db85-9b7b-45ee-be86-2a103fce2ccc
      x-permitted-cross-domain-policies:
      - none
      x-xss-protection:
      - '0'
    http_version: HTTP/1.1
    status_code: 200
- request:
    body: '{"children":[{"object":"block","has_children":false,"in_trash":false,"archived":false,"type":"file","file":{"type":"external","name":"robots.txt","caption":[],"external":{"url":"https://www.google.de/robots.txt"}}},{"object":"block","has_children":false,"in_trash":false,"archived":false,"type":"file","file":{"type":"external","name":"robots.txt","caption":[{"type":"text","plain_text":"Google
      Robots","annotations":{"bold":false,"italic":false,"strikethrough":false,"underline":false,"code":false},"text":{"content":"Google
      Robots"}}],"external":{"url":"https://www.google.de/robots.txt"}}},{"object":"block","has_children":false,"in_trash":false,"archived":false,"type":"image","image":{"type":"external","caption":[],"external":{"url":"https://cdn.pixabay.com/photo/2019/08/06/09/16/flowers-4387827_1280.jpg"}}},{"object":"block","has_children":false,"in_trash":false,"archived":false,"type":"image","image":{"type":"external","caption":[{"type":"text","plain_text":"Path
      on meadow","annotations":{"bold":false,"italic":false,"strikethrough":false,"underline":false,"code":false},"text":{"content":"Path
      on meadow"}}],"external":{"url":"https://cdn.pixabay.com/photo/2019/08/06/09/16/flowers-4387827_1280.jpg"}}},{"object":"block","has_children":false,"in_trash":false,"archived":false,"type":"video","video":{"type":"external","caption":[],"external":{"url":"https://www.youtube.com/watch?v=dQw4w9WgXcQ"}}},{"object":"block","has_children":false,"in_trash":false,"archived":false,"type":"video","video":{"type":"external","caption":[{"type":"text","plain_text":"Rick
      Roll","annotations":{"bold":false,"italic":false,"strikethrough":false,"underline":false,"code":false},"text":{"content":"Rick
      Roll"}}],"external":{"url":"https://www.youtube.com/watch?v=dQw4w9WgXcQ"}}},{"object":"block","has_children":false,"in_trash":false,"archived":false,"type":"pdf","pdf":{"type":"external","caption":[],"external":{"url":"https://www.iktz-hd.de/fileadmin/user_upload/dummy.pdf"}}},{"object":"block","has_children":false,"in_trash":false,"archived":false,"type":"pdf","pdf":{"type":"external","caption":[{"type":"text","plain_text":"Dummy
      PDF","annotations":{"bold":false,"italic":false,"strikethrough":false,"underline":false,"code":false},"text":{"content":"Dummy
      PDF"}}],"external":{"url":"https://www.iktz-hd.de/fileadmin/user_upload/dummy.pdf"}}}]}'
    headers:
      accept:
      - '*/*'
      accept-encoding:
      - gzip, deflate
      authorization:
      - secret...
      connection:
      - keep-alive
      content-length:
      - '2348'
      content-type:
      - application/json
      cookie:
      - secret...
      host:
      - api.notion.com
      notion-version:
      - '2022-06-28'
      user-agent:
      - secret...
    method: PATCH
    uri: https://api.notion.com/v1/blocks/263974f3-b388-8129-afba-e958bf5063fc/children
  response:
    content: '{"object":"list","results":[{"object":"block","id":"263974f3-b388-81fb-b380-feef96996e28","parent":{"type":"page_id","page_id":"263974f3-b388-8129-afba-e958bf5063fc"},"created_time":"2025-09-03T13:37:00.000Z","last_edited_time":"2025-09-03T13:37:00.000Z","created_by":{"object":"user","id":"645e79dd-3e43-40de-9d51-39357c1c427f"},"last_edited_by":{"object":"user","id":"645e79dd-3e43-40de-9d51-39357c1c427f"},"has_children":false,"archived":false,"in_trash":false,"type":"file","file":{"caption":[],"type":"external","external":{"url":"https://www.google.de/robots.txt"},"name":"robots.txt"}},{"object":"block","id":"263974f3-b388-8115-b1c0-effdf4a6a844","parent":{"type":"page_id","page_id":"263974f3-b388-8129-afba-e958bf5063fc"},"created_time":"2025-09-03T13:37:00.000Z","last_edited_time":"2025-09-03T13:37:00.000Z","created_by":{"object":"user","id":"645e79dd-3e43-40de-9d51-39357c1c427f"},"last_edited_by":{"object":"user","id":"645e79dd-3e43-40de-9d51-39357c1c427f"},"has_children":false,"archived":false,"in_trash":false,"type":"file","file":{"caption":[{"type":"text","text":{"content":"Google
      Robots","link":null},"annotations":{"bold":false,"italic":false,"strikethrough":false,"underline":false,"code":false,"color":"default"},"plain_text":"Google
      Robots","href":null}],"type":"external","external":{"url":"https://www.google.de/robots.txt"},"name":"robots.txt"}},{"object":"block","id":"263974f3-b388-8140-a587-c4095287a6ae","parent":{"type":"page_id","page_id":"263974f3-b388-8129-afba-e958bf5063fc"},"created_time":"2025-09-03T13:37:00.000Z","last_edited_time":"2025-09-03T13:37:00.000Z","created_by":{"object":"user","id":"645e79dd-3e43-40de-9d51-39357c1c427f"},"last_edited_by":{"object":"user","id":"645e79dd-3e43-40de-9d51-39357c1c427f"},"has_children":false,"archived":false,"in_trash":false,"type":"image","image":{"caption":[],"type":"external","external":{"url":"https://cdn.pixabay.com/photo/2019/08/06/09/16/flowers-4387827_1280.jpg"}}},{"object":"block","id":"263974f3-b388-814c-8be1-c1b9bfba7fd1","parent":{"type":"page_id","page_id":"263974f3-b388-8129-afba-e958bf5063fc"},"created_time":"2025-09-03T13:37:00.000Z","last_edited_time":"2025-09-03T13:37:00.000Z","created_by":{"object":"user","id":"645e79dd-3e43-40de-9d51-39357c1c427f"},"last_edited_by":{"object":"user","id":"645e79dd-3e43-40de-9d51-39357c1c427f"},"has_children":false,"archived":false,"in_trash":false,"type":"image","image":{"caption":[{"type":"text","text":{"content":"Path
      on meadow","link":null},"annotations":{"bold":false,"italic":false,"strikethrough":false,"underline":false,"code":false,"color":"default"},"plain_text":"Path
      on meadow","href":null}],"type":"external","external":{"url":"https://cdn.pixabay.com/photo/2019/08/06/09/16/flowers-4387827_1280.jpg"}}},{"object":"block","id":"263974f3-b388-81cd-af67-f442f2c3b446","parent":{"type":"page_id","page_id":"263974f3-b388-8129-afba-e958bf5063fc"},"created_time":"2025-09-03T13:37:00.000Z","last_edited_time":"2025-09-03T13:37:00.000Z","created_by":{"object":"user","id":"645e79dd-3e43-40de-9d51-39357c1c427f"},"last_edited_by":{"object":"user","id":"645e79dd-3e43-40de-9d51-39357c1c427f"},"has_children":false,"archived":false,"in_trash":false,"type":"video","video":{"caption":[],"type":"external","external":{"url":"https://www.youtube.com/watch?v=dQw4w9WgXcQ"}}},{"object":"block","id":"263974f3-b388-8134-93fb-c7bd4a1c438e","parent":{"type":"page_id","page_id":"263974f3-b388-8129-afba-e958bf5063fc"},"created_time":"2025-09-03T13:37:00.000Z","last_edited_time":"2025-09-03T13:37:00.000Z","created_by":{"object":"user","id":"645e79dd-3e43-40de-9d51-39357c1c427f"},"last_edited_by":{"object":"user","id":"645e79dd-3e43-40de-9d51-39357c1c427f"},"has_children":false,"archived":false,"in_trash":false,"type":"video","video":{"caption":[{"type":"text","text":{"content":"Rick
      Roll","link":null},"annotations":{"bold":false,"italic":false,"strikethrough":false,"underline":false,"code":false,"color":"default"},"plain_text":"Rick
      Roll","href":null}],"type":"external","external":{"url":"https://www.youtube.com/watch?v=dQw4w9WgXcQ"}}},{"object":"block","id":"263974f3-b388-81a2-a9a3-f09a7c52c33d","parent":{"type":"page_id","page_id":"263974f3-b388-8129-afba-e958bf5063fc"},"created_time":"2025-09-03T13:37:00.000Z","last_edited_time":"2025-09-03T13:37:00.000Z","created_by":{"object":"user","id":"645e79dd-3e43-40de-9d51-39357c1c427f"},"last_edited_by":{"object":"user","id":"645e79dd-3e43-40de-9d51-39357c1c427f"},"has_children":false,"archived":false,"in_trash":false,"type":"pdf","pdf":{"caption":[],"type":"external","external":{"url":"https://www.iktz-hd.de/fileadmin/user_upload/dummy.pdf"}}},{"object":"block","id":"263974f3-b388-8182-8d71-c9e9d4c28f62","parent":{"type":"page_id","page_id":"263974f3-b388-8129-afba-e958bf5063fc"},"created_time":"2025-09-03T13:37:00.000Z","last_edited_time":"2025-09-03T13:37:00.000Z","created_by":{"object":"user","id":"645e79dd-3e43-40de-9d51-39357c1c427f"},"last_edited_by":{"object":"user","id":"645e79dd-3e43-40de-9d51-39357c1c427f"},"has_children":false,"archived":false,"in_trash":false,"type":"pdf","pdf":{"caption":[{"type":"text","text":{"content":"Dummy
      PDF","link":null},"annotations":{"bold":false,"italic":false,"strikethrough":false,"underline":false,"code":false,"color":"default"},"plain_text":"Dummy
      PDF","href":null}],"type":"external","external":{"url":"https://www.iktz-hd.de/fileadmin/user_upload/dummy.pdf"}}}],"next_cursor":null,"has_more":false,"type":"block","block":{},"request_id":"0d1e4c5f-e90b-4374-8a19-ea163aa76dd4"}'
    headers:
      CF-Cache-Status:
      - DYNAMIC
      CF-Ray:
      - 9795a4266f3e1d96-FRA
      Connection:
      - keep-alive
      Content-Encoding:
      - gzip
      Content-Type:
      - application/json; charset=utf-8
      Server:
      - cloudflare
      Strict-Transport-Security:
      - max-age=31536000; includeSubDomains; preload
      Transfer-Encoding:
      - chunked
      Vary:
      - Accept-Encoding
      alt-svc:
      - h3=":443"; ma=86400
      content-security-policy:
      - default-src 'none'
      referrer-policy:
      - strict-origin-when-cross-origin
      x-content-type-options:
      - nosniff
      x-dns-prefetch-control:
      - 'off'
      x-download-options:
      - noopen
      x-frame-options:
      - SAMEORIGIN
      x-notion-request-id:
      - 0d1e4c5f-e90b-4374-8a19-ea163aa76dd4
      x-permitted-cross-domain-policies:
      - none
      x-xss-protection:
      - '0'
    http_version: HTTP/1.1
    status_code: 200
version: 1
