interactions:
- request:
    body: '{"parent": {"type": "page_id", "page_id": "5f505199-b292-4713-920b-61d813bf72a3"},
      "properties": {"title": {"type": "title", "title": [{"type": "text", "plain_text":
      "Test Local Remote Text Equality 1", "annotations": {"bold": false, "italic":
      false, "strikethrough": false, "underline": false, "code": false}, "text": {"content":
      "Test Local Remote Text Equality 1"}}]}}}'
    headers:
      accept:
      - '*/*'
      accept-encoding:
      - gzip, deflate
      authorization:
      - secret...
      connection:
      - keep-alive
      content-length:
      - '345'
      content-type:
      - application/json
      cookie:
      - secret...
      host:
      - api.notion.com
      notion-version:
      - '2022-06-28'
      user-agent:
      - secret...
    method: POST
    uri: https://api.notion.com/v1/pages
  response:
    content: '{"object":"page","id":"2a3974f3-b388-8129-b738-c6d6901d2203","created_time":"2025-11-06T18:53:00.000Z","last_edited_time":"2025-11-06T18:53:00.000Z","created_by":{"object":"user","id":"645e79dd-3e43-40de-9d51-39357c1c427f"},"last_edited_by":{"object":"user","id":"645e79dd-3e43-40de-9d51-39357c1c427f"},"cover":null,"icon":null,"parent":{"type":"page_id","page_id":"5f505199-b292-4713-920b-61d813bf72a3"},"archived":false,"in_trash":false,"is_locked":false,"properties":{"title":{"id":"title","type":"title","title":[{"type":"text","text":{"content":"Test
      Local Remote Text Equality 1","link":null},"annotations":{"bold":false,"italic":false,"strikethrough":false,"underline":false,"code":false,"color":"default"},"plain_text":"Test
      Local Remote Text Equality 1","href":null}]}},"url":"https://www.notion.so/Test-Local-Remote-Text-Equality-1-2a3974f3b3888129b738c6d6901d2203","public_url":null,"request_id":"859c8fac-8d98-43d6-a0d0-c444f20b4589"}'
    headers:
      CF-Cache-Status:
      - DYNAMIC
      CF-Ray:
      - 99a6cab3dd496a74-TXL
      Connection:
      - keep-alive
      Content-Encoding:
      - gzip
      Content-Type:
      - application/json; charset=utf-8
      Server:
      - cloudflare
      Set-Cookie:
      - __cf_bm=vzpvfSkJ_LjM65ziInfrCxMIUhEMMqFYS_kYRNtKZm4-1762455187-1.0.1.1-wIIUZHcQu6VlcM94UD_l.zVDYsrqCOW3BMSICgRCMzbJeoiz1o8685APG68je9In.TMfJNu7hYdquWPRx8AieESGZd7JRhHiYN248a6L9d4;
        path=/; expires=Thu, 06-Nov-25 19:23:07 GMT; domain=.notion.com; HttpOnly;
        Secure; SameSite=None
      - _cfuvid=5SGrVSPNBpcIN_W5ALNWEVQgQ38gk6rJmLeLQlIDfaM-1762455187264-0.0.1.1-604800000;
        path=/; domain=.notion.com; HttpOnly; Secure; SameSite=None
      Strict-Transport-Security:
      - max-age=31536000; includeSubDomains; preload
      Transfer-Encoding:
      - chunked
      Vary:
      - Accept-Encoding
      alt-svc:
      - h3=":443"; ma=86400
      content-security-policy:
      - default-src 'none'
      referrer-policy:
      - strict-origin-when-cross-origin
      x-content-type-options:
      - nosniff
      x-dns-prefetch-control:
      - 'off'
      x-download-options:
      - noopen
      x-frame-options:
      - SAMEORIGIN
      x-notion-request-id:
      - 859c8fac-8d98-43d6-a0d0-c444f20b4589
      x-permitted-cross-domain-policies:
      - none
      x-xss-protection:
      - '0'
    http_version: HTTP/1.1
    status_code: 200
- request:
    body: ''
    headers:
      accept:
      - '*/*'
      accept-encoding:
      - gzip, deflate
      authorization:
      - secret...
      connection:
      - keep-alive
      cookie:
      - secret...
      host:
      - api.notion.com
      notion-version:
      - '2022-06-28'
      user-agent:
      - secret...
    method: GET
    uri: https://api.notion.com/v1/pages/5f505199-b292-4713-920b-61d813bf72a3
  response:
    content: '{"object":"page","id":"5f505199-b292-4713-920b-61d813bf72a3","created_time":"2022-08-22T15:47:00.000Z","last_edited_time":"2025-11-06T18:53:00.000Z","created_by":{"object":"user","id":"b10cb6df-12ef-44d3-88ad-250168f66322"},"last_edited_by":{"object":"user","id":"645e79dd-3e43-40de-9d51-39357c1c427f"},"cover":null,"icon":null,"parent":{"type":"workspace","workspace":true},"archived":false,"in_trash":false,"is_locked":false,"properties":{"title":{"id":"title","type":"title","title":[{"type":"text","text":{"content":"Tests","link":null},"annotations":{"bold":false,"italic":false,"strikethrough":false,"underline":false,"code":false,"color":"default"},"plain_text":"Tests","href":null}]}},"url":"https://www.notion.so/Tests-5f505199b2924713920b61d813bf72a3","public_url":null,"request_id":"b8b398bb-34e7-41d9-b92c-910e170b92b9"}'
    headers:
      CF-Cache-Status:
      - DYNAMIC
      CF-Ray:
      - 99a6cab8cb3d6a74-TXL
      Connection:
      - keep-alive
      Content-Encoding:
      - gzip
      Content-Type:
      - application/json; charset=utf-8
      Server:
      - cloudflare
      Strict-Transport-Security:
      - max-age=31536000; includeSubDomains; preload
      Transfer-Encoding:
      - chunked
      Vary:
      - Accept-Encoding
      alt-svc:
      - h3=":443"; ma=86400
      content-security-policy:
      - default-src 'none'
      referrer-policy:
      - strict-origin-when-cross-origin
      x-content-type-options:
      - nosniff
      x-dns-prefetch-control:
      - 'off'
      x-download-options:
      - noopen
      x-frame-options:
      - SAMEORIGIN
      x-notion-request-id:
      - b8b398bb-34e7-41d9-b92c-910e170b92b9
      x-permitted-cross-domain-policies:
      - none
      x-xss-protection:
      - '0'
    http_version: HTTP/1.1
    status_code: 200
- request:
    body: ''
    headers:
      accept:
      - '*/*'
      accept-encoding:
      - gzip, deflate
      authorization:
      - secret...
      connection:
      - keep-alive
      cookie:
      - secret...
      host:
      - api.notion.com
      notion-version:
      - '2022-06-28'
      user-agent:
      - secret...
    method: GET
    uri: https://api.notion.com/v1/blocks/2a3974f3-b388-8129-b738-c6d6901d2203/children?page_size=100
  response:
    content: '{"object":"list","results":[],"next_cursor":null,"has_more":false,"type":"block","block":{},"request_id":"4e405c6b-78d7-4b38-a6e8-85c860acb908"}'
    headers:
      CF-Cache-Status:
      - DYNAMIC
      CF-Ray:
      - 99a6cabc0f1d6a74-TXL
      Connection:
      - keep-alive
      Content-Encoding:
      - gzip
      Content-Type:
      - application/json; charset=utf-8
      Server:
      - cloudflare
      Strict-Transport-Security:
      - max-age=31536000; includeSubDomains; preload
      Transfer-Encoding:
      - chunked
      Vary:
      - Accept-Encoding
      alt-svc:
      - h3=":443"; ma=86400
      content-security-policy:
      - default-src 'none'
      referrer-policy:
      - strict-origin-when-cross-origin
      x-content-type-options:
      - nosniff
      x-dns-prefetch-control:
      - 'off'
      x-download-options:
      - noopen
      x-frame-options:
      - SAMEORIGIN
      x-notion-request-id:
      - 4e405c6b-78d7-4b38-a6e8-85c860acb908
      x-permitted-cross-domain-policies:
      - none
      x-xss-protection:
      - '0'
    http_version: HTTP/1.1
    status_code: 200
- request:
    body: '{"children":[{"object":"block","has_children":false,"in_trash":false,"archived":false,"type":"paragraph","paragraph":{"rich_text":[{"type":"text","plain_text":"AB","annotations":{"bold":false,"italic":false,"strikethrough":false,"underline":false,"code":false},"text":{"content":"AB"}}],"color":"default","children":[]}}]}'
    headers:
      accept:
      - '*/*'
      accept-encoding:
      - gzip, deflate
      authorization:
      - secret...
      connection:
      - keep-alive
      content-length:
      - '322'
      content-type:
      - application/json
      cookie:
      - secret...
      host:
      - api.notion.com
      notion-version:
      - '2022-06-28'
      user-agent:
      - secret...
    method: PATCH
    uri: https://api.notion.com/v1/blocks/2a3974f3-b388-8129-b738-c6d6901d2203/children
  response:
    content: '{"object":"list","results":[{"object":"block","id":"2a3974f3-b388-81b4-84c7-d93199d987e5","parent":{"type":"page_id","page_id":"2a3974f3-b388-8129-b738-c6d6901d2203"},"created_time":"2025-11-06T18:53:00.000Z","last_edited_time":"2025-11-06T18:53:00.000Z","created_by":{"object":"user","id":"645e79dd-3e43-40de-9d51-39357c1c427f"},"last_edited_by":{"object":"user","id":"645e79dd-3e43-40de-9d51-39357c1c427f"},"has_children":false,"archived":false,"in_trash":false,"type":"paragraph","paragraph":{"rich_text":[{"type":"text","text":{"content":"AB","link":null},"annotations":{"bold":false,"italic":false,"strikethrough":false,"underline":false,"code":false,"color":"default"},"plain_text":"AB","href":null}],"color":"default"}}],"next_cursor":null,"has_more":false,"type":"block","block":{},"request_id":"a2967c44-f43e-4e27-b8c5-eb7fe038cb24"}'
    headers:
      CF-Cache-Status:
      - DYNAMIC
      CF-Ray:
      - 99a6cabf0ab86a74-TXL
      Connection:
      - keep-alive
      Content-Encoding:
      - gzip
      Content-Type:
      - application/json; charset=utf-8
      Server:
      - cloudflare
      Strict-Transport-Security:
      - max-age=31536000; includeSubDomains; preload
      Transfer-Encoding:
      - chunked
      Vary:
      - Accept-Encoding
      alt-svc:
      - h3=":443"; ma=86400
      content-security-policy:
      - default-src 'none'
      referrer-policy:
      - strict-origin-when-cross-origin
      x-content-type-options:
      - nosniff
      x-dns-prefetch-control:
      - 'off'
      x-download-options:
      - noopen
      x-frame-options:
      - SAMEORIGIN
      x-notion-request-id:
      - a2967c44-f43e-4e27-b8c5-eb7fe038cb24
      x-permitted-cross-domain-policies:
      - none
      x-xss-protection:
      - '0'
    http_version: HTTP/1.1
    status_code: 200
- request:
    body: ''
    headers:
      accept:
      - '*/*'
      accept-encoding:
      - gzip, deflate
      authorization:
      - secret...
      connection:
      - keep-alive
      cookie:
      - secret...
      host:
      - api.notion.com
      notion-version:
      - '2022-06-28'
      user-agent:
      - secret...
    method: GET
    uri: https://api.notion.com/v1/pages/2a3974f3-b388-8129-b738-c6d6901d2203
  response:
    content: '{"object":"page","id":"2a3974f3-b388-8129-b738-c6d6901d2203","created_time":"2025-11-06T18:53:00.000Z","last_edited_time":"2025-11-06T18:53:00.000Z","created_by":{"object":"user","id":"645e79dd-3e43-40de-9d51-39357c1c427f"},"last_edited_by":{"object":"user","id":"645e79dd-3e43-40de-9d51-39357c1c427f"},"cover":null,"icon":null,"parent":{"type":"page_id","page_id":"5f505199-b292-4713-920b-61d813bf72a3"},"archived":false,"in_trash":false,"is_locked":false,"properties":{"title":{"id":"title","type":"title","title":[{"type":"text","text":{"content":"Test
      Local Remote Text Equality 1","link":null},"annotations":{"bold":false,"italic":false,"strikethrough":false,"underline":false,"code":false,"color":"default"},"plain_text":"Test
      Local Remote Text Equality 1","href":null}]}},"url":"https://www.notion.so/Test-Local-Remote-Text-Equality-1-2a3974f3b3888129b738c6d6901d2203","public_url":null,"request_id":"9f913789-ab75-4219-be22-83b180ddcd7b"}'
    headers:
      CF-Cache-Status:
      - DYNAMIC
      CF-Ray:
      - 99a6cac2bfac6a74-TXL
      Connection:
      - keep-alive
      Content-Encoding:
      - gzip
      Content-Type:
      - application/json; charset=utf-8
      Server:
      - cloudflare
      Strict-Transport-Security:
      - max-age=31536000; includeSubDomains; preload
      Transfer-Encoding:
      - chunked
      Vary:
      - Accept-Encoding
      alt-svc:
      - h3=":443"; ma=86400
      content-security-policy:
      - default-src 'none'
      referrer-policy:
      - strict-origin-when-cross-origin
      x-content-type-options:
      - nosniff
      x-dns-prefetch-control:
      - 'off'
      x-download-options:
      - noopen
      x-frame-options:
      - SAMEORIGIN
      x-notion-request-id:
      - 9f913789-ab75-4219-be22-83b180ddcd7b
      x-permitted-cross-domain-policies:
      - none
      x-xss-protection:
      - '0'
    http_version: HTTP/1.1
    status_code: 200
- request:
    body: ''
    headers:
      accept:
      - '*/*'
      accept-encoding:
      - gzip, deflate
      authorization:
      - secret...
      connection:
      - keep-alive
      cookie:
      - secret...
      host:
      - api.notion.com
      notion-version:
      - '2022-06-28'
      user-agent:
      - secret...
    method: GET
    uri: https://api.notion.com/v1/blocks/2a3974f3-b388-8129-b738-c6d6901d2203/children?page_size=100
  response:
    content: '{"object":"list","results":[{"object":"block","id":"2a3974f3-b388-81b4-84c7-d93199d987e5","parent":{"type":"page_id","page_id":"2a3974f3-b388-8129-b738-c6d6901d2203"},"created_time":"2025-11-06T18:53:00.000Z","last_edited_time":"2025-11-06T18:53:00.000Z","created_by":{"object":"user","id":"645e79dd-3e43-40de-9d51-39357c1c427f"},"last_edited_by":{"object":"user","id":"645e79dd-3e43-40de-9d51-39357c1c427f"},"has_children":false,"archived":false,"in_trash":false,"type":"paragraph","paragraph":{"rich_text":[{"type":"text","text":{"content":"AB","link":null},"annotations":{"bold":false,"italic":false,"strikethrough":false,"underline":false,"code":false,"color":"default"},"plain_text":"AB","href":null}],"color":"default"}}],"next_cursor":null,"has_more":false,"type":"block","block":{},"request_id":"f3f5f196-a618-4163-8cbb-0cb73f6e3481"}'
    headers:
      CF-Cache-Status:
      - DYNAMIC
      CF-Ray:
      - 99a6cacc0b0d6a74-TXL
      Connection:
      - keep-alive
      Content-Encoding:
      - gzip
      Content-Type:
      - application/json; charset=utf-8
      Server:
      - cloudflare
      Strict-Transport-Security:
      - max-age=31536000; includeSubDomains; preload
      Transfer-Encoding:
      - chunked
      Vary:
      - Accept-Encoding
      alt-svc:
      - h3=":443"; ma=86400
      content-security-policy:
      - default-src 'none'
      referrer-policy:
      - strict-origin-when-cross-origin
      x-content-type-options:
      - nosniff
      x-dns-prefetch-control:
      - 'off'
      x-download-options:
      - noopen
      x-frame-options:
      - SAMEORIGIN
      x-notion-request-id:
      - f3f5f196-a618-4163-8cbb-0cb73f6e3481
      x-permitted-cross-domain-policies:
      - none
      x-xss-protection:
      - '0'
    http_version: HTTP/1.1
    status_code: 200
- request:
    body: ''
    headers:
      accept:
      - '*/*'
      accept-encoding:
      - gzip, deflate
      authorization:
      - secret...
      connection:
      - keep-alive
      cookie:
      - secret...
      host:
      - api.notion.com
      notion-version:
      - '2022-06-28'
      user-agent:
      - secret...
    method: GET
    uri: https://api.notion.com/v1/blocks/2a3974f3-b388-81b4-84c7-d93199d987e5/children?page_size=100
  response:
    content: '{"object":"list","results":[],"next_cursor":null,"has_more":false,"type":"block","block":{},"request_id":"90938287-7fc2-43ee-828b-2f9832dfc14d"}'
    headers:
      CF-Cache-Status:
      - DYNAMIC
      CF-Ray:
      - 99a6cace5da76a74-TXL
      Connection:
      - keep-alive
      Content-Encoding:
      - gzip
      Content-Type:
      - application/json; charset=utf-8
      Server:
      - cloudflare
      Strict-Transport-Security:
      - max-age=31536000; includeSubDomains; preload
      Transfer-Encoding:
      - chunked
      Vary:
      - Accept-Encoding
      alt-svc:
      - h3=":443"; ma=86400
      content-security-policy:
      - default-src 'none'
      referrer-policy:
      - strict-origin-when-cross-origin
      x-content-type-options:
      - nosniff
      x-dns-prefetch-control:
      - 'off'
      x-download-options:
      - noopen
      x-frame-options:
      - SAMEORIGIN
      x-notion-request-id:
      - 90938287-7fc2-43ee-828b-2f9832dfc14d
      x-permitted-cross-domain-policies:
      - none
      x-xss-protection:
      - '0'
    http_version: HTTP/1.1
    status_code: 200
- request:
    body: '{"parent": {"type": "page_id", "page_id": "5f505199-b292-4713-920b-61d813bf72a3"},
      "properties": {"title": {"type": "title", "title": [{"type": "text", "plain_text":
      "Test Local Remote Text Equality 2", "annotations": {"bold": false, "italic":
      false, "strikethrough": false, "underline": false, "code": false}, "text": {"content":
      "Test Local Remote Text Equality 2"}}]}}}'
    headers:
      accept:
      - '*/*'
      accept-encoding:
      - gzip, deflate
      authorization:
      - secret...
      connection:
      - keep-alive
      content-length:
      - '345'
      content-type:
      - application/json
      cookie:
      - secret...
      host:
      - api.notion.com
      notion-version:
      - '2022-06-28'
      user-agent:
      - secret...
    method: POST
    uri: https://api.notion.com/v1/pages
  response:
    content: '{"object":"page","id":"2a3974f3-b388-81db-9ca5-f5bb8f036daf","created_time":"2025-11-06T18:53:00.000Z","last_edited_time":"2025-11-06T18:53:00.000Z","created_by":{"object":"user","id":"645e79dd-3e43-40de-9d51-39357c1c427f"},"last_edited_by":{"object":"user","id":"645e79dd-3e43-40de-9d51-39357c1c427f"},"cover":null,"icon":null,"parent":{"type":"page_id","page_id":"5f505199-b292-4713-920b-61d813bf72a3"},"archived":false,"in_trash":false,"is_locked":false,"properties":{"title":{"id":"title","type":"title","title":[{"type":"text","text":{"content":"Test
      Local Remote Text Equality 2","link":null},"annotations":{"bold":false,"italic":false,"strikethrough":false,"underline":false,"code":false,"color":"default"},"plain_text":"Test
      Local Remote Text Equality 2","href":null}]}},"url":"https://www.notion.so/Test-Local-Remote-Text-Equality-2-2a3974f3b38881db9ca5f5bb8f036daf","public_url":null,"request_id":"c16fce0e-4688-49de-a4c8-077fae2cefab"}'
    headers:
      CF-Cache-Status:
      - DYNAMIC
      CF-Ray:
      - 99a6cad0a8996a74-TXL
      Connection:
      - keep-alive
      Content-Encoding:
      - gzip
      Content-Type:
      - application/json; charset=utf-8
      Server:
      - cloudflare
      Strict-Transport-Security:
      - max-age=31536000; includeSubDomains; preload
      Transfer-Encoding:
      - chunked
      Vary:
      - Accept-Encoding
      alt-svc:
      - h3=":443"; ma=86400
      content-security-policy:
      - default-src 'none'
      referrer-policy:
      - strict-origin-when-cross-origin
      x-content-type-options:
      - nosniff
      x-dns-prefetch-control:
      - 'off'
      x-download-options:
      - noopen
      x-frame-options:
      - SAMEORIGIN
      x-notion-request-id:
      - c16fce0e-4688-49de-a4c8-077fae2cefab
      x-permitted-cross-domain-policies:
      - none
      x-xss-protection:
      - '0'
    http_version: HTTP/1.1
    status_code: 200
- request:
    body: ''
    headers:
      accept:
      - '*/*'
      accept-encoding:
      - gzip, deflate
      authorization:
      - secret...
      connection:
      - keep-alive
      cookie:
      - secret...
      host:
      - api.notion.com
      notion-version:
      - '2022-06-28'
      user-agent:
      - secret...
    method: GET
    uri: https://api.notion.com/v1/blocks/2a3974f3-b388-81db-9ca5-f5bb8f036daf/children?page_size=100
  response:
    content: '{"object":"list","results":[],"next_cursor":null,"has_more":false,"type":"block","block":{},"request_id":"91b860de-ea57-4d46-8bad-1995402adaa8"}'
    headers:
      CF-Cache-Status:
      - DYNAMIC
      CF-Ray:
      - 99a6cad3fc7f6a74-TXL
      Connection:
      - keep-alive
      Content-Encoding:
      - gzip
      Content-Type:
      - application/json; charset=utf-8
      Server:
      - cloudflare
      Strict-Transport-Security:
      - max-age=31536000; includeSubDomains; preload
      Transfer-Encoding:
      - chunked
      Vary:
      - Accept-Encoding
      alt-svc:
      - h3=":443"; ma=86400
      content-security-policy:
      - default-src 'none'
      referrer-policy:
      - strict-origin-when-cross-origin
      x-content-type-options:
      - nosniff
      x-dns-prefetch-control:
      - 'off'
      x-download-options:
      - noopen
      x-frame-options:
      - SAMEORIGIN
      x-notion-request-id:
      - 91b860de-ea57-4d46-8bad-1995402adaa8
      x-permitted-cross-domain-policies:
      - none
      x-xss-protection:
      - '0'
    http_version: HTTP/1.1
    status_code: 200
- request:
    body: '{"children":[{"object":"block","has_children":false,"in_trash":false,"archived":false,"type":"paragraph","paragraph":{"rich_text":[{"type":"text","plain_text":"A","annotations":{"bold":false,"italic":false,"strikethrough":false,"underline":false,"code":true},"text":{"content":"A"}},{"type":"text","plain_text":"
      + ","annotations":{"bold":false,"italic":false,"strikethrough":false,"underline":false,"code":false},"text":{"content":"
      + "}},{"type":"text","plain_text":"B","annotations":{"bold":false,"italic":false,"strikethrough":false,"underline":false,"code":true},"text":{"content":"B"}}],"color":"default","children":[]}}]}'
    headers:
      accept:
      - '*/*'
      accept-encoding:
      - gzip, deflate
      authorization:
      - secret...
      connection:
      - keep-alive
      content-length:
      - '628'
      content-type:
      - application/json
      cookie:
      - secret...
      host:
      - api.notion.com
      notion-version:
      - '2022-06-28'
      user-agent:
      - secret...
    method: PATCH
    uri: https://api.notion.com/v1/blocks/2a3974f3-b388-81db-9ca5-f5bb8f036daf/children
  response:
    content: '{"object":"list","results":[{"object":"block","id":"2a3974f3-b388-8185-82e4-cce2b69d625a","parent":{"type":"page_id","page_id":"2a3974f3-b388-81db-9ca5-f5bb8f036daf"},"created_time":"2025-11-06T18:53:00.000Z","last_edited_time":"2025-11-06T18:53:00.000Z","created_by":{"object":"user","id":"645e79dd-3e43-40de-9d51-39357c1c427f"},"last_edited_by":{"object":"user","id":"645e79dd-3e43-40de-9d51-39357c1c427f"},"has_children":false,"archived":false,"in_trash":false,"type":"paragraph","paragraph":{"rich_text":[{"type":"text","text":{"content":"A","link":null},"annotations":{"bold":false,"italic":false,"strikethrough":false,"underline":false,"code":true,"color":"default"},"plain_text":"A","href":null},{"type":"text","text":{"content":"
      + ","link":null},"annotations":{"bold":false,"italic":false,"strikethrough":false,"underline":false,"code":false,"color":"default"},"plain_text":"
      + ","href":null},{"type":"text","text":{"content":"B","link":null},"annotations":{"bold":false,"italic":false,"strikethrough":false,"underline":false,"code":true,"color":"default"},"plain_text":"B","href":null}],"color":"default"}}],"next_cursor":null,"has_more":false,"type":"block","block":{},"request_id":"157d1b58-e14a-4f14-9c0f-2bb0a7deef10"}'
    headers:
      CF-Cache-Status:
      - DYNAMIC
      CF-Ray:
      - 99a6cad6af9e6a74-TXL
      Connection:
      - keep-alive
      Content-Encoding:
      - gzip
      Content-Type:
      - application/json; charset=utf-8
      Server:
      - cloudflare
      Strict-Transport-Security:
      - max-age=31536000; includeSubDomains; preload
      Transfer-Encoding:
      - chunked
      Vary:
      - Accept-Encoding
      alt-svc:
      - h3=":443"; ma=86400
      content-security-policy:
      - default-src 'none'
      referrer-policy:
      - strict-origin-when-cross-origin
      x-content-type-options:
      - nosniff
      x-dns-prefetch-control:
      - 'off'
      x-download-options:
      - noopen
      x-frame-options:
      - SAMEORIGIN
      x-notion-request-id:
      - 157d1b58-e14a-4f14-9c0f-2bb0a7deef10
      x-permitted-cross-domain-policies:
      - none
      x-xss-protection:
      - '0'
    http_version: HTTP/1.1
    status_code: 200
- request:
    body: ''
    headers:
      accept:
      - '*/*'
      accept-encoding:
      - gzip, deflate
      authorization:
      - secret...
      connection:
      - keep-alive
      cookie:
      - secret...
      host:
      - api.notion.com
      notion-version:
      - '2022-06-28'
      user-agent:
      - secret...
    method: GET
    uri: https://api.notion.com/v1/pages/2a3974f3-b388-81db-9ca5-f5bb8f036daf
  response:
    content: '{"object":"page","id":"2a3974f3-b388-81db-9ca5-f5bb8f036daf","created_time":"2025-11-06T18:53:00.000Z","last_edited_time":"2025-11-06T18:53:00.000Z","created_by":{"object":"user","id":"645e79dd-3e43-40de-9d51-39357c1c427f"},"last_edited_by":{"object":"user","id":"645e79dd-3e43-40de-9d51-39357c1c427f"},"cover":null,"icon":null,"parent":{"type":"page_id","page_id":"5f505199-b292-4713-920b-61d813bf72a3"},"archived":false,"in_trash":false,"is_locked":false,"properties":{"title":{"id":"title","type":"title","title":[{"type":"text","text":{"content":"Test
      Local Remote Text Equality 2","link":null},"annotations":{"bold":false,"italic":false,"strikethrough":false,"underline":false,"code":false,"color":"default"},"plain_text":"Test
      Local Remote Text Equality 2","href":null}]}},"url":"https://www.notion.so/Test-Local-Remote-Text-Equality-2-2a3974f3b38881db9ca5f5bb8f036daf","public_url":null,"request_id":"3e17ca6d-2e58-4f3d-811c-0cab3cb6ac88"}'
    headers:
      CF-Cache-Status:
      - DYNAMIC
      CF-Ray:
      - 99a6cadb0c2a6a74-TXL
      Connection:
      - keep-alive
      Content-Encoding:
      - gzip
      Content-Type:
      - application/json; charset=utf-8
      Server:
      - cloudflare
      Strict-Transport-Security:
      - max-age=31536000; includeSubDomains; preload
      Transfer-Encoding:
      - chunked
      Vary:
      - Accept-Encoding
      alt-svc:
      - h3=":443"; ma=86400
      content-security-policy:
      - default-src 'none'
      referrer-policy:
      - strict-origin-when-cross-origin
      x-content-type-options:
      - nosniff
      x-dns-prefetch-control:
      - 'off'
      x-download-options:
      - noopen
      x-frame-options:
      - SAMEORIGIN
      x-notion-request-id:
      - 3e17ca6d-2e58-4f3d-811c-0cab3cb6ac88
      x-permitted-cross-domain-policies:
      - none
      x-xss-protection:
      - '0'
    http_version: HTTP/1.1
    status_code: 200
- request:
    body: ''
    headers:
      accept:
      - '*/*'
      accept-encoding:
      - gzip, deflate
      authorization:
      - secret...
      connection:
      - keep-alive
      cookie:
      - secret...
      host:
      - api.notion.com
      notion-version:
      - '2022-06-28'
      user-agent:
      - secret...
    method: GET
    uri: https://api.notion.com/v1/blocks/2a3974f3-b388-81db-9ca5-f5bb8f036daf/children?page_size=100
  response:
    content: '{"object":"list","results":[{"object":"block","id":"2a3974f3-b388-8185-82e4-cce2b69d625a","parent":{"type":"page_id","page_id":"2a3974f3-b388-81db-9ca5-f5bb8f036daf"},"created_time":"2025-11-06T18:53:00.000Z","last_edited_time":"2025-11-06T18:53:00.000Z","created_by":{"object":"user","id":"645e79dd-3e43-40de-9d51-39357c1c427f"},"last_edited_by":{"object":"user","id":"645e79dd-3e43-40de-9d51-39357c1c427f"},"has_children":false,"archived":false,"in_trash":false,"type":"paragraph","paragraph":{"rich_text":[{"type":"text","text":{"content":"A","link":null},"annotations":{"bold":false,"italic":false,"strikethrough":false,"underline":false,"code":true,"color":"default"},"plain_text":"A","href":null},{"type":"text","text":{"content":"
      + ","link":null},"annotations":{"bold":false,"italic":false,"strikethrough":false,"underline":false,"code":false,"color":"default"},"plain_text":"
      + ","href":null},{"type":"text","text":{"content":"B","link":null},"annotations":{"bold":false,"italic":false,"strikethrough":false,"underline":false,"code":true,"color":"default"},"plain_text":"B","href":null}],"color":"default"}}],"next_cursor":null,"has_more":false,"type":"block","block":{},"request_id":"294b506b-c657-439f-97fb-2f9ad18b00c2"}'
    headers:
      CF-Cache-Status:
      - DYNAMIC
      CF-Ray:
      - 99a6caddff606a74-TXL
      Connection:
      - keep-alive
      Content-Encoding:
      - gzip
      Content-Type:
      - application/json; charset=utf-8
      Server:
      - cloudflare
      Strict-Transport-Security:
      - max-age=31536000; includeSubDomains; preload
      Transfer-Encoding:
      - chunked
      Vary:
      - Accept-Encoding
      alt-svc:
      - h3=":443"; ma=86400
      content-security-policy:
      - default-src 'none'
      referrer-policy:
      - strict-origin-when-cross-origin
      x-content-type-options:
      - nosniff
      x-dns-prefetch-control:
      - 'off'
      x-download-options:
      - noopen
      x-frame-options:
      - SAMEORIGIN
      x-notion-request-id:
      - 294b506b-c657-439f-97fb-2f9ad18b00c2
      x-permitted-cross-domain-policies:
      - none
      x-xss-protection:
      - '0'
    http_version: HTTP/1.1
    status_code: 200
- request:
    body: ''
    headers:
      accept:
      - '*/*'
      accept-encoding:
      - gzip, deflate
      authorization:
      - secret...
      connection:
      - keep-alive
      cookie:
      - secret...
      host:
      - api.notion.com
      notion-version:
      - '2022-06-28'
      user-agent:
      - secret...
    method: GET
    uri: https://api.notion.com/v1/blocks/2a3974f3-b388-8185-82e4-cce2b69d625a/children?page_size=100
  response:
    content: '{"object":"list","results":[],"next_cursor":null,"has_more":false,"type":"block","block":{},"request_id":"b0e6a552-0923-4753-bfca-dc53caf56816"}'
    headers:
      CF-Cache-Status:
      - DYNAMIC
      CF-Ray:
      - 99a6cae06a056a74-TXL
      Connection:
      - keep-alive
      Content-Encoding:
      - gzip
      Content-Type:
      - application/json; charset=utf-8
      Server:
      - cloudflare
      Strict-Transport-Security:
      - max-age=31536000; includeSubDomains; preload
      Transfer-Encoding:
      - chunked
      Vary:
      - Accept-Encoding
      alt-svc:
      - h3=":443"; ma=86400
      content-security-policy:
      - default-src 'none'
      referrer-policy:
      - strict-origin-when-cross-origin
      x-content-type-options:
      - nosniff
      x-dns-prefetch-control:
      - 'off'
      x-download-options:
      - noopen
      x-frame-options:
      - SAMEORIGIN
      x-notion-request-id:
      - b0e6a552-0923-4753-bfca-dc53caf56816
      x-permitted-cross-domain-policies:
      - none
      x-xss-protection:
      - '0'
    http_version: HTTP/1.1
    status_code: 200
version: 1
