interactions:
- request:
    body: '{"parent": {"type": "page_id", "page_id": "5f505199-b292-4713-920b-61d813bf72a3"},
      "properties": {"title": {"type": "title", "title": [{"type": "text", "plain_text":
      "Page for modifying file blocks", "annotations": {"bold": false, "italic": false,
      "strikethrough": false, "underline": false, "code": false, "color": "default"},
      "text": {"content": "Page for modifying file blocks"}}]}}}'
    headers:
      accept:
      - '*/*'
      accept-encoding:
      - gzip, deflate
      authorization:
      - secret...
      connection:
      - keep-alive
      content-length:
      - '386'
      content-type:
      - application/json
      cookie:
      - secret...
      host:
      - api.notion.com
      notion-version:
      - '2022-06-28'
      user-agent:
      - secret...
    method: POST
    uri: https://api.notion.com/v1/pages
  response:
    content: '{"object":"page","id":"21b974f3-b388-8170-89d6-e58ffefc0ab0","created_time":"2025-06-23T13:24:00.000Z","last_edited_time":"2025-06-23T13:24:00.000Z","created_by":{"object":"user","id":"645e79dd-3e43-40de-9d51-39357c1c427f"},"last_edited_by":{"object":"user","id":"645e79dd-3e43-40de-9d51-39357c1c427f"},"cover":null,"icon":null,"parent":{"type":"page_id","page_id":"5f505199-b292-4713-920b-61d813bf72a3"},"archived":false,"in_trash":false,"properties":{"title":{"id":"title","type":"title","title":[{"type":"text","text":{"content":"Page
      for modifying file blocks","link":null},"annotations":{"bold":false,"italic":false,"strikethrough":false,"underline":false,"code":false,"color":"default"},"plain_text":"Page
      for modifying file blocks","href":null}]}},"url":"https://www.notion.so/Page-for-modifying-file-blocks-21b974f3b388817089d6e58ffefc0ab0","public_url":null,"request_id":"be2f3b1e-434f-49a2-a262-8e88e21d40f3"}'
    headers:
      CF-Cache-Status:
      - DYNAMIC
      CF-Ray:
      - 95444eec7e474d7c-FRA
      Connection:
      - keep-alive
      Content-Encoding:
      - gzip
      Content-Type:
      - application/json; charset=utf-8
      Server:
      - cloudflare
      Strict-Transport-Security:
      - max-age=31536000; includeSubDomains; preload
      Transfer-Encoding:
      - chunked
      Vary:
      - Accept-Encoding
      alt-svc:
      - h3=":443"; ma=86400
      content-security-policy:
      - default-src 'none'
      referrer-policy:
      - strict-origin-when-cross-origin
      x-content-type-options:
      - nosniff
      x-dns-prefetch-control:
      - 'off'
      x-download-options:
      - noopen
      x-frame-options:
      - SAMEORIGIN
      x-notion-request-id:
      - be2f3b1e-434f-49a2-a262-8e88e21d40f3
      x-permitted-cross-domain-policies:
      - none
      x-xss-protection:
      - '0'
    http_version: HTTP/1.1
    status_code: 200
- request:
    body: ''
    headers:
      accept:
      - '*/*'
      accept-encoding:
      - gzip, deflate
      authorization:
      - secret...
      connection:
      - keep-alive
      cookie:
      - secret...
      host:
      - api.notion.com
      notion-version:
      - '2022-06-28'
      user-agent:
      - secret...
    method: GET
    uri: https://api.notion.com/v1/pages/5f505199-b292-4713-920b-61d813bf72a3
  response:
    content: '{"object":"page","id":"5f505199-b292-4713-920b-61d813bf72a3","created_time":"2022-08-22T15:47:00.000Z","last_edited_time":"2025-06-23T13:24:00.000Z","created_by":{"object":"user","id":"b10cb6df-12ef-44d3-88ad-250168f66322"},"last_edited_by":{"object":"user","id":"645e79dd-3e43-40de-9d51-39357c1c427f"},"cover":null,"icon":null,"parent":{"type":"workspace","workspace":true},"archived":false,"in_trash":false,"properties":{"title":{"id":"title","type":"title","title":[{"type":"text","text":{"content":"Tests","link":null},"annotations":{"bold":false,"italic":false,"strikethrough":false,"underline":false,"code":false,"color":"default"},"plain_text":"Tests","href":null}]}},"url":"https://www.notion.so/Tests-5f505199b2924713920b61d813bf72a3","public_url":null,"request_id":"832367b3-24ae-420c-90d9-0bdb86ec6ffc"}'
    headers:
      CF-Cache-Status:
      - DYNAMIC
      CF-Ray:
      - 95444eef2fce4d7c-FRA
      Connection:
      - keep-alive
      Content-Encoding:
      - gzip
      Content-Type:
      - application/json; charset=utf-8
      Server:
      - cloudflare
      Strict-Transport-Security:
      - max-age=31536000; includeSubDomains; preload
      Transfer-Encoding:
      - chunked
      Vary:
      - Accept-Encoding
      alt-svc:
      - h3=":443"; ma=86400
      content-security-policy:
      - default-src 'none'
      referrer-policy:
      - strict-origin-when-cross-origin
      x-content-type-options:
      - nosniff
      x-dns-prefetch-control:
      - 'off'
      x-download-options:
      - noopen
      x-frame-options:
      - SAMEORIGIN
      x-notion-request-id:
      - 832367b3-24ae-420c-90d9-0bdb86ec6ffc
      x-permitted-cross-domain-policies:
      - none
      x-xss-protection:
      - '0'
    http_version: HTTP/1.1
    status_code: 200
- request:
    body: ''
    headers:
      accept:
      - '*/*'
      accept-encoding:
      - gzip, deflate
      authorization:
      - secret...
      connection:
      - keep-alive
      cookie:
      - secret...
      host:
      - api.notion.com
      notion-version:
      - '2022-06-28'
      user-agent:
      - secret...
    method: GET
    uri: https://api.notion.com/v1/blocks/21b974f3-b388-8170-89d6-e58ffefc0ab0/children?page_size=100
  response:
    content: '{"object":"list","results":[],"next_cursor":null,"has_more":false,"type":"block","block":{},"request_id":"66760ab4-06af-4d1f-9007-5db72094726e"}'
    headers:
      CF-Cache-Status:
      - DYNAMIC
      CF-Ray:
      - 95444ef109154d7c-FRA
      Connection:
      - keep-alive
      Content-Encoding:
      - gzip
      Content-Type:
      - application/json; charset=utf-8
      Server:
      - cloudflare
      Strict-Transport-Security:
      - max-age=31536000; includeSubDomains; preload
      Transfer-Encoding:
      - chunked
      Vary:
      - Accept-Encoding
      alt-svc:
      - h3=":443"; ma=86400
      content-security-policy:
      - default-src 'none'
      referrer-policy:
      - strict-origin-when-cross-origin
      x-content-type-options:
      - nosniff
      x-dns-prefetch-control:
      - 'off'
      x-download-options:
      - noopen
      x-frame-options:
      - SAMEORIGIN
      x-notion-request-id:
      - 66760ab4-06af-4d1f-9007-5db72094726e
      x-permitted-cross-domain-policies:
      - none
      x-xss-protection:
      - '0'
    http_version: HTTP/1.1
    status_code: 200
- request:
    body: '{"children": [{"type": "file", "object": "block", "has_children": false,
      "in_trash": false, "archived": false, "file": {"type": "external", "name": "robots.txt",
      "external": {"url": "https://www.google.de/robots.txt"}}}, {"type": "image",
      "object": "block", "has_children": false, "in_trash": false, "archived": false,
      "image": {"type": "external", "caption": [{"type": "text", "plain_text": "Path
      on meadow", "annotations": {"bold": false, "italic": false, "strikethrough":
      false, "underline": false, "code": false, "color": "default"}, "text": {"content":
      "Path on meadow"}}], "external": {"url": "https://cdn.pixabay.com/photo/2019/08/06/09/16/flowers-4387827_1280.jpg"}}},
      {"type": "video", "object": "block", "has_children": false, "in_trash": false,
      "archived": false, "video": {"type": "external", "external": {"url": "https://www.youtube.com/watch?v=dQw4w9WgXcQ"}}},
      {"type": "pdf", "object": "block", "has_children": false, "in_trash": false,
      "archived": false, "pdf": {"type": "external", "external": {"url": "https://www.iktz-hd.de/fileadmin/user_upload/dummy.pdf"}}}]}'
    headers:
      accept:
      - '*/*'
      accept-encoding:
      - gzip, deflate
      authorization:
      - secret...
      connection:
      - keep-alive
      content-length:
      - '1080'
      content-type:
      - application/json
      cookie:
      - secret...
      host:
      - api.notion.com
      notion-version:
      - '2022-06-28'
      user-agent:
      - secret...
    method: PATCH
    uri: https://api.notion.com/v1/blocks/21b974f3-b388-8170-89d6-e58ffefc0ab0/children
  response:
    content: '{"object":"list","results":[{"object":"block","id":"21b974f3-b388-8186-8e0b-cc82f370ca21","parent":{"type":"page_id","page_id":"21b974f3-b388-8170-89d6-e58ffefc0ab0"},"created_time":"2025-06-23T13:24:00.000Z","last_edited_time":"2025-06-23T13:24:00.000Z","created_by":{"object":"user","id":"645e79dd-3e43-40de-9d51-39357c1c427f"},"last_edited_by":{"object":"user","id":"645e79dd-3e43-40de-9d51-39357c1c427f"},"has_children":false,"archived":false,"in_trash":false,"type":"file","file":{"caption":[],"type":"external","external":{"url":"https://www.google.de/robots.txt"},"name":"robots.txt"}},{"object":"block","id":"21b974f3-b388-8101-b745-c87fee27ba64","parent":{"type":"page_id","page_id":"21b974f3-b388-8170-89d6-e58ffefc0ab0"},"created_time":"2025-06-23T13:24:00.000Z","last_edited_time":"2025-06-23T13:24:00.000Z","created_by":{"object":"user","id":"645e79dd-3e43-40de-9d51-39357c1c427f"},"last_edited_by":{"object":"user","id":"645e79dd-3e43-40de-9d51-39357c1c427f"},"has_children":false,"archived":false,"in_trash":false,"type":"image","image":{"caption":[{"type":"text","text":{"content":"Path
      on meadow","link":null},"annotations":{"bold":false,"italic":false,"strikethrough":false,"underline":false,"code":false,"color":"default"},"plain_text":"Path
      on meadow","href":null}],"type":"external","external":{"url":"https://cdn.pixabay.com/photo/2019/08/06/09/16/flowers-4387827_1280.jpg"}}},{"object":"block","id":"21b974f3-b388-8145-961b-c57e9bc60743","parent":{"type":"page_id","page_id":"21b974f3-b388-8170-89d6-e58ffefc0ab0"},"created_time":"2025-06-23T13:24:00.000Z","last_edited_time":"2025-06-23T13:24:00.000Z","created_by":{"object":"user","id":"645e79dd-3e43-40de-9d51-39357c1c427f"},"last_edited_by":{"object":"user","id":"645e79dd-3e43-40de-9d51-39357c1c427f"},"has_children":false,"archived":false,"in_trash":false,"type":"video","video":{"caption":[],"type":"external","external":{"url":"https://www.youtube.com/watch?v=dQw4w9WgXcQ"}}},{"object":"block","id":"21b974f3-b388-817a-9589-f93171fa25f8","parent":{"type":"page_id","page_id":"21b974f3-b388-8170-89d6-e58ffefc0ab0"},"created_time":"2025-06-23T13:24:00.000Z","last_edited_time":"2025-06-23T13:24:00.000Z","created_by":{"object":"user","id":"645e79dd-3e43-40de-9d51-39357c1c427f"},"last_edited_by":{"object":"user","id":"645e79dd-3e43-40de-9d51-39357c1c427f"},"has_children":false,"archived":false,"in_trash":false,"type":"pdf","pdf":{"caption":[],"type":"external","external":{"url":"https://www.iktz-hd.de/fileadmin/user_upload/dummy.pdf"}}}],"next_cursor":null,"has_more":false,"type":"block","block":{},"request_id":"6b3088be-b64e-48da-9608-1d2b9dd56693"}'
    headers:
      CF-Cache-Status:
      - DYNAMIC
      CF-Ray:
      - 95444ef73cc54d7c-FRA
      Connection:
      - keep-alive
      Content-Encoding:
      - gzip
      Content-Type:
      - application/json; charset=utf-8
      Server:
      - cloudflare
      Strict-Transport-Security:
      - max-age=31536000; includeSubDomains; preload
      Transfer-Encoding:
      - chunked
      Vary:
      - Accept-Encoding
      alt-svc:
      - h3=":443"; ma=86400
      content-security-policy:
      - default-src 'none'
      referrer-policy:
      - strict-origin-when-cross-origin
      x-content-type-options:
      - nosniff
      x-dns-prefetch-control:
      - 'off'
      x-download-options:
      - noopen
      x-frame-options:
      - SAMEORIGIN
      x-notion-request-id:
      - 6b3088be-b64e-48da-9608-1d2b9dd56693
      x-permitted-cross-domain-policies:
      - none
      x-xss-protection:
      - '0'
    http_version: HTTP/1.1
    status_code: 200
- request:
    body: '{"type": "file", "archived": false, "in_trash": false, "file": {"name":
      "my_robot", "caption": []}}'
    headers:
      accept:
      - '*/*'
      accept-encoding:
      - gzip, deflate
      authorization:
      - secret...
      connection:
      - keep-alive
      content-length:
      - '99'
      content-type:
      - application/json
      cookie:
      - secret...
      host:
      - api.notion.com
      notion-version:
      - '2022-06-28'
      user-agent:
      - secret...
    method: PATCH
    uri: https://api.notion.com/v1/blocks/21b974f3b38881868e0bcc82f370ca21
  response:
    content: '{"object":"block","id":"21b974f3-b388-8186-8e0b-cc82f370ca21","parent":{"type":"page_id","page_id":"21b974f3-b388-8170-89d6-e58ffefc0ab0"},"created_time":"2025-06-23T13:24:00.000Z","last_edited_time":"2025-06-23T13:24:00.000Z","created_by":{"object":"user","id":"645e79dd-3e43-40de-9d51-39357c1c427f"},"last_edited_by":{"object":"user","id":"645e79dd-3e43-40de-9d51-39357c1c427f"},"has_children":false,"archived":false,"in_trash":false,"type":"file","file":{"caption":[],"type":"external","external":{"url":"https://www.google.de/robots.txt"},"name":"my_robot.txt"},"request_id":"e54e89a8-458c-4d4a-aba3-14cbb1c53c70"}'
    headers:
      CF-Cache-Status:
      - DYNAMIC
      CF-Ray:
      - 95444f05ddd54d7c-FRA
      Connection:
      - keep-alive
      Content-Encoding:
      - gzip
      Content-Type:
      - application/json; charset=utf-8
      Server:
      - cloudflare
      Strict-Transport-Security:
      - max-age=31536000; includeSubDomains; preload
      Transfer-Encoding:
      - chunked
      Vary:
      - Accept-Encoding
      alt-svc:
      - h3=":443"; ma=86400
      content-security-policy:
      - default-src 'none'
      referrer-policy:
      - strict-origin-when-cross-origin
      x-content-type-options:
      - nosniff
      x-dns-prefetch-control:
      - 'off'
      x-download-options:
      - noopen
      x-frame-options:
      - SAMEORIGIN
      x-notion-request-id:
      - e54e89a8-458c-4d4a-aba3-14cbb1c53c70
      x-permitted-cross-domain-policies:
      - none
      x-xss-protection:
      - '0'
    http_version: HTTP/1.1
    status_code: 200
- request:
    body: '{"type": "file", "archived": false, "in_trash": false, "file": {"name":
      "my_robot.txt", "caption": [{"type": "text", "plain_text": "My Robot.txt of
      Google", "annotations": {"bold": false, "italic": false, "strikethrough": false,
      "underline": false, "code": false, "color": "default"}, "text": {"content":
      "My Robot.txt of Google"}}]}}'
    headers:
      accept:
      - '*/*'
      accept-encoding:
      - gzip, deflate
      authorization:
      - secret...
      connection:
      - keep-alive
      content-length:
      - '334'
      content-type:
      - application/json
      cookie:
      - secret...
      host:
      - api.notion.com
      notion-version:
      - '2022-06-28'
      user-agent:
      - secret...
    method: PATCH
    uri: https://api.notion.com/v1/blocks/21b974f3b38881868e0bcc82f370ca21
  response:
    content: '{"object":"block","id":"21b974f3-b388-8186-8e0b-cc82f370ca21","parent":{"type":"page_id","page_id":"21b974f3-b388-8170-89d6-e58ffefc0ab0"},"created_time":"2025-06-23T13:24:00.000Z","last_edited_time":"2025-06-23T13:24:00.000Z","created_by":{"object":"user","id":"645e79dd-3e43-40de-9d51-39357c1c427f"},"last_edited_by":{"object":"user","id":"645e79dd-3e43-40de-9d51-39357c1c427f"},"has_children":false,"archived":false,"in_trash":false,"type":"file","file":{"caption":[{"type":"text","text":{"content":"My
      Robot.txt of Google","link":null},"annotations":{"bold":false,"italic":false,"strikethrough":false,"underline":false,"code":false,"color":"default"},"plain_text":"My
      Robot.txt of Google","href":null}],"type":"external","external":{"url":"https://www.google.de/robots.txt"},"name":"my_robot.txt"},"request_id":"ad9fbbad-01a2-4079-8213-19714afcdf99"}'
    headers:
      CF-Cache-Status:
      - DYNAMIC
      CF-Ray:
      - 95444f086f5b4d7c-FRA
      Connection:
      - keep-alive
      Content-Encoding:
      - gzip
      Content-Type:
      - application/json; charset=utf-8
      Server:
      - cloudflare
      Strict-Transport-Security:
      - max-age=31536000; includeSubDomains; preload
      Transfer-Encoding:
      - chunked
      Vary:
      - Accept-Encoding
      alt-svc:
      - h3=":443"; ma=86400
      content-security-policy:
      - default-src 'none'
      referrer-policy:
      - strict-origin-when-cross-origin
      x-content-type-options:
      - nosniff
      x-dns-prefetch-control:
      - 'off'
      x-download-options:
      - noopen
      x-frame-options:
      - SAMEORIGIN
      x-notion-request-id:
      - ad9fbbad-01a2-4079-8213-19714afcdf99
      x-permitted-cross-domain-policies:
      - none
      x-xss-protection:
      - '0'
    http_version: HTTP/1.1
    status_code: 200
- request:
    body: ''
    headers:
      accept:
      - '*/*'
      accept-encoding:
      - gzip, deflate
      authorization:
      - secret...
      connection:
      - keep-alive
      cookie:
      - secret...
      host:
      - api.notion.com
      notion-version:
      - '2022-06-28'
      user-agent:
      - secret...
    method: GET
    uri: https://api.notion.com/v1/blocks/21b974f3-b388-8186-8e0b-cc82f370ca21
  response:
    content: '{"object":"block","id":"21b974f3-b388-8186-8e0b-cc82f370ca21","parent":{"type":"page_id","page_id":"21b974f3-b388-8170-89d6-e58ffefc0ab0"},"created_time":"2025-06-23T13:24:00.000Z","last_edited_time":"2025-06-23T13:24:00.000Z","created_by":{"object":"user","id":"645e79dd-3e43-40de-9d51-39357c1c427f"},"last_edited_by":{"object":"user","id":"645e79dd-3e43-40de-9d51-39357c1c427f"},"has_children":false,"archived":false,"in_trash":false,"type":"file","file":{"caption":[{"type":"text","text":{"content":"My
      Robot.txt of Google","link":null},"annotations":{"bold":false,"italic":false,"strikethrough":false,"underline":false,"code":false,"color":"default"},"plain_text":"My
      Robot.txt of Google","href":null}],"type":"external","external":{"url":"https://www.google.de/robots.txt"},"name":"my_robot.txt"},"request_id":"a8d3fe9a-fefe-4ee0-9dd6-1145b44ca377"}'
    headers:
      CF-Cache-Status:
      - DYNAMIC
      CF-Ray:
      - 95444f1c4a9b4d7c-FRA
      Connection:
      - keep-alive
      Content-Encoding:
      - gzip
      Content-Type:
      - application/json; charset=utf-8
      Server:
      - cloudflare
      Strict-Transport-Security:
      - max-age=31536000; includeSubDomains; preload
      Transfer-Encoding:
      - chunked
      Vary:
      - Accept-Encoding
      alt-svc:
      - h3=":443"; ma=86400
      content-security-policy:
      - default-src 'none'
      referrer-policy:
      - strict-origin-when-cross-origin
      x-content-type-options:
      - nosniff
      x-dns-prefetch-control:
      - 'off'
      x-download-options:
      - noopen
      x-frame-options:
      - SAMEORIGIN
      x-notion-request-id:
      - a8d3fe9a-fefe-4ee0-9dd6-1145b44ca377
      x-permitted-cross-domain-policies:
      - none
      x-xss-protection:
      - '0'
    http_version: HTTP/1.1
    status_code: 200
- request:
    body: '{"type": "image", "archived": false, "in_trash": false, "image": {"caption":
      [{"type": "text", "plain_text": "Flowers on meadow", "annotations": {"bold":
      false, "italic": false, "strikethrough": false, "underline": false, "code":
      false, "color": "default"}, "text": {"content": "Flowers on meadow"}}]}}'
    headers:
      accept:
      - '*/*'
      accept-encoding:
      - gzip, deflate
      authorization:
      - secret...
      connection:
      - keep-alive
      content-length:
      - '302'
      content-type:
      - application/json
      cookie:
      - secret...
      host:
      - api.notion.com
      notion-version:
      - '2022-06-28'
      user-agent:
      - secret...
    method: PATCH
    uri: https://api.notion.com/v1/blocks/21b974f3b3888101b745c87fee27ba64
  response:
    content: '{"object":"block","id":"21b974f3-b388-8101-b745-c87fee27ba64","parent":{"type":"page_id","page_id":"21b974f3-b388-8170-89d6-e58ffefc0ab0"},"created_time":"2025-06-23T13:24:00.000Z","last_edited_time":"2025-06-23T13:25:00.000Z","created_by":{"object":"user","id":"645e79dd-3e43-40de-9d51-39357c1c427f"},"last_edited_by":{"object":"user","id":"645e79dd-3e43-40de-9d51-39357c1c427f"},"has_children":false,"archived":false,"in_trash":false,"type":"image","image":{"caption":[{"type":"text","text":{"content":"Flowers
      on meadow","link":null},"annotations":{"bold":false,"italic":false,"strikethrough":false,"underline":false,"code":false,"color":"default"},"plain_text":"Flowers
      on meadow","href":null}],"type":"external","external":{"url":"https://cdn.pixabay.com/photo/2019/08/06/09/16/flowers-4387827_1280.jpg"}},"request_id":"7d60dfae-2964-4388-b833-924055776efb"}'
    headers:
      CF-Cache-Status:
      - DYNAMIC
      CF-Ray:
      - 95444f2aeb544d7c-FRA
      Connection:
      - keep-alive
      Content-Encoding:
      - gzip
      Content-Type:
      - application/json; charset=utf-8
      Server:
      - cloudflare
      Strict-Transport-Security:
      - max-age=31536000; includeSubDomains; preload
      Transfer-Encoding:
      - chunked
      Vary:
      - Accept-Encoding
      alt-svc:
      - h3=":443"; ma=86400
      content-security-policy:
      - default-src 'none'
      referrer-policy:
      - strict-origin-when-cross-origin
      x-content-type-options:
      - nosniff
      x-dns-prefetch-control:
      - 'off'
      x-download-options:
      - noopen
      x-frame-options:
      - SAMEORIGIN
      x-notion-request-id:
      - 7d60dfae-2964-4388-b833-924055776efb
      x-permitted-cross-domain-policies:
      - none
      x-xss-protection:
      - '0'
    http_version: HTTP/1.1
    status_code: 200
- request:
    body: ''
    headers:
      accept:
      - '*/*'
      accept-encoding:
      - gzip, deflate
      authorization:
      - secret...
      connection:
      - keep-alive
      cookie:
      - secret...
      host:
      - api.notion.com
      notion-version:
      - '2022-06-28'
      user-agent:
      - secret...
    method: GET
    uri: https://api.notion.com/v1/blocks/21b974f3-b388-8101-b745-c87fee27ba64
  response:
    content: '{"object":"block","id":"21b974f3-b388-8101-b745-c87fee27ba64","parent":{"type":"page_id","page_id":"21b974f3-b388-8170-89d6-e58ffefc0ab0"},"created_time":"2025-06-23T13:24:00.000Z","last_edited_time":"2025-06-23T13:25:00.000Z","created_by":{"object":"user","id":"645e79dd-3e43-40de-9d51-39357c1c427f"},"last_edited_by":{"object":"user","id":"645e79dd-3e43-40de-9d51-39357c1c427f"},"has_children":false,"archived":false,"in_trash":false,"type":"image","image":{"caption":[{"type":"text","text":{"content":"Flowers
      on meadow","link":null},"annotations":{"bold":false,"italic":false,"strikethrough":false,"underline":false,"code":false,"color":"default"},"plain_text":"Flowers
      on meadow","href":null}],"type":"external","external":{"url":"https://cdn.pixabay.com/photo/2019/08/06/09/16/flowers-4387827_1280.jpg"}},"request_id":"42805f90-2f7a-4a5d-8e72-21a1d66f6a9a"}'
    headers:
      CF-Cache-Status:
      - DYNAMIC
      CF-Ray:
      - 95444f3bde774d7c-FRA
      Connection:
      - keep-alive
      Content-Encoding:
      - gzip
      Content-Type:
      - application/json; charset=utf-8
      Server:
      - cloudflare
      Strict-Transport-Security:
      - max-age=31536000; includeSubDomains; preload
      Transfer-Encoding:
      - chunked
      Vary:
      - Accept-Encoding
      alt-svc:
      - h3=":443"; ma=86400
      content-security-policy:
      - default-src 'none'
      referrer-policy:
      - strict-origin-when-cross-origin
      x-content-type-options:
      - nosniff
      x-dns-prefetch-control:
      - 'off'
      x-download-options:
      - noopen
      x-frame-options:
      - SAMEORIGIN
      x-notion-request-id:
      - 42805f90-2f7a-4a5d-8e72-21a1d66f6a9a
      x-permitted-cross-domain-policies:
      - none
      x-xss-protection:
      - '0'
    http_version: HTTP/1.1
    status_code: 200
- request:
    body: '{"type": "video", "archived": false, "in_trash": false, "video": {"caption":
      [{"type": "text", "plain_text": "Rick Roll but not really", "annotations": {"bold":
      false, "italic": false, "strikethrough": false, "underline": false, "code":
      false, "color": "default"}, "text": {"content": "Rick Roll but not really"}}]}}'
    headers:
      accept:
      - '*/*'
      accept-encoding:
      - gzip, deflate
      authorization:
      - secret...
      connection:
      - keep-alive
      content-length:
      - '316'
      content-type:
      - application/json
      cookie:
      - secret...
      host:
      - api.notion.com
      notion-version:
      - '2022-06-28'
      user-agent:
      - secret...
    method: PATCH
    uri: https://api.notion.com/v1/blocks/21b974f3b3888145961bc57e9bc60743
  response:
    content: '{"object":"block","id":"21b974f3-b388-8145-961b-c57e9bc60743","parent":{"type":"page_id","page_id":"21b974f3-b388-8170-89d6-e58ffefc0ab0"},"created_time":"2025-06-23T13:24:00.000Z","last_edited_time":"2025-06-23T13:25:00.000Z","created_by":{"object":"user","id":"645e79dd-3e43-40de-9d51-39357c1c427f"},"last_edited_by":{"object":"user","id":"645e79dd-3e43-40de-9d51-39357c1c427f"},"has_children":false,"archived":false,"in_trash":false,"type":"video","video":{"caption":[{"type":"text","text":{"content":"Rick
      Roll but not really","link":null},"annotations":{"bold":false,"italic":false,"strikethrough":false,"underline":false,"code":false,"color":"default"},"plain_text":"Rick
      Roll but not really","href":null}],"type":"external","external":{"url":"https://www.youtube.com/watch?v=dQw4w9WgXcQ"}},"request_id":"e5b6e280-160c-4912-9d8c-c930dea23114"}'
    headers:
      CF-Cache-Status:
      - DYNAMIC
      CF-Ray:
      - 95444f3ddfa04d7c-FRA
      Connection:
      - keep-alive
      Content-Encoding:
      - gzip
      Content-Type:
      - application/json; charset=utf-8
      Server:
      - cloudflare
      Strict-Transport-Security:
      - max-age=31536000; includeSubDomains; preload
      Transfer-Encoding:
      - chunked
      Vary:
      - Accept-Encoding
      alt-svc:
      - h3=":443"; ma=86400
      content-security-policy:
      - default-src 'none'
      referrer-policy:
      - strict-origin-when-cross-origin
      x-content-type-options:
      - nosniff
      x-dns-prefetch-control:
      - 'off'
      x-download-options:
      - noopen
      x-frame-options:
      - SAMEORIGIN
      x-notion-request-id:
      - e5b6e280-160c-4912-9d8c-c930dea23114
      x-permitted-cross-domain-policies:
      - none
      x-xss-protection:
      - '0'
    http_version: HTTP/1.1
    status_code: 200
- request:
    body: ''
    headers:
      accept:
      - '*/*'
      accept-encoding:
      - gzip, deflate
      authorization:
      - secret...
      connection:
      - keep-alive
      cookie:
      - secret...
      host:
      - api.notion.com
      notion-version:
      - '2022-06-28'
      user-agent:
      - secret...
    method: GET
    uri: https://api.notion.com/v1/blocks/21b974f3-b388-8145-961b-c57e9bc60743
  response:
    content: '{"object":"block","id":"21b974f3-b388-8145-961b-c57e9bc60743","parent":{"type":"page_id","page_id":"21b974f3-b388-8170-89d6-e58ffefc0ab0"},"created_time":"2025-06-23T13:24:00.000Z","last_edited_time":"2025-06-23T13:25:00.000Z","created_by":{"object":"user","id":"645e79dd-3e43-40de-9d51-39357c1c427f"},"last_edited_by":{"object":"user","id":"645e79dd-3e43-40de-9d51-39357c1c427f"},"has_children":false,"archived":false,"in_trash":false,"type":"video","video":{"caption":[{"type":"text","text":{"content":"Rick
      Roll but not really","link":null},"annotations":{"bold":false,"italic":false,"strikethrough":false,"underline":false,"code":false,"color":"default"},"plain_text":"Rick
      Roll but not really","href":null}],"type":"external","external":{"url":"https://www.youtube.com/watch?v=dQw4w9WgXcQ"}},"request_id":"f3d07597-e369-46ba-9d70-4870dabf3d0c"}'
    headers:
      CF-Cache-Status:
      - DYNAMIC
      CF-Ray:
      - 95444f4dc9224d7c-FRA
      Connection:
      - keep-alive
      Content-Encoding:
      - gzip
      Content-Type:
      - application/json; charset=utf-8
      Server:
      - cloudflare
      Strict-Transport-Security:
      - max-age=31536000; includeSubDomains; preload
      Transfer-Encoding:
      - chunked
      Vary:
      - Accept-Encoding
      alt-svc:
      - h3=":443"; ma=86400
      content-security-policy:
      - default-src 'none'
      referrer-policy:
      - strict-origin-when-cross-origin
      x-content-type-options:
      - nosniff
      x-dns-prefetch-control:
      - 'off'
      x-download-options:
      - noopen
      x-frame-options:
      - SAMEORIGIN
      x-notion-request-id:
      - f3d07597-e369-46ba-9d70-4870dabf3d0c
      x-permitted-cross-domain-policies:
      - none
      x-xss-protection:
      - '0'
    http_version: HTTP/1.1
    status_code: 200
- request:
    body: '{"type": "pdf", "archived": false, "in_trash": false, "pdf": {"caption":
      [{"type": "text", "plain_text": "Dummy PDF", "annotations": {"bold": false,
      "italic": false, "strikethrough": false, "underline": false, "code": false,
      "color": "default"}, "text": {"content": "Dummy PDF"}}]}}'
    headers:
      accept:
      - '*/*'
      accept-encoding:
      - gzip, deflate
      authorization:
      - secret...
      connection:
      - keep-alive
      content-length:
      - '282'
      content-type:
      - application/json
      cookie:
      - secret...
      host:
      - api.notion.com
      notion-version:
      - '2022-06-28'
      user-agent:
      - secret...
    method: PATCH
    uri: https://api.notion.com/v1/blocks/21b974f3b388817a9589f93171fa25f8
  response:
    content: '{"object":"block","id":"21b974f3-b388-817a-9589-f93171fa25f8","parent":{"type":"page_id","page_id":"21b974f3-b388-8170-89d6-e58ffefc0ab0"},"created_time":"2025-06-23T13:24:00.000Z","last_edited_time":"2025-06-23T13:25:00.000Z","created_by":{"object":"user","id":"645e79dd-3e43-40de-9d51-39357c1c427f"},"last_edited_by":{"object":"user","id":"645e79dd-3e43-40de-9d51-39357c1c427f"},"has_children":false,"archived":false,"in_trash":false,"type":"pdf","pdf":{"caption":[{"type":"text","text":{"content":"Dummy
      PDF","link":null},"annotations":{"bold":false,"italic":false,"strikethrough":false,"underline":false,"code":false,"color":"default"},"plain_text":"Dummy
      PDF","href":null}],"type":"external","external":{"url":"https://www.iktz-hd.de/fileadmin/user_upload/dummy.pdf"}},"request_id":"b8b107eb-864f-4976-97f5-74dabc88ff58"}'
    headers:
      CF-Cache-Status:
      - DYNAMIC
      CF-Ray:
      - 95444f566e274d7c-FRA
      Connection:
      - keep-alive
      Content-Encoding:
      - gzip
      Content-Type:
      - application/json; charset=utf-8
      Server:
      - cloudflare
      Strict-Transport-Security:
      - max-age=31536000; includeSubDomains; preload
      Transfer-Encoding:
      - chunked
      Vary:
      - Accept-Encoding
      alt-svc:
      - h3=":443"; ma=86400
      content-security-policy:
      - default-src 'none'
      referrer-policy:
      - strict-origin-when-cross-origin
      x-content-type-options:
      - nosniff
      x-dns-prefetch-control:
      - 'off'
      x-download-options:
      - noopen
      x-frame-options:
      - SAMEORIGIN
      x-notion-request-id:
      - b8b107eb-864f-4976-97f5-74dabc88ff58
      x-permitted-cross-domain-policies:
      - none
      x-xss-protection:
      - '0'
    http_version: HTTP/1.1
    status_code: 200
- request:
    body: ''
    headers:
      accept:
      - '*/*'
      accept-encoding:
      - gzip, deflate
      authorization:
      - secret...
      connection:
      - keep-alive
      cookie:
      - secret...
      host:
      - api.notion.com
      notion-version:
      - '2022-06-28'
      user-agent:
      - secret...
    method: GET
    uri: https://api.notion.com/v1/blocks/21b974f3-b388-817a-9589-f93171fa25f8
  response:
    content: '{"object":"block","id":"21b974f3-b388-817a-9589-f93171fa25f8","parent":{"type":"page_id","page_id":"21b974f3-b388-8170-89d6-e58ffefc0ab0"},"created_time":"2025-06-23T13:24:00.000Z","last_edited_time":"2025-06-23T13:25:00.000Z","created_by":{"object":"user","id":"645e79dd-3e43-40de-9d51-39357c1c427f"},"last_edited_by":{"object":"user","id":"645e79dd-3e43-40de-9d51-39357c1c427f"},"has_children":false,"archived":false,"in_trash":false,"type":"pdf","pdf":{"caption":[{"type":"text","text":{"content":"Dummy
      PDF","link":null},"annotations":{"bold":false,"italic":false,"strikethrough":false,"underline":false,"code":false,"color":"default"},"plain_text":"Dummy
      PDF","href":null}],"type":"external","external":{"url":"https://www.iktz-hd.de/fileadmin/user_upload/dummy.pdf"}},"request_id":"60a2593f-73b1-4f76-b039-a3c7c80e6c8a"}'
    headers:
      CF-Cache-Status:
      - DYNAMIC
      CF-Ray:
      - 95444f58df654d7c-FRA
      Connection:
      - keep-alive
      Content-Encoding:
      - gzip
      Content-Type:
      - application/json; charset=utf-8
      Server:
      - cloudflare
      Strict-Transport-Security:
      - max-age=31536000; includeSubDomains; preload
      Transfer-Encoding:
      - chunked
      Vary:
      - Accept-Encoding
      alt-svc:
      - h3=":443"; ma=86400
      content-security-policy:
      - default-src 'none'
      referrer-policy:
      - strict-origin-when-cross-origin
      x-content-type-options:
      - nosniff
      x-dns-prefetch-control:
      - 'off'
      x-download-options:
      - noopen
      x-frame-options:
      - SAMEORIGIN
      x-notion-request-id:
      - 60a2593f-73b1-4f76-b039-a3c7c80e6c8a
      x-permitted-cross-domain-policies:
      - none
      x-xss-protection:
      - '0'
    http_version: HTTP/1.1
    status_code: 200
version: 1
