interactions:
- request:
    body: '{"parent": {"type": "page_id", "page_id": "5f505199-b292-4713-920b-61d813bf72a3"},
      "properties": {"title": {"type": "title", "title": [{"type": "text", "plain_text":
      "Page for modifying table blocks", "annotations": {"bold": false, "italic":
      false, "strikethrough": false, "underline": false, "code": false}, "text": {"content":
      "Page for modifying table blocks"}}]}}}'
    headers:
      accept:
      - '*/*'
      accept-encoding:
      - gzip, deflate
      authorization:
      - secret...
      connection:
      - keep-alive
      content-length:
      - '341'
      content-type:
      - application/json
      cookie:
      - secret...
      host:
      - api.notion.com
      notion-version:
      - '2022-06-28'
      user-agent:
      - secret...
    method: POST
    uri: https://api.notion.com/v1/pages
  response:
    content: '{"object":"page","id":"277974f3-b388-81e1-82b2-c1ab8da07f55","created_time":"2025-09-23T09:53:00.000Z","last_edited_time":"2025-09-23T09:53:00.000Z","created_by":{"object":"user","id":"645e79dd-3e43-40de-9d51-39357c1c427f"},"last_edited_by":{"object":"user","id":"645e79dd-3e43-40de-9d51-39357c1c427f"},"cover":null,"icon":null,"parent":{"type":"page_id","page_id":"5f505199-b292-4713-920b-61d813bf72a3"},"archived":false,"in_trash":false,"is_locked":false,"properties":{"title":{"id":"title","type":"title","title":[{"type":"text","text":{"content":"Page
      for modifying table blocks","link":null},"annotations":{"bold":false,"italic":false,"strikethrough":false,"underline":false,"code":false,"color":"default"},"plain_text":"Page
      for modifying table blocks","href":null}]}},"url":"https://www.notion.so/Page-for-modifying-table-blocks-277974f3b38881e182b2c1ab8da07f55","public_url":null,"request_id":"7a7ab5f5-4bb0-41b6-8c89-ddd8ab093109"}'
    headers:
      CF-Cache-Status:
      - DYNAMIC
      CF-Ray:
      - 983927297b03dc5a-FRA
      Connection:
      - keep-alive
      Content-Encoding:
      - gzip
      Content-Type:
      - application/json; charset=utf-8
      Server:
      - cloudflare
      Strict-Transport-Security:
      - max-age=31536000; includeSubDomains; preload
      Transfer-Encoding:
      - chunked
      Vary:
      - Accept-Encoding
      alt-svc:
      - h3=":443"; ma=86400
      content-security-policy:
      - default-src 'none'
      referrer-policy:
      - strict-origin-when-cross-origin
      x-content-type-options:
      - nosniff
      x-dns-prefetch-control:
      - 'off'
      x-download-options:
      - noopen
      x-frame-options:
      - SAMEORIGIN
      x-notion-request-id:
      - 7a7ab5f5-4bb0-41b6-8c89-ddd8ab093109
      x-permitted-cross-domain-policies:
      - none
      x-xss-protection:
      - '0'
    http_version: HTTP/1.1
    status_code: 200
- request:
    body: ''
    headers:
      accept:
      - '*/*'
      accept-encoding:
      - gzip, deflate
      authorization:
      - secret...
      connection:
      - keep-alive
      cookie:
      - secret...
      host:
      - api.notion.com
      notion-version:
      - '2022-06-28'
      user-agent:
      - secret...
    method: GET
    uri: https://api.notion.com/v1/pages/5f505199-b292-4713-920b-61d813bf72a3
  response:
    content: '{"object":"page","id":"5f505199-b292-4713-920b-61d813bf72a3","created_time":"2022-08-22T15:47:00.000Z","last_edited_time":"2025-09-23T09:53:00.000Z","created_by":{"object":"user","id":"b10cb6df-12ef-44d3-88ad-250168f66322"},"last_edited_by":{"object":"user","id":"645e79dd-3e43-40de-9d51-39357c1c427f"},"cover":null,"icon":null,"parent":{"type":"workspace","workspace":true},"archived":false,"in_trash":false,"is_locked":false,"properties":{"title":{"id":"title","type":"title","title":[{"type":"text","text":{"content":"Tests","link":null},"annotations":{"bold":false,"italic":false,"strikethrough":false,"underline":false,"code":false,"color":"default"},"plain_text":"Tests","href":null}]}},"url":"https://www.notion.so/Tests-5f505199b2924713920b61d813bf72a3","public_url":null,"request_id":"684b1657-5d16-4114-a7a9-b9556e31618e"}'
    headers:
      CF-Cache-Status:
      - DYNAMIC
      CF-Ray:
      - 98392730bf9adc5a-FRA
      Connection:
      - keep-alive
      Content-Encoding:
      - gzip
      Content-Type:
      - application/json; charset=utf-8
      Server:
      - cloudflare
      Strict-Transport-Security:
      - max-age=31536000; includeSubDomains; preload
      Transfer-Encoding:
      - chunked
      Vary:
      - Accept-Encoding
      alt-svc:
      - h3=":443"; ma=86400
      content-security-policy:
      - default-src 'none'
      referrer-policy:
      - strict-origin-when-cross-origin
      x-content-type-options:
      - nosniff
      x-dns-prefetch-control:
      - 'off'
      x-download-options:
      - noopen
      x-frame-options:
      - SAMEORIGIN
      x-notion-request-id:
      - 684b1657-5d16-4114-a7a9-b9556e31618e
      x-permitted-cross-domain-policies:
      - none
      x-xss-protection:
      - '0'
    http_version: HTTP/1.1
    status_code: 200
- request:
    body: ''
    headers:
      accept:
      - '*/*'
      accept-encoding:
      - gzip, deflate
      authorization:
      - secret...
      connection:
      - keep-alive
      cookie:
      - secret...
      host:
      - api.notion.com
      notion-version:
      - '2022-06-28'
      user-agent:
      - secret...
    method: GET
    uri: https://api.notion.com/v1/blocks/277974f3-b388-81e1-82b2-c1ab8da07f55/children?page_size=100
  response:
    content: '{"object":"list","results":[],"next_cursor":null,"has_more":false,"type":"block","block":{},"request_id":"063d10d5-534b-4c00-b571-4e85ba845465"}'
    headers:
      CF-Cache-Status:
      - DYNAMIC
      CF-Ray:
      - 98392735f95ddc5a-FRA
      Connection:
      - keep-alive
      Content-Encoding:
      - gzip
      Content-Type:
      - application/json; charset=utf-8
      Server:
      - cloudflare
      Strict-Transport-Security:
      - max-age=31536000; includeSubDomains; preload
      Transfer-Encoding:
      - chunked
      Vary:
      - Accept-Encoding
      alt-svc:
      - h3=":443"; ma=86400
      content-security-policy:
      - default-src 'none'
      referrer-policy:
      - strict-origin-when-cross-origin
      x-content-type-options:
      - nosniff
      x-dns-prefetch-control:
      - 'off'
      x-download-options:
      - noopen
      x-frame-options:
      - SAMEORIGIN
      x-notion-request-id:
      - 063d10d5-534b-4c00-b571-4e85ba845465
      x-permitted-cross-domain-policies:
      - none
      x-xss-protection:
      - '0'
    http_version: HTTP/1.1
    status_code: 200
- request:
    body: '{"children":[{"object":"block","has_children":true,"in_trash":false,"archived":false,"type":"table","table":{"table_width":3,"has_column_header":true,"has_row_header":false,"children":[{"object":"block","has_children":false,"in_trash":false,"archived":false,"type":"table_row","table_row":{"cells":[[{"type":"text","plain_text":"Cell
      0, 0","annotations":{"bold":false,"italic":false,"strikethrough":false,"underline":false,"code":false},"text":{"content":"Cell
      0, 0"}}],[{"type":"text","plain_text":"Cell 0, 1","annotations":{"bold":false,"italic":false,"strikethrough":false,"underline":false,"code":false},"text":{"content":"Cell
      0, 1"}}],[{"type":"text","plain_text":"Cell 0, 2","annotations":{"bold":false,"italic":false,"strikethrough":false,"underline":false,"code":false},"text":{"content":"Cell
      0, 2"}}]]}},{"object":"block","has_children":false,"in_trash":false,"archived":false,"type":"table_row","table_row":{"cells":[[{"type":"text","plain_text":"Cell
      1, 0","annotations":{"bold":false,"italic":false,"strikethrough":false,"underline":false,"code":false},"text":{"content":"Cell
      1, 0"}}],[{"type":"text","plain_text":"Cell 1, 1","annotations":{"bold":false,"italic":false,"strikethrough":false,"underline":false,"code":false},"text":{"content":"Cell
      1, 1"}}],[{"type":"text","plain_text":"Cell 1, 2","annotations":{"bold":false,"italic":false,"strikethrough":false,"underline":false,"code":false},"text":{"content":"Cell
      1, 2"}}]]}}]}}]}'
    headers:
      accept:
      - '*/*'
      accept-encoding:
      - gzip, deflate
      authorization:
      - secret...
      connection:
      - keep-alive
      content-length:
      - '1449'
      content-type:
      - application/json
      cookie:
      - secret...
      host:
      - api.notion.com
      notion-version:
      - '2022-06-28'
      user-agent:
      - secret...
    method: PATCH
    uri: https://api.notion.com/v1/blocks/277974f3-b388-81e1-82b2-c1ab8da07f55/children
  response:
    content: '{"object":"list","results":[{"object":"block","id":"277974f3-b388-81b4-9ba6-c7bb754ef68a","parent":{"type":"page_id","page_id":"277974f3-b388-81e1-82b2-c1ab8da07f55"},"created_time":"2025-09-23T09:53:00.000Z","last_edited_time":"2025-09-23T09:53:00.000Z","created_by":{"object":"user","id":"645e79dd-3e43-40de-9d51-39357c1c427f"},"last_edited_by":{"object":"user","id":"645e79dd-3e43-40de-9d51-39357c1c427f"},"has_children":true,"archived":false,"in_trash":false,"type":"table","table":{"table_width":3,"has_column_header":true,"has_row_header":false}}],"next_cursor":null,"has_more":false,"type":"block","block":{},"request_id":"ea53100d-142c-46c5-9532-823fa6997c56"}'
    headers:
      CF-Cache-Status:
      - DYNAMIC
      CF-Ray:
      - 983927380cc6dc5a-FRA
      Connection:
      - keep-alive
      Content-Encoding:
      - gzip
      Content-Type:
      - application/json; charset=utf-8
      Server:
      - cloudflare
      Strict-Transport-Security:
      - max-age=31536000; includeSubDomains; preload
      Transfer-Encoding:
      - chunked
      Vary:
      - Accept-Encoding
      alt-svc:
      - h3=":443"; ma=86400
      content-security-policy:
      - default-src 'none'
      referrer-policy:
      - strict-origin-when-cross-origin
      x-content-type-options:
      - nosniff
      x-dns-prefetch-control:
      - 'off'
      x-download-options:
      - noopen
      x-frame-options:
      - SAMEORIGIN
      x-notion-request-id:
      - ea53100d-142c-46c5-9532-823fa6997c56
      x-permitted-cross-domain-policies:
      - none
      x-xss-protection:
      - '0'
    http_version: HTTP/1.1
    status_code: 200
- request:
    body: ''
    headers:
      accept:
      - '*/*'
      accept-encoding:
      - gzip, deflate
      authorization:
      - secret...
      connection:
      - keep-alive
      cookie:
      - secret...
      host:
      - api.notion.com
      notion-version:
      - '2022-06-28'
      user-agent:
      - secret...
    method: GET
    uri: https://api.notion.com/v1/blocks/277974f3-b388-81b4-9ba6-c7bb754ef68a/children?page_size=100
  response:
    content: '{"object":"list","results":[{"object":"block","id":"277974f3-b388-8143-8a26-fc3885791a15","parent":{"type":"block_id","block_id":"277974f3-b388-81b4-9ba6-c7bb754ef68a"},"created_time":"2025-09-23T09:53:00.000Z","last_edited_time":"2025-09-23T09:53:00.000Z","created_by":{"object":"user","id":"645e79dd-3e43-40de-9d51-39357c1c427f"},"last_edited_by":{"object":"user","id":"645e79dd-3e43-40de-9d51-39357c1c427f"},"has_children":false,"archived":false,"in_trash":false,"type":"table_row","table_row":{"cells":[[{"type":"text","text":{"content":"Cell
      0, 0","link":null},"annotations":{"bold":false,"italic":false,"strikethrough":false,"underline":false,"code":false,"color":"default"},"plain_text":"Cell
      0, 0","href":null}],[{"type":"text","text":{"content":"Cell 0, 1","link":null},"annotations":{"bold":false,"italic":false,"strikethrough":false,"underline":false,"code":false,"color":"default"},"plain_text":"Cell
      0, 1","href":null}],[{"type":"text","text":{"content":"Cell 0, 2","link":null},"annotations":{"bold":false,"italic":false,"strikethrough":false,"underline":false,"code":false,"color":"default"},"plain_text":"Cell
      0, 2","href":null}]]}},{"object":"block","id":"277974f3-b388-813d-ab4d-ff697fefc75c","parent":{"type":"block_id","block_id":"277974f3-b388-81b4-9ba6-c7bb754ef68a"},"created_time":"2025-09-23T09:53:00.000Z","last_edited_time":"2025-09-23T09:53:00.000Z","created_by":{"object":"user","id":"645e79dd-3e43-40de-9d51-39357c1c427f"},"last_edited_by":{"object":"user","id":"645e79dd-3e43-40de-9d51-39357c1c427f"},"has_children":false,"archived":false,"in_trash":false,"type":"table_row","table_row":{"cells":[[{"type":"text","text":{"content":"Cell
      1, 0","link":null},"annotations":{"bold":false,"italic":false,"strikethrough":false,"underline":false,"code":false,"color":"default"},"plain_text":"Cell
      1, 0","href":null}],[{"type":"text","text":{"content":"Cell 1, 1","link":null},"annotations":{"bold":false,"italic":false,"strikethrough":false,"underline":false,"code":false,"color":"default"},"plain_text":"Cell
      1, 1","href":null}],[{"type":"text","text":{"content":"Cell 1, 2","link":null},"annotations":{"bold":false,"italic":false,"strikethrough":false,"underline":false,"code":false,"color":"default"},"plain_text":"Cell
      1, 2","href":null}]]}}],"next_cursor":null,"has_more":false,"type":"block","block":{},"request_id":"d5ef2592-ffc0-40bc-a2e7-cdc17ab3f7a1"}'
    headers:
      CF-Cache-Status:
      - DYNAMIC
      CF-Ray:
      - 9839273b7a8ddc5a-FRA
      Connection:
      - keep-alive
      Content-Encoding:
      - gzip
      Content-Type:
      - application/json; charset=utf-8
      Server:
      - cloudflare
      Strict-Transport-Security:
      - max-age=31536000; includeSubDomains; preload
      Transfer-Encoding:
      - chunked
      Vary:
      - Accept-Encoding
      alt-svc:
      - h3=":443"; ma=86400
      content-security-policy:
      - default-src 'none'
      referrer-policy:
      - strict-origin-when-cross-origin
      x-content-type-options:
      - nosniff
      x-dns-prefetch-control:
      - 'off'
      x-download-options:
      - noopen
      x-frame-options:
      - SAMEORIGIN
      x-notion-request-id:
      - d5ef2592-ffc0-40bc-a2e7-cdc17ab3f7a1
      x-permitted-cross-domain-policies:
      - none
      x-xss-protection:
      - '0'
    http_version: HTTP/1.1
    status_code: 200
- request:
    body: ''
    headers:
      accept:
      - '*/*'
      accept-encoding:
      - gzip, deflate
      authorization:
      - secret...
      connection:
      - keep-alive
      cookie:
      - secret...
      host:
      - api.notion.com
      notion-version:
      - '2022-06-28'
      user-agent:
      - secret...
    method: GET
    uri: https://api.notion.com/v1/pages/277974f3-b388-81e1-82b2-c1ab8da07f55
  response:
    content: '{"object":"page","id":"277974f3-b388-81e1-82b2-c1ab8da07f55","created_time":"2025-09-23T09:53:00.000Z","last_edited_time":"2025-09-23T09:53:00.000Z","created_by":{"object":"user","id":"645e79dd-3e43-40de-9d51-39357c1c427f"},"last_edited_by":{"object":"user","id":"645e79dd-3e43-40de-9d51-39357c1c427f"},"cover":null,"icon":null,"parent":{"type":"page_id","page_id":"5f505199-b292-4713-920b-61d813bf72a3"},"archived":false,"in_trash":false,"is_locked":false,"properties":{"title":{"id":"title","type":"title","title":[{"type":"text","text":{"content":"Page
      for modifying table blocks","link":null},"annotations":{"bold":false,"italic":false,"strikethrough":false,"underline":false,"code":false,"color":"default"},"plain_text":"Page
      for modifying table blocks","href":null}]}},"url":"https://www.notion.so/Page-for-modifying-table-blocks-277974f3b38881e182b2c1ab8da07f55","public_url":null,"request_id":"58c07ee9-81ff-4375-b65d-740b55331e59"}'
    headers:
      CF-Cache-Status:
      - DYNAMIC
      CF-Ray:
      - 9839273deeebdc5a-FRA
      Connection:
      - keep-alive
      Content-Encoding:
      - gzip
      Content-Type:
      - application/json; charset=utf-8
      Server:
      - cloudflare
      Strict-Transport-Security:
      - max-age=31536000; includeSubDomains; preload
      Transfer-Encoding:
      - chunked
      Vary:
      - Accept-Encoding
      alt-svc:
      - h3=":443"; ma=86400
      content-security-policy:
      - default-src 'none'
      referrer-policy:
      - strict-origin-when-cross-origin
      x-content-type-options:
      - nosniff
      x-dns-prefetch-control:
      - 'off'
      x-download-options:
      - noopen
      x-frame-options:
      - SAMEORIGIN
      x-notion-request-id:
      - 58c07ee9-81ff-4375-b65d-740b55331e59
      x-permitted-cross-domain-policies:
      - none
      x-xss-protection:
      - '0'
    http_version: HTTP/1.1
    status_code: 200
- request:
    body: ''
    headers:
      accept:
      - '*/*'
      accept-encoding:
      - gzip, deflate
      authorization:
      - secret...
      connection:
      - keep-alive
      cookie:
      - secret...
      host:
      - api.notion.com
      notion-version:
      - '2022-06-28'
      user-agent:
      - secret...
    method: GET
    uri: https://api.notion.com/v1/blocks/277974f3-b388-81e1-82b2-c1ab8da07f55/children?page_size=100
  response:
    content: '{"object":"list","results":[{"object":"block","id":"277974f3-b388-81b4-9ba6-c7bb754ef68a","parent":{"type":"page_id","page_id":"277974f3-b388-81e1-82b2-c1ab8da07f55"},"created_time":"2025-09-23T09:53:00.000Z","last_edited_time":"2025-09-23T09:53:00.000Z","created_by":{"object":"user","id":"645e79dd-3e43-40de-9d51-39357c1c427f"},"last_edited_by":{"object":"user","id":"645e79dd-3e43-40de-9d51-39357c1c427f"},"has_children":true,"archived":false,"in_trash":false,"type":"table","table":{"table_width":3,"has_column_header":true,"has_row_header":false}}],"next_cursor":null,"has_more":false,"type":"block","block":{},"request_id":"ee93e344-f7ed-465c-8847-fcb3d6446f1e"}'
    headers:
      CF-Cache-Status:
      - DYNAMIC
      CF-Ray:
      - 9839273f7988dc5a-FRA
      Connection:
      - keep-alive
      Content-Encoding:
      - gzip
      Content-Type:
      - application/json; charset=utf-8
      Server:
      - cloudflare
      Strict-Transport-Security:
      - max-age=31536000; includeSubDomains; preload
      Transfer-Encoding:
      - chunked
      Vary:
      - Accept-Encoding
      alt-svc:
      - h3=":443"; ma=86400
      content-security-policy:
      - default-src 'none'
      referrer-policy:
      - strict-origin-when-cross-origin
      x-content-type-options:
      - nosniff
      x-dns-prefetch-control:
      - 'off'
      x-download-options:
      - noopen
      x-frame-options:
      - SAMEORIGIN
      x-notion-request-id:
      - ee93e344-f7ed-465c-8847-fcb3d6446f1e
      x-permitted-cross-domain-policies:
      - none
      x-xss-protection:
      - '0'
    http_version: HTTP/1.1
    status_code: 200
- request:
    body: '{"children":[{"object":"block","has_children":false,"in_trash":false,"archived":false,"type":"table_row","table_row":{"cells":[[{"type":"text","plain_text":"New
      Cell 1, 0","annotations":{"bold":false,"italic":false,"strikethrough":false,"underline":false,"code":false},"text":{"content":"New
      Cell 1, 0"}}],[{"type":"text","plain_text":"New Cell 1, 1","annotations":{"bold":false,"italic":false,"strikethrough":false,"underline":false,"code":false},"text":{"content":"New
      Cell 1, 1"}}],[{"type":"text","plain_text":"New Cell 1, 2","annotations":{"bold":false,"italic":false,"strikethrough":false,"underline":false,"code":false},"text":{"content":"New
      Cell 1, 2"}}]]}}],"after":"277974f3-b388-8143-8a26-fc3885791a15"}'
    headers:
      accept:
      - '*/*'
      accept-encoding:
      - gzip, deflate
      authorization:
      - secret...
      connection:
      - keep-alive
      content-length:
      - '715'
      content-type:
      - application/json
      cookie:
      - secret...
      host:
      - api.notion.com
      notion-version:
      - '2022-06-28'
      user-agent:
      - secret...
    method: PATCH
    uri: https://api.notion.com/v1/blocks/277974f3-b388-81b4-9ba6-c7bb754ef68a/children
  response:
    content: '{"object":"list","results":[{"object":"block","id":"277974f3-b388-818c-a4eb-c4f7e460fcec","parent":{"type":"block_id","block_id":"277974f3-b388-81b4-9ba6-c7bb754ef68a"},"created_time":"2025-09-23T09:53:00.000Z","last_edited_time":"2025-09-23T09:53:00.000Z","created_by":{"object":"user","id":"645e79dd-3e43-40de-9d51-39357c1c427f"},"last_edited_by":{"object":"user","id":"645e79dd-3e43-40de-9d51-39357c1c427f"},"has_children":false,"archived":false,"in_trash":false,"type":"table_row","table_row":{"cells":[[{"type":"text","text":{"content":"New
      Cell 1, 0","link":null},"annotations":{"bold":false,"italic":false,"strikethrough":false,"underline":false,"code":false,"color":"default"},"plain_text":"New
      Cell 1, 0","href":null}],[{"type":"text","text":{"content":"New Cell 1, 1","link":null},"annotations":{"bold":false,"italic":false,"strikethrough":false,"underline":false,"code":false,"color":"default"},"plain_text":"New
      Cell 1, 1","href":null}],[{"type":"text","text":{"content":"New Cell 1, 2","link":null},"annotations":{"bold":false,"italic":false,"strikethrough":false,"underline":false,"code":false,"color":"default"},"plain_text":"New
      Cell 1, 2","href":null}]]}},{"object":"block","id":"277974f3-b388-813d-ab4d-ff697fefc75c","parent":{"type":"block_id","block_id":"277974f3-b388-81b4-9ba6-c7bb754ef68a"},"created_time":"2025-09-23T09:53:00.000Z","last_edited_time":"2025-09-23T09:53:00.000Z","created_by":{"object":"user","id":"645e79dd-3e43-40de-9d51-39357c1c427f"},"last_edited_by":{"object":"user","id":"645e79dd-3e43-40de-9d51-39357c1c427f"},"has_children":false,"archived":false,"in_trash":false,"type":"table_row","table_row":{"cells":[[{"type":"text","text":{"content":"Cell
      1, 0","link":null},"annotations":{"bold":false,"italic":false,"strikethrough":false,"underline":false,"code":false,"color":"default"},"plain_text":"Cell
      1, 0","href":null}],[{"type":"text","text":{"content":"Cell 1, 1","link":null},"annotations":{"bold":false,"italic":false,"strikethrough":false,"underline":false,"code":false,"color":"default"},"plain_text":"Cell
      1, 1","href":null}],[{"type":"text","text":{"content":"Cell 1, 2","link":null},"annotations":{"bold":false,"italic":false,"strikethrough":false,"underline":false,"code":false,"color":"default"},"plain_text":"Cell
      1, 2","href":null}]]}}],"next_cursor":null,"has_more":false,"type":"block","block":{},"request_id":"d5c5d892-92b9-4855-8118-7d2757911bc6"}'
    headers:
      CF-Cache-Status:
      - DYNAMIC
      CF-Ray:
      - 98392741ad9bdc5a-FRA
      Connection:
      - keep-alive
      Content-Encoding:
      - gzip
      Content-Type:
      - application/json; charset=utf-8
      Server:
      - cloudflare
      Strict-Transport-Security:
      - max-age=31536000; includeSubDomains; preload
      Transfer-Encoding:
      - chunked
      Vary:
      - Accept-Encoding
      alt-svc:
      - h3=":443"; ma=86400
      content-security-policy:
      - default-src 'none'
      referrer-policy:
      - strict-origin-when-cross-origin
      x-content-type-options:
      - nosniff
      x-dns-prefetch-control:
      - 'off'
      x-download-options:
      - noopen
      x-frame-options:
      - SAMEORIGIN
      x-notion-request-id:
      - d5c5d892-92b9-4855-8118-7d2757911bc6
      x-permitted-cross-domain-policies:
      - none
      x-xss-protection:
      - '0'
    http_version: HTTP/1.1
    status_code: 200
- request:
    body: '{"children":[{"object":"block","has_children":false,"in_trash":false,"archived":false,"type":"table_row","table_row":{"cells":[[{"type":"text","plain_text":"New
      Cell 3, 0","annotations":{"bold":false,"italic":false,"strikethrough":false,"underline":false,"code":false},"text":{"content":"New
      Cell 3, 0"}}],[{"type":"text","plain_text":"New Cell 3, 1","annotations":{"bold":false,"italic":false,"strikethrough":false,"underline":false,"code":false},"text":{"content":"New
      Cell 3, 1"}}],[{"type":"text","plain_text":"New Cell 3, 2","annotations":{"bold":false,"italic":false,"strikethrough":false,"underline":false,"code":false},"text":{"content":"New
      Cell 3, 2"}}]]}}],"after":"277974f3-b388-813d-ab4d-ff697fefc75c"}'
    headers:
      accept:
      - '*/*'
      accept-encoding:
      - gzip, deflate
      authorization:
      - secret...
      connection:
      - keep-alive
      content-length:
      - '715'
      content-type:
      - application/json
      cookie:
      - secret...
      host:
      - api.notion.com
      notion-version:
      - '2022-06-28'
      user-agent:
      - secret...
    method: PATCH
    uri: https://api.notion.com/v1/blocks/277974f3-b388-81b4-9ba6-c7bb754ef68a/children
  response:
    content: '{"object":"list","results":[{"object":"block","id":"277974f3-b388-8132-b5eb-ed6689f559ff","parent":{"type":"block_id","block_id":"277974f3-b388-81b4-9ba6-c7bb754ef68a"},"created_time":"2025-09-23T09:53:00.000Z","last_edited_time":"2025-09-23T09:53:00.000Z","created_by":{"object":"user","id":"645e79dd-3e43-40de-9d51-39357c1c427f"},"last_edited_by":{"object":"user","id":"645e79dd-3e43-40de-9d51-39357c1c427f"},"has_children":false,"archived":false,"in_trash":false,"type":"table_row","table_row":{"cells":[[{"type":"text","text":{"content":"New
      Cell 3, 0","link":null},"annotations":{"bold":false,"italic":false,"strikethrough":false,"underline":false,"code":false,"color":"default"},"plain_text":"New
      Cell 3, 0","href":null}],[{"type":"text","text":{"content":"New Cell 3, 1","link":null},"annotations":{"bold":false,"italic":false,"strikethrough":false,"underline":false,"code":false,"color":"default"},"plain_text":"New
      Cell 3, 1","href":null}],[{"type":"text","text":{"content":"New Cell 3, 2","link":null},"annotations":{"bold":false,"italic":false,"strikethrough":false,"underline":false,"code":false,"color":"default"},"plain_text":"New
      Cell 3, 2","href":null}]]}}],"next_cursor":null,"has_more":false,"type":"block","block":{},"request_id":"9d2a3a86-12ed-4326-9cc6-bbef26f7522e"}'
    headers:
      CF-Cache-Status:
      - DYNAMIC
      CF-Ray:
      - 98392744eb68dc5a-FRA
      Connection:
      - keep-alive
      Content-Encoding:
      - gzip
      Content-Type:
      - application/json; charset=utf-8
      Server:
      - cloudflare
      Strict-Transport-Security:
      - max-age=31536000; includeSubDomains; preload
      Transfer-Encoding:
      - chunked
      Vary:
      - Accept-Encoding
      alt-svc:
      - h3=":443"; ma=86400
      content-security-policy:
      - default-src 'none'
      referrer-policy:
      - strict-origin-when-cross-origin
      x-content-type-options:
      - nosniff
      x-dns-prefetch-control:
      - 'off'
      x-download-options:
      - noopen
      x-frame-options:
      - SAMEORIGIN
      x-notion-request-id:
      - 9d2a3a86-12ed-4326-9cc6-bbef26f7522e
      x-permitted-cross-domain-policies:
      - none
      x-xss-protection:
      - '0'
    http_version: HTTP/1.1
    status_code: 200
- request:
    body: ''
    headers:
      accept:
      - '*/*'
      accept-encoding:
      - gzip, deflate
      authorization:
      - secret...
      connection:
      - keep-alive
      cookie:
      - secret...
      host:
      - api.notion.com
      notion-version:
      - '2022-06-28'
      user-agent:
      - secret...
    method: DELETE
    uri: https://api.notion.com/v1/blocks/277974f3-b388-813d-ab4d-ff697fefc75c
  response:
    content: '{"object":"block","id":"277974f3-b388-813d-ab4d-ff697fefc75c","parent":{"type":"block_id","block_id":"277974f3-b388-81b4-9ba6-c7bb754ef68a"},"created_time":"2025-09-23T09:53:00.000Z","last_edited_time":"2025-09-23T09:53:00.000Z","created_by":{"object":"user","id":"645e79dd-3e43-40de-9d51-39357c1c427f"},"last_edited_by":{"object":"user","id":"645e79dd-3e43-40de-9d51-39357c1c427f"},"has_children":false,"archived":true,"in_trash":true,"type":"table_row","table_row":{"cells":[[{"type":"text","text":{"content":"Cell
      1, 0","link":null},"annotations":{"bold":false,"italic":false,"strikethrough":false,"underline":false,"code":false,"color":"default"},"plain_text":"Cell
      1, 0","href":null}],[{"type":"text","text":{"content":"Cell 1, 1","link":null},"annotations":{"bold":false,"italic":false,"strikethrough":false,"underline":false,"code":false,"color":"default"},"plain_text":"Cell
      1, 1","href":null}],[{"type":"text","text":{"content":"Cell 1, 2","link":null},"annotations":{"bold":false,"italic":false,"strikethrough":false,"underline":false,"code":false,"color":"default"},"plain_text":"Cell
      1, 2","href":null}]]},"request_id":"1571ede9-d3cb-44e5-aa49-4fec3f78a35c"}'
    headers:
      CF-Cache-Status:
      - DYNAMIC
      CF-Ray:
      - 983927476febdc5a-FRA
      Connection:
      - keep-alive
      Content-Encoding:
      - gzip
      Content-Type:
      - application/json; charset=utf-8
      Server:
      - cloudflare
      Strict-Transport-Security:
      - max-age=31536000; includeSubDomains; preload
      Transfer-Encoding:
      - chunked
      Vary:
      - Accept-Encoding
      alt-svc:
      - h3=":443"; ma=86400
      content-security-policy:
      - default-src 'none'
      referrer-policy:
      - strict-origin-when-cross-origin
      x-content-type-options:
      - nosniff
      x-dns-prefetch-control:
      - 'off'
      x-download-options:
      - noopen
      x-frame-options:
      - SAMEORIGIN
      x-notion-request-id:
      - 1571ede9-d3cb-44e5-aa49-4fec3f78a35c
      x-permitted-cross-domain-policies:
      - none
      x-xss-protection:
      - '0'
    http_version: HTTP/1.1
    status_code: 200
- request:
    body: ''
    headers:
      accept:
      - '*/*'
      accept-encoding:
      - gzip, deflate
      authorization:
      - secret...
      connection:
      - keep-alive
      cookie:
      - secret...
      host:
      - api.notion.com
      notion-version:
      - '2022-06-28'
      user-agent:
      - secret...
    method: GET
    uri: https://api.notion.com/v1/pages/277974f3-b388-81e1-82b2-c1ab8da07f55
  response:
    content: '{"object":"page","id":"277974f3-b388-81e1-82b2-c1ab8da07f55","created_time":"2025-09-23T09:53:00.000Z","last_edited_time":"2025-09-23T09:53:00.000Z","created_by":{"object":"user","id":"645e79dd-3e43-40de-9d51-39357c1c427f"},"last_edited_by":{"object":"user","id":"645e79dd-3e43-40de-9d51-39357c1c427f"},"cover":null,"icon":null,"parent":{"type":"page_id","page_id":"5f505199-b292-4713-920b-61d813bf72a3"},"archived":false,"in_trash":false,"is_locked":false,"properties":{"title":{"id":"title","type":"title","title":[{"type":"text","text":{"content":"Page
      for modifying table blocks","link":null},"annotations":{"bold":false,"italic":false,"strikethrough":false,"underline":false,"code":false,"color":"default"},"plain_text":"Page
      for modifying table blocks","href":null}]}},"url":"https://www.notion.so/Page-for-modifying-table-blocks-277974f3b38881e182b2c1ab8da07f55","public_url":null,"request_id":"3167f727-97d1-48ae-81e3-42a5d5531528"}'
    headers:
      CF-Cache-Status:
      - DYNAMIC
      CF-Ray:
      - 9839276eef37dc5a-FRA
      Connection:
      - keep-alive
      Content-Encoding:
      - gzip
      Content-Type:
      - application/json; charset=utf-8
      Server:
      - cloudflare
      Strict-Transport-Security:
      - max-age=31536000; includeSubDomains; preload
      Transfer-Encoding:
      - chunked
      Vary:
      - Accept-Encoding
      alt-svc:
      - h3=":443"; ma=86400
      content-security-policy:
      - default-src 'none'
      referrer-policy:
      - strict-origin-when-cross-origin
      x-content-type-options:
      - nosniff
      x-dns-prefetch-control:
      - 'off'
      x-download-options:
      - noopen
      x-frame-options:
      - SAMEORIGIN
      x-notion-request-id:
      - 3167f727-97d1-48ae-81e3-42a5d5531528
      x-permitted-cross-domain-policies:
      - none
      x-xss-protection:
      - '0'
    http_version: HTTP/1.1
    status_code: 200
- request:
    body: ''
    headers:
      accept:
      - '*/*'
      accept-encoding:
      - gzip, deflate
      authorization:
      - secret...
      connection:
      - keep-alive
      cookie:
      - secret...
      host:
      - api.notion.com
      notion-version:
      - '2022-06-28'
      user-agent:
      - secret...
    method: GET
    uri: https://api.notion.com/v1/blocks/277974f3-b388-81e1-82b2-c1ab8da07f55/children?page_size=100
  response:
    content: '{"object":"list","results":[{"object":"block","id":"277974f3-b388-81b4-9ba6-c7bb754ef68a","parent":{"type":"page_id","page_id":"277974f3-b388-81e1-82b2-c1ab8da07f55"},"created_time":"2025-09-23T09:53:00.000Z","last_edited_time":"2025-09-23T09:53:00.000Z","created_by":{"object":"user","id":"645e79dd-3e43-40de-9d51-39357c1c427f"},"last_edited_by":{"object":"user","id":"645e79dd-3e43-40de-9d51-39357c1c427f"},"has_children":true,"archived":false,"in_trash":false,"type":"table","table":{"table_width":3,"has_column_header":true,"has_row_header":false}}],"next_cursor":null,"has_more":false,"type":"block","block":{},"request_id":"bc2f2db2-7df0-4409-8e3f-85f631ceff34"}'
    headers:
      CF-Cache-Status:
      - DYNAMIC
      CF-Ray:
      - 98392770aa54dc5a-FRA
      Connection:
      - keep-alive
      Content-Encoding:
      - gzip
      Content-Type:
      - application/json; charset=utf-8
      Server:
      - cloudflare
      Strict-Transport-Security:
      - max-age=31536000; includeSubDomains; preload
      Transfer-Encoding:
      - chunked
      Vary:
      - Accept-Encoding
      alt-svc:
      - h3=":443"; ma=86400
      content-security-policy:
      - default-src 'none'
      referrer-policy:
      - strict-origin-when-cross-origin
      x-content-type-options:
      - nosniff
      x-dns-prefetch-control:
      - 'off'
      x-download-options:
      - noopen
      x-frame-options:
      - SAMEORIGIN
      x-notion-request-id:
      - bc2f2db2-7df0-4409-8e3f-85f631ceff34
      x-permitted-cross-domain-policies:
      - none
      x-xss-protection:
      - '0'
    http_version: HTTP/1.1
    status_code: 200
- request:
    body: '{"type":"table","archived":false,"in_trash":false,"table":{"has_column_header":true,"has_row_header":true}}'
    headers:
      accept:
      - '*/*'
      accept-encoding:
      - gzip, deflate
      authorization:
      - secret...
      connection:
      - keep-alive
      content-length:
      - '107'
      content-type:
      - application/json
      cookie:
      - secret...
      host:
      - api.notion.com
      notion-version:
      - '2022-06-28'
      user-agent:
      - secret...
    method: PATCH
    uri: https://api.notion.com/v1/blocks/277974f3b38881b49ba6c7bb754ef68a
  response:
    content: '{"object":"block","id":"277974f3-b388-81b4-9ba6-c7bb754ef68a","parent":{"type":"page_id","page_id":"277974f3-b388-81e1-82b2-c1ab8da07f55"},"created_time":"2025-09-23T09:53:00.000Z","last_edited_time":"2025-09-23T09:53:00.000Z","created_by":{"object":"user","id":"645e79dd-3e43-40de-9d51-39357c1c427f"},"last_edited_by":{"object":"user","id":"645e79dd-3e43-40de-9d51-39357c1c427f"},"has_children":true,"archived":false,"in_trash":false,"type":"table","table":{"table_width":3,"has_column_header":true,"has_row_header":true},"request_id":"c61eda0d-e131-4b79-b536-b7ab07cdf106"}'
    headers:
      CF-Cache-Status:
      - DYNAMIC
      CF-Ray:
      - 98392772ee1adc5a-FRA
      Connection:
      - keep-alive
      Content-Encoding:
      - gzip
      Content-Type:
      - application/json; charset=utf-8
      Server:
      - cloudflare
      Strict-Transport-Security:
      - max-age=31536000; includeSubDomains; preload
      Transfer-Encoding:
      - chunked
      Vary:
      - Accept-Encoding
      alt-svc:
      - h3=":443"; ma=86400
      content-security-policy:
      - default-src 'none'
      referrer-policy:
      - strict-origin-when-cross-origin
      x-content-type-options:
      - nosniff
      x-dns-prefetch-control:
      - 'off'
      x-download-options:
      - noopen
      x-frame-options:
      - SAMEORIGIN
      x-notion-request-id:
      - c61eda0d-e131-4b79-b536-b7ab07cdf106
      x-permitted-cross-domain-policies:
      - none
      x-xss-protection:
      - '0'
    http_version: HTTP/1.1
    status_code: 200
- request:
    body: ''
    headers:
      accept:
      - '*/*'
      accept-encoding:
      - gzip, deflate
      authorization:
      - secret...
      connection:
      - keep-alive
      cookie:
      - secret...
      host:
      - api.notion.com
      notion-version:
      - '2022-06-28'
      user-agent:
      - secret...
    method: GET
    uri: https://api.notion.com/v1/pages/277974f3-b388-81e1-82b2-c1ab8da07f55
  response:
    content: '{"object":"page","id":"277974f3-b388-81e1-82b2-c1ab8da07f55","created_time":"2025-09-23T09:53:00.000Z","last_edited_time":"2025-09-23T09:53:00.000Z","created_by":{"object":"user","id":"645e79dd-3e43-40de-9d51-39357c1c427f"},"last_edited_by":{"object":"user","id":"645e79dd-3e43-40de-9d51-39357c1c427f"},"cover":null,"icon":null,"parent":{"type":"page_id","page_id":"5f505199-b292-4713-920b-61d813bf72a3"},"archived":false,"in_trash":false,"is_locked":false,"properties":{"title":{"id":"title","type":"title","title":[{"type":"text","text":{"content":"Page
      for modifying table blocks","link":null},"annotations":{"bold":false,"italic":false,"strikethrough":false,"underline":false,"code":false,"color":"default"},"plain_text":"Page
      for modifying table blocks","href":null}]}},"url":"https://www.notion.so/Page-for-modifying-table-blocks-277974f3b38881e182b2c1ab8da07f55","public_url":null,"request_id":"5f171b75-e9b3-430c-a027-c16626fecb31"}'
    headers:
      CF-Cache-Status:
      - DYNAMIC
      CF-Ray:
      - 9839279c1977dc5a-FRA
      Connection:
      - keep-alive
      Content-Encoding:
      - gzip
      Content-Type:
      - application/json; charset=utf-8
      Server:
      - cloudflare
      Strict-Transport-Security:
      - max-age=31536000; includeSubDomains; preload
      Transfer-Encoding:
      - chunked
      Vary:
      - Accept-Encoding
      alt-svc:
      - h3=":443"; ma=86400
      content-security-policy:
      - default-src 'none'
      referrer-policy:
      - strict-origin-when-cross-origin
      x-content-type-options:
      - nosniff
      x-dns-prefetch-control:
      - 'off'
      x-download-options:
      - noopen
      x-frame-options:
      - SAMEORIGIN
      x-notion-request-id:
      - 5f171b75-e9b3-430c-a027-c16626fecb31
      x-permitted-cross-domain-policies:
      - none
      x-xss-protection:
      - '0'
    http_version: HTTP/1.1
    status_code: 200
- request:
    body: '{"type":"table","archived":false,"in_trash":false,"table":{"has_column_header":true,"has_row_header":true}}'
    headers:
      accept:
      - '*/*'
      accept-encoding:
      - gzip, deflate
      authorization:
      - secret...
      connection:
      - keep-alive
      content-length:
      - '107'
      content-type:
      - application/json
      cookie:
      - secret...
      host:
      - api.notion.com
      notion-version:
      - '2022-06-28'
      user-agent:
      - secret...
    method: PATCH
    uri: https://api.notion.com/v1/blocks/277974f3b38881b49ba6c7bb754ef68a
  response:
    content: '{"object":"block","id":"277974f3-b388-81b4-9ba6-c7bb754ef68a","parent":{"type":"page_id","page_id":"277974f3-b388-81e1-82b2-c1ab8da07f55"},"created_time":"2025-09-23T09:53:00.000Z","last_edited_time":"2025-09-23T09:53:00.000Z","created_by":{"object":"user","id":"645e79dd-3e43-40de-9d51-39357c1c427f"},"last_edited_by":{"object":"user","id":"645e79dd-3e43-40de-9d51-39357c1c427f"},"has_children":true,"archived":false,"in_trash":false,"type":"table","table":{"table_width":3,"has_column_header":true,"has_row_header":true},"request_id":"97b27631-ac75-4fd5-8dae-099127b326d8"}'
    headers:
      CF-Cache-Status:
      - DYNAMIC
      CF-Ray:
      - 9839279ddc82dc5a-FRA
      Connection:
      - keep-alive
      Content-Encoding:
      - gzip
      Content-Type:
      - application/json; charset=utf-8
      Server:
      - cloudflare
      Strict-Transport-Security:
      - max-age=31536000; includeSubDomains; preload
      Transfer-Encoding:
      - chunked
      Vary:
      - Accept-Encoding
      alt-svc:
      - h3=":443"; ma=86400
      content-security-policy:
      - default-src 'none'
      referrer-policy:
      - strict-origin-when-cross-origin
      x-content-type-options:
      - nosniff
      x-dns-prefetch-control:
      - 'off'
      x-download-options:
      - noopen
      x-frame-options:
      - SAMEORIGIN
      x-notion-request-id:
      - 97b27631-ac75-4fd5-8dae-099127b326d8
      x-permitted-cross-domain-policies:
      - none
      x-xss-protection:
      - '0'
    http_version: HTTP/1.1
    status_code: 200
- request:
    body: ''
    headers:
      accept:
      - '*/*'
      accept-encoding:
      - gzip, deflate
      authorization:
      - secret...
      connection:
      - keep-alive
      cookie:
      - secret...
      host:
      - api.notion.com
      notion-version:
      - '2022-06-28'
      user-agent:
      - secret...
    method: GET
    uri: https://api.notion.com/v1/pages/277974f3-b388-81e1-82b2-c1ab8da07f55
  response:
    content: '{"object":"page","id":"277974f3-b388-81e1-82b2-c1ab8da07f55","created_time":"2025-09-23T09:53:00.000Z","last_edited_time":"2025-09-23T09:53:00.000Z","created_by":{"object":"user","id":"645e79dd-3e43-40de-9d51-39357c1c427f"},"last_edited_by":{"object":"user","id":"645e79dd-3e43-40de-9d51-39357c1c427f"},"cover":null,"icon":null,"parent":{"type":"page_id","page_id":"5f505199-b292-4713-920b-61d813bf72a3"},"archived":false,"in_trash":false,"is_locked":false,"properties":{"title":{"id":"title","type":"title","title":[{"type":"text","text":{"content":"Page
      for modifying table blocks","link":null},"annotations":{"bold":false,"italic":false,"strikethrough":false,"underline":false,"code":false,"color":"default"},"plain_text":"Page
      for modifying table blocks","href":null}]}},"url":"https://www.notion.so/Page-for-modifying-table-blocks-277974f3b38881e182b2c1ab8da07f55","public_url":null,"request_id":"7ee3a864-84c8-4829-9332-6afa9d324971"}'
    headers:
      CF-Cache-Status:
      - DYNAMIC
      CF-Ray:
      - 983927a0595bdc5a-FRA
      Connection:
      - keep-alive
      Content-Encoding:
      - gzip
      Content-Type:
      - application/json; charset=utf-8
      Server:
      - cloudflare
      Strict-Transport-Security:
      - max-age=31536000; includeSubDomains; preload
      Transfer-Encoding:
      - chunked
      Vary:
      - Accept-Encoding
      alt-svc:
      - h3=":443"; ma=86400
      content-security-policy:
      - default-src 'none'
      referrer-policy:
      - strict-origin-when-cross-origin
      x-content-type-options:
      - nosniff
      x-dns-prefetch-control:
      - 'off'
      x-download-options:
      - noopen
      x-frame-options:
      - SAMEORIGIN
      x-notion-request-id:
      - 7ee3a864-84c8-4829-9332-6afa9d324971
      x-permitted-cross-domain-policies:
      - none
      x-xss-protection:
      - '0'
    http_version: HTTP/1.1
    status_code: 200
version: 1
