interactions:
- request:
    body: '{"query": "Getting Started", "filter": {"property": "object", "value":
      "page"}, "page_size": 100}'
    headers:
      accept:
      - '*/*'
      accept-encoding:
      - gzip, deflate
      authorization:
      - secret...
      connection:
      - keep-alive
      content-length:
      - '97'
      content-type:
      - application/json
      cookie:
      - secret...
      host:
      - api.notion.com
      notion-version:
      - '2022-06-28'
      user-agent:
      - secret...
    method: POST
    uri: https://api.notion.com/v1/search
  response:
    content: '{"object":"list","results":[{"object":"page","id":"6855b161-f63e-4683-b7c7-8ca6e97ee246","created_time":"2023-11-05T10:35:00.000Z","last_edited_time":"2024-06-01T19:31:00.000Z","created_by":{"object":"user","id":"b10cb6df-12ef-44d3-88ad-250168f66322"},"last_edited_by":{"object":"user","id":"b10cb6df-12ef-44d3-88ad-250168f66322"},"cover":null,"icon":null,"parent":{"type":"page_id","page_id":"5f505199-b292-4713-920b-61d813bf72a3"},"archived":false,"in_trash":false,"properties":{"title":{"id":"title","type":"title","title":[{"type":"text","text":{"content":"Getting
      Started","link":null},"annotations":{"bold":false,"italic":false,"strikethrough":false,"underline":false,"code":false,"color":"default"},"plain_text":"Getting
      Started","href":null}]}},"url":"https://www.notion.so/Getting-Started-6855b161f63e4683b7c78ca6e97ee246","public_url":null}],"next_cursor":null,"has_more":false,"type":"page_or_database","page_or_database":{},"request_id":"0f80d042-b3c2-415e-8de4-a624f1aec47e"}'
    headers:
      CF-Cache-Status:
      - DYNAMIC
      CF-Ray:
      - 8ad0e72dabf3692e-FRA
      Connection:
      - keep-alive
      Content-Encoding:
      - gzip
      Content-Type:
      - application/json; charset=utf-8
      Server:
      - cloudflare
      Transfer-Encoding:
      - chunked
      Vary:
      - Accept-Encoding
      x-notion-request-id:
      - 0f80d042-b3c2-415e-8de4-a624f1aec47e
      x-powered-by:
      - Express
    http_version: HTTP/1.1
    status_code: 200
- request:
    body: '{"query": "Getting Started", "filter": {"property": "object", "value":
      "page"}, "page_size": 100}'
    headers:
      accept:
      - '*/*'
      accept-encoding:
      - gzip, deflate
      authorization:
      - secret...
      connection:
      - keep-alive
      content-length:
      - '97'
      content-type:
      - application/json
      cookie:
      - secret...
      host:
      - api.notion.com
      notion-version:
      - '2022-06-28'
      user-agent:
      - secret...
    method: POST
    uri: https://api.notion.com/v1/search
  response:
    content: '{"object":"list","results":[{"object":"page","id":"6855b161-f63e-4683-b7c7-8ca6e97ee246","created_time":"2023-11-05T10:35:00.000Z","last_edited_time":"2024-06-01T19:31:00.000Z","created_by":{"object":"user","id":"b10cb6df-12ef-44d3-88ad-250168f66322"},"last_edited_by":{"object":"user","id":"b10cb6df-12ef-44d3-88ad-250168f66322"},"cover":null,"icon":null,"parent":{"type":"page_id","page_id":"5f505199-b292-4713-920b-61d813bf72a3"},"archived":false,"in_trash":false,"properties":{"title":{"id":"title","type":"title","title":[{"type":"text","text":{"content":"Getting
      Started","link":null},"annotations":{"bold":false,"italic":false,"strikethrough":false,"underline":false,"code":false,"color":"default"},"plain_text":"Getting
      Started","href":null}]}},"url":"https://www.notion.so/Getting-Started-6855b161f63e4683b7c78ca6e97ee246","public_url":null}],"next_cursor":null,"has_more":false,"type":"page_or_database","page_or_database":{},"request_id":"92d96f64-5ca3-4b08-a9e9-7263871b55eb"}'
    headers:
      CF-Cache-Status:
      - DYNAMIC
      CF-Ray:
      - 8ad0e927dd4d1bc3-FRA
      Connection:
      - keep-alive
      Content-Encoding:
      - gzip
      Content-Type:
      - application/json; charset=utf-8
      Server:
      - cloudflare
      Transfer-Encoding:
      - chunked
      Vary:
      - Accept-Encoding
      x-notion-request-id:
      - 92d96f64-5ca3-4b08-a9e9-7263871b55eb
      x-powered-by:
      - Express
    http_version: HTTP/1.1
    status_code: 200
- request:
    body: '{"query": "Getting Started", "filter": {"property": "object", "value":
      "page"}, "page_size": 100}'
    headers:
      accept:
      - '*/*'
      accept-encoding:
      - gzip, deflate
      authorization:
      - secret...
      connection:
      - keep-alive
      content-length:
      - '97'
      content-type:
      - application/json
      cookie:
      - secret...
      host:
      - api.notion.com
      notion-version:
      - '2022-06-28'
      user-agent:
      - secret...
    method: POST
    uri: https://api.notion.com/v1/search
  response:
    content: '{"object":"list","results":[{"object":"page","id":"6855b161-f63e-4683-b7c7-8ca6e97ee246","created_time":"2023-11-05T10:35:00.000Z","last_edited_time":"2024-06-01T19:31:00.000Z","created_by":{"object":"user","id":"b10cb6df-12ef-44d3-88ad-250168f66322"},"last_edited_by":{"object":"user","id":"b10cb6df-12ef-44d3-88ad-250168f66322"},"cover":null,"icon":null,"parent":{"type":"page_id","page_id":"5f505199-b292-4713-920b-61d813bf72a3"},"archived":false,"in_trash":false,"properties":{"title":{"id":"title","type":"title","title":[{"type":"text","text":{"content":"Getting
      Started","link":null},"annotations":{"bold":false,"italic":false,"strikethrough":false,"underline":false,"code":false,"color":"default"},"plain_text":"Getting
      Started","href":null}]}},"url":"https://www.notion.so/Getting-Started-6855b161f63e4683b7c78ca6e97ee246","public_url":null}],"next_cursor":null,"has_more":false,"type":"page_or_database","page_or_database":{},"request_id":"2084972e-3616-47fe-92d4-28131e899418"}'
    headers:
      CF-Cache-Status:
      - DYNAMIC
      CF-Ray:
      - 8ad0e9903994bbb9-FRA
      Connection:
      - keep-alive
      Content-Encoding:
      - gzip
      Content-Type:
      - application/json; charset=utf-8
      Server:
      - cloudflare
      Transfer-Encoding:
      - chunked
      Vary:
      - Accept-Encoding
      x-notion-request-id:
      - 2084972e-3616-47fe-92d4-28131e899418
      x-powered-by:
      - Express
    http_version: HTTP/1.1
    status_code: 200
- request:
    body: '{"query": "Getting Started", "filter": {"property": "object", "value":
      "page"}, "page_size": 100}'
    headers:
      accept:
      - '*/*'
      accept-encoding:
      - gzip, deflate
      authorization:
      - secret...
      connection:
      - keep-alive
      content-length:
      - '97'
      content-type:
      - application/json
      cookie:
      - secret...
      host:
      - api.notion.com
      notion-version:
      - '2022-06-28'
      user-agent:
      - secret...
    method: POST
    uri: https://api.notion.com/v1/search
  response:
    content: '{"object":"list","results":[{"object":"page","id":"6855b161-f63e-4683-b7c7-8ca6e97ee246","created_time":"2023-11-05T10:35:00.000Z","last_edited_time":"2024-06-01T19:31:00.000Z","created_by":{"object":"user","id":"b10cb6df-12ef-44d3-88ad-250168f66322"},"last_edited_by":{"object":"user","id":"b10cb6df-12ef-44d3-88ad-250168f66322"},"cover":null,"icon":null,"parent":{"type":"page_id","page_id":"5f505199-b292-4713-920b-61d813bf72a3"},"archived":false,"in_trash":false,"properties":{"title":{"id":"title","type":"title","title":[{"type":"text","text":{"content":"Getting
      Started","link":null},"annotations":{"bold":false,"italic":false,"strikethrough":false,"underline":false,"code":false,"color":"default"},"plain_text":"Getting
      Started","href":null}]}},"url":"https://www.notion.so/Getting-Started-6855b161f63e4683b7c78ca6e97ee246","public_url":null}],"next_cursor":null,"has_more":false,"type":"page_or_database","page_or_database":{},"request_id":"d128a225-2977-4913-9b73-91ab58731187"}'
    headers:
      CF-Cache-Status:
      - DYNAMIC
      CF-Ray:
      - 8ad0eb8f4ecabb65-FRA
      Connection:
      - keep-alive
      Content-Encoding:
      - gzip
      Content-Type:
      - application/json; charset=utf-8
      Server:
      - cloudflare
      Transfer-Encoding:
      - chunked
      Vary:
      - Accept-Encoding
      x-notion-request-id:
      - d128a225-2977-4913-9b73-91ab58731187
      x-powered-by:
      - Express
    http_version: HTTP/1.1
    status_code: 200
- request:
    body: '{"query": "Getting Started", "filter": {"property": "object", "value":
      "page"}, "page_size": 100}'
    headers:
      accept:
      - '*/*'
      accept-encoding:
      - gzip, deflate
      authorization:
      - secret...
      connection:
      - keep-alive
      content-length:
      - '97'
      content-type:
      - application/json
      cookie:
      - secret...
      host:
      - api.notion.com
      notion-version:
      - '2022-06-28'
      user-agent:
      - secret...
    method: POST
    uri: https://api.notion.com/v1/search
  response:
    content: '{"object":"list","results":[{"object":"page","id":"6855b161-f63e-4683-b7c7-8ca6e97ee246","created_time":"2023-11-05T10:35:00.000Z","last_edited_time":"2024-06-01T19:31:00.000Z","created_by":{"object":"user","id":"b10cb6df-12ef-44d3-88ad-250168f66322"},"last_edited_by":{"object":"user","id":"b10cb6df-12ef-44d3-88ad-250168f66322"},"cover":null,"icon":null,"parent":{"type":"page_id","page_id":"5f505199-b292-4713-920b-61d813bf72a3"},"archived":false,"in_trash":false,"properties":{"title":{"id":"title","type":"title","title":[{"type":"text","text":{"content":"Getting
      Started","link":null},"annotations":{"bold":false,"italic":false,"strikethrough":false,"underline":false,"code":false,"color":"default"},"plain_text":"Getting
      Started","href":null}]}},"url":"https://www.notion.so/Getting-Started-6855b161f63e4683b7c78ca6e97ee246","public_url":null}],"next_cursor":null,"has_more":false,"type":"page_or_database","page_or_database":{},"request_id":"2ae3e77c-7e1b-4e91-9f32-a0189f640ee3"}'
    headers:
      CF-Cache-Status:
      - DYNAMIC
      CF-Ray:
      - 8ad0eea57afa2c52-FRA
      Connection:
      - keep-alive
      Content-Encoding:
      - gzip
      Content-Type:
      - application/json; charset=utf-8
      Server:
      - cloudflare
      Transfer-Encoding:
      - chunked
      Vary:
      - Accept-Encoding
      x-notion-request-id:
      - 2ae3e77c-7e1b-4e91-9f32-a0189f640ee3
      x-powered-by:
      - Express
    http_version: HTTP/1.1
    status_code: 200
- request:
    body: '{"query": "Getting Started", "filter": {"property": "object", "value":
      "page"}, "page_size": 100}'
    headers:
      accept:
      - '*/*'
      accept-encoding:
      - gzip, deflate
      authorization:
      - secret...
      connection:
      - keep-alive
      content-length:
      - '97'
      content-type:
      - application/json
      cookie:
      - secret...
      host:
      - api.notion.com
      notion-version:
      - '2022-06-28'
      user-agent:
      - secret...
    method: POST
    uri: https://api.notion.com/v1/search
  response:
    content: '{"object":"list","results":[{"object":"page","id":"6855b161-f63e-4683-b7c7-8ca6e97ee246","created_time":"2023-11-05T10:35:00.000Z","last_edited_time":"2024-06-01T19:31:00.000Z","created_by":{"object":"user","id":"b10cb6df-12ef-44d3-88ad-250168f66322"},"last_edited_by":{"object":"user","id":"b10cb6df-12ef-44d3-88ad-250168f66322"},"cover":null,"icon":null,"parent":{"type":"page_id","page_id":"5f505199-b292-4713-920b-61d813bf72a3"},"archived":false,"in_trash":false,"properties":{"title":{"id":"title","type":"title","title":[{"type":"text","text":{"content":"Getting
      Started","link":null},"annotations":{"bold":false,"italic":false,"strikethrough":false,"underline":false,"code":false,"color":"default"},"plain_text":"Getting
      Started","href":null}]}},"url":"https://www.notion.so/Getting-Started-6855b161f63e4683b7c78ca6e97ee246","public_url":null}],"next_cursor":null,"has_more":false,"type":"page_or_database","page_or_database":{},"request_id":"81c4a36f-61c2-427d-b5ae-e092d1249709"}'
    headers:
      CF-Cache-Status:
      - DYNAMIC
      CF-Ray:
      - 8ad0ef6fdfaf9bd4-FRA
      Connection:
      - keep-alive
      Content-Encoding:
      - gzip
      Content-Type:
      - application/json; charset=utf-8
      Server:
      - cloudflare
      Transfer-Encoding:
      - chunked
      Vary:
      - Accept-Encoding
      x-notion-request-id:
      - 81c4a36f-61c2-427d-b5ae-e092d1249709
      x-powered-by:
      - Express
    http_version: HTTP/1.1
    status_code: 200
- request:
    body: '{"query": "Getting Started", "filter": {"property": "object", "value":
      "page"}, "page_size": 100}'
    headers:
      accept:
      - '*/*'
      accept-encoding:
      - gzip, deflate
      authorization:
      - secret...
      connection:
      - keep-alive
      content-length:
      - '97'
      content-type:
      - application/json
      cookie:
      - secret...
      host:
      - api.notion.com
      notion-version:
      - '2022-06-28'
      user-agent:
      - secret...
    method: POST
    uri: https://api.notion.com/v1/search
  response:
    content: '{"object":"list","results":[{"object":"page","id":"6855b161-f63e-4683-b7c7-8ca6e97ee246","created_time":"2023-11-05T10:35:00.000Z","last_edited_time":"2024-06-01T19:31:00.000Z","created_by":{"object":"user","id":"b10cb6df-12ef-44d3-88ad-250168f66322"},"last_edited_by":{"object":"user","id":"b10cb6df-12ef-44d3-88ad-250168f66322"},"cover":null,"icon":null,"parent":{"type":"page_id","page_id":"5f505199-b292-4713-920b-61d813bf72a3"},"archived":false,"in_trash":false,"properties":{"title":{"id":"title","type":"title","title":[{"type":"text","text":{"content":"Getting
      Started","link":null},"annotations":{"bold":false,"italic":false,"strikethrough":false,"underline":false,"code":false,"color":"default"},"plain_text":"Getting
      Started","href":null}]}},"url":"https://www.notion.so/Getting-Started-6855b161f63e4683b7c78ca6e97ee246","public_url":null}],"next_cursor":null,"has_more":false,"type":"page_or_database","page_or_database":{},"request_id":"5c5b9e6d-1001-4609-a6ae-65299d2f1cbc"}'
    headers:
      CF-Cache-Status:
      - DYNAMIC
      CF-Ray:
      - 8ad0efa76f7d383e-FRA
      Connection:
      - keep-alive
      Content-Encoding:
      - gzip
      Content-Type:
      - application/json; charset=utf-8
      Server:
      - cloudflare
      Transfer-Encoding:
      - chunked
      Vary:
      - Accept-Encoding
      x-notion-request-id:
      - 5c5b9e6d-1001-4609-a6ae-65299d2f1cbc
      x-powered-by:
      - Express
    http_version: HTTP/1.1
    status_code: 200
- request:
    body: '{"query": "Getting Started", "filter": {"property": "object", "value":
      "page"}, "page_size": 100}'
    headers:
      accept:
      - '*/*'
      accept-encoding:
      - gzip, deflate
      authorization:
      - secret...
      connection:
      - keep-alive
      content-length:
      - '97'
      content-type:
      - application/json
      cookie:
      - secret...
      host:
      - api.notion.com
      notion-version:
      - '2022-06-28'
      user-agent:
      - secret...
    method: POST
    uri: https://api.notion.com/v1/search
  response:
    content: '{"object":"list","results":[{"object":"page","id":"6855b161-f63e-4683-b7c7-8ca6e97ee246","created_time":"2023-11-05T10:35:00.000Z","last_edited_time":"2024-06-01T19:31:00.000Z","created_by":{"object":"user","id":"b10cb6df-12ef-44d3-88ad-250168f66322"},"last_edited_by":{"object":"user","id":"b10cb6df-12ef-44d3-88ad-250168f66322"},"cover":null,"icon":null,"parent":{"type":"page_id","page_id":"5f505199-b292-4713-920b-61d813bf72a3"},"archived":false,"in_trash":false,"properties":{"title":{"id":"title","type":"title","title":[{"type":"text","text":{"content":"Getting
      Started","link":null},"annotations":{"bold":false,"italic":false,"strikethrough":false,"underline":false,"code":false,"color":"default"},"plain_text":"Getting
      Started","href":null}]}},"url":"https://www.notion.so/Getting-Started-6855b161f63e4683b7c78ca6e97ee246","public_url":null}],"next_cursor":null,"has_more":false,"type":"page_or_database","page_or_database":{},"request_id":"ba802972-adb6-4622-9ea6-363e123d62f9"}'
    headers:
      CF-Cache-Status:
      - DYNAMIC
      CF-Ray:
      - 8ad0f179ae329249-FRA
      Connection:
      - keep-alive
      Content-Encoding:
      - gzip
      Content-Type:
      - application/json; charset=utf-8
      Server:
      - cloudflare
      Transfer-Encoding:
      - chunked
      Vary:
      - Accept-Encoding
      x-notion-request-id:
      - ba802972-adb6-4622-9ea6-363e123d62f9
      x-powered-by:
      - Express
    http_version: HTTP/1.1
    status_code: 200
- request:
    body: '{"query": "Getting Started", "filter": {"property": "object", "value":
      "page"}, "page_size": 100}'
    headers:
      accept:
      - '*/*'
      accept-encoding:
      - gzip, deflate
      authorization:
      - secret...
      connection:
      - keep-alive
      content-length:
      - '97'
      content-type:
      - application/json
      cookie:
      - secret...
      host:
      - api.notion.com
      notion-version:
      - '2022-06-28'
      user-agent:
      - secret...
    method: POST
    uri: https://api.notion.com/v1/search
  response:
    content: '{"object":"list","results":[{"object":"page","id":"6855b161-f63e-4683-b7c7-8ca6e97ee246","created_time":"2023-11-05T10:35:00.000Z","last_edited_time":"2024-06-01T19:31:00.000Z","created_by":{"object":"user","id":"b10cb6df-12ef-44d3-88ad-250168f66322"},"last_edited_by":{"object":"user","id":"b10cb6df-12ef-44d3-88ad-250168f66322"},"cover":null,"icon":null,"parent":{"type":"page_id","page_id":"5f505199-b292-4713-920b-61d813bf72a3"},"archived":false,"in_trash":false,"properties":{"title":{"id":"title","type":"title","title":[{"type":"text","text":{"content":"Getting
      Started","link":null},"annotations":{"bold":false,"italic":false,"strikethrough":false,"underline":false,"code":false,"color":"default"},"plain_text":"Getting
      Started","href":null}]}},"url":"https://www.notion.so/Getting-Started-6855b161f63e4683b7c78ca6e97ee246","public_url":null}],"next_cursor":null,"has_more":false,"type":"page_or_database","page_or_database":{},"request_id":"0761205a-3e9a-4a30-b96c-bf38a7809d84"}'
    headers:
      CF-Cache-Status:
      - DYNAMIC
      CF-Ray:
      - 8ad0f221ee508fd4-FRA
      Connection:
      - keep-alive
      Content-Encoding:
      - gzip
      Content-Type:
      - application/json; charset=utf-8
      Server:
      - cloudflare
      Transfer-Encoding:
      - chunked
      Vary:
      - Accept-Encoding
      x-notion-request-id:
      - 0761205a-3e9a-4a30-b96c-bf38a7809d84
      x-powered-by:
      - Express
    http_version: HTTP/1.1
    status_code: 200
- request:
    body: '{"query": "Getting Started", "filter": {"property": "object", "value":
      "page"}, "page_size": 100}'
    headers:
      accept:
      - '*/*'
      accept-encoding:
      - gzip, deflate
      authorization:
      - secret...
      connection:
      - keep-alive
      content-length:
      - '97'
      content-type:
      - application/json
      cookie:
      - secret...
      host:
      - api.notion.com
      notion-version:
      - '2022-06-28'
      user-agent:
      - secret...
    method: POST
    uri: https://api.notion.com/v1/search
  response:
    content: '{"object":"list","results":[{"object":"page","id":"6855b161-f63e-4683-b7c7-8ca6e97ee246","created_time":"2023-11-05T10:35:00.000Z","last_edited_time":"2024-06-01T19:31:00.000Z","created_by":{"object":"user","id":"b10cb6df-12ef-44d3-88ad-250168f66322"},"last_edited_by":{"object":"user","id":"b10cb6df-12ef-44d3-88ad-250168f66322"},"cover":null,"icon":null,"parent":{"type":"page_id","page_id":"5f505199-b292-4713-920b-61d813bf72a3"},"archived":false,"in_trash":false,"properties":{"title":{"id":"title","type":"title","title":[{"type":"text","text":{"content":"Getting
      Started","link":null},"annotations":{"bold":false,"italic":false,"strikethrough":false,"underline":false,"code":false,"color":"default"},"plain_text":"Getting
      Started","href":null}]}},"url":"https://www.notion.so/Getting-Started-6855b161f63e4683b7c78ca6e97ee246","public_url":null}],"next_cursor":null,"has_more":false,"type":"page_or_database","page_or_database":{},"request_id":"434175b7-6b59-46ad-8d44-580c21cbf48f"}'
    headers:
      CF-Cache-Status:
      - DYNAMIC
      CF-Ray:
      - 8ad0f3260b9c2c21-FRA
      Connection:
      - keep-alive
      Content-Encoding:
      - gzip
      Content-Type:
      - application/json; charset=utf-8
      Server:
      - cloudflare
      Transfer-Encoding:
      - chunked
      Vary:
      - Accept-Encoding
      x-notion-request-id:
      - 434175b7-6b59-46ad-8d44-580c21cbf48f
      x-powered-by:
      - Express
    http_version: HTTP/1.1
    status_code: 200
- request:
    body: '{"query": "Getting Started", "filter": {"property": "object", "value":
      "page"}, "page_size": 100}'
    headers:
      accept:
      - '*/*'
      accept-encoding:
      - gzip, deflate
      authorization:
      - secret...
      connection:
      - keep-alive
      content-length:
      - '97'
      content-type:
      - application/json
      cookie:
      - secret...
      host:
      - api.notion.com
      notion-version:
      - '2022-06-28'
      user-agent:
      - secret...
    method: POST
    uri: https://api.notion.com/v1/search
  response:
    content: '{"object":"list","results":[{"object":"page","id":"6855b161-f63e-4683-b7c7-8ca6e97ee246","created_time":"2023-11-05T10:35:00.000Z","last_edited_time":"2024-06-01T19:31:00.000Z","created_by":{"object":"user","id":"b10cb6df-12ef-44d3-88ad-250168f66322"},"last_edited_by":{"object":"user","id":"b10cb6df-12ef-44d3-88ad-250168f66322"},"cover":null,"icon":null,"parent":{"type":"page_id","page_id":"5f505199-b292-4713-920b-61d813bf72a3"},"archived":false,"in_trash":false,"properties":{"title":{"id":"title","type":"title","title":[{"type":"text","text":{"content":"Getting
      Started","link":null},"annotations":{"bold":false,"italic":false,"strikethrough":false,"underline":false,"code":false,"color":"default"},"plain_text":"Getting
      Started","href":null}]}},"url":"https://www.notion.so/Getting-Started-6855b161f63e4683b7c78ca6e97ee246","public_url":null}],"next_cursor":null,"has_more":false,"type":"page_or_database","page_or_database":{},"request_id":"1eb7dc20-262f-46b8-8e00-9a861ec912fa"}'
    headers:
      CF-Cache-Status:
      - DYNAMIC
      CF-Ray:
      - 8ad0f3bbbcca9bbe-FRA
      Connection:
      - keep-alive
      Content-Encoding:
      - gzip
      Content-Type:
      - application/json; charset=utf-8
      Server:
      - cloudflare
      Transfer-Encoding:
      - chunked
      Vary:
      - Accept-Encoding
      x-notion-request-id:
      - 1eb7dc20-262f-46b8-8e00-9a861ec912fa
      x-powered-by:
      - Express
    http_version: HTTP/1.1
    status_code: 200
- request:
    body: '{"query": "Getting Started", "filter": {"property": "object", "value":
      "page"}, "page_size": 100}'
    headers:
      accept:
      - '*/*'
      accept-encoding:
      - gzip, deflate
      authorization:
      - secret...
      connection:
      - keep-alive
      content-length:
      - '97'
      content-type:
      - application/json
      cookie:
      - secret...
      host:
      - api.notion.com
      notion-version:
      - '2022-06-28'
      user-agent:
      - secret...
    method: POST
    uri: https://api.notion.com/v1/search
  response:
    content: '{"object":"list","results":[{"object":"page","id":"6855b161-f63e-4683-b7c7-8ca6e97ee246","created_time":"2023-11-05T10:35:00.000Z","last_edited_time":"2024-06-01T19:31:00.000Z","created_by":{"object":"user","id":"b10cb6df-12ef-44d3-88ad-250168f66322"},"last_edited_by":{"object":"user","id":"b10cb6df-12ef-44d3-88ad-250168f66322"},"cover":null,"icon":null,"parent":{"type":"page_id","page_id":"5f505199-b292-4713-920b-61d813bf72a3"},"archived":false,"in_trash":false,"properties":{"title":{"id":"title","type":"title","title":[{"type":"text","text":{"content":"Getting
      Started","link":null},"annotations":{"bold":false,"italic":false,"strikethrough":false,"underline":false,"code":false,"color":"default"},"plain_text":"Getting
      Started","href":null}]}},"url":"https://www.notion.so/Getting-Started-6855b161f63e4683b7c78ca6e97ee246","public_url":null}],"next_cursor":null,"has_more":false,"type":"page_or_database","page_or_database":{},"request_id":"5111789b-7b2e-4694-a930-7aaa61e20370"}'
    headers:
      CF-Cache-Status:
      - DYNAMIC
      CF-Ray:
      - 8ad0f42b6b5135f7-FRA
      Connection:
      - keep-alive
      Content-Encoding:
      - gzip
      Content-Type:
      - application/json; charset=utf-8
      Server:
      - cloudflare
      Transfer-Encoding:
      - chunked
      Vary:
      - Accept-Encoding
      x-notion-request-id:
      - 5111789b-7b2e-4694-a930-7aaa61e20370
      x-powered-by:
      - Express
    http_version: HTTP/1.1
    status_code: 200
- request:
    body: '{"query": "Getting Started", "filter": {"property": "object", "value":
      "page"}, "page_size": 100}'
    headers:
      accept:
      - '*/*'
      accept-encoding:
      - gzip, deflate
      authorization:
      - secret...
      connection:
      - keep-alive
      content-length:
      - '97'
      content-type:
      - application/json
      cookie:
      - secret...
      host:
      - api.notion.com
      notion-version:
      - '2022-06-28'
      user-agent:
      - secret...
    method: POST
    uri: https://api.notion.com/v1/search
  response:
    content: '{"object":"list","results":[{"object":"page","id":"6855b161-f63e-4683-b7c7-8ca6e97ee246","created_time":"2023-11-05T10:35:00.000Z","last_edited_time":"2024-06-01T19:31:00.000Z","created_by":{"object":"user","id":"b10cb6df-12ef-44d3-88ad-250168f66322"},"last_edited_by":{"object":"user","id":"b10cb6df-12ef-44d3-88ad-250168f66322"},"cover":null,"icon":null,"parent":{"type":"page_id","page_id":"5f505199-b292-4713-920b-61d813bf72a3"},"archived":false,"in_trash":false,"properties":{"title":{"id":"title","type":"title","title":[{"type":"text","text":{"content":"Getting
      Started","link":null},"annotations":{"bold":false,"italic":false,"strikethrough":false,"underline":false,"code":false,"color":"default"},"plain_text":"Getting
      Started","href":null}]}},"url":"https://www.notion.so/Getting-Started-6855b161f63e4683b7c78ca6e97ee246","public_url":null}],"next_cursor":null,"has_more":false,"type":"page_or_database","page_or_database":{},"request_id":"aee956e2-6bfb-4cd0-96c2-36913ea46118"}'
    headers:
      CF-Cache-Status:
      - DYNAMIC
      CF-Ray:
      - 8ad0f47e99ca9f33-FRA
      Connection:
      - keep-alive
      Content-Encoding:
      - gzip
      Content-Type:
      - application/json; charset=utf-8
      Server:
      - cloudflare
      Transfer-Encoding:
      - chunked
      Vary:
      - Accept-Encoding
      x-notion-request-id:
      - aee956e2-6bfb-4cd0-96c2-36913ea46118
      x-powered-by:
      - Express
    http_version: HTTP/1.1
    status_code: 200
- request:
    body: '{"query": "Getting Started", "filter": {"property": "object", "value":
      "page"}, "page_size": 100}'
    headers:
      accept:
      - '*/*'
      accept-encoding:
      - gzip, deflate
      authorization:
      - secret...
      connection:
      - keep-alive
      content-length:
      - '97'
      content-type:
      - application/json
      cookie:
      - secret...
      host:
      - api.notion.com
      notion-version:
      - '2022-06-28'
      user-agent:
      - secret...
    method: POST
    uri: https://api.notion.com/v1/search
  response:
    content: '{"object":"list","results":[{"object":"page","id":"6855b161-f63e-4683-b7c7-8ca6e97ee246","created_time":"2023-11-05T10:35:00.000Z","last_edited_time":"2024-06-01T19:31:00.000Z","created_by":{"object":"user","id":"b10cb6df-12ef-44d3-88ad-250168f66322"},"last_edited_by":{"object":"user","id":"b10cb6df-12ef-44d3-88ad-250168f66322"},"cover":null,"icon":null,"parent":{"type":"page_id","page_id":"5f505199-b292-4713-920b-61d813bf72a3"},"archived":false,"in_trash":false,"properties":{"title":{"id":"title","type":"title","title":[{"type":"text","text":{"content":"Getting
      Started","link":null},"annotations":{"bold":false,"italic":false,"strikethrough":false,"underline":false,"code":false,"color":"default"},"plain_text":"Getting
      Started","href":null}]}},"url":"https://www.notion.so/Getting-Started-6855b161f63e4683b7c78ca6e97ee246","public_url":null}],"next_cursor":null,"has_more":false,"type":"page_or_database","page_or_database":{},"request_id":"075a3d75-5452-4608-997d-a2bdaf130d8f"}'
    headers:
      CF-Cache-Status:
      - DYNAMIC
      CF-Ray:
      - 8b6c453cbb092c4f-FRA
      Connection:
      - keep-alive
      Content-Encoding:
      - gzip
      Content-Type:
      - application/json; charset=utf-8
      Server:
      - cloudflare
      Transfer-Encoding:
      - chunked
      Vary:
      - Accept-Encoding
      x-notion-request-id:
      - 075a3d75-5452-4608-997d-a2bdaf130d8f
      x-powered-by:
      - Express
    http_version: HTTP/1.1
    status_code: 200
- request:
    body: '{"query": "Getting Started", "filter": {"property": "object", "value":
      "page"}, "page_size": 100}'
    headers:
      accept:
      - '*/*'
      accept-encoding:
      - gzip, deflate
      authorization:
      - secret...
      connection:
      - keep-alive
      content-length:
      - '97'
      content-type:
      - application/json
      cookie:
      - secret...
      host:
      - api.notion.com
      notion-version:
      - '2022-06-28'
      user-agent:
      - secret...
    method: POST
    uri: https://api.notion.com/v1/search
  response:
    content: '{"object":"list","results":[{"object":"page","id":"6855b161-f63e-4683-b7c7-8ca6e97ee246","created_time":"2023-11-05T10:35:00.000Z","last_edited_time":"2024-06-01T19:31:00.000Z","created_by":{"object":"user","id":"b10cb6df-12ef-44d3-88ad-250168f66322"},"last_edited_by":{"object":"user","id":"b10cb6df-12ef-44d3-88ad-250168f66322"},"cover":null,"icon":null,"parent":{"type":"page_id","page_id":"5f505199-b292-4713-920b-61d813bf72a3"},"archived":false,"in_trash":false,"properties":{"title":{"id":"title","type":"title","title":[{"type":"text","text":{"content":"Getting
      Started","link":null},"annotations":{"bold":false,"italic":false,"strikethrough":false,"underline":false,"code":false,"color":"default"},"plain_text":"Getting
      Started","href":null}]}},"url":"https://www.notion.so/Getting-Started-6855b161f63e4683b7c78ca6e97ee246","public_url":null}],"next_cursor":null,"has_more":false,"type":"page_or_database","page_or_database":{},"request_id":"557726f6-daff-44e7-adb8-3cc8f8747384"}'
    headers:
      CF-Cache-Status:
      - DYNAMIC
      CF-Ray:
      - 8b6c481c3a2b046e-FRA
      Connection:
      - keep-alive
      Content-Encoding:
      - gzip
      Content-Type:
      - application/json; charset=utf-8
      Server:
      - cloudflare
      Transfer-Encoding:
      - chunked
      Vary:
      - Accept-Encoding
      x-notion-request-id:
      - 557726f6-daff-44e7-adb8-3cc8f8747384
      x-powered-by:
      - Express
    http_version: HTTP/1.1
    status_code: 200
- request:
    body: '{"query": "Getting Started", "filter": {"property": "object", "value":
      "page"}, "page_size": 100}'
    headers:
      accept:
      - '*/*'
      accept-encoding:
      - gzip, deflate
      authorization:
      - secret...
      connection:
      - keep-alive
      content-length:
      - '97'
      content-type:
      - application/json
      cookie:
      - secret...
      host:
      - api.notion.com
      notion-version:
      - '2022-06-28'
      user-agent:
      - secret...
    method: POST
    uri: https://api.notion.com/v1/search
  response:
    content: '{"object":"list","results":[{"object":"page","id":"6855b161-f63e-4683-b7c7-8ca6e97ee246","created_time":"2023-11-05T10:35:00.000Z","last_edited_time":"2024-06-01T19:31:00.000Z","created_by":{"object":"user","id":"b10cb6df-12ef-44d3-88ad-250168f66322"},"last_edited_by":{"object":"user","id":"b10cb6df-12ef-44d3-88ad-250168f66322"},"cover":null,"icon":null,"parent":{"type":"page_id","page_id":"5f505199-b292-4713-920b-61d813bf72a3"},"archived":false,"in_trash":false,"properties":{"title":{"id":"title","type":"title","title":[{"type":"text","text":{"content":"Getting
      Started","link":null},"annotations":{"bold":false,"italic":false,"strikethrough":false,"underline":false,"code":false,"color":"default"},"plain_text":"Getting
      Started","href":null}]}},"url":"https://www.notion.so/Getting-Started-6855b161f63e4683b7c78ca6e97ee246","public_url":null}],"next_cursor":null,"has_more":false,"type":"page_or_database","page_or_database":{},"request_id":"9c177d1d-878d-4cac-a817-ee2b08558888"}'
    headers:
      CF-Cache-Status:
      - DYNAMIC
      CF-Ray:
      - 8b6c48903dbc9180-FRA
      Connection:
      - keep-alive
      Content-Encoding:
      - gzip
      Content-Type:
      - application/json; charset=utf-8
      Server:
      - cloudflare
      Transfer-Encoding:
      - chunked
      Vary:
      - Accept-Encoding
      x-notion-request-id:
      - 9c177d1d-878d-4cac-a817-ee2b08558888
      x-powered-by:
      - Express
    http_version: HTTP/1.1
    status_code: 200
- request:
    body: '{"query": "Getting Started", "filter": {"property": "object", "value":
      "page"}, "page_size": 100}'
    headers:
      accept:
      - '*/*'
      accept-encoding:
      - gzip, deflate
      authorization:
      - secret...
      connection:
      - keep-alive
      content-length:
      - '97'
      content-type:
      - application/json
      cookie:
      - secret...
      host:
      - api.notion.com
      notion-version:
      - '2022-06-28'
      user-agent:
      - secret...
    method: POST
    uri: https://api.notion.com/v1/search
  response:
    content: '{"object":"list","results":[{"object":"page","id":"6855b161-f63e-4683-b7c7-8ca6e97ee246","created_time":"2023-11-05T10:35:00.000Z","last_edited_time":"2024-06-01T19:31:00.000Z","created_by":{"object":"user","id":"b10cb6df-12ef-44d3-88ad-250168f66322"},"last_edited_by":{"object":"user","id":"b10cb6df-12ef-44d3-88ad-250168f66322"},"cover":null,"icon":null,"parent":{"type":"page_id","page_id":"5f505199-b292-4713-920b-61d813bf72a3"},"archived":false,"in_trash":false,"properties":{"title":{"id":"title","type":"title","title":[{"type":"text","text":{"content":"Getting
      Started","link":null},"annotations":{"bold":false,"italic":false,"strikethrough":false,"underline":false,"code":false,"color":"default"},"plain_text":"Getting
      Started","href":null}]}},"url":"https://www.notion.so/Getting-Started-6855b161f63e4683b7c78ca6e97ee246","public_url":null}],"next_cursor":null,"has_more":false,"type":"page_or_database","page_or_database":{},"request_id":"42020da4-920d-429b-8e79-7dba81f050f8"}'
    headers:
      CF-Cache-Status:
      - DYNAMIC
      CF-Ray:
      - 8b6c4a4aefc69be0-FRA
      Connection:
      - keep-alive
      Content-Encoding:
      - gzip
      Content-Type:
      - application/json; charset=utf-8
      Server:
      - cloudflare
      Transfer-Encoding:
      - chunked
      Vary:
      - Accept-Encoding
      x-notion-request-id:
      - 42020da4-920d-429b-8e79-7dba81f050f8
      x-powered-by:
      - Express
    http_version: HTTP/1.1
    status_code: 200
- request:
    body: '{"query": "Getting Started", "filter": {"property": "object", "value":
      "page"}, "page_size": 100}'
    headers:
      accept:
      - '*/*'
      accept-encoding:
      - gzip, deflate
      authorization:
      - secret...
      connection:
      - keep-alive
      content-length:
      - '97'
      content-type:
      - application/json
      cookie:
      - secret...
      host:
      - api.notion.com
      notion-version:
      - '2022-06-28'
      user-agent:
      - secret...
    method: POST
    uri: https://api.notion.com/v1/search
  response:
    content: '{"object":"list","results":[{"object":"page","id":"6855b161-f63e-4683-b7c7-8ca6e97ee246","created_time":"2023-11-05T10:35:00.000Z","last_edited_time":"2024-06-01T19:31:00.000Z","created_by":{"object":"user","id":"b10cb6df-12ef-44d3-88ad-250168f66322"},"last_edited_by":{"object":"user","id":"b10cb6df-12ef-44d3-88ad-250168f66322"},"cover":null,"icon":null,"parent":{"type":"page_id","page_id":"5f505199-b292-4713-920b-61d813bf72a3"},"archived":false,"in_trash":false,"properties":{"title":{"id":"title","type":"title","title":[{"type":"text","text":{"content":"Getting
      Started","link":null},"annotations":{"bold":false,"italic":false,"strikethrough":false,"underline":false,"code":false,"color":"default"},"plain_text":"Getting
      Started","href":null}]}},"url":"https://www.notion.so/Getting-Started-6855b161f63e4683b7c78ca6e97ee246","public_url":null}],"next_cursor":null,"has_more":false,"type":"page_or_database","page_or_database":{},"request_id":"093698c1-02dd-4b35-9a9a-09fa7b651b01"}'
    headers:
      CF-Cache-Status:
      - DYNAMIC
      CF-Ray:
      - 8b6c4dc33acd9180-FRA
      Connection:
      - keep-alive
      Content-Encoding:
      - gzip
      Content-Type:
      - application/json; charset=utf-8
      Server:
      - cloudflare
      Transfer-Encoding:
      - chunked
      Vary:
      - Accept-Encoding
      x-notion-request-id:
      - 093698c1-02dd-4b35-9a9a-09fa7b651b01
      x-powered-by:
      - Express
    http_version: HTTP/1.1
    status_code: 200
- request:
    body: '{"query": "Getting Started", "filter": {"property": "object", "value":
      "page"}, "page_size": 100}'
    headers:
      accept:
      - '*/*'
      accept-encoding:
      - gzip, deflate
      authorization:
      - secret...
      connection:
      - keep-alive
      content-length:
      - '97'
      content-type:
      - application/json
      cookie:
      - secret...
      host:
      - api.notion.com
      notion-version:
      - '2022-06-28'
      user-agent:
      - secret...
    method: POST
    uri: https://api.notion.com/v1/search
  response:
    content: '{"object":"list","results":[{"object":"page","id":"6855b161-f63e-4683-b7c7-8ca6e97ee246","created_time":"2023-11-05T10:35:00.000Z","last_edited_time":"2024-06-01T19:31:00.000Z","created_by":{"object":"user","id":"b10cb6df-12ef-44d3-88ad-250168f66322"},"last_edited_by":{"object":"user","id":"b10cb6df-12ef-44d3-88ad-250168f66322"},"cover":null,"icon":null,"parent":{"type":"page_id","page_id":"5f505199-b292-4713-920b-61d813bf72a3"},"archived":false,"in_trash":false,"properties":{"title":{"id":"title","type":"title","title":[{"type":"text","text":{"content":"Getting
      Started","link":null},"annotations":{"bold":false,"italic":false,"strikethrough":false,"underline":false,"code":false,"color":"default"},"plain_text":"Getting
      Started","href":null}]}},"url":"https://www.notion.so/Getting-Started-6855b161f63e4683b7c78ca6e97ee246","public_url":null}],"next_cursor":null,"has_more":false,"type":"page_or_database","page_or_database":{},"request_id":"44c6ad5a-a52e-4bde-80ae-15275f3a125b"}'
    headers:
      CF-Cache-Status:
      - DYNAMIC
      CF-Ray:
      - 8b6c4e454a929177-FRA
      Connection:
      - keep-alive
      Content-Encoding:
      - gzip
      Content-Type:
      - application/json; charset=utf-8
      Server:
      - cloudflare
      Transfer-Encoding:
      - chunked
      Vary:
      - Accept-Encoding
      x-notion-request-id:
      - 44c6ad5a-a52e-4bde-80ae-15275f3a125b
      x-powered-by:
      - Express
    http_version: HTTP/1.1
    status_code: 200
- request:
    body: '{"query": "Getting Started", "filter": {"property": "object", "value":
      "page"}, "page_size": 100}'
    headers:
      accept:
      - '*/*'
      accept-encoding:
      - gzip, deflate
      authorization:
      - secret...
      connection:
      - keep-alive
      content-length:
      - '97'
      content-type:
      - application/json
      cookie:
      - secret...
      host:
      - api.notion.com
      notion-version:
      - '2022-06-28'
      user-agent:
      - secret...
    method: POST
    uri: https://api.notion.com/v1/search
  response:
    content: '{"object":"list","results":[{"object":"page","id":"6855b161-f63e-4683-b7c7-8ca6e97ee246","created_time":"2023-11-05T10:35:00.000Z","last_edited_time":"2024-06-01T19:31:00.000Z","created_by":{"object":"user","id":"b10cb6df-12ef-44d3-88ad-250168f66322"},"last_edited_by":{"object":"user","id":"b10cb6df-12ef-44d3-88ad-250168f66322"},"cover":null,"icon":null,"parent":{"type":"page_id","page_id":"5f505199-b292-4713-920b-61d813bf72a3"},"archived":false,"in_trash":false,"properties":{"title":{"id":"title","type":"title","title":[{"type":"text","text":{"content":"Getting
      Started","link":null},"annotations":{"bold":false,"italic":false,"strikethrough":false,"underline":false,"code":false,"color":"default"},"plain_text":"Getting
      Started","href":null}]}},"url":"https://www.notion.so/Getting-Started-6855b161f63e4683b7c78ca6e97ee246","public_url":null}],"next_cursor":null,"has_more":false,"type":"page_or_database","page_or_database":{},"request_id":"4f112459-8df2-4a33-b394-12ea724df970"}'
    headers:
      CF-Cache-Status:
      - DYNAMIC
      CF-Ray:
      - 8b6c4e7c4cd09180-FRA
      Connection:
      - keep-alive
      Content-Encoding:
      - gzip
      Content-Type:
      - application/json; charset=utf-8
      Server:
      - cloudflare
      Transfer-Encoding:
      - chunked
      Vary:
      - Accept-Encoding
      x-notion-request-id:
      - 4f112459-8df2-4a33-b394-12ea724df970
      x-powered-by:
      - Express
    http_version: HTTP/1.1
    status_code: 200
- request:
    body: '{"query": "Getting Started", "filter": {"property": "object", "value":
      "page"}, "page_size": 100}'
    headers:
      accept:
      - '*/*'
      accept-encoding:
      - gzip, deflate
      authorization:
      - secret...
      connection:
      - keep-alive
      content-length:
      - '97'
      content-type:
      - application/json
      cookie:
      - secret...
      host:
      - api.notion.com
      notion-version:
      - '2022-06-28'
      user-agent:
      - secret...
    method: POST
    uri: https://api.notion.com/v1/search
  response:
    content: '{"object":"list","results":[{"object":"page","id":"6855b161-f63e-4683-b7c7-8ca6e97ee246","created_time":"2023-11-05T10:35:00.000Z","last_edited_time":"2024-06-01T19:31:00.000Z","created_by":{"object":"user","id":"b10cb6df-12ef-44d3-88ad-250168f66322"},"last_edited_by":{"object":"user","id":"b10cb6df-12ef-44d3-88ad-250168f66322"},"cover":null,"icon":null,"parent":{"type":"page_id","page_id":"5f505199-b292-4713-920b-61d813bf72a3"},"archived":false,"in_trash":false,"properties":{"title":{"id":"title","type":"title","title":[{"type":"text","text":{"content":"Getting
      Started","link":null},"annotations":{"bold":false,"italic":false,"strikethrough":false,"underline":false,"code":false,"color":"default"},"plain_text":"Getting
      Started","href":null}]}},"url":"https://www.notion.so/Getting-Started-6855b161f63e4683b7c78ca6e97ee246","public_url":null}],"next_cursor":null,"has_more":false,"type":"page_or_database","page_or_database":{},"request_id":"fa8d1ee0-5eb9-499a-818b-86959c932a37"}'
    headers:
      CF-Cache-Status:
      - DYNAMIC
      CF-Ray:
      - 8b6c5040c842085b-FRA
      Connection:
      - keep-alive
      Content-Encoding:
      - gzip
      Content-Type:
      - application/json; charset=utf-8
      Server:
      - cloudflare
      Transfer-Encoding:
      - chunked
      Vary:
      - Accept-Encoding
      x-notion-request-id:
      - fa8d1ee0-5eb9-499a-818b-86959c932a37
      x-powered-by:
      - Express
    http_version: HTTP/1.1
    status_code: 200
- request:
    body: '{"query": "Getting Started", "filter": {"property": "object", "value":
      "page"}, "page_size": 100}'
    headers:
      accept:
      - '*/*'
      accept-encoding:
      - gzip, deflate
      authorization:
      - secret...
      connection:
      - keep-alive
      content-length:
      - '97'
      content-type:
      - application/json
      cookie:
      - secret...
      host:
      - api.notion.com
      notion-version:
      - '2022-06-28'
      user-agent:
      - secret...
    method: POST
    uri: https://api.notion.com/v1/search
  response:
    content: '{"object":"list","results":[{"object":"page","id":"6855b161-f63e-4683-b7c7-8ca6e97ee246","created_time":"2023-11-05T10:35:00.000Z","last_edited_time":"2024-06-01T19:31:00.000Z","created_by":{"object":"user","id":"b10cb6df-12ef-44d3-88ad-250168f66322"},"last_edited_by":{"object":"user","id":"b10cb6df-12ef-44d3-88ad-250168f66322"},"cover":null,"icon":null,"parent":{"type":"page_id","page_id":"5f505199-b292-4713-920b-61d813bf72a3"},"archived":false,"in_trash":false,"properties":{"title":{"id":"title","type":"title","title":[{"type":"text","text":{"content":"Getting
      Started","link":null},"annotations":{"bold":false,"italic":false,"strikethrough":false,"underline":false,"code":false,"color":"default"},"plain_text":"Getting
      Started","href":null}]}},"url":"https://www.notion.so/Getting-Started-6855b161f63e4683b7c78ca6e97ee246","public_url":null}],"next_cursor":null,"has_more":false,"type":"page_or_database","page_or_database":{},"request_id":"d8503b79-2c48-4406-99df-5aaf28b2a812"}'
    headers:
      CF-Cache-Status:
      - DYNAMIC
      CF-Ray:
      - 8b6c50c54fef9019-FRA
      Connection:
      - keep-alive
      Content-Encoding:
      - gzip
      Content-Type:
      - application/json; charset=utf-8
      Server:
      - cloudflare
      Transfer-Encoding:
      - chunked
      Vary:
      - Accept-Encoding
      x-notion-request-id:
      - d8503b79-2c48-4406-99df-5aaf28b2a812
      x-powered-by:
      - Express
    http_version: HTTP/1.1
    status_code: 200
- request:
    body: '{"query": "Getting Started", "filter": {"property": "object", "value":
      "page"}, "page_size": 100}'
    headers:
      accept:
      - '*/*'
      accept-encoding:
      - gzip, deflate
      authorization:
      - secret...
      connection:
      - keep-alive
      content-length:
      - '97'
      content-type:
      - application/json
      cookie:
      - secret...
      host:
      - api.notion.com
      notion-version:
      - '2022-06-28'
      user-agent:
      - secret...
    method: POST
    uri: https://api.notion.com/v1/search
  response:
    content: '{"object":"list","results":[{"object":"page","id":"6855b161-f63e-4683-b7c7-8ca6e97ee246","created_time":"2023-11-05T10:35:00.000Z","last_edited_time":"2024-06-01T19:31:00.000Z","created_by":{"object":"user","id":"b10cb6df-12ef-44d3-88ad-250168f66322"},"last_edited_by":{"object":"user","id":"b10cb6df-12ef-44d3-88ad-250168f66322"},"cover":null,"icon":null,"parent":{"type":"page_id","page_id":"5f505199-b292-4713-920b-61d813bf72a3"},"archived":false,"in_trash":false,"properties":{"title":{"id":"title","type":"title","title":[{"type":"text","text":{"content":"Getting
      Started","link":null},"annotations":{"bold":false,"italic":false,"strikethrough":false,"underline":false,"code":false,"color":"default"},"plain_text":"Getting
      Started","href":null}]}},"url":"https://www.notion.so/Getting-Started-6855b161f63e4683b7c78ca6e97ee246","public_url":null}],"next_cursor":null,"has_more":false,"type":"page_or_database","page_or_database":{},"request_id":"0ccc70bc-5c75-4af4-9a48-45b699cd5c7b"}'
    headers:
      CF-Cache-Status:
      - DYNAMIC
      CF-Ray:
      - 8b6c51bcc8654dba-FRA
      Connection:
      - keep-alive
      Content-Encoding:
      - gzip
      Content-Type:
      - application/json; charset=utf-8
      Server:
      - cloudflare
      Transfer-Encoding:
      - chunked
      Vary:
      - Accept-Encoding
      x-notion-request-id:
      - 0ccc70bc-5c75-4af4-9a48-45b699cd5c7b
      x-powered-by:
      - Express
    http_version: HTTP/1.1
    status_code: 200
- request:
    body: '{"query": "Getting Started", "filter": {"property": "object", "value":
      "page"}, "page_size": 100}'
    headers:
      accept:
      - '*/*'
      accept-encoding:
      - gzip, deflate
      authorization:
      - secret...
      connection:
      - keep-alive
      content-length:
      - '97'
      content-type:
      - application/json
      cookie:
      - secret...
      host:
      - api.notion.com
      notion-version:
      - '2022-06-28'
      user-agent:
      - secret...
    method: POST
    uri: https://api.notion.com/v1/search
  response:
    content: '{"object":"list","results":[{"object":"page","id":"6855b161-f63e-4683-b7c7-8ca6e97ee246","created_time":"2023-11-05T10:35:00.000Z","last_edited_time":"2024-06-01T19:31:00.000Z","created_by":{"object":"user","id":"b10cb6df-12ef-44d3-88ad-250168f66322"},"last_edited_by":{"object":"user","id":"b10cb6df-12ef-44d3-88ad-250168f66322"},"cover":null,"icon":null,"parent":{"type":"page_id","page_id":"5f505199-b292-4713-920b-61d813bf72a3"},"archived":false,"in_trash":false,"properties":{"title":{"id":"title","type":"title","title":[{"type":"text","text":{"content":"Getting
      Started","link":null},"annotations":{"bold":false,"italic":false,"strikethrough":false,"underline":false,"code":false,"color":"default"},"plain_text":"Getting
      Started","href":null}]}},"url":"https://www.notion.so/Getting-Started-6855b161f63e4683b7c78ca6e97ee246","public_url":null}],"next_cursor":null,"has_more":false,"type":"page_or_database","page_or_database":{},"request_id":"3985d4aa-243c-4086-b705-d723c9ccf6ed"}'
    headers:
      CF-Cache-Status:
      - DYNAMIC
      CF-Ray:
      - 8b6c524d899e9bbf-FRA
      Connection:
      - keep-alive
      Content-Encoding:
      - gzip
      Content-Type:
      - application/json; charset=utf-8
      Server:
      - cloudflare
      Transfer-Encoding:
      - chunked
      Vary:
      - Accept-Encoding
      x-notion-request-id:
      - 3985d4aa-243c-4086-b705-d723c9ccf6ed
      x-powered-by:
      - Express
    http_version: HTTP/1.1
    status_code: 200
- request:
    body: '{"query": "Getting Started", "filter": {"property": "object", "value":
      "page"}, "page_size": 100}'
    headers:
      accept:
      - '*/*'
      accept-encoding:
      - gzip, deflate
      authorization:
      - secret...
      connection:
      - keep-alive
      content-length:
      - '97'
      content-type:
      - application/json
      cookie:
      - secret...
      host:
      - api.notion.com
      notion-version:
      - '2022-06-28'
      user-agent:
      - secret...
    method: POST
    uri: https://api.notion.com/v1/search
  response:
    content: '{"object":"list","results":[{"object":"page","id":"6855b161-f63e-4683-b7c7-8ca6e97ee246","created_time":"2023-11-05T10:35:00.000Z","last_edited_time":"2024-06-01T19:31:00.000Z","created_by":{"object":"user","id":"b10cb6df-12ef-44d3-88ad-250168f66322"},"last_edited_by":{"object":"user","id":"b10cb6df-12ef-44d3-88ad-250168f66322"},"cover":null,"icon":null,"parent":{"type":"page_id","page_id":"5f505199-b292-4713-920b-61d813bf72a3"},"archived":false,"in_trash":false,"properties":{"title":{"id":"title","type":"title","title":[{"type":"text","text":{"content":"Getting
      Started","link":null},"annotations":{"bold":false,"italic":false,"strikethrough":false,"underline":false,"code":false,"color":"default"},"plain_text":"Getting
      Started","href":null}]}},"url":"https://www.notion.so/Getting-Started-6855b161f63e4683b7c78ca6e97ee246","public_url":null}],"next_cursor":null,"has_more":false,"type":"page_or_database","page_or_database":{},"request_id":"c2a5123d-5d10-4af1-b5da-00f3450e2455"}'
    headers:
      CF-Cache-Status:
      - DYNAMIC
      CF-Ray:
      - 8b6c529f3d794dba-FRA
      Connection:
      - keep-alive
      Content-Encoding:
      - gzip
      Content-Type:
      - application/json; charset=utf-8
      Server:
      - cloudflare
      Transfer-Encoding:
      - chunked
      Vary:
      - Accept-Encoding
      x-notion-request-id:
      - c2a5123d-5d10-4af1-b5da-00f3450e2455
      x-powered-by:
      - Express
    http_version: HTTP/1.1
    status_code: 200
- request:
    body: '{"query": "Getting Started", "filter": {"property": "object", "value":
      "page"}, "page_size": 100}'
    headers:
      accept:
      - '*/*'
      accept-encoding:
      - gzip, deflate
      authorization:
      - secret...
      connection:
      - keep-alive
      content-length:
      - '97'
      content-type:
      - application/json
      cookie:
      - secret...
      host:
      - api.notion.com
      notion-version:
      - '2022-06-28'
      user-agent:
      - secret...
    method: POST
    uri: https://api.notion.com/v1/search
  response:
    content: '{"object":"list","results":[{"object":"page","id":"6855b161-f63e-4683-b7c7-8ca6e97ee246","created_time":"2023-11-05T10:35:00.000Z","last_edited_time":"2024-06-01T19:31:00.000Z","created_by":{"object":"user","id":"b10cb6df-12ef-44d3-88ad-250168f66322"},"last_edited_by":{"object":"user","id":"b10cb6df-12ef-44d3-88ad-250168f66322"},"cover":null,"icon":null,"parent":{"type":"page_id","page_id":"5f505199-b292-4713-920b-61d813bf72a3"},"archived":false,"in_trash":false,"properties":{"title":{"id":"title","type":"title","title":[{"type":"text","text":{"content":"Getting
      Started","link":null},"annotations":{"bold":false,"italic":false,"strikethrough":false,"underline":false,"code":false,"color":"default"},"plain_text":"Getting
      Started","href":null}]}},"url":"https://www.notion.so/Getting-Started-6855b161f63e4683b7c78ca6e97ee246","public_url":null}],"next_cursor":null,"has_more":false,"type":"page_or_database","page_or_database":{},"request_id":"e31ba1c1-9771-46ee-a120-1e4206a04204"}'
    headers:
      CF-Cache-Status:
      - DYNAMIC
      CF-Ray:
      - 8b6c53320aca65c3-FRA
      Connection:
      - keep-alive
      Content-Encoding:
      - gzip
      Content-Type:
      - application/json; charset=utf-8
      Server:
      - cloudflare
      Transfer-Encoding:
      - chunked
      Vary:
      - Accept-Encoding
      x-notion-request-id:
      - e31ba1c1-9771-46ee-a120-1e4206a04204
      x-powered-by:
      - Express
    http_version: HTTP/1.1
    status_code: 200
- request:
    body: '{"query": "Getting Started", "filter": {"property": "object", "value":
      "page"}, "page_size": 100}'
    headers:
      accept:
      - '*/*'
      accept-encoding:
      - gzip, deflate
      authorization:
      - secret...
      connection:
      - keep-alive
      content-length:
      - '97'
      content-type:
      - application/json
      cookie:
      - secret...
      host:
      - api.notion.com
      notion-version:
      - '2022-06-28'
      user-agent:
      - secret...
    method: POST
    uri: https://api.notion.com/v1/search
  response:
    content: '{"object":"list","results":[{"object":"page","id":"6855b161-f63e-4683-b7c7-8ca6e97ee246","created_time":"2023-11-05T10:35:00.000Z","last_edited_time":"2024-06-01T19:31:00.000Z","created_by":{"object":"user","id":"b10cb6df-12ef-44d3-88ad-250168f66322"},"last_edited_by":{"object":"user","id":"b10cb6df-12ef-44d3-88ad-250168f66322"},"cover":null,"icon":null,"parent":{"type":"page_id","page_id":"5f505199-b292-4713-920b-61d813bf72a3"},"archived":false,"in_trash":false,"properties":{"title":{"id":"title","type":"title","title":[{"type":"text","text":{"content":"Getting
      Started","link":null},"annotations":{"bold":false,"italic":false,"strikethrough":false,"underline":false,"code":false,"color":"default"},"plain_text":"Getting
      Started","href":null}]}},"url":"https://www.notion.so/Getting-Started-6855b161f63e4683b7c78ca6e97ee246","public_url":null}],"next_cursor":null,"has_more":false,"type":"page_or_database","page_or_database":{},"request_id":"0e305f67-6f00-42a6-b202-4f4785401d9e"}'
    headers:
      CF-Cache-Status:
      - DYNAMIC
      CF-Ray:
      - 8b6c536afdd29253-FRA
      Connection:
      - keep-alive
      Content-Encoding:
      - gzip
      Content-Type:
      - application/json; charset=utf-8
      Server:
      - cloudflare
      Transfer-Encoding:
      - chunked
      Vary:
      - Accept-Encoding
      x-notion-request-id:
      - 0e305f67-6f00-42a6-b202-4f4785401d9e
      x-powered-by:
      - Express
    http_version: HTTP/1.1
    status_code: 200
version: 1
