interactions:
- request:
    body: '{"query": "Tests", "filter": {"property": "object", "value": "page"}, "page_size":
      100}'
    headers:
      accept:
      - '*/*'
      accept-encoding:
      - gzip, deflate
      authorization:
      - secret...
      connection:
      - keep-alive
      content-length:
      - '87'
      content-type:
      - application/json
      host:
      - api.notion.com
      notion-version:
      - '2022-06-28'
      user-agent:
      - secret...
    method: POST
    uri: https://api.notion.com/v1/search
  response:
    content: '{"object":"list","results":[{"object":"page","id":"5f505199-b292-4713-920b-61d813bf72a3","created_time":"2022-08-22T15:47:00.000Z","last_edited_time":"2024-02-14T17:23:00.000Z","created_by":{"object":"user","id":"b10cb6df-12ef-44d3-88ad-250168f66322"},"last_edited_by":{"object":"user","id":"645e79dd-3e43-40de-9d51-39357c1c427f"},"cover":null,"icon":null,"parent":{"type":"workspace","workspace":true},"archived":false,"properties":{"title":{"id":"title","type":"title","title":[{"type":"text","text":{"content":"Tests","link":null},"annotations":{"bold":false,"italic":false,"strikethrough":false,"underline":false,"code":false,"color":"default"},"plain_text":"Tests","href":null}]}},"url":"https://www.notion.so/Tests-5f505199b2924713920b61d813bf72a3","public_url":null}],"next_cursor":null,"has_more":false,"type":"page_or_database","page_or_database":{},"request_id":"001bc79b-c8fa-47ae-8359-6f4019553d80"}'
    headers:
      CF-Cache-Status:
      - DYNAMIC
      Connection:
      - keep-alive
      Content-Encoding:
      - gzip
      Content-Type:
      - application/json; charset=utf-8
      Server:
      - cloudflare
      Set-Cookie:
      - __cf_bm=uueUn7dyF4VGBBqoYMWioGGkCXFOZrqPfpt7WSeaps0-1707931636-1.0-AQTEqUJfouauv9lJ2qqSUyzHck09Q9U4NSn60/NdqQ5iCNK45k6yiKzHYoFbYJjYXm0gcu9bOomJbWQTE8z3gTY=;
        path=/; expires=Wed, 14-Feb-24 17:57:16 GMT; domain=.notion.com; HttpOnly;
        Secure; SameSite=None
      Transfer-Encoding:
      - chunked
      Vary:
      - Accept-Encoding
      X-Powered-By:
      - Express
    http_version: HTTP/1.1
    status_code: 200
- request:
    body: '{"query": "Tests", "filter": {"property": "object", "value": "page"}, "page_size":
      100}'
    headers:
      accept:
      - '*/*'
      accept-encoding:
      - gzip, deflate
      authorization:
      - secret...
      connection:
      - keep-alive
      content-length:
      - '87'
      content-type:
      - application/json
      host:
      - api.notion.com
      notion-version:
      - '2022-06-28'
      user-agent:
      - secret...
    method: POST
    uri: https://api.notion.com/v1/search
  response:
    content: '{"object":"list","results":[{"object":"page","id":"5f505199-b292-4713-920b-61d813bf72a3","created_time":"2022-08-22T15:47:00.000Z","last_edited_time":"2024-02-14T17:23:00.000Z","created_by":{"object":"user","id":"b10cb6df-12ef-44d3-88ad-250168f66322"},"last_edited_by":{"object":"user","id":"645e79dd-3e43-40de-9d51-39357c1c427f"},"cover":null,"icon":null,"parent":{"type":"workspace","workspace":true},"archived":false,"properties":{"title":{"id":"title","type":"title","title":[{"type":"text","text":{"content":"Tests","link":null},"annotations":{"bold":false,"italic":false,"strikethrough":false,"underline":false,"code":false,"color":"default"},"plain_text":"Tests","href":null}]}},"url":"https://www.notion.so/Tests-5f505199b2924713920b61d813bf72a3","public_url":null}],"next_cursor":null,"has_more":false,"type":"page_or_database","page_or_database":{},"request_id":"683540e3-b863-4de2-a2e3-16777cfa7050"}'
    headers:
      CF-Cache-Status:
      - DYNAMIC
      Connection:
      - keep-alive
      Content-Encoding:
      - gzip
      Content-Type:
      - application/json; charset=utf-8
      Server:
      - cloudflare
      Set-Cookie:
      - __cf_bm=LzQf3WHJpCkuRCW0fgJkR6W2MfcThkQXg_KFXlSTOq8-1707931645-1.0-AZhfQSWwyJAQ7lj8bDfw0BuuHOW17DFyBk3GkPlmpDdBlZmx7lVX1eg205W9HkJ868zDuWxR4ypPefNXC+7VQMI=;
        path=/; expires=Wed, 14-Feb-24 17:57:25 GMT; domain=.notion.com; HttpOnly;
        Secure; SameSite=None
      Transfer-Encoding:
      - chunked
      Vary:
      - Accept-Encoding
      X-Powered-By:
      - Express
    http_version: HTTP/1.1
    status_code: 200
- request:
    body: '{"query": "Tests", "filter": {"property": "object", "value": "page"}, "page_size":
      100}'
    headers:
      accept:
      - '*/*'
      accept-encoding:
      - gzip, deflate
      authorization:
      - secret...
      connection:
      - keep-alive
      content-length:
      - '87'
      content-type:
      - application/json
      host:
      - api.notion.com
      notion-version:
      - '2022-06-28'
      user-agent:
      - secret...
    method: POST
    uri: https://api.notion.com/v1/search
  response:
    content: '{"object":"list","results":[{"object":"page","id":"5f505199-b292-4713-920b-61d813bf72a3","created_time":"2022-08-22T15:47:00.000Z","last_edited_time":"2024-02-14T17:27:00.000Z","created_by":{"object":"user","id":"b10cb6df-12ef-44d3-88ad-250168f66322"},"last_edited_by":{"object":"user","id":"645e79dd-3e43-40de-9d51-39357c1c427f"},"cover":null,"icon":null,"parent":{"type":"workspace","workspace":true},"archived":false,"properties":{"title":{"id":"title","type":"title","title":[{"type":"text","text":{"content":"Tests","link":null},"annotations":{"bold":false,"italic":false,"strikethrough":false,"underline":false,"code":false,"color":"default"},"plain_text":"Tests","href":null}]}},"url":"https://www.notion.so/Tests-5f505199b2924713920b61d813bf72a3","public_url":null}],"next_cursor":null,"has_more":false,"type":"page_or_database","page_or_database":{},"request_id":"4d94857d-b7ac-4367-afc4-24579cb2edef"}'
    headers:
      CF-Cache-Status:
      - DYNAMIC
      Connection:
      - keep-alive
      Content-Encoding:
      - gzip
      Content-Type:
      - application/json; charset=utf-8
      Server:
      - cloudflare
      Set-Cookie:
      - __cf_bm=_5EvCwF6tBTbke4T4CVc9H_n_A8PmdIMP0pr_kU8XU8-1707931688-1.0-AVhglniiyO8kdAn6bkPUAXh6gzFBEHCWngBwTwPxQE3gNr1ezKaSpxK1XtPDl8aLn5YaOqr6Nw9d39Lkr77H5ks=;
        path=/; expires=Wed, 14-Feb-24 17:58:08 GMT; domain=.notion.com; HttpOnly;
        Secure; SameSite=None
      Transfer-Encoding:
      - chunked
      Vary:
      - Accept-Encoding
      X-Powered-By:
      - Express
    http_version: HTTP/1.1
    status_code: 200
- request:
    body: '{"query": "Tests", "filter": {"property": "object", "value": "page"}, "page_size":
      100}'
    headers:
      accept:
      - '*/*'
      accept-encoding:
      - gzip, deflate
      authorization:
      - secret...
      connection:
      - keep-alive
      content-length:
      - '87'
      content-type:
      - application/json
      host:
      - api.notion.com
      notion-version:
      - '2022-06-28'
      user-agent:
      - secret...
    method: POST
    uri: https://api.notion.com/v1/search
  response:
    content: '{"object":"list","results":[{"object":"page","id":"5f505199-b292-4713-920b-61d813bf72a3","created_time":"2022-08-22T15:47:00.000Z","last_edited_time":"2024-02-14T17:28:00.000Z","created_by":{"object":"user","id":"b10cb6df-12ef-44d3-88ad-250168f66322"},"last_edited_by":{"object":"user","id":"645e79dd-3e43-40de-9d51-39357c1c427f"},"cover":null,"icon":null,"parent":{"type":"workspace","workspace":true},"archived":false,"properties":{"title":{"id":"title","type":"title","title":[{"type":"text","text":{"content":"Tests","link":null},"annotations":{"bold":false,"italic":false,"strikethrough":false,"underline":false,"code":false,"color":"default"},"plain_text":"Tests","href":null}]}},"url":"https://www.notion.so/Tests-5f505199b2924713920b61d813bf72a3","public_url":null}],"next_cursor":null,"has_more":false,"type":"page_or_database","page_or_database":{},"request_id":"6d59bb46-0473-4d6d-8e20-38f0de95c514"}'
    headers:
      CF-Cache-Status:
      - DYNAMIC
      Connection:
      - keep-alive
      Content-Encoding:
      - gzip
      Content-Type:
      - application/json; charset=utf-8
      Server:
      - cloudflare
      Set-Cookie:
      - __cf_bm=UjfAFre9Xk_zE2GPSo.oxvW4GLw8Ei36F6eyVeYt08Y-1707931764-1.0-AYB1V3IZhmyj+g0aKo0xB2ATzwQWBigiJr8ucgxC6Xuj3Tjkg2OCJMWl5z+oucMpvRv4L8kg/y+gAbBIIPA5ma0=;
        path=/; expires=Wed, 14-Feb-24 17:59:24 GMT; domain=.notion.com; HttpOnly;
        Secure; SameSite=None
      Transfer-Encoding:
      - chunked
      Vary:
      - Accept-Encoding
      X-Powered-By:
      - Express
    http_version: HTTP/1.1
    status_code: 200
- request:
    body: '{"query": "Tests", "filter": {"property": "object", "value": "page"}, "page_size":
      100}'
    headers:
      accept:
      - '*/*'
      accept-encoding:
      - gzip, deflate
      authorization:
      - secret...
      connection:
      - keep-alive
      content-length:
      - '87'
      content-type:
      - application/json
      host:
      - api.notion.com
      notion-version:
      - '2022-06-28'
      user-agent:
      - secret...
    method: POST
    uri: https://api.notion.com/v1/search
  response:
    content: '{"object":"list","results":[{"object":"page","id":"5f505199-b292-4713-920b-61d813bf72a3","created_time":"2022-08-22T15:47:00.000Z","last_edited_time":"2024-02-14T17:28:00.000Z","created_by":{"object":"user","id":"b10cb6df-12ef-44d3-88ad-250168f66322"},"last_edited_by":{"object":"user","id":"645e79dd-3e43-40de-9d51-39357c1c427f"},"cover":null,"icon":null,"parent":{"type":"workspace","workspace":true},"archived":false,"properties":{"title":{"id":"title","type":"title","title":[{"type":"text","text":{"content":"Tests","link":null},"annotations":{"bold":false,"italic":false,"strikethrough":false,"underline":false,"code":false,"color":"default"},"plain_text":"Tests","href":null}]}},"url":"https://www.notion.so/Tests-5f505199b2924713920b61d813bf72a3","public_url":null}],"next_cursor":null,"has_more":false,"type":"page_or_database","page_or_database":{},"request_id":"0b30b405-52f3-403c-873d-060d22663805"}'
    headers:
      CF-Cache-Status:
      - DYNAMIC
      Connection:
      - keep-alive
      Content-Encoding:
      - gzip
      Content-Type:
      - application/json; charset=utf-8
      Server:
      - cloudflare
      Set-Cookie:
      - __cf_bm=abpuKwNUCaAz9Dzbm18UTQj7vCvcr7mjWPCEWZBPkPo-1707931780-1.0-AaqXaMgIkgz9GHnui1gtGhXeRu9m9Hz5dRFF8V/fQhTCGPPksuXEAplynRJtTNoRCxi42R2sZx0oquLZyfZelSY=;
        path=/; expires=Wed, 14-Feb-24 17:59:40 GMT; domain=.notion.com; HttpOnly;
        Secure; SameSite=None
      Transfer-Encoding:
      - chunked
      Vary:
      - Accept-Encoding
      X-Powered-By:
      - Express
    http_version: HTTP/1.1
    status_code: 200
- request:
    body: '{"query": "Tests", "filter": {"property": "object", "value": "page"}, "page_size":
      100}'
    headers:
      accept:
      - '*/*'
      accept-encoding:
      - gzip, deflate
      authorization:
      - secret...
      connection:
      - keep-alive
      content-length:
      - '87'
      content-type:
      - application/json
      host:
      - api.notion.com
      notion-version:
      - '2022-06-28'
      user-agent:
      - secret...
    method: POST
    uri: https://api.notion.com/v1/search
  response:
    content: '{"object":"list","results":[{"object":"page","id":"5f505199-b292-4713-920b-61d813bf72a3","created_time":"2022-08-22T15:47:00.000Z","last_edited_time":"2024-02-14T17:28:00.000Z","created_by":{"object":"user","id":"b10cb6df-12ef-44d3-88ad-250168f66322"},"last_edited_by":{"object":"user","id":"645e79dd-3e43-40de-9d51-39357c1c427f"},"cover":null,"icon":null,"parent":{"type":"workspace","workspace":true},"archived":false,"properties":{"title":{"id":"title","type":"title","title":[{"type":"text","text":{"content":"Tests","link":null},"annotations":{"bold":false,"italic":false,"strikethrough":false,"underline":false,"code":false,"color":"default"},"plain_text":"Tests","href":null}]}},"url":"https://www.notion.so/Tests-5f505199b2924713920b61d813bf72a3","public_url":null}],"next_cursor":null,"has_more":false,"type":"page_or_database","page_or_database":{},"request_id":"0e495cbe-b84b-4ad3-95e3-146b740f7e01"}'
    headers:
      CF-Cache-Status:
      - DYNAMIC
      Connection:
      - keep-alive
      Content-Encoding:
      - gzip
      Content-Type:
      - application/json; charset=utf-8
      Server:
      - cloudflare
      Set-Cookie:
      - __cf_bm=8NAk53U7F2blrx6RckIla0kxfCgEtoAOHY5ohMQJjas-1707931789-1.0-AbDOYVgrxRyavg+pbgX2cm78+SCswAcG6NqSiWaj7yKw5Dk/DAu2qXV0DelhDFJ8LA2ZJ1PVhL52KlQo6Lxkabg=;
        path=/; expires=Wed, 14-Feb-24 17:59:49 GMT; domain=.notion.com; HttpOnly;
        Secure; SameSite=None
      Transfer-Encoding:
      - chunked
      Vary:
      - Accept-Encoding
      X-Powered-By:
      - Express
    http_version: HTTP/1.1
    status_code: 200
- request:
    body: '{"query": "Tests", "filter": {"property": "object", "value": "page"}, "page_size":
      100}'
    headers:
      accept:
      - '*/*'
      accept-encoding:
      - gzip, deflate
      authorization:
      - secret...
      connection:
      - keep-alive
      content-length:
      - '87'
      content-type:
      - application/json
      host:
      - api.notion.com
      notion-version:
      - '2022-06-28'
      user-agent:
      - secret...
    method: POST
    uri: https://api.notion.com/v1/search
  response:
    content: '{"object":"list","results":[{"object":"page","id":"5f505199-b292-4713-920b-61d813bf72a3","created_time":"2022-08-22T15:47:00.000Z","last_edited_time":"2024-02-14T17:30:00.000Z","created_by":{"object":"user","id":"b10cb6df-12ef-44d3-88ad-250168f66322"},"last_edited_by":{"object":"user","id":"645e79dd-3e43-40de-9d51-39357c1c427f"},"cover":null,"icon":null,"parent":{"type":"workspace","workspace":true},"archived":false,"properties":{"title":{"id":"title","type":"title","title":[{"type":"text","text":{"content":"Tests","link":null},"annotations":{"bold":false,"italic":false,"strikethrough":false,"underline":false,"code":false,"color":"default"},"plain_text":"Tests","href":null}]}},"url":"https://www.notion.so/Tests-5f505199b2924713920b61d813bf72a3","public_url":null}],"next_cursor":null,"has_more":false,"type":"page_or_database","page_or_database":{},"request_id":"fafec15f-f41a-4eee-b4f9-a7025b26b441"}'
    headers:
      CF-Cache-Status:
      - DYNAMIC
      Connection:
      - keep-alive
      Content-Encoding:
      - gzip
      Content-Type:
      - application/json; charset=utf-8
      Server:
      - cloudflare
      Set-Cookie:
      - __cf_bm=Hj8GTBqX2ojJfzAucYuEYvHJGo6Ghdwc7Rp16ffBSxI-1707931831-1.0-Af/Lmc1QgjOoQ+CCNAH2Z9c16zO1sSyERz+OaDKjs1qwsvjpOPuvu4y2ijXrvpGmX/4Qte23y+AsQqejTJCy1z8=;
        path=/; expires=Wed, 14-Feb-24 18:00:31 GMT; domain=.notion.com; HttpOnly;
        Secure; SameSite=None
      Transfer-Encoding:
      - chunked
      Vary:
      - Accept-Encoding
      X-Powered-By:
      - Express
    http_version: HTTP/1.1
    status_code: 200
- request:
    body: '{"query": "Tests", "filter": {"property": "object", "value": "page"}, "page_size":
      100}'
    headers:
      accept:
      - '*/*'
      accept-encoding:
      - gzip, deflate
      authorization:
      - secret...
      connection:
      - keep-alive
      content-length:
      - '87'
      content-type:
      - application/json
      host:
      - api.notion.com
      notion-version:
      - '2022-06-28'
      user-agent:
      - secret...
    method: POST
    uri: https://api.notion.com/v1/search
  response:
    content: '{"object":"list","results":[{"object":"page","id":"5f505199-b292-4713-920b-61d813bf72a3","created_time":"2022-08-22T15:47:00.000Z","last_edited_time":"2024-02-14T17:30:00.000Z","created_by":{"object":"user","id":"b10cb6df-12ef-44d3-88ad-250168f66322"},"last_edited_by":{"object":"user","id":"645e79dd-3e43-40de-9d51-39357c1c427f"},"cover":null,"icon":null,"parent":{"type":"workspace","workspace":true},"archived":false,"properties":{"title":{"id":"title","type":"title","title":[{"type":"text","text":{"content":"Tests","link":null},"annotations":{"bold":false,"italic":false,"strikethrough":false,"underline":false,"code":false,"color":"default"},"plain_text":"Tests","href":null}]}},"url":"https://www.notion.so/Tests-5f505199b2924713920b61d813bf72a3","public_url":null}],"next_cursor":null,"has_more":false,"type":"page_or_database","page_or_database":{},"request_id":"d69a81c0-cf9b-48ea-b4b2-94c5e90672eb"}'
    headers:
      CF-Cache-Status:
      - DYNAMIC
      Connection:
      - keep-alive
      Content-Encoding:
      - gzip
      Content-Type:
      - application/json; charset=utf-8
      Server:
      - cloudflare
      Set-Cookie:
      - __cf_bm=bSDdDNhL80CNjFAH.4Wpns.HXuewutC0Kc.bxN7P6Ck-1707931841-1.0-AYPVdyLXIfJxoudtonV1u4LOB5T+M61eoKbnya8WZ9EBQHuoFWPbfPPrV2GhEEsDp0ktcVLCiO36G3CQDazhZGo=;
        path=/; expires=Wed, 14-Feb-24 18:00:41 GMT; domain=.notion.com; HttpOnly;
        Secure; SameSite=None
      Transfer-Encoding:
      - chunked
      Vary:
      - Accept-Encoding
      X-Powered-By:
      - Express
    http_version: HTTP/1.1
    status_code: 200
- request:
    body: '{"query": "Tests", "filter": {"property": "object", "value": "page"}, "page_size":
      100}'
    headers:
      accept:
      - '*/*'
      accept-encoding:
      - gzip, deflate
      authorization:
      - secret...
      connection:
      - keep-alive
      content-length:
      - '87'
      content-type:
      - application/json
      host:
      - api.notion.com
      notion-version:
      - '2022-06-28'
      user-agent:
      - secret...
    method: POST
    uri: https://api.notion.com/v1/search
  response:
    content: '{"object":"list","results":[{"object":"page","id":"5f505199-b292-4713-920b-61d813bf72a3","created_time":"2022-08-22T15:47:00.000Z","last_edited_time":"2024-02-14T17:31:00.000Z","created_by":{"object":"user","id":"b10cb6df-12ef-44d3-88ad-250168f66322"},"last_edited_by":{"object":"user","id":"645e79dd-3e43-40de-9d51-39357c1c427f"},"cover":null,"icon":null,"parent":{"type":"workspace","workspace":true},"archived":false,"properties":{"title":{"id":"title","type":"title","title":[{"type":"text","text":{"content":"Tests","link":null},"annotations":{"bold":false,"italic":false,"strikethrough":false,"underline":false,"code":false,"color":"default"},"plain_text":"Tests","href":null}]}},"url":"https://www.notion.so/Tests-5f505199b2924713920b61d813bf72a3","public_url":null}],"next_cursor":null,"has_more":false,"type":"page_or_database","page_or_database":{},"request_id":"206fa7ad-66b7-49f6-ad94-97ac749dc71d"}'
    headers:
      CF-Cache-Status:
      - DYNAMIC
      Connection:
      - keep-alive
      Content-Encoding:
      - gzip
      Content-Type:
      - application/json; charset=utf-8
      Server:
      - cloudflare
      Set-Cookie:
      - __cf_bm=z4jSS0QvYdNw42Ul5lC8B9bbAALhzQjWw9t9RvMqydE-1707931871-1.0-AY7phDFx5bh2/ePGo2K2S3i6noXgDtPd7Pu3DSMnPokqNh7MRFYuD6KC1lA8KqqbULXq8UlSB6aLy0i4WvlJJKU=;
        path=/; expires=Wed, 14-Feb-24 18:01:11 GMT; domain=.notion.com; HttpOnly;
        Secure; SameSite=None
      Transfer-Encoding:
      - chunked
      Vary:
      - Accept-Encoding
      X-Powered-By:
      - Express
    http_version: HTTP/1.1
    status_code: 200
- request:
    body: '{"query": "Tests", "filter": {"property": "object", "value": "page"}, "page_size":
      100}'
    headers:
      accept:
      - '*/*'
      accept-encoding:
      - gzip, deflate
      authorization:
      - secret...
      connection:
      - keep-alive
      content-length:
      - '87'
      content-type:
      - application/json
      host:
      - api.notion.com
      notion-version:
      - '2022-06-28'
      user-agent:
      - secret...
    method: POST
    uri: https://api.notion.com/v1/search
  response:
    content: '{"object":"list","results":[{"object":"page","id":"5f505199-b292-4713-920b-61d813bf72a3","created_time":"2022-08-22T15:47:00.000Z","last_edited_time":"2024-02-14T17:31:00.000Z","created_by":{"object":"user","id":"b10cb6df-12ef-44d3-88ad-250168f66322"},"last_edited_by":{"object":"user","id":"645e79dd-3e43-40de-9d51-39357c1c427f"},"cover":null,"icon":null,"parent":{"type":"workspace","workspace":true},"archived":false,"properties":{"title":{"id":"title","type":"title","title":[{"type":"text","text":{"content":"Tests","link":null},"annotations":{"bold":false,"italic":false,"strikethrough":false,"underline":false,"code":false,"color":"default"},"plain_text":"Tests","href":null}]}},"url":"https://www.notion.so/Tests-5f505199b2924713920b61d813bf72a3","public_url":null}],"next_cursor":null,"has_more":false,"type":"page_or_database","page_or_database":{},"request_id":"b8fb4214-95e6-4b3c-89d5-c41a2672b643"}'
    headers:
      CF-Cache-Status:
      - DYNAMIC
      Connection:
      - keep-alive
      Content-Encoding:
      - gzip
      Content-Type:
      - application/json; charset=utf-8
      Server:
      - cloudflare
      Set-Cookie:
      - __cf_bm=vinI43iCi_N1LVKLy_As7eJu044j5UK0Lbj1bWmPZu0-1707931886-1.0-Aa7kmE+45ggOxKKACrC4EBZXKPsPEdrz6D+2oHAcm05kLM7SK1ADBgnk1o0+ziDszyl8z6bTe5jsPFhfAdS3exo=;
        path=/; expires=Wed, 14-Feb-24 18:01:26 GMT; domain=.notion.com; HttpOnly;
        Secure; SameSite=None
      Transfer-Encoding:
      - chunked
      Vary:
      - Accept-Encoding
      X-Powered-By:
      - Express
    http_version: HTTP/1.1
    status_code: 200
- request:
    body: '{"query": "Tests", "filter": {"property": "object", "value": "page"}, "page_size":
      100}'
    headers:
      accept:
      - '*/*'
      accept-encoding:
      - gzip, deflate
      authorization:
      - secret...
      connection:
      - keep-alive
      content-length:
      - '87'
      content-type:
      - application/json
      host:
      - api.notion.com
      notion-version:
      - '2022-06-28'
      user-agent:
      - secret...
    method: POST
    uri: https://api.notion.com/v1/search
  response:
    content: '{"object":"list","results":[{"object":"page","id":"5f505199-b292-4713-920b-61d813bf72a3","created_time":"2022-08-22T15:47:00.000Z","last_edited_time":"2024-02-14T17:31:00.000Z","created_by":{"object":"user","id":"b10cb6df-12ef-44d3-88ad-250168f66322"},"last_edited_by":{"object":"user","id":"645e79dd-3e43-40de-9d51-39357c1c427f"},"cover":null,"icon":null,"parent":{"type":"workspace","workspace":true},"archived":false,"properties":{"title":{"id":"title","type":"title","title":[{"type":"text","text":{"content":"Tests","link":null},"annotations":{"bold":false,"italic":false,"strikethrough":false,"underline":false,"code":false,"color":"default"},"plain_text":"Tests","href":null}]}},"url":"https://www.notion.so/Tests-5f505199b2924713920b61d813bf72a3","public_url":null}],"next_cursor":null,"has_more":false,"type":"page_or_database","page_or_database":{},"request_id":"fc1c31c6-6d36-4c82-b7ba-76b3cc68d582"}'
    headers:
      CF-Cache-Status:
      - DYNAMIC
      Connection:
      - keep-alive
      Content-Encoding:
      - gzip
      Content-Type:
      - application/json; charset=utf-8
      Server:
      - cloudflare
      Set-Cookie:
      - __cf_bm=IGVGYtAj7UUfI6E0LHr4ARnDT8syUU_.l_4b4LkdzJM-1707931892-1.0-AROz0rbFFQosQv+po2/BvSJm3q7mPyMMwYbvuByriE+6lt64GDPpgiI5XgLZL1CgtUGO2dBfpcCcj5Cbbw1O0Tg=;
        path=/; expires=Wed, 14-Feb-24 18:01:32 GMT; domain=.notion.com; HttpOnly;
        Secure; SameSite=None
      Transfer-Encoding:
      - chunked
      Vary:
      - Accept-Encoding
      X-Powered-By:
      - Express
    http_version: HTTP/1.1
    status_code: 200
- request:
    body: '{"query": "Tests", "filter": {"property": "object", "value": "page"}, "page_size":
      100}'
    headers:
      accept:
      - '*/*'
      accept-encoding:
      - gzip, deflate
      authorization:
      - secret...
      connection:
      - keep-alive
      content-length:
      - '87'
      content-type:
      - application/json
      host:
      - api.notion.com
      notion-version:
      - '2022-06-28'
      user-agent:
      - secret...
    method: POST
    uri: https://api.notion.com/v1/search
  response:
    content: '{"object":"list","results":[{"object":"page","id":"5f505199-b292-4713-920b-61d813bf72a3","created_time":"2022-08-22T15:47:00.000Z","last_edited_time":"2024-02-14T17:31:00.000Z","created_by":{"object":"user","id":"b10cb6df-12ef-44d3-88ad-250168f66322"},"last_edited_by":{"object":"user","id":"645e79dd-3e43-40de-9d51-39357c1c427f"},"cover":null,"icon":null,"parent":{"type":"workspace","workspace":true},"archived":false,"properties":{"title":{"id":"title","type":"title","title":[{"type":"text","text":{"content":"Tests","link":null},"annotations":{"bold":false,"italic":false,"strikethrough":false,"underline":false,"code":false,"color":"default"},"plain_text":"Tests","href":null}]}},"url":"https://www.notion.so/Tests-5f505199b2924713920b61d813bf72a3","public_url":null}],"next_cursor":null,"has_more":false,"type":"page_or_database","page_or_database":{},"request_id":"8bdb4aec-d0e1-457b-8157-685b983740ee"}'
    headers:
      CF-Cache-Status:
      - DYNAMIC
      Connection:
      - keep-alive
      Content-Encoding:
      - gzip
      Content-Type:
      - application/json; charset=utf-8
      Server:
      - cloudflare
      Set-Cookie:
      - __cf_bm=3Bg2.2eIKd9HEl9njWua9GAhmLdhX_xTzMWmte5rhs8-1707931899-1.0-ATTCmR1s3OOlU8gNQDBEcOcljgtJjc4dRy/KZ1gPbvTqylgoNva0kZfV3RxTWHY7PvVslitm+QD/6OWHWlxRAas=;
        path=/; expires=Wed, 14-Feb-24 18:01:39 GMT; domain=.notion.com; HttpOnly;
        Secure; SameSite=None
      Transfer-Encoding:
      - chunked
      Vary:
      - Accept-Encoding
      X-Powered-By:
      - Express
    http_version: HTTP/1.1
    status_code: 200
- request:
    body: '{"query": "Tests", "filter": {"property": "object", "value": "page"}, "page_size":
      100}'
    headers:
      accept:
      - '*/*'
      accept-encoding:
      - gzip, deflate
      authorization:
      - secret...
      connection:
      - keep-alive
      content-length:
      - '87'
      content-type:
      - application/json
      host:
      - api.notion.com
      notion-version:
      - '2022-06-28'
      user-agent:
      - secret...
    method: POST
    uri: https://api.notion.com/v1/search
  response:
    content: '{"object":"list","results":[{"object":"page","id":"5f505199-b292-4713-920b-61d813bf72a3","created_time":"2022-08-22T15:47:00.000Z","last_edited_time":"2024-02-14T17:31:00.000Z","created_by":{"object":"user","id":"b10cb6df-12ef-44d3-88ad-250168f66322"},"last_edited_by":{"object":"user","id":"645e79dd-3e43-40de-9d51-39357c1c427f"},"cover":null,"icon":null,"parent":{"type":"workspace","workspace":true},"archived":false,"properties":{"title":{"id":"title","type":"title","title":[{"type":"text","text":{"content":"Tests","link":null},"annotations":{"bold":false,"italic":false,"strikethrough":false,"underline":false,"code":false,"color":"default"},"plain_text":"Tests","href":null}]}},"url":"https://www.notion.so/Tests-5f505199b2924713920b61d813bf72a3","public_url":null}],"next_cursor":null,"has_more":false,"type":"page_or_database","page_or_database":{},"request_id":"bb7a1b93-4202-4beb-bdd9-13fec7eb184f"}'
    headers:
      CF-Cache-Status:
      - DYNAMIC
      Connection:
      - keep-alive
      Content-Encoding:
      - gzip
      Content-Type:
      - application/json; charset=utf-8
      Server:
      - cloudflare
      Set-Cookie:
      - __cf_bm=RSgKbZBWmjF1rNBEBvWEBQngikL5kt.akHkV21rsPrI-1707932225-1.0-AcCwS9c/UjYiajMzPmRbZSUap2YdiX8LajfaH+cYE27uO7KZ9GE379YFndn9cAhb/6Ai7maLlQjr5Ik0wU5oUGo=;
        path=/; expires=Wed, 14-Feb-24 18:07:05 GMT; domain=.notion.com; HttpOnly;
        Secure; SameSite=None
      Transfer-Encoding:
      - chunked
      Vary:
      - Accept-Encoding
      X-Powered-By:
      - Express
    http_version: HTTP/1.1
    status_code: 200
- request:
    body: '{"query": "Tests", "filter": {"property": "object", "value": "page"}, "page_size":
      100}'
    headers:
      accept:
      - '*/*'
      accept-encoding:
      - gzip, deflate
      authorization:
      - secret...
      connection:
      - keep-alive
      content-length:
      - '87'
      content-type:
      - application/json
      host:
      - api.notion.com
      notion-version:
      - '2022-06-28'
      user-agent:
      - secret...
    method: POST
    uri: https://api.notion.com/v1/search
  response:
    content: '{"object":"list","results":[{"object":"page","id":"5f505199-b292-4713-920b-61d813bf72a3","created_time":"2022-08-22T15:47:00.000Z","last_edited_time":"2024-02-14T17:31:00.000Z","created_by":{"object":"user","id":"b10cb6df-12ef-44d3-88ad-250168f66322"},"last_edited_by":{"object":"user","id":"645e79dd-3e43-40de-9d51-39357c1c427f"},"cover":null,"icon":null,"parent":{"type":"workspace","workspace":true},"archived":false,"properties":{"title":{"id":"title","type":"title","title":[{"type":"text","text":{"content":"Tests","link":null},"annotations":{"bold":false,"italic":false,"strikethrough":false,"underline":false,"code":false,"color":"default"},"plain_text":"Tests","href":null}]}},"url":"https://www.notion.so/Tests-5f505199b2924713920b61d813bf72a3","public_url":null}],"next_cursor":null,"has_more":false,"type":"page_or_database","page_or_database":{},"request_id":"daaf0d28-6f8e-47b0-b69e-8f7dafb317ef"}'
    headers:
      CF-Cache-Status:
      - DYNAMIC
      Connection:
      - keep-alive
      Content-Encoding:
      - gzip
      Content-Type:
      - application/json; charset=utf-8
      Server:
      - cloudflare
      Set-Cookie:
      - __cf_bm=60bV8mCMknfGwjIO.08FD4J1mYQrxYzHQ8tgrKYGVvc-1707932236-1.0-AcAlecz4JuUmAJrODU5pzw0k9zveEIF8kkOoyfRyWz5NBBd7YCytBeia9hb+324ANPV4EgZVNtxvUjVyl6pgbFw=;
        path=/; expires=Wed, 14-Feb-24 18:07:16 GMT; domain=.notion.com; HttpOnly;
        Secure; SameSite=None
      Transfer-Encoding:
      - chunked
      Vary:
      - Accept-Encoding
      X-Powered-By:
      - Express
    http_version: HTTP/1.1
    status_code: 200
- request:
    body: '{"query": "Tests", "filter": {"property": "object", "value": "page"}, "page_size":
      100}'
    headers:
      accept:
      - '*/*'
      accept-encoding:
      - gzip, deflate
      authorization:
      - secret...
      connection:
      - keep-alive
      content-length:
      - '87'
      content-type:
      - application/json
      host:
      - api.notion.com
      notion-version:
      - '2022-06-28'
      user-agent:
      - secret...
    method: POST
    uri: https://api.notion.com/v1/search
  response:
    content: '{"object":"list","results":[{"object":"page","id":"5f505199-b292-4713-920b-61d813bf72a3","created_time":"2022-08-22T15:47:00.000Z","last_edited_time":"2024-02-14T17:37:00.000Z","created_by":{"object":"user","id":"b10cb6df-12ef-44d3-88ad-250168f66322"},"last_edited_by":{"object":"user","id":"645e79dd-3e43-40de-9d51-39357c1c427f"},"cover":null,"icon":null,"parent":{"type":"workspace","workspace":true},"archived":false,"properties":{"title":{"id":"title","type":"title","title":[{"type":"text","text":{"content":"Tests","link":null},"annotations":{"bold":false,"italic":false,"strikethrough":false,"underline":false,"code":false,"color":"default"},"plain_text":"Tests","href":null}]}},"url":"https://www.notion.so/Tests-5f505199b2924713920b61d813bf72a3","public_url":null}],"next_cursor":null,"has_more":false,"type":"page_or_database","page_or_database":{},"request_id":"4fd5f957-a57c-454e-87fe-9be48e57a8a3"}'
    headers:
      CF-Cache-Status:
      - DYNAMIC
      Connection:
      - keep-alive
      Content-Encoding:
      - gzip
      Content-Type:
      - application/json; charset=utf-8
      Server:
      - cloudflare
      Set-Cookie:
      - __cf_bm=NO0QIRQJrhRT7ceXl3HnGGs2s4G.Ncgw3xzXsxQapJI-1707932273-1.0-AbGMAW3NrdBeciqiegzE+CmV7xpT1QbK75W9Wp7Tm+7hjrt+21Nx+l/T7h1HQj2GGhEMejJjpp/DdnRUGTy92X0=;
        path=/; expires=Wed, 14-Feb-24 18:07:53 GMT; domain=.notion.com; HttpOnly;
        Secure; SameSite=None
      Transfer-Encoding:
      - chunked
      Vary:
      - Accept-Encoding
      X-Powered-By:
      - Express
    http_version: HTTP/1.1
    status_code: 200
- request:
    body: '{"query": "Tests", "filter": {"property": "object", "value": "page"}, "page_size":
      100}'
    headers:
      accept:
      - '*/*'
      accept-encoding:
      - gzip, deflate
      authorization:
      - secret...
      connection:
      - keep-alive
      content-length:
      - '87'
      content-type:
      - application/json
      host:
      - api.notion.com
      notion-version:
      - '2022-06-28'
      user-agent:
      - secret...
    method: POST
    uri: https://api.notion.com/v1/search
  response:
    content: '{"object":"list","results":[{"object":"page","id":"5f505199-b292-4713-920b-61d813bf72a3","created_time":"2022-08-22T15:47:00.000Z","last_edited_time":"2024-02-14T17:38:00.000Z","created_by":{"object":"user","id":"b10cb6df-12ef-44d3-88ad-250168f66322"},"last_edited_by":{"object":"user","id":"645e79dd-3e43-40de-9d51-39357c1c427f"},"cover":null,"icon":null,"parent":{"type":"workspace","workspace":true},"archived":false,"properties":{"title":{"id":"title","type":"title","title":[{"type":"text","text":{"content":"Tests","link":null},"annotations":{"bold":false,"italic":false,"strikethrough":false,"underline":false,"code":false,"color":"default"},"plain_text":"Tests","href":null}]}},"url":"https://www.notion.so/Tests-5f505199b2924713920b61d813bf72a3","public_url":null}],"next_cursor":null,"has_more":false,"type":"page_or_database","page_or_database":{},"request_id":"43359c56-5583-4737-aff6-58be664f485e"}'
    headers:
      CF-Cache-Status:
      - DYNAMIC
      Connection:
      - keep-alive
      Content-Encoding:
      - gzip
      Content-Type:
      - application/json; charset=utf-8
      Server:
      - cloudflare
      Set-Cookie:
      - __cf_bm=AuTYy.lzU5C2POEzCH7WFqVG1eXNkjhY37UFcnuCtQw-1707932362-1.0-AbY1kG4q1ckKz5KYYfqqHSOl79xO0dLvz1Ve9q7/v2HCDduEO3DehIiuvRccx4MBGD9hVvoNsvud8TfM9Kq5olw=;
        path=/; expires=Wed, 14-Feb-24 18:09:22 GMT; domain=.notion.com; HttpOnly;
        Secure; SameSite=None
      Transfer-Encoding:
      - chunked
      Vary:
      - Accept-Encoding
      X-Powered-By:
      - Express
    http_version: HTTP/1.1
    status_code: 200
- request:
    body: '{"query": "Tests", "filter": {"property": "object", "value": "page"}, "page_size":
      100}'
    headers:
      accept:
      - '*/*'
      accept-encoding:
      - gzip, deflate
      authorization:
      - secret...
      connection:
      - keep-alive
      content-length:
      - '87'
      content-type:
      - application/json
      host:
      - api.notion.com
      notion-version:
      - '2022-06-28'
      user-agent:
      - secret...
    method: POST
    uri: https://api.notion.com/v1/search
  response:
    content: '{"object":"list","results":[{"object":"page","id":"5f505199-b292-4713-920b-61d813bf72a3","created_time":"2022-08-22T15:47:00.000Z","last_edited_time":"2024-02-14T17:38:00.000Z","created_by":{"object":"user","id":"b10cb6df-12ef-44d3-88ad-250168f66322"},"last_edited_by":{"object":"user","id":"645e79dd-3e43-40de-9d51-39357c1c427f"},"cover":null,"icon":null,"parent":{"type":"workspace","workspace":true},"archived":false,"properties":{"title":{"id":"title","type":"title","title":[{"type":"text","text":{"content":"Tests","link":null},"annotations":{"bold":false,"italic":false,"strikethrough":false,"underline":false,"code":false,"color":"default"},"plain_text":"Tests","href":null}]}},"url":"https://www.notion.so/Tests-5f505199b2924713920b61d813bf72a3","public_url":null}],"next_cursor":null,"has_more":false,"type":"page_or_database","page_or_database":{},"request_id":"2bd9b9c5-3489-45e0-88a4-f3fce647590c"}'
    headers:
      CF-Cache-Status:
      - DYNAMIC
      Connection:
      - keep-alive
      Content-Encoding:
      - gzip
      Content-Type:
      - application/json; charset=utf-8
      Server:
      - cloudflare
      Set-Cookie:
      - __cf_bm=P19i6sORgTsGvwBntgyZFD_du0ea5xKiZU6bTZQllqc-1707932375-1.0-Af2oy7a4AjFBxCpcwwHfje3HaKcJH6f70gxS9pHNkfcCMU+mcHmtd4M7c/K+4n37yUcKFXyFhX44iZGOksWj4AU=;
        path=/; expires=Wed, 14-Feb-24 18:09:35 GMT; domain=.notion.com; HttpOnly;
        Secure; SameSite=None
      Transfer-Encoding:
      - chunked
      Vary:
      - Accept-Encoding
      X-Powered-By:
      - Express
    http_version: HTTP/1.1
    status_code: 200
- request:
    body: '{"query": "Tests", "filter": {"property": "object", "value": "page"}, "page_size":
      100}'
    headers:
      accept:
      - '*/*'
      accept-encoding:
      - gzip, deflate
      authorization:
      - secret...
      connection:
      - keep-alive
      content-length:
      - '87'
      content-type:
      - application/json
      host:
      - api.notion.com
      notion-version:
      - '2022-06-28'
      user-agent:
      - secret...
    method: POST
    uri: https://api.notion.com/v1/search
  response:
    content: '{"object":"list","results":[{"object":"page","id":"5f505199-b292-4713-920b-61d813bf72a3","created_time":"2022-08-22T15:47:00.000Z","last_edited_time":"2024-02-14T17:38:00.000Z","created_by":{"object":"user","id":"b10cb6df-12ef-44d3-88ad-250168f66322"},"last_edited_by":{"object":"user","id":"645e79dd-3e43-40de-9d51-39357c1c427f"},"cover":null,"icon":null,"parent":{"type":"workspace","workspace":true},"archived":false,"properties":{"title":{"id":"title","type":"title","title":[{"type":"text","text":{"content":"Tests","link":null},"annotations":{"bold":false,"italic":false,"strikethrough":false,"underline":false,"code":false,"color":"default"},"plain_text":"Tests","href":null}]}},"url":"https://www.notion.so/Tests-5f505199b2924713920b61d813bf72a3","public_url":null}],"next_cursor":null,"has_more":false,"type":"page_or_database","page_or_database":{},"request_id":"72f543f0-37f2-4f01-b558-0719da4b25cd"}'
    headers:
      CF-Cache-Status:
      - DYNAMIC
      Connection:
      - keep-alive
      Content-Encoding:
      - gzip
      Content-Type:
      - application/json; charset=utf-8
      Server:
      - cloudflare
      Set-Cookie:
      - __cf_bm=0QsOsSbKPTbJ77HR0eK_EAFm269xj8o5Nqk7SO3s5Xg-1707932381-1.0-AZRwd0Ve4JNWBXShDdOWUJkeYu6kGAszbfbi+ePs2qofhkGp23pU9CkqgNiXvddphqOazwYxp9SbN61cWNXfgxc=;
        path=/; expires=Wed, 14-Feb-24 18:09:41 GMT; domain=.notion.com; HttpOnly;
        Secure; SameSite=None
      Transfer-Encoding:
      - chunked
      Vary:
      - Accept-Encoding
      X-Powered-By:
      - Express
    http_version: HTTP/1.1
    status_code: 200
- request:
    body: '{"query": "Tests", "filter": {"property": "object", "value": "page"}, "page_size":
      100}'
    headers:
      accept:
      - '*/*'
      accept-encoding:
      - gzip, deflate
      authorization:
      - secret...
      connection:
      - keep-alive
      content-length:
      - '87'
      content-type:
      - application/json
      host:
      - api.notion.com
      notion-version:
      - '2022-06-28'
      user-agent:
      - secret...
    method: POST
    uri: https://api.notion.com/v1/search
  response:
    content: '{"object":"list","results":[{"object":"page","id":"5f505199-b292-4713-920b-61d813bf72a3","created_time":"2022-08-22T15:47:00.000Z","last_edited_time":"2024-02-14T17:40:00.000Z","created_by":{"object":"user","id":"b10cb6df-12ef-44d3-88ad-250168f66322"},"last_edited_by":{"object":"user","id":"645e79dd-3e43-40de-9d51-39357c1c427f"},"cover":null,"icon":null,"parent":{"type":"workspace","workspace":true},"archived":false,"properties":{"title":{"id":"title","type":"title","title":[{"type":"text","text":{"content":"Tests","link":null},"annotations":{"bold":false,"italic":false,"strikethrough":false,"underline":false,"code":false,"color":"default"},"plain_text":"Tests","href":null}]}},"url":"https://www.notion.so/Tests-5f505199b2924713920b61d813bf72a3","public_url":null}],"next_cursor":null,"has_more":false,"type":"page_or_database","page_or_database":{},"request_id":"0832a064-7675-4d83-815f-f634238c1273"}'
    headers:
      CF-Cache-Status:
      - DYNAMIC
      Connection:
      - keep-alive
      Content-Encoding:
      - gzip
      Content-Type:
      - application/json; charset=utf-8
      Server:
      - cloudflare
      Set-Cookie:
      - __cf_bm=CGqXQtl4bM_x0XmBhrsQceR2F0sim5.IlGU.2chglk8-1707932419-1.0-AWSWCvln828cTkmEGykJ7OoeLSHlWGooBxwSZz7kO4VFACpws5a8J33RVJtV1dL3wy9vKexTcINR1Kx+ynOkvaY=;
        path=/; expires=Wed, 14-Feb-24 18:10:19 GMT; domain=.notion.com; HttpOnly;
        Secure; SameSite=None
      Transfer-Encoding:
      - chunked
      Vary:
      - Accept-Encoding
      X-Powered-By:
      - Express
    http_version: HTTP/1.1
    status_code: 200
- request:
    body: '{"query": "Tests", "filter": {"property": "object", "value": "page"}, "page_size":
      100}'
    headers:
      accept:
      - '*/*'
      accept-encoding:
      - gzip, deflate
      authorization:
      - secret...
      connection:
      - keep-alive
      content-length:
      - '87'
      content-type:
      - application/json
      host:
      - api.notion.com
      notion-version:
      - '2022-06-28'
      user-agent:
      - secret...
    method: POST
    uri: https://api.notion.com/v1/search
  response:
    content: '{"object":"list","results":[{"object":"page","id":"5f505199-b292-4713-920b-61d813bf72a3","created_time":"2022-08-22T15:47:00.000Z","last_edited_time":"2024-02-14T17:40:00.000Z","created_by":{"object":"user","id":"b10cb6df-12ef-44d3-88ad-250168f66322"},"last_edited_by":{"object":"user","id":"645e79dd-3e43-40de-9d51-39357c1c427f"},"cover":null,"icon":null,"parent":{"type":"workspace","workspace":true},"archived":false,"properties":{"title":{"id":"title","type":"title","title":[{"type":"text","text":{"content":"Tests","link":null},"annotations":{"bold":false,"italic":false,"strikethrough":false,"underline":false,"code":false,"color":"default"},"plain_text":"Tests","href":null}]}},"url":"https://www.notion.so/Tests-5f505199b2924713920b61d813bf72a3","public_url":null}],"next_cursor":null,"has_more":false,"type":"page_or_database","page_or_database":{},"request_id":"c097abbb-3d21-4d99-b843-2fa285419658"}'
    headers:
      CF-Cache-Status:
      - DYNAMIC
      Connection:
      - keep-alive
      Content-Encoding:
      - gzip
      Content-Type:
      - application/json; charset=utf-8
      Server:
      - cloudflare
      Set-Cookie:
      - __cf_bm=.LzRCcPzfhoL0hN85hBHFUF4nyLUxucliQz_01F9pT0-1707932429-1.0-AVjRaGJUoS0+FiC861eGvA6srbj5cA7adN/12cH05EtFvG4HvyfQhyOS/AyPoFVwRqv50qxP8RNi6/WlhWj80FQ=;
        path=/; expires=Wed, 14-Feb-24 18:10:29 GMT; domain=.notion.com; HttpOnly;
        Secure; SameSite=None
      Transfer-Encoding:
      - chunked
      Vary:
      - Accept-Encoding
      X-Powered-By:
      - Express
    http_version: HTTP/1.1
    status_code: 200
- request:
    body: '{"query": "Tests", "filter": {"property": "object", "value": "page"}, "page_size":
      100}'
    headers:
      accept:
      - '*/*'
      accept-encoding:
      - gzip, deflate
      authorization:
      - secret...
      connection:
      - keep-alive
      content-length:
      - '87'
      content-type:
      - application/json
      host:
      - api.notion.com
      notion-version:
      - '2022-06-28'
      user-agent:
      - secret...
    method: POST
    uri: https://api.notion.com/v1/search
  response:
    content: '{"object":"list","results":[{"object":"page","id":"5f505199-b292-4713-920b-61d813bf72a3","created_time":"2022-08-22T15:47:00.000Z","last_edited_time":"2024-02-14T17:40:00.000Z","created_by":{"object":"user","id":"b10cb6df-12ef-44d3-88ad-250168f66322"},"last_edited_by":{"object":"user","id":"645e79dd-3e43-40de-9d51-39357c1c427f"},"cover":null,"icon":null,"parent":{"type":"workspace","workspace":true},"archived":false,"properties":{"title":{"id":"title","type":"title","title":[{"type":"text","text":{"content":"Tests","link":null},"annotations":{"bold":false,"italic":false,"strikethrough":false,"underline":false,"code":false,"color":"default"},"plain_text":"Tests","href":null}]}},"url":"https://www.notion.so/Tests-5f505199b2924713920b61d813bf72a3","public_url":null}],"next_cursor":null,"has_more":false,"type":"page_or_database","page_or_database":{},"request_id":"09d32156-546d-4d59-86a1-7d238551a9f7"}'
    headers:
      CF-Cache-Status:
      - DYNAMIC
      Connection:
      - keep-alive
      Content-Encoding:
      - gzip
      Content-Type:
      - application/json; charset=utf-8
      Server:
      - cloudflare
      Set-Cookie:
      - __cf_bm=.YjP7UKLva18h31Pop.4tpb0E8lDy1.LZlyvUFCtofk-1707932459-1.0-ASio2gZP0UEjgIgpzqBtauERkMTLF5YxVBvYb4DLbTjp4v9Kjlu439Zm7cfRh4eYr+tv5ZaSsHRcjCSWvVNYWLc=;
        path=/; expires=Wed, 14-Feb-24 18:10:59 GMT; domain=.notion.com; HttpOnly;
        Secure; SameSite=None
      Transfer-Encoding:
      - chunked
      Vary:
      - Accept-Encoding
      X-Powered-By:
      - Express
    http_version: HTTP/1.1
    status_code: 200
- request:
    body: '{"query": "Tests", "filter": {"property": "object", "value": "page"}, "page_size":
      100}'
    headers:
      accept:
      - '*/*'
      accept-encoding:
      - gzip, deflate
      authorization:
      - secret...
      connection:
      - keep-alive
      content-length:
      - '87'
      content-type:
      - application/json
      host:
      - api.notion.com
      notion-version:
      - '2022-06-28'
      user-agent:
      - secret...
    method: POST
    uri: https://api.notion.com/v1/search
  response:
    content: '{"object":"list","results":[{"object":"page","id":"5f505199-b292-4713-920b-61d813bf72a3","created_time":"2022-08-22T15:47:00.000Z","last_edited_time":"2024-02-14T17:40:00.000Z","created_by":{"object":"user","id":"b10cb6df-12ef-44d3-88ad-250168f66322"},"last_edited_by":{"object":"user","id":"645e79dd-3e43-40de-9d51-39357c1c427f"},"cover":null,"icon":null,"parent":{"type":"workspace","workspace":true},"archived":false,"properties":{"title":{"id":"title","type":"title","title":[{"type":"text","text":{"content":"Tests","link":null},"annotations":{"bold":false,"italic":false,"strikethrough":false,"underline":false,"code":false,"color":"default"},"plain_text":"Tests","href":null}]}},"url":"https://www.notion.so/Tests-5f505199b2924713920b61d813bf72a3","public_url":null}],"next_cursor":null,"has_more":false,"type":"page_or_database","page_or_database":{},"request_id":"aa141e45-0c73-448f-b3a5-431112b44f43"}'
    headers:
      CF-Cache-Status:
      - DYNAMIC
      Connection:
      - keep-alive
      Content-Encoding:
      - gzip
      Content-Type:
      - application/json; charset=utf-8
      Server:
      - cloudflare
      Set-Cookie:
      - __cf_bm=Fdrb1.vmDJTC.9EcgfgrYRRQAs20h83KNQv.mZ99nX4-1707932477-1.0-AViaXAWz2ChCF3RUuyr15h6negyx0mnbbM/Px1LB6+3NROjTOTMP+pG7MuhbxjGblUvclnjVKKRusFXlIH7AwkE=;
        path=/; expires=Wed, 14-Feb-24 18:11:17 GMT; domain=.notion.com; HttpOnly;
        Secure; SameSite=None
      Transfer-Encoding:
      - chunked
      Vary:
      - Accept-Encoding
      X-Powered-By:
      - Express
    http_version: HTTP/1.1
    status_code: 200
- request:
    body: '{"query": "Tests", "filter": {"property": "object", "value": "page"}, "page_size":
      100}'
    headers:
      accept:
      - '*/*'
      accept-encoding:
      - gzip, deflate
      authorization:
      - secret...
      connection:
      - keep-alive
      content-length:
      - '87'
      content-type:
      - application/json
      host:
      - api.notion.com
      notion-version:
      - '2022-06-28'
      user-agent:
      - secret...
    method: POST
    uri: https://api.notion.com/v1/search
  response:
    content: '{"object":"list","results":[{"object":"page","id":"5f505199-b292-4713-920b-61d813bf72a3","created_time":"2022-08-22T15:47:00.000Z","last_edited_time":"2024-02-14T17:40:00.000Z","created_by":{"object":"user","id":"b10cb6df-12ef-44d3-88ad-250168f66322"},"last_edited_by":{"object":"user","id":"645e79dd-3e43-40de-9d51-39357c1c427f"},"cover":null,"icon":null,"parent":{"type":"workspace","workspace":true},"archived":false,"properties":{"title":{"id":"title","type":"title","title":[{"type":"text","text":{"content":"Tests","link":null},"annotations":{"bold":false,"italic":false,"strikethrough":false,"underline":false,"code":false,"color":"default"},"plain_text":"Tests","href":null}]}},"url":"https://www.notion.so/Tests-5f505199b2924713920b61d813bf72a3","public_url":null}],"next_cursor":null,"has_more":false,"type":"page_or_database","page_or_database":{},"request_id":"919963b4-7139-400c-84a9-be76d9223611"}'
    headers:
      CF-Cache-Status:
      - DYNAMIC
      Connection:
      - keep-alive
      Content-Encoding:
      - gzip
      Content-Type:
      - application/json; charset=utf-8
      Server:
      - cloudflare
      Set-Cookie:
      - __cf_bm=_R1piwGvUKhCrFRtj6UVwS47JfeSrFIuUlnahNnUjqM-1707932487-1.0-AQrBt52VQ6VLsYjhQT5FQbjjJHAj93W3hzwlEnnb8AN46hM7D6pRjjTjeAhjx0AkeJb5GaI2pfZXf8mr1dUCW4U=;
        path=/; expires=Wed, 14-Feb-24 18:11:27 GMT; domain=.notion.com; HttpOnly;
        Secure; SameSite=None
      Transfer-Encoding:
      - chunked
      Vary:
      - Accept-Encoding
      X-Powered-By:
      - Express
    http_version: HTTP/1.1
    status_code: 200
- request:
    body: '{"query": "Tests", "filter": {"property": "object", "value": "page"}, "page_size":
      100}'
    headers:
      accept:
      - '*/*'
      accept-encoding:
      - gzip, deflate
      authorization:
      - secret...
      connection:
      - keep-alive
      content-length:
      - '87'
      content-type:
      - application/json
      host:
      - api.notion.com
      notion-version:
      - '2022-06-28'
      user-agent:
      - secret...
    method: POST
    uri: https://api.notion.com/v1/search
  response:
    content: '{"object":"list","results":[{"object":"page","id":"5f505199-b292-4713-920b-61d813bf72a3","created_time":"2022-08-22T15:47:00.000Z","last_edited_time":"2024-02-14T17:40:00.000Z","created_by":{"object":"user","id":"b10cb6df-12ef-44d3-88ad-250168f66322"},"last_edited_by":{"object":"user","id":"645e79dd-3e43-40de-9d51-39357c1c427f"},"cover":null,"icon":null,"parent":{"type":"workspace","workspace":true},"archived":false,"properties":{"title":{"id":"title","type":"title","title":[{"type":"text","text":{"content":"Tests","link":null},"annotations":{"bold":false,"italic":false,"strikethrough":false,"underline":false,"code":false,"color":"default"},"plain_text":"Tests","href":null}]}},"url":"https://www.notion.so/Tests-5f505199b2924713920b61d813bf72a3","public_url":null}],"next_cursor":null,"has_more":false,"type":"page_or_database","page_or_database":{},"request_id":"19b688b0-6f67-4501-86ba-8179ffb28407"}'
    headers:
      CF-Cache-Status:
      - DYNAMIC
      Connection:
      - keep-alive
      Content-Encoding:
      - gzip
      Content-Type:
      - application/json; charset=utf-8
      Server:
      - cloudflare
      Set-Cookie:
      - __cf_bm=Gj9tnxdk85oyrP53eyMh.gQFJznllLqyjT4HpnPpxIw-1707932499-1.0-AUVky1M1SZ/9LWU7jjjDNRHWRFnQp9tFlpzbUtZPZKz+zm7cbPRZhHUX7ooug279tsGfJy0+qKTrLmCI22j+jxU=;
        path=/; expires=Wed, 14-Feb-24 18:11:39 GMT; domain=.notion.com; HttpOnly;
        Secure; SameSite=None
      Transfer-Encoding:
      - chunked
      Vary:
      - Accept-Encoding
      X-Powered-By:
      - Express
    http_version: HTTP/1.1
    status_code: 200
version: 1
