interactions:
- request:
    body: '{"query": "This Page Does Not Exist At All", "filter": {"property": "object",
      "value": "page"}, "page_size": 100}'
    headers:
      accept:
      - '*/*'
      accept-encoding:
      - gzip, deflate
      authorization:
      - secret...
      connection:
      - keep-alive
      content-length:
      - '105'
      content-type:
      - application/json
      cookie:
      - secret...
      host:
      - api.notion.com
      notion-version:
      - '2022-06-28'
      user-agent:
      - secret...
    method: POST
    uri: https://api.notion.com/v1/search
  response:
    content: '{"object":"list","results":[{"object":"page","id":"277974f3-b388-812e-ad66-c08cde80c298","created_time":"2025-09-23T09:54:00.000Z","last_edited_time":"2025-09-23T09:54:00.000Z","created_by":{"object":"user","id":"645e79dd-3e43-40de-9d51-39357c1c427f"},"last_edited_by":{"object":"user","id":"645e79dd-3e43-40de-9d51-39357c1c427f"},"cover":null,"icon":null,"parent":{"type":"page_id","page_id":"5f505199-b292-4713-920b-61d813bf72a3"},"archived":false,"in_trash":false,"is_locked":false,"properties":{"title":{"id":"title","type":"title","title":[{"type":"text","text":{"content":"Page
      for testing max children length","link":null},"annotations":{"bold":false,"italic":false,"strikethrough":false,"underline":false,"code":false,"color":"default"},"plain_text":"Page
      for testing max children length","href":null}]}},"url":"https://www.notion.so/Page-for-testing-max-children-length-277974f3b388812ead66c08cde80c298","public_url":null},{"object":"page","id":"277974f3-b388-81e4-b484-df14029f046c","created_time":"2025-09-23T09:54:00.000Z","last_edited_time":"2025-09-23T09:54:00.000Z","created_by":{"object":"user","id":"645e79dd-3e43-40de-9d51-39357c1c427f"},"last_edited_by":{"object":"user","id":"645e79dd-3e43-40de-9d51-39357c1c427f"},"cover":null,"icon":null,"parent":{"type":"page_id","page_id":"5f505199-b292-4713-920b-61d813bf72a3"},"archived":false,"in_trash":false,"is_locked":false,"properties":{"title":{"id":"title","type":"title","title":[{"type":"text","text":{"content":"Page
      for testing block equality and hash","link":null},"annotations":{"bold":false,"italic":false,"strikethrough":false,"underline":false,"code":false,"color":"default"},"plain_text":"Page
      for testing block equality and hash","href":null}]}},"url":"https://www.notion.so/Page-for-testing-block-equality-and-hash-277974f3b38881e4b484df14029f046c","public_url":null},{"object":"page","id":"277974f3-b388-81e1-bf74-e41be5ceef89","created_time":"2025-09-23T09:53:00.000Z","last_edited_time":"2025-09-23T09:53:00.000Z","created_by":{"object":"user","id":"645e79dd-3e43-40de-9d51-39357c1c427f"},"last_edited_by":{"object":"user","id":"645e79dd-3e43-40de-9d51-39357c1c427f"},"cover":null,"icon":null,"parent":{"type":"page_id","page_id":"5f505199-b292-4713-920b-61d813bf72a3"},"archived":false,"in_trash":false,"is_locked":false,"properties":{"title":{"id":"title","type":"title","title":[{"type":"text","text":{"content":"Page
      for offline assembly","link":null},"annotations":{"bold":false,"italic":false,"strikethrough":false,"underline":false,"code":false,"color":"default"},"plain_text":"Page
      for offline assembly","href":null}]}},"url":"https://www.notion.so/Page-for-offline-assembly-277974f3b38881e1bf74e41be5ceef89","public_url":null},{"object":"page","id":"277974f3-b388-81eb-922f-f0be5a913af0","created_time":"2025-09-23T09:53:00.000Z","last_edited_time":"2025-09-23T09:53:00.000Z","created_by":{"object":"user","id":"645e79dd-3e43-40de-9d51-39357c1c427f"},"last_edited_by":{"object":"user","id":"645e79dd-3e43-40de-9d51-39357c1c427f"},"cover":null,"icon":null,"parent":{"type":"page_id","page_id":"5f505199-b292-4713-920b-61d813bf72a3"},"archived":false,"in_trash":false,"is_locked":false,"properties":{"title":{"id":"title","type":"title","title":[{"type":"text","text":{"content":"Page
      for color code block","link":null},"annotations":{"bold":false,"italic":false,"strikethrough":false,"underline":false,"code":false,"color":"default"},"plain_text":"Page
      for color code block","href":null}]}},"url":"https://www.notion.so/Page-for-color-code-block-277974f3b38881eb922ff0be5a913af0","public_url":null},{"object":"page","id":"277974f3-b388-8194-aa29-e9a985ca5584","created_time":"2025-09-23T09:53:00.000Z","last_edited_time":"2025-09-23T09:53:00.000Z","created_by":{"object":"user","id":"645e79dd-3e43-40de-9d51-39357c1c427f"},"last_edited_by":{"object":"user","id":"645e79dd-3e43-40de-9d51-39357c1c427f"},"cover":null,"icon":null,"parent":{"type":"page_id","page_id":"5f505199-b292-4713-920b-61d813bf72a3"},"archived":false,"in_trash":false,"is_locked":false,"properties":{"title":{"id":"title","type":"title","title":[{"type":"text","text":{"content":"Page
      for nested bullet points","link":null},"annotations":{"bold":false,"italic":false,"strikethrough":false,"underline":false,"code":false,"color":"default"},"plain_text":"Page
      for nested bullet points","href":null}]}},"url":"https://www.notion.so/Page-for-nested-bullet-points-277974f3b3888194aa29e9a985ca5584","public_url":null},{"object":"page","id":"277974f3-b388-8161-8741-ed11791fea42","created_time":"2025-09-23T09:53:00.000Z","last_edited_time":"2025-09-23T09:53:00.000Z","created_by":{"object":"user","id":"645e79dd-3e43-40de-9d51-39357c1c427f"},"last_edited_by":{"object":"user","id":"645e79dd-3e43-40de-9d51-39357c1c427f"},"cover":null,"icon":null,"parent":{"type":"page_id","page_id":"5f505199-b292-4713-920b-61d813bf72a3"},"archived":false,"in_trash":false,"is_locked":false,"properties":{"title":{"id":"title","type":"title","title":[{"type":"text","text":{"content":"Page
      for inserting after and replacing blocks","link":null},"annotations":{"bold":false,"italic":false,"strikethrough":false,"underline":false,"code":false,"color":"default"},"plain_text":"Page
      for inserting after and replacing blocks","href":null}]}},"url":"https://www.notion.so/Page-for-inserting-after-and-replacing-blocks-277974f3b38881618741ed11791fea42","public_url":null},{"object":"page","id":"277974f3-b388-81e1-82b2-c1ab8da07f55","created_time":"2025-09-23T09:53:00.000Z","last_edited_time":"2025-09-23T09:53:00.000Z","created_by":{"object":"user","id":"645e79dd-3e43-40de-9d51-39357c1c427f"},"last_edited_by":{"object":"user","id":"645e79dd-3e43-40de-9d51-39357c1c427f"},"cover":null,"icon":null,"parent":{"type":"page_id","page_id":"5f505199-b292-4713-920b-61d813bf72a3"},"archived":false,"in_trash":false,"is_locked":false,"properties":{"title":{"id":"title","type":"title","title":[{"type":"text","text":{"content":"Page
      for modifying table blocks","link":null},"annotations":{"bold":false,"italic":false,"strikethrough":false,"underline":false,"code":false,"color":"default"},"plain_text":"Page
      for modifying table blocks","href":null}]}},"url":"https://www.notion.so/Page-for-modifying-table-blocks-277974f3b38881e182b2c1ab8da07f55","public_url":null},{"object":"page","id":"277974f3-b388-81e9-b62c-dd357bb45484","created_time":"2025-09-23T09:52:00.000Z","last_edited_time":"2025-09-23T09:53:00.000Z","created_by":{"object":"user","id":"645e79dd-3e43-40de-9d51-39357c1c427f"},"last_edited_by":{"object":"user","id":"645e79dd-3e43-40de-9d51-39357c1c427f"},"cover":null,"icon":null,"parent":{"type":"page_id","page_id":"5f505199-b292-4713-920b-61d813bf72a3"},"archived":false,"in_trash":false,"is_locked":false,"properties":{"title":{"id":"title","type":"title","title":[{"type":"text","text":{"content":"Page
      for modifying column blocks with width ratios","link":null},"annotations":{"bold":false,"italic":false,"strikethrough":false,"underline":false,"code":false,"color":"default"},"plain_text":"Page
      for modifying column blocks with width ratios","href":null}]}},"url":"https://www.notion.so/Page-for-modifying-column-blocks-with-width-ratios-277974f3b38881e9b62cdd357bb45484","public_url":null},{"object":"page","id":"277974f3-b388-811b-b0ab-fdb2f033eddb","created_time":"2025-09-23T09:52:00.000Z","last_edited_time":"2025-09-23T09:52:00.000Z","created_by":{"object":"user","id":"645e79dd-3e43-40de-9d51-39357c1c427f"},"last_edited_by":{"object":"user","id":"645e79dd-3e43-40de-9d51-39357c1c427f"},"cover":null,"icon":null,"parent":{"type":"page_id","page_id":"5f505199-b292-4713-920b-61d813bf72a3"},"archived":false,"in_trash":false,"is_locked":false,"properties":{"title":{"id":"title","type":"title","title":[{"type":"text","text":{"content":"Page
      for modifying column blocks","link":null},"annotations":{"bold":false,"italic":false,"strikethrough":false,"underline":false,"code":false,"color":"default"},"plain_text":"Page
      for modifying column blocks","href":null}]}},"url":"https://www.notion.so/Page-for-modifying-column-blocks-277974f3b388811bb0abfdb2f033eddb","public_url":null},{"object":"page","id":"277974f3-b388-810d-a705-f13ee23341fa","created_time":"2025-09-23T09:52:00.000Z","last_edited_time":"2025-09-23T09:52:00.000Z","created_by":{"object":"user","id":"645e79dd-3e43-40de-9d51-39357c1c427f"},"last_edited_by":{"object":"user","id":"645e79dd-3e43-40de-9d51-39357c1c427f"},"cover":null,"icon":null,"parent":{"type":"page_id","page_id":"5f505199-b292-4713-920b-61d813bf72a3"},"archived":false,"in_trash":false,"is_locked":false,"properties":{"title":{"id":"title","type":"title","title":[{"type":"text","text":{"content":"Page
      for modifying file blocks","link":null},"annotations":{"bold":false,"italic":false,"strikethrough":false,"underline":false,"code":false,"color":"default"},"plain_text":"Page
      for modifying file blocks","href":null}]}},"url":"https://www.notion.so/Page-for-modifying-file-blocks-277974f3b388810da705f13ee23341fa","public_url":null},{"object":"page","id":"277974f3-b388-8155-96c8-ed3a5ce0cdd3","created_time":"2025-09-23T09:51:00.000Z","last_edited_time":"2025-09-23T09:52:00.000Z","created_by":{"object":"user","id":"645e79dd-3e43-40de-9d51-39357c1c427f"},"last_edited_by":{"object":"user","id":"645e79dd-3e43-40de-9d51-39357c1c427f"},"cover":null,"icon":null,"parent":{"type":"page_id","page_id":"5f505199-b292-4713-920b-61d813bf72a3"},"archived":false,"in_trash":false,"is_locked":false,"properties":{"title":{"id":"title","type":"title","title":[{"type":"text","text":{"content":"Page
      for modifying basic blocks","link":null},"annotations":{"bold":false,"italic":false,"strikethrough":false,"underline":false,"code":false,"color":"default"},"plain_text":"Page
      for modifying basic blocks","href":null}]}},"url":"https://www.notion.so/Page-for-modifying-basic-blocks-277974f3b388815596c8ed3a5ce0cdd3","public_url":null},{"object":"page","id":"277974f3-b388-81bb-a4f7-d3b6799c0aef","created_time":"2025-09-23T09:51:00.000Z","last_edited_time":"2025-09-23T09:51:00.000Z","created_by":{"object":"user","id":"645e79dd-3e43-40de-9d51-39357c1c427f"},"last_edited_by":{"object":"user","id":"645e79dd-3e43-40de-9d51-39357c1c427f"},"cover":null,"icon":null,"parent":{"type":"page_id","page_id":"5f505199-b292-4713-920b-61d813bf72a3"},"archived":false,"in_trash":false,"is_locked":false,"properties":{"title":{"id":"title","type":"title","title":[{"type":"text","text":{"content":"Page
      for checking children","link":null},"annotations":{"bold":false,"italic":false,"strikethrough":false,"underline":false,"code":false,"color":"default"},"plain_text":"Page
      for checking children","href":null}]}},"url":"https://www.notion.so/Page-for-checking-children-277974f3b38881bba4f7d3b6799c0aef","public_url":null},{"object":"page","id":"277974f3-b388-8115-b061-ccf9a746aab0","created_time":"2025-09-23T09:51:00.000Z","last_edited_time":"2025-09-23T09:51:00.000Z","created_by":{"object":"user","id":"645e79dd-3e43-40de-9d51-39357c1c427f"},"last_edited_by":{"object":"user","id":"645e79dd-3e43-40de-9d51-39357c1c427f"},"cover":null,"icon":null,"parent":{"type":"page_id","page_id":"5f505199-b292-4713-920b-61d813bf72a3"},"archived":false,"in_trash":false,"is_locked":false,"properties":{"title":{"id":"title","type":"title","title":[{"type":"text","text":{"content":"Page
      for creating nested blocks","link":null},"annotations":{"bold":false,"italic":false,"strikethrough":false,"underline":false,"code":false,"color":"default"},"plain_text":"Page
      for creating nested blocks","href":null}]}},"url":"https://www.notion.so/Page-for-creating-nested-blocks-277974f3b3888115b061ccf9a746aab0","public_url":null},{"object":"page","id":"277974f3-b388-811e-8338-f1586d575106","created_time":"2025-09-23T09:51:00.000Z","last_edited_time":"2025-09-23T09:51:00.000Z","created_by":{"object":"user","id":"645e79dd-3e43-40de-9d51-39357c1c427f"},"last_edited_by":{"object":"user","id":"645e79dd-3e43-40de-9d51-39357c1c427f"},"cover":null,"icon":null,"parent":{"type":"page_id","page_id":"5f505199-b292-4713-920b-61d813bf72a3"},"archived":false,"in_trash":false,"is_locked":false,"properties":{"title":{"id":"title","type":"title","title":[{"type":"text","text":{"content":"Page
      for creating sync blocks","link":null},"annotations":{"bold":false,"italic":false,"strikethrough":false,"underline":false,"code":false,"color":"default"},"plain_text":"Page
      for creating sync blocks","href":null}]}},"url":"https://www.notion.so/Page-for-creating-sync-blocks-277974f3b388811e8338f1586d575106","public_url":null},{"object":"page","id":"277974f3-b388-8108-a851-ddff31a73434","created_time":"2025-09-23T09:51:00.000Z","last_edited_time":"2025-09-23T09:51:00.000Z","created_by":{"object":"user","id":"645e79dd-3e43-40de-9d51-39357c1c427f"},"last_edited_by":{"object":"user","id":"645e79dd-3e43-40de-9d51-39357c1c427f"},"cover":null,"icon":null,"parent":{"type":"page_id","page_id":"5f505199-b292-4713-920b-61d813bf72a3"},"archived":false,"in_trash":false,"is_locked":false,"properties":{"title":{"id":"title","type":"title","title":[{"type":"text","text":{"content":"Page
      for creating link blocks","link":null},"annotations":{"bold":false,"italic":false,"strikethrough":false,"underline":false,"code":false,"color":"default"},"plain_text":"Page
      for creating link blocks","href":null}]}},"url":"https://www.notion.so/Page-for-creating-link-blocks-277974f3b3888108a851ddff31a73434","public_url":null},{"object":"page","id":"277974f3-b388-817b-b4fe-ec73e8538dfc","created_time":"2025-09-23T09:51:00.000Z","last_edited_time":"2025-09-23T09:51:00.000Z","created_by":{"object":"user","id":"645e79dd-3e43-40de-9d51-39357c1c427f"},"last_edited_by":{"object":"user","id":"645e79dd-3e43-40de-9d51-39357c1c427f"},"cover":null,"icon":null,"parent":{"type":"page_id","page_id":"5f505199-b292-4713-920b-61d813bf72a3"},"archived":false,"in_trash":false,"is_locked":false,"properties":{"title":{"id":"title","type":"title","title":[{"type":"text","text":{"content":"Target
      Page","link":null},"annotations":{"bold":false,"italic":false,"strikethrough":false,"underline":false,"code":false,"color":"default"},"plain_text":"Target
      Page","href":null}]}},"url":"https://www.notion.so/Target-Page-277974f3b388817bb4feec73e8538dfc","public_url":null},{"object":"page","id":"277974f3-b388-81d6-9905-ceadf3f9a011","created_time":"2025-09-23T09:51:00.000Z","last_edited_time":"2025-09-23T09:51:00.000Z","created_by":{"object":"user","id":"645e79dd-3e43-40de-9d51-39357c1c427f"},"last_edited_by":{"object":"user","id":"645e79dd-3e43-40de-9d51-39357c1c427f"},"cover":null,"icon":null,"parent":{"type":"page_id","page_id":"5f505199-b292-4713-920b-61d813bf72a3"},"archived":false,"in_trash":false,"is_locked":false,"properties":{"title":{"id":"title","type":"title","title":[{"type":"text","text":{"content":"Page
      for creating table blocks","link":null},"annotations":{"bold":false,"italic":false,"strikethrough":false,"underline":false,"code":false,"color":"default"},"plain_text":"Page
      for creating table blocks","href":null}]}},"url":"https://www.notion.so/Page-for-creating-table-blocks-277974f3b38881d69905ceadf3f9a011","public_url":null},{"object":"page","id":"277974f3-b388-813a-bbaf-d3356b276aa5","created_time":"2025-09-23T09:51:00.000Z","last_edited_time":"2025-09-23T09:51:00.000Z","created_by":{"object":"user","id":"645e79dd-3e43-40de-9d51-39357c1c427f"},"last_edited_by":{"object":"user","id":"645e79dd-3e43-40de-9d51-39357c1c427f"},"cover":null,"icon":null,"parent":{"type":"page_id","page_id":"5f505199-b292-4713-920b-61d813bf72a3"},"archived":false,"in_trash":false,"is_locked":false,"properties":{"title":{"id":"title","type":"title","title":[{"type":"text","text":{"content":"Page
      for creating column blocks","link":null},"annotations":{"bold":false,"italic":false,"strikethrough":false,"underline":false,"code":false,"color":"default"},"plain_text":"Page
      for creating column blocks","href":null}]}},"url":"https://www.notion.so/Page-for-creating-column-blocks-277974f3b388813abbafd3356b276aa5","public_url":null},{"object":"page","id":"277974f3-b388-8116-a39e-fb94285504f4","created_time":"2025-09-23T09:50:00.000Z","last_edited_time":"2025-09-23T09:50:00.000Z","created_by":{"object":"user","id":"645e79dd-3e43-40de-9d51-39357c1c427f"},"last_edited_by":{"object":"user","id":"645e79dd-3e43-40de-9d51-39357c1c427f"},"cover":null,"icon":null,"parent":{"type":"page_id","page_id":"5f505199-b292-4713-920b-61d813bf72a3"},"archived":false,"in_trash":false,"is_locked":false,"properties":{"title":{"id":"title","type":"title","title":[{"type":"text","text":{"content":"Page
      for creating child blocks","link":null},"annotations":{"bold":false,"italic":false,"strikethrough":false,"underline":false,"code":false,"color":"default"},"plain_text":"Page
      for creating child blocks","href":null}]}},"url":"https://www.notion.so/Page-for-creating-child-blocks-277974f3b3888116a39efb94285504f4","public_url":null},{"object":"page","id":"277974f3-b388-81e3-9804-ca3ff30bf2cb","created_time":"2025-09-23T09:50:00.000Z","last_edited_time":"2025-09-23T09:50:00.000Z","created_by":{"object":"user","id":"645e79dd-3e43-40de-9d51-39357c1c427f"},"last_edited_by":{"object":"user","id":"645e79dd-3e43-40de-9d51-39357c1c427f"},"cover":null,"icon":null,"parent":{"type":"page_id","page_id":"5f505199-b292-4713-920b-61d813bf72a3"},"archived":false,"in_trash":false,"is_locked":false,"properties":{"title":{"id":"title","type":"title","title":[{"type":"text","text":{"content":"Page
      for creating file blocks","link":null},"annotations":{"bold":false,"italic":false,"strikethrough":false,"underline":false,"code":false,"color":"default"},"plain_text":"Page
      for creating file blocks","href":null}]}},"url":"https://www.notion.so/Page-for-creating-file-blocks-277974f3b38881e39804ca3ff30bf2cb","public_url":null},{"object":"page","id":"277974f3-b388-8189-a661-d7398da48007","created_time":"2025-09-23T09:50:00.000Z","last_edited_time":"2025-09-23T09:50:00.000Z","created_by":{"object":"user","id":"645e79dd-3e43-40de-9d51-39357c1c427f"},"last_edited_by":{"object":"user","id":"645e79dd-3e43-40de-9d51-39357c1c427f"},"cover":null,"icon":null,"parent":{"type":"page_id","page_id":"5f505199-b292-4713-920b-61d813bf72a3"},"archived":false,"in_trash":false,"is_locked":false,"properties":{"title":{"id":"title","type":"title","title":[{"type":"text","text":{"content":"Page
      for creating basic blocks","link":null},"annotations":{"bold":false,"italic":false,"strikethrough":false,"underline":false,"code":false,"color":"default"},"plain_text":"Page
      for creating basic blocks","href":null}]}},"url":"https://www.notion.so/Page-for-creating-basic-blocks-277974f3b3888189a661d7398da48007","public_url":null},{"object":"page","id":"277974f3-b388-81e3-b422-e07722aac83c","created_time":"2025-09-23T09:50:00.000Z","last_edited_time":"2025-09-23T09:50:00.000Z","created_by":{"object":"user","id":"645e79dd-3e43-40de-9d51-39357c1c427f"},"last_edited_by":{"object":"user","id":"645e79dd-3e43-40de-9d51-39357c1c427f"},"cover":null,"icon":null,"parent":{"type":"page_id","page_id":"5f505199-b292-4713-920b-61d813bf72a3"},"archived":false,"in_trash":false,"is_locked":false,"properties":{"title":{"id":"title","type":"title","title":[{"type":"text","text":{"content":"Page
      for deleting blocks","link":null},"annotations":{"bold":false,"italic":false,"strikethrough":false,"underline":false,"code":false,"color":"default"},"plain_text":"Page
      for deleting blocks","href":null}]}},"url":"https://www.notion.so/Page-for-deleting-blocks-277974f3b38881e3b422e07722aac83c","public_url":null},{"object":"page","id":"277974f3-b388-8144-8061-c3401b913772","created_time":"2025-09-23T09:50:00.000Z","last_edited_time":"2025-09-23T09:50:00.000Z","created_by":{"object":"user","id":"645e79dd-3e43-40de-9d51-39357c1c427f"},"last_edited_by":{"object":"user","id":"645e79dd-3e43-40de-9d51-39357c1c427f"},"cover":null,"icon":null,"parent":{"type":"page_id","page_id":"5f505199-b292-4713-920b-61d813bf72a3"},"archived":false,"in_trash":false,"is_locked":false,"properties":{"title":{"id":"title","type":"title","title":[{"type":"text","text":{"content":"Page
      for appending blocks","link":null},"annotations":{"bold":false,"italic":false,"strikethrough":false,"underline":false,"code":false,"color":"default"},"plain_text":"Page
      for appending blocks","href":null}]}},"url":"https://www.notion.so/Page-for-appending-blocks-277974f3b38881448061c3401b913772","public_url":null},{"object":"page","id":"20c974f3-b388-808b-99a9-cfd22f106a8e","created_time":"2025-06-08T15:50:00.000Z","last_edited_time":"2025-06-08T19:22:00.000Z","created_by":{"object":"user","id":"b10cb6df-12ef-44d3-88ad-250168f66322"},"last_edited_by":{"object":"user","id":"b10cb6df-12ef-44d3-88ad-250168f66322"},"cover":null,"icon":{"type":"custom_emoji","custom_emoji":{"id":"20c974f3-b388-8063-b812-007aeaf0578a","name":"ultimate-notion","url":"https://s3-us-west-2.amazonaws.com/public.notion-static.com/021a290b-d194-4457-ab01-01f9b2bf803f/favicon.svg"}},"parent":{"type":"page_id","page_id":"5f505199-b292-4713-920b-61d813bf72a3"},"archived":false,"in_trash":false,"is_locked":false,"properties":{"title":{"id":"title","type":"title","title":[{"type":"text","text":{"content":"Custom
      Emoji Page","link":null},"annotations":{"bold":false,"italic":false,"strikethrough":false,"underline":false,"code":false,"color":"default"},"plain_text":"Custom
      Emoji Page","href":null}]}},"url":"https://www.notion.so/Custom-Emoji-Page-20c974f3b388808b99a9cfd22f106a8e","public_url":null},{"object":"page","id":"61a3f87b-140a-4a71-8773-a25746e6f7b1","created_time":"2023-08-12T13:53:00.000Z","last_edited_time":"2023-08-12T13:53:00.000Z","created_by":{"object":"user","id":"b10cb6df-12ef-44d3-88ad-250168f66322"},"last_edited_by":{"object":"user","id":"b10cb6df-12ef-44d3-88ad-250168f66322"},"cover":null,"icon":null,"parent":{"type":"database_id","database_id":"4c6e7417-ef05-4b7e-b55e-62ecbb55a38d"},"archived":false,"in_trash":false,"is_locked":false,"properties":{"Verification":{"id":"Mw%5E%3C","type":"verification","verification":{"state":"unverified","verified_by":null,"date":null}},"Tags":{"id":"OESf","type":"multi_select","multi_select":[]},"Last
      edited time":{"id":"%5EB_%40","type":"last_edited_time","last_edited_time":"2023-08-12T13:53:00.000Z"},"Rollup":{"id":"gqYo","type":"rollup","rollup":{"type":"array","array":[],"function":"show_original"}},"Page":{"id":"title","type":"title","title":[{"type":"text","text":{"content":"Wiki
      Page","link":null},"annotations":{"bold":false,"italic":false,"strikethrough":false,"underline":false,"code":false,"color":"default"},"plain_text":"Wiki
      Page","href":null}]},"Owner":{"id":"notion%3A%2F%2Fwiki%2Fowner_property","type":"people","people":[{"object":"user","id":"b10cb6df-12ef-44d3-88ad-250168f66322","name":"Florian
      Wilhelm","avatar_url":"https://lh3.googleusercontent.com/a-/AAuE7mBBGq22qnRbLoOSo5zScC4miXci-xi4vELc30G9Aw=s100","type":"person","person":{"email":"florian.wilhelm@gmail.com"}}]}},"url":"https://www.notion.so/Wiki-Page-61a3f87b140a4a718773a25746e6f7b1","public_url":null}],"next_cursor":null,"has_more":false,"type":"page_or_database","page_or_database":{},"request_id":"d91fb5b5-5f63-41c3-8192-d7764408246c"}'
    headers:
      CF-Cache-Status:
      - DYNAMIC
      CF-Ray:
      - 9839296d7b0918f7-FRA
      Connection:
      - keep-alive
      Content-Encoding:
      - gzip
      Content-Type:
      - application/json; charset=utf-8
      Server:
      - cloudflare
      Strict-Transport-Security:
      - max-age=31536000; includeSubDomains; preload
      Transfer-Encoding:
      - chunked
      Vary:
      - Accept-Encoding
      alt-svc:
      - h3=":443"; ma=86400
      content-security-policy:
      - default-src 'none'
      referrer-policy:
      - strict-origin-when-cross-origin
      x-content-type-options:
      - nosniff
      x-dns-prefetch-control:
      - 'off'
      x-download-options:
      - noopen
      x-frame-options:
      - SAMEORIGIN
      x-notion-request-id:
      - d91fb5b5-5f63-41c3-8192-d7764408246c
      x-permitted-cross-domain-policies:
      - none
      x-xss-protection:
      - '0'
    http_version: HTTP/1.1
    status_code: 200
- request:
    body: ''
    headers:
      accept:
      - '*/*'
      accept-encoding:
      - gzip, deflate
      authorization:
      - secret...
      connection:
      - keep-alive
      cookie:
      - secret...
      host:
      - api.notion.com
      notion-version:
      - '2022-06-28'
      user-agent:
      - secret...
    method: GET
    uri: https://api.notion.com/v1/pages/5f505199-b292-4713-920b-61d813bf72a3
  response:
    content: '{"object":"page","id":"5f505199-b292-4713-920b-61d813bf72a3","created_time":"2022-08-22T15:47:00.000Z","last_edited_time":"2025-09-23T09:54:00.000Z","created_by":{"object":"user","id":"b10cb6df-12ef-44d3-88ad-250168f66322"},"last_edited_by":{"object":"user","id":"645e79dd-3e43-40de-9d51-39357c1c427f"},"cover":null,"icon":null,"parent":{"type":"workspace","workspace":true},"archived":false,"in_trash":false,"is_locked":false,"properties":{"title":{"id":"title","type":"title","title":[{"type":"text","text":{"content":"Tests","link":null},"annotations":{"bold":false,"italic":false,"strikethrough":false,"underline":false,"code":false,"color":"default"},"plain_text":"Tests","href":null}]}},"url":"https://www.notion.so/Tests-5f505199b2924713920b61d813bf72a3","public_url":null,"request_id":"dc2261e6-7c3e-4bda-bdf6-d7cf7e59891e"}'
    headers:
      CF-Cache-Status:
      - DYNAMIC
      CF-Ray:
      - 983929731f5718f7-FRA
      Connection:
      - keep-alive
      Content-Encoding:
      - gzip
      Content-Type:
      - application/json; charset=utf-8
      Server:
      - cloudflare
      Strict-Transport-Security:
      - max-age=31536000; includeSubDomains; preload
      Transfer-Encoding:
      - chunked
      Vary:
      - Accept-Encoding
      alt-svc:
      - h3=":443"; ma=86400
      content-security-policy:
      - default-src 'none'
      referrer-policy:
      - strict-origin-when-cross-origin
      x-content-type-options:
      - nosniff
      x-dns-prefetch-control:
      - 'off'
      x-download-options:
      - noopen
      x-frame-options:
      - SAMEORIGIN
      x-notion-request-id:
      - dc2261e6-7c3e-4bda-bdf6-d7cf7e59891e
      x-permitted-cross-domain-policies:
      - none
      x-xss-protection:
      - '0'
    http_version: HTTP/1.1
    status_code: 200
- request:
    body: ''
    headers:
      accept:
      - '*/*'
      accept-encoding:
      - gzip, deflate
      authorization:
      - secret...
      connection:
      - keep-alive
      cookie:
      - secret...
      host:
      - api.notion.com
      notion-version:
      - '2022-06-28'
      user-agent:
      - secret...
    method: GET
    uri: https://api.notion.com/v1/databases/4c6e7417-ef05-4b7e-b55e-62ecbb55a38d
  response:
    content: '{"object":"database","id":"4c6e7417-ef05-4b7e-b55e-62ecbb55a38d","cover":null,"icon":null,"created_time":"2023-08-12T13:26:00.000Z","created_by":{"object":"user","id":"b10cb6df-12ef-44d3-88ad-250168f66322"},"last_edited_by":{"object":"user","id":"b10cb6df-12ef-44d3-88ad-250168f66322"},"last_edited_time":"2025-07-26T19:31:00.000Z","title":[{"type":"text","text":{"content":"Wiki
      DB","link":null},"annotations":{"bold":false,"italic":false,"strikethrough":false,"underline":false,"code":false,"color":"default"},"plain_text":"Wiki
      DB","href":null}],"description":[],"is_inline":false,"properties":{"Verification":{"id":"Mw%5E%3C","name":"Verification","description":null,"type":"verification","verification":{}},"Tags":{"id":"OESf","name":"Tags","description":null,"type":"multi_select","multi_select":{"options":[{"id":"4036ff5b-932f-4883-8d0c-6ca1fa6f9cf6","name":"Onboarding","color":"blue","description":null},{"id":"869be616-aa64-491d-b56c-161ea3e81b56","name":"Design","color":"green","description":null}]}},"Last
      edited time":{"id":"%5EB_%40","name":"Last edited time","description":null,"type":"last_edited_time","last_edited_time":{}},"Page":{"id":"title","name":"Page","description":null,"type":"title","title":{}},"Owner":{"id":"notion%3A%2F%2Fwiki%2Fowner_property","name":"Owner","description":null,"type":"people","people":{}}},"parent":{"type":"page_id","page_id":"5f505199-b292-4713-920b-61d813bf72a3"},"url":"https://www.notion.so/4c6e7417ef054b7eb55e62ecbb55a38d","public_url":null,"archived":false,"in_trash":false,"request_id":"6a3ca1cc-3a96-4f94-b15c-b31674a84faf"}'
    headers:
      CF-Cache-Status:
      - DYNAMIC
      CF-Ray:
      - 98392974c8bf18f7-FRA
      Connection:
      - keep-alive
      Content-Encoding:
      - gzip
      Content-Type:
      - application/json; charset=utf-8
      Server:
      - cloudflare
      Strict-Transport-Security:
      - max-age=31536000; includeSubDomains; preload
      Transfer-Encoding:
      - chunked
      Vary:
      - Accept-Encoding
      alt-svc:
      - h3=":443"; ma=86400
      content-security-policy:
      - default-src 'none'
      referrer-policy:
      - strict-origin-when-cross-origin
      x-content-type-options:
      - nosniff
      x-dns-prefetch-control:
      - 'off'
      x-download-options:
      - noopen
      x-frame-options:
      - SAMEORIGIN
      x-notion-request-id:
      - 6a3ca1cc-3a96-4f94-b15c-b31674a84faf
      x-permitted-cross-domain-policies:
      - none
      x-xss-protection:
      - '0'
    http_version: HTTP/1.1
    status_code: 200
version: 1
