interactions:
- request:
    body: '{"query": "Getting Started", "filter": {"property": "object", "value":
      "page"}, "page_size": 100}'
    headers:
      accept:
      - '*/*'
      accept-encoding:
      - gzip, deflate
      authorization:
      - secret...
      connection:
      - keep-alive
      content-length:
      - '97'
      content-type:
      - application/json
      cookie:
      - secret...
      host:
      - api.notion.com
      notion-version:
      - '2022-06-28'
      user-agent:
      - secret...
    method: POST
    uri: https://api.notion.com/v1/search
  response:
    content: '{"object":"list","results":[{"object":"page","id":"6855b161-f63e-4683-b7c7-8ca6e97ee246","created_time":"2023-11-05T10:35:00.000Z","last_edited_time":"2024-06-01T19:31:00.000Z","created_by":{"object":"user","id":"b10cb6df-12ef-44d3-88ad-250168f66322"},"last_edited_by":{"object":"user","id":"b10cb6df-12ef-44d3-88ad-250168f66322"},"cover":null,"icon":null,"parent":{"type":"page_id","page_id":"5f505199-b292-4713-920b-61d813bf72a3"},"archived":false,"in_trash":false,"properties":{"title":{"id":"title","type":"title","title":[{"type":"text","text":{"content":"Getting
      Started","link":null},"annotations":{"bold":false,"italic":false,"strikethrough":false,"underline":false,"code":false,"color":"default"},"plain_text":"Getting
      Started","href":null}]}},"url":"https://www.notion.so/Getting-Started-6855b161f63e4683b7c78ca6e97ee246","public_url":null}],"next_cursor":null,"has_more":false,"type":"page_or_database","page_or_database":{},"request_id":"7fb83707-01b7-4909-9c0b-df7e05d28953"}'
    headers:
      CF-Cache-Status:
      - DYNAMIC
      CF-Ray:
      - 8ad0e6655c509a11-FRA
      Connection:
      - keep-alive
      Content-Encoding:
      - gzip
      Content-Type:
      - application/json; charset=utf-8
      Server:
      - cloudflare
      Transfer-Encoding:
      - chunked
      Vary:
      - Accept-Encoding
      x-notion-request-id:
      - 7fb83707-01b7-4909-9c0b-df7e05d28953
      x-powered-by:
      - Express
    http_version: HTTP/1.1
    status_code: 200
- request:
    body: '{"query": "Getting Started", "filter": {"property": "object", "value":
      "page"}, "page_size": 100}'
    headers:
      accept:
      - '*/*'
      accept-encoding:
      - gzip, deflate
      authorization:
      - secret...
      connection:
      - keep-alive
      content-length:
      - '97'
      content-type:
      - application/json
      cookie:
      - secret...
      host:
      - api.notion.com
      notion-version:
      - '2022-06-28'
      user-agent:
      - secret...
    method: POST
    uri: https://api.notion.com/v1/search
  response:
    content: '{"object":"list","results":[{"object":"page","id":"6855b161-f63e-4683-b7c7-8ca6e97ee246","created_time":"2023-11-05T10:35:00.000Z","last_edited_time":"2024-06-01T19:31:00.000Z","created_by":{"object":"user","id":"b10cb6df-12ef-44d3-88ad-250168f66322"},"last_edited_by":{"object":"user","id":"b10cb6df-12ef-44d3-88ad-250168f66322"},"cover":null,"icon":null,"parent":{"type":"page_id","page_id":"5f505199-b292-4713-920b-61d813bf72a3"},"archived":false,"in_trash":false,"properties":{"title":{"id":"title","type":"title","title":[{"type":"text","text":{"content":"Getting
      Started","link":null},"annotations":{"bold":false,"italic":false,"strikethrough":false,"underline":false,"code":false,"color":"default"},"plain_text":"Getting
      Started","href":null}]}},"url":"https://www.notion.so/Getting-Started-6855b161f63e4683b7c78ca6e97ee246","public_url":null}],"next_cursor":null,"has_more":false,"type":"page_or_database","page_or_database":{},"request_id":"b2cdda6c-4916-485f-aa72-7160f5f7fa74"}'
    headers:
      CF-Cache-Status:
      - DYNAMIC
      CF-Ray:
      - 8ad0e6a7fdc1bb65-FRA
      Connection:
      - keep-alive
      Content-Encoding:
      - gzip
      Content-Type:
      - application/json; charset=utf-8
      Server:
      - cloudflare
      Transfer-Encoding:
      - chunked
      Vary:
      - Accept-Encoding
      x-notion-request-id:
      - b2cdda6c-4916-485f-aa72-7160f5f7fa74
      x-powered-by:
      - Express
    http_version: HTTP/1.1
    status_code: 200
- request:
    body: '{"query": "Getting Started", "filter": {"property": "object", "value":
      "page"}, "page_size": 100}'
    headers:
      accept:
      - '*/*'
      accept-encoding:
      - gzip, deflate
      authorization:
      - secret...
      connection:
      - keep-alive
      content-length:
      - '97'
      content-type:
      - application/json
      cookie:
      - secret...
      host:
      - api.notion.com
      notion-version:
      - '2022-06-28'
      user-agent:
      - secret...
    method: POST
    uri: https://api.notion.com/v1/search
  response:
    content: '{"object":"list","results":[{"object":"page","id":"6855b161-f63e-4683-b7c7-8ca6e97ee246","created_time":"2023-11-05T10:35:00.000Z","last_edited_time":"2024-06-01T19:31:00.000Z","created_by":{"object":"user","id":"b10cb6df-12ef-44d3-88ad-250168f66322"},"last_edited_by":{"object":"user","id":"b10cb6df-12ef-44d3-88ad-250168f66322"},"cover":null,"icon":null,"parent":{"type":"page_id","page_id":"5f505199-b292-4713-920b-61d813bf72a3"},"archived":false,"in_trash":false,"properties":{"title":{"id":"title","type":"title","title":[{"type":"text","text":{"content":"Getting
      Started","link":null},"annotations":{"bold":false,"italic":false,"strikethrough":false,"underline":false,"code":false,"color":"default"},"plain_text":"Getting
      Started","href":null}]}},"url":"https://www.notion.so/Getting-Started-6855b161f63e4683b7c78ca6e97ee246","public_url":null}],"next_cursor":null,"has_more":false,"type":"page_or_database","page_or_database":{},"request_id":"2ec64e6a-4143-4ed2-87d8-05c5beca2b41"}'
    headers:
      CF-Cache-Status:
      - DYNAMIC
      CF-Ray:
      - 8ad0e6f0edcc367b-FRA
      Connection:
      - keep-alive
      Content-Encoding:
      - gzip
      Content-Type:
      - application/json; charset=utf-8
      Server:
      - cloudflare
      Transfer-Encoding:
      - chunked
      Vary:
      - Accept-Encoding
      x-notion-request-id:
      - 2ec64e6a-4143-4ed2-87d8-05c5beca2b41
      x-powered-by:
      - Express
    http_version: HTTP/1.1
    status_code: 200
- request:
    body: '{"query": "Getting Started", "filter": {"property": "object", "value":
      "page"}, "page_size": 100}'
    headers:
      accept:
      - '*/*'
      accept-encoding:
      - gzip, deflate
      authorization:
      - secret...
      connection:
      - keep-alive
      content-length:
      - '97'
      content-type:
      - application/json
      cookie:
      - secret...
      host:
      - api.notion.com
      notion-version:
      - '2022-06-28'
      user-agent:
      - secret...
    method: POST
    uri: https://api.notion.com/v1/search
  response:
    content: '{"object":"list","results":[{"object":"page","id":"6855b161-f63e-4683-b7c7-8ca6e97ee246","created_time":"2023-11-05T10:35:00.000Z","last_edited_time":"2024-06-01T19:31:00.000Z","created_by":{"object":"user","id":"b10cb6df-12ef-44d3-88ad-250168f66322"},"last_edited_by":{"object":"user","id":"b10cb6df-12ef-44d3-88ad-250168f66322"},"cover":null,"icon":null,"parent":{"type":"page_id","page_id":"5f505199-b292-4713-920b-61d813bf72a3"},"archived":false,"in_trash":false,"properties":{"title":{"id":"title","type":"title","title":[{"type":"text","text":{"content":"Getting
      Started","link":null},"annotations":{"bold":false,"italic":false,"strikethrough":false,"underline":false,"code":false,"color":"default"},"plain_text":"Getting
      Started","href":null}]}},"url":"https://www.notion.so/Getting-Started-6855b161f63e4683b7c78ca6e97ee246","public_url":null}],"next_cursor":null,"has_more":false,"type":"page_or_database","page_or_database":{},"request_id":"5fbce158-2fab-4cb4-8bdb-e885f85cde91"}'
    headers:
      CF-Cache-Status:
      - DYNAMIC
      CF-Ray:
      - 8b6c44434a929742-FRA
      Connection:
      - keep-alive
      Content-Encoding:
      - gzip
      Content-Type:
      - application/json; charset=utf-8
      Server:
      - cloudflare
      Transfer-Encoding:
      - chunked
      Vary:
      - Accept-Encoding
      x-notion-request-id:
      - 5fbce158-2fab-4cb4-8bdb-e885f85cde91
      x-powered-by:
      - Express
    http_version: HTTP/1.1
    status_code: 200
- request:
    body: '{"query": "Getting Started", "filter": {"property": "object", "value":
      "page"}, "page_size": 100}'
    headers:
      accept:
      - '*/*'
      accept-encoding:
      - gzip, deflate
      authorization:
      - secret...
      connection:
      - keep-alive
      content-length:
      - '97'
      content-type:
      - application/json
      cookie:
      - secret...
      host:
      - api.notion.com
      notion-version:
      - '2022-06-28'
      user-agent:
      - secret...
    method: POST
    uri: https://api.notion.com/v1/search
  response:
    content: '{"object":"list","results":[{"object":"page","id":"6855b161-f63e-4683-b7c7-8ca6e97ee246","created_time":"2023-11-05T10:35:00.000Z","last_edited_time":"2024-06-01T19:31:00.000Z","created_by":{"object":"user","id":"b10cb6df-12ef-44d3-88ad-250168f66322"},"last_edited_by":{"object":"user","id":"b10cb6df-12ef-44d3-88ad-250168f66322"},"cover":null,"icon":null,"parent":{"type":"page_id","page_id":"5f505199-b292-4713-920b-61d813bf72a3"},"archived":false,"in_trash":false,"properties":{"title":{"id":"title","type":"title","title":[{"type":"text","text":{"content":"Getting
      Started","link":null},"annotations":{"bold":false,"italic":false,"strikethrough":false,"underline":false,"code":false,"color":"default"},"plain_text":"Getting
      Started","href":null}]}},"url":"https://www.notion.so/Getting-Started-6855b161f63e4683b7c78ca6e97ee246","public_url":null}],"next_cursor":null,"has_more":false,"type":"page_or_database","page_or_database":{},"request_id":"0b82707e-54c9-4328-bfc2-7a620cf9c5ec"}'
    headers:
      CF-Cache-Status:
      - DYNAMIC
      CF-Ray:
      - 8b6c449fa9239207-FRA
      Connection:
      - keep-alive
      Content-Encoding:
      - gzip
      Content-Type:
      - application/json; charset=utf-8
      Server:
      - cloudflare
      Transfer-Encoding:
      - chunked
      Vary:
      - Accept-Encoding
      x-notion-request-id:
      - 0b82707e-54c9-4328-bfc2-7a620cf9c5ec
      x-powered-by:
      - Express
    http_version: HTTP/1.1
    status_code: 200
- request:
    body: '{"query": "Getting Started", "filter": {"property": "object", "value":
      "page"}, "page_size": 100}'
    headers:
      accept:
      - '*/*'
      accept-encoding:
      - gzip, deflate
      authorization:
      - secret...
      connection:
      - keep-alive
      content-length:
      - '97'
      content-type:
      - application/json
      cookie:
      - secret...
      host:
      - api.notion.com
      notion-version:
      - '2022-06-28'
      user-agent:
      - secret...
    method: POST
    uri: https://api.notion.com/v1/search
  response:
    content: '{"object":"list","results":[{"object":"page","id":"6855b161-f63e-4683-b7c7-8ca6e97ee246","created_time":"2023-11-05T10:35:00.000Z","last_edited_time":"2024-06-01T19:31:00.000Z","created_by":{"object":"user","id":"b10cb6df-12ef-44d3-88ad-250168f66322"},"last_edited_by":{"object":"user","id":"b10cb6df-12ef-44d3-88ad-250168f66322"},"cover":null,"icon":null,"parent":{"type":"page_id","page_id":"5f505199-b292-4713-920b-61d813bf72a3"},"archived":false,"in_trash":false,"properties":{"title":{"id":"title","type":"title","title":[{"type":"text","text":{"content":"Getting
      Started","link":null},"annotations":{"bold":false,"italic":false,"strikethrough":false,"underline":false,"code":false,"color":"default"},"plain_text":"Getting
      Started","href":null}]}},"url":"https://www.notion.so/Getting-Started-6855b161f63e4683b7c78ca6e97ee246","public_url":null}],"next_cursor":null,"has_more":false,"type":"page_or_database","page_or_database":{},"request_id":"ff116296-9189-4c72-b31b-32a3d5d62740"}'
    headers:
      CF-Cache-Status:
      - DYNAMIC
      CF-Ray:
      - 8b6c44f13eef65cd-FRA
      Connection:
      - keep-alive
      Content-Encoding:
      - gzip
      Content-Type:
      - application/json; charset=utf-8
      Server:
      - cloudflare
      Transfer-Encoding:
      - chunked
      Vary:
      - Accept-Encoding
      x-notion-request-id:
      - ff116296-9189-4c72-b31b-32a3d5d62740
      x-powered-by:
      - Express
    http_version: HTTP/1.1
    status_code: 200
version: 1
